
> adpa-admin-frontend@2.0.0 build D:\Source\adpa
> next build

Γû▓ Next.js 16.1.5 (Turbopack)
- Environments: .env

  Creating an optimized production build ...
pnpm : Turbopack build encountered 2 warnings:
At line:1 char:1
+ pnpm build 2>&1 | Tee-Object -FilePath build_output.txt | Select-Obje ...
+ ~~~~~~~~~~~~~~~
    + CategoryInfo          : NotSpecified: (Turbopack build encountered 2 war 
   nings::String) [], RemoteException
    + FullyQualifiedErrorId : NativeCommandError
 
[next]/internal/font/google/inter_c15e96cb.module.css
Error while requesting resource
There was an issue establishing a connection while requesting 
https://fonts.googleapis.com/css2?family=Inter:wght@100..900&display=swap
Hint: It looks like this error was TLS-related. Try enabling system TLS 
certificates with NEXT_TURBOPACK_EXPERIMENTAL_USE_SYSTEM_TLS_CERTS=1 as an 
environment variable, or set experimental.turbopackUseSystemTlsCerts in your 
next.config.js file.

Import trace:
  Server Component:
    [next]/internal/font/google/inter_c15e96cb.module.css
    [next]/internal/font/google/inter_c15e96cb.js
    ./app/layout.tsx


[next]/internal/font/google/roboto_b54d0450.module.css
Error while requesting resource
There was an issue establishing a connection while requesting 
https://fonts.googleapis.com/css2?family=Roboto:wght@400;500;700&display=swap
Hint: It looks like this error was TLS-related. Try enabling system TLS 
certificates with NEXT_TURBOPACK_EXPERIMENTAL_USE_SYSTEM_TLS_CERTS=1 as an 
environment variable, or set experimental.turbopackUseSystemTlsCerts in your 
next.config.js file.

Import trace:
  Server Component:
    [next]/internal/font/google/roboto_b54d0450.module.css
    [next]/internal/font/google/roboto_b54d0450.js
    ./app/layout.tsx



> Build error occurred
Error: Turbopack build failed with 2 errors:
[next]/internal/font/google/inter_c15e96cb.module.css
next/font: error:
Failed to fetch `Inter` from Google Fonts.

Import trace:
  Server Component:
    [next]/internal/font/google/inter_c15e96cb.module.css
    [next]/internal/font/google/inter_c15e96cb.js
    ./app/layout.tsx


[next]/internal/font/google/roboto_b54d0450.module.css
next/font: error:
Failed to fetch `Roboto` from Google Fonts.

Import trace:
  Server Component:
    [next]/internal/font/google/roboto_b54d0450.module.css
    [next]/internal/font/google/roboto_b54d0450.js
    ./app/layout.tsx


    at ignore-listed frames
ΓÇëELIFECYCLEΓÇë Command failed with exit code 1.
