
> adpa-admin-frontend@2.0.0 build F:\Source\Repos\adpa
> next build

Γû▓ Next.js 16.2.3 (Turbopack)
- Environments: .env.local, .env.production, .env

node.exe : (node:45084) Warning: Setting the NODE_TLS_REJECT_UNAUTHORIZED environment variable to '0' makes TLS 
connections and HTTPS requests insecure by disabling certificate verification.
At C:\Users\MennoDrescher\AppData\Roaming\npm\pnpm.ps1:24 char:5
+     & "node$exe"  "$basedir/node_modules/pnpm/bin/pnpm.mjs" $args
+     ~~~~~~~~~~~~~~~~~~~~~~~~~~~~~~~~~~~~~~~~~~~~~~~~~~~~~~~~~~~~~
    + CategoryInfo          : NotSpecified: ((node:45084) Wa...e verification.:String) [], RemoteException
    + FullyQualifiedErrorId : NativeCommandError
 
(Use `node --trace-warnings ...` to show where the warning was created)
  Creating an optimized production build ...

> Build error occurred
Error: Turbopack build failed with 40 errors:
./node_modules/.pnpm/@itwin+appui-react@5.24.0_5099958addcf4ee1e299f1268a1e01fa/node_modules/@itwin/appui-react/lib/app
ui-react/accudraw/AccuDrawInputField.scss
Error evaluating Node.js code
Error: Can't find stylesheet to import.
  Γò╖
5 Γöé @forward "./style/themecolors";
  Γöé ^^^^^^^^^^^^^^^^^^^^^^^^^^^^^^
  Γò╡
  node_modules\.pnpm\@itwin+core-react@5.24.0_@i_26c2a14d8b47ccbae9c807f9ec2699fc\node_modules\@itwin\core-react\lib\co
re-react\_scrollbar.scss 5:1                   @use
  node_modules\.pnpm\@itwin+core-react@5.24.0_@i_26c2a14d8b47ccbae9c807f9ec2699fc\node_modules\@itwin\core-react\lib\co
re-react\base\base.scss 5:1                    @use
  node_modules\.pnpm\@itwin+appui-react@5.24.0_5099958addcf4ee1e299f1268a1e01fa\node_modules\@itwin\appui-react\lib\app
ui-react\accudraw\AccuDrawInputField.scss 5:1  root stylesheet
  (from F:\Source\Repos\adpa\node_modules\.pnpm\next@16.2.3_@babel+core@7.2_b7086768398931dca8606672d6064472\node_modul
es\next\dist\build\webpack\loaders\resolve-url-loader\index.js, F:\Source\Repos\adpa\node_modules\.pnpm\next@16.2.3_@ba
bel+core@7.2_b7086768398931dca8606672d6064472\node_modules\next\dist\compiled\sass-loader\cjs.js)
Caused by: Error: Can't find stylesheet to import.
  Γò╖
5 Γöé @forward "./style/themecolors";
  Γöé ^^^^^^^^^^^^^^^^^^^^^^^^^^^^^^
  Γò╡
  node_modules\.pnpm\@itwin+core-react@5.24.0_@i_26c2a14d8b47ccbae9c807f9ec2699fc\node_modules\@itwin\core-react\lib\co
re-react\_scrollbar.scss 5:1                   @use
  node_modules\.pnpm\@itwin+core-react@5.24.0_@i_26c2a14d8b47ccbae9c807f9ec2699fc\node_modules\@itwin\core-react\lib\co
re-react\base\base.scss 5:1                    @use
  node_modules\.pnpm\@itwin+appui-react@5.24.0_5099958addcf4ee1e299f1268a1e01fa\node_modules\@itwin\appui-react\lib\app
ui-react\accudraw\AccuDrawInputField.scss 5:1  root stylesheet
    [at Object.wrapException 
(F:\Source\Repos\adpa\node_modules\.pnpm\sass@1.77.8\node_modules\sass\sass.dart.js:2161:43)]
    [at F:\Source\Repos\adpa\node_modules\.pnpm\sass@1.77.8\node_modules\sass\sass.dart.js:82676:25]
    [at _wrapJsFunctionForAsync_closure.$protected 
(F:\Source\Repos\adpa\node_modules\.pnpm\sass@1.77.8\node_modules\sass\sass.dart.js:4900:15)]
    [at _wrapJsFunctionForAsync_closure.call$2 
(F:\Source\Repos\adpa\node_modules\.pnpm\sass@1.77.8\node_modules\sass\sass.dart.js:35592:12)]
    [at _awaitOnObject_closure.call$1 
(F:\Source\Repos\adpa\node_modules\.pnpm\sass@1.77.8\node_modules\sass\sass.dart.js:35580:32)]
    [at Object._rootRunUnary 
(F:\Source\Repos\adpa\node_modules\.pnpm\sass@1.77.8\node_modules\sass\sass.dart.js:5295:18)]
    [at StaticClosure.<anonymous> 
(F:\Source\Repos\adpa\node_modules\.pnpm\sass@1.77.8\node_modules\sass\sass.dart.js:116118:16)]
    [at _CustomZone.runUnary$2$2 
(F:\Source\Repos\adpa\node_modules\.pnpm\sass@1.77.8\node_modules\sass\sass.dart.js:37044:39)]
    [at _Future__propagateToListeners_handleValueCallback.call$0 
(F:\Source\Repos\adpa\node_modules\.pnpm\sass@1.77.8\node_modules\sass\sass.dart.js:36106:51)]
    [at Object._Future__propagateToListeners 
(F:\Source\Repos\adpa\node_modules\.pnpm\sass@1.77.8\node_modules\sass\sass.dart.js:5087:93)]


./node_modules/.pnpm/@itwin+appui-react@5.24.0_5099958addcf4ee1e299f1268a1e01fa/node_modules/@itwin/appui-react/lib/app
ui-react/configurableui/ConfigurableUiContent.scss
Error evaluating Node.js code
Error: Can't find stylesheet to import.
  Γò╖
5 Γöé @forward "./style/themecolors";
  Γöé ^^^^^^^^^^^^^^^^^^^^^^^^^^^^^^
  Γò╡
  node_modules\.pnpm\@itwin+core-react@5.24.0_@i_26c2a14d8b47ccbae9c807f9ec2699fc\node_modules\@itwin\core-react\lib\co
re-react\_scrollbar.scss 5:1                            @use
  node_modules\.pnpm\@itwin+core-react@5.24.0_@i_26c2a14d8b47ccbae9c807f9ec2699fc\node_modules\@itwin\core-react\lib\co
re-react\base\base.scss 5:1                             @use
  node_modules\.pnpm\@itwin+appui-react@5.24.0_5099958addcf4ee1e299f1268a1e01fa\node_modules\@itwin\appui-react\lib\app
ui-react\configurableui\ConfigurableUiContent.scss 5:1  root stylesheet
  (from F:\Source\Repos\adpa\node_modules\.pnpm\next@16.2.3_@babel+core@7.2_b7086768398931dca8606672d6064472\node_modul
es\next\dist\build\webpack\loaders\resolve-url-loader\index.js, F:\Source\Repos\adpa\node_modules\.pnpm\next@16.2.3_@ba
bel+core@7.2_b7086768398931dca8606672d6064472\node_modules\next\dist\compiled\sass-loader\cjs.js)
Caused by: Error: Can't find stylesheet to import.
  Γò╖
5 Γöé @forward "./style/themecolors";
  Γöé ^^^^^^^^^^^^^^^^^^^^^^^^^^^^^^
  Γò╡
  node_modules\.pnpm\@itwin+core-react@5.24.0_@i_26c2a14d8b47ccbae9c807f9ec2699fc\node_modules\@itwin\core-react\lib\co
re-react\_scrollbar.scss 5:1                            @use
  node_modules\.pnpm\@itwin+core-react@5.24.0_@i_26c2a14d8b47ccbae9c807f9ec2699fc\node_modules\@itwin\core-react\lib\co
re-react\base\base.scss 5:1                             @use
  node_modules\.pnpm\@itwin+appui-react@5.24.0_5099958addcf4ee1e299f1268a1e01fa\node_modules\@itwin\appui-react\lib\app
ui-react\configurableui\ConfigurableUiContent.scss 5:1  root stylesheet
    [at Object.wrapException 
(F:\Source\Repos\adpa\node_modules\.pnpm\sass@1.77.8\node_modules\sass\sass.dart.js:2161:43)]
    [at F:\Source\Repos\adpa\node_modules\.pnpm\sass@1.77.8\node_modules\sass\sass.dart.js:82676:25]
    [at _wrapJsFunctionForAsync_closure.$protected 
(F:\Source\Repos\adpa\node_modules\.pnpm\sass@1.77.8\node_modules\sass\sass.dart.js:4900:15)]
    [at _wrapJsFunctionForAsync_closure.call$2 
(F:\Source\Repos\adpa\node_modules\.pnpm\sass@1.77.8\node_modules\sass\sass.dart.js:35592:12)]
    [at _awaitOnObject_closure.call$1 
(F:\Source\Repos\adpa\node_modules\.pnpm\sass@1.77.8\node_modules\sass\sass.dart.js:35580:32)]
    [at Object._rootRunUnary 
(F:\Source\Repos\adpa\node_modules\.pnpm\sass@1.77.8\node_modules\sass\sass.dart.js:5295:18)]
    [at StaticClosure.<anonymous> 
(F:\Source\Repos\adpa\node_modules\.pnpm\sass@1.77.8\node_modules\sass\sass.dart.js:116118:16)]
    [at _CustomZone.runUnary$2$2 
(F:\Source\Repos\adpa\node_modules\.pnpm\sass@1.77.8\node_modules\sass\sass.dart.js:37044:39)]
    [at _Future__propagateToListeners_handleValueCallback.call$0 
(F:\Source\Repos\adpa\node_modules\.pnpm\sass@1.77.8\node_modules\sass\sass.dart.js:36106:51)]
    [at Object._Future__propagateToListeners 
(F:\Source\Repos\adpa\node_modules\.pnpm\sass@1.77.8\node_modules\sass\sass.dart.js:5087:93)]


./node_modules/.pnpm/@itwin+appui-react@5.24.0_5099958addcf4ee1e299f1268a1e01fa/node_modules/@itwin/appui-react/lib/app
ui-react/content/ContentLayout.scss
Error evaluating Node.js code
Error: Can't find stylesheet to import.
  Γò╖
5 Γöé @forward "./style/themecolors";
  Γöé ^^^^^^^^^^^^^^^^^^^^^^^^^^^^^^
  Γò╡
  node_modules\.pnpm\@itwin+core-react@5.24.0_@i_26c2a14d8b47ccbae9c807f9ec2699fc\node_modules\@itwin\core-react\lib\co
re-react\_scrollbar.scss 5:1             @use
  node_modules\.pnpm\@itwin+core-react@5.24.0_@i_26c2a14d8b47ccbae9c807f9ec2699fc\node_modules\@itwin\core-react\lib\co
re-react\base\base.scss 5:1              @use
  node_modules\.pnpm\@itwin+appui-react@5.24.0_5099958addcf4ee1e299f1268a1e01fa\node_modules\@itwin\appui-react\lib\app
ui-react\content\ContentLayout.scss 5:1  root stylesheet
  (from F:\Source\Repos\adpa\node_modules\.pnpm\next@16.2.3_@babel+core@7.2_b7086768398931dca8606672d6064472\node_modul
es\next\dist\build\webpack\loaders\resolve-url-loader\index.js, F:\Source\Repos\adpa\node_modules\.pnpm\next@16.2.3_@ba
bel+core@7.2_b7086768398931dca8606672d6064472\node_modules\next\dist\compiled\sass-loader\cjs.js)
Caused by: Error: Can't find stylesheet to import.
  Γò╖
5 Γöé @forward "./style/themecolors";
  Γöé ^^^^^^^^^^^^^^^^^^^^^^^^^^^^^^
  Γò╡
  node_modules\.pnpm\@itwin+core-react@5.24.0_@i_26c2a14d8b47ccbae9c807f9ec2699fc\node_modules\@itwin\core-react\lib\co
re-react\_scrollbar.scss 5:1             @use
  node_modules\.pnpm\@itwin+core-react@5.24.0_@i_26c2a14d8b47ccbae9c807f9ec2699fc\node_modules\@itwin\core-react\lib\co
re-react\base\base.scss 5:1              @use
  node_modules\.pnpm\@itwin+appui-react@5.24.0_5099958addcf4ee1e299f1268a1e01fa\node_modules\@itwin\appui-react\lib\app
ui-react\content\ContentLayout.scss 5:1  root stylesheet
    [at Object.wrapException 
(F:\Source\Repos\adpa\node_modules\.pnpm\sass@1.77.8\node_modules\sass\sass.dart.js:2161:43)]
    [at F:\Source\Repos\adpa\node_modules\.pnpm\sass@1.77.8\node_modules\sass\sass.dart.js:82676:25]
    [at _wrapJsFunctionForAsync_closure.$protected 
(F:\Source\Repos\adpa\node_modules\.pnpm\sass@1.77.8\node_modules\sass\sass.dart.js:4900:15)]
    [at _wrapJsFunctionForAsync_closure.call$2 
(F:\Source\Repos\adpa\node_modules\.pnpm\sass@1.77.8\node_modules\sass\sass.dart.js:35592:12)]
    [at _awaitOnObject_closure.call$1 
(F:\Source\Repos\adpa\node_modules\.pnpm\sass@1.77.8\node_modules\sass\sass.dart.js:35580:32)]
    [at Object._rootRunUnary 
(F:\Source\Repos\adpa\node_modules\.pnpm\sass@1.77.8\node_modules\sass\sass.dart.js:5295:18)]
    [at StaticClosure.<anonymous> 
(F:\Source\Repos\adpa\node_modules\.pnpm\sass@1.77.8\node_modules\sass\sass.dart.js:116118:16)]
    [at _CustomZone.runUnary$2$2 
(F:\Source\Repos\adpa\node_modules\.pnpm\sass@1.77.8\node_modules\sass\sass.dart.js:37044:39)]
    [at _Future__propagateToListeners_handleValueCallback.call$0 
(F:\Source\Repos\adpa\node_modules\.pnpm\sass@1.77.8\node_modules\sass\sass.dart.js:36106:51)]
    [at Object._Future__propagateToListeners 
(F:\Source\Repos\adpa\node_modules\.pnpm\sass@1.77.8\node_modules\sass\sass.dart.js:5087:93)]


./node_modules/.pnpm/@itwin+appui-react@5.24.0_5099958addcf4ee1e299f1268a1e01fa/node_modules/@itwin/appui-react/lib/app
ui-react/content/DefaultViewOverlay.scss
Error evaluating Node.js code
Error: Can't find stylesheet to import.
  Γò╖
7 Γöé @use "_helpers";
  Γöé ^^^^^^^^^^^^^^^
  Γò╡
  node_modules\.pnpm\@itwin+core-react@5.24.0_@i_26c2a14d8b47ccbae9c807f9ec2699fc\node_modules\@itwin\core-react\lib\co
re-react\_z-index.scss 7:1                    @use
  node_modules\.pnpm\@itwin+appui-react@5.24.0_5099958addcf4ee1e299f1268a1e01fa\node_modules\@itwin\appui-react\lib\app
ui-react\content\DefaultViewOverlay.scss 5:1  root stylesheet
  (from F:\Source\Repos\adpa\node_modules\.pnpm\next@16.2.3_@babel+core@7.2_b7086768398931dca8606672d6064472\node_modul
es\next\dist\build\webpack\loaders\resolve-url-loader\index.js, F:\Source\Repos\adpa\node_modules\.pnpm\next@16.2.3_@ba
bel+core@7.2_b7086768398931dca8606672d6064472\node_modules\next\dist\compiled\sass-loader\cjs.js)
Caused by: Error: Can't find stylesheet to import.
  Γò╖
7 Γöé @use "_helpers";
  Γöé ^^^^^^^^^^^^^^^
  Γò╡
  node_modules\.pnpm\@itwin+core-react@5.24.0_@i_26c2a14d8b47ccbae9c807f9ec2699fc\node_modules\@itwin\core-react\lib\co
re-react\_z-index.scss 7:1                    @use
  node_modules\.pnpm\@itwin+appui-react@5.24.0_5099958addcf4ee1e299f1268a1e01fa\node_modules\@itwin\appui-react\lib\app
ui-react\content\DefaultViewOverlay.scss 5:1  root stylesheet
    [at Object.wrapException 
(F:\Source\Repos\adpa\node_modules\.pnpm\sass@1.77.8\node_modules\sass\sass.dart.js:2161:43)]
    [at F:\Source\Repos\adpa\node_modules\.pnpm\sass@1.77.8\node_modules\sass\sass.dart.js:82676:25]
    [at _wrapJsFunctionForAsync_closure.$protected 
(F:\Source\Repos\adpa\node_modules\.pnpm\sass@1.77.8\node_modules\sass\sass.dart.js:4900:15)]
    [at _wrapJsFunctionForAsync_closure.call$2 
(F:\Source\Repos\adpa\node_modules\.pnpm\sass@1.77.8\node_modules\sass\sass.dart.js:35592:12)]
    [at _awaitOnObject_closure.call$1 
(F:\Source\Repos\adpa\node_modules\.pnpm\sass@1.77.8\node_modules\sass\sass.dart.js:35580:32)]
    [at Object._rootRunUnary 
(F:\Source\Repos\adpa\node_modules\.pnpm\sass@1.77.8\node_modules\sass\sass.dart.js:5295:18)]
    [at StaticClosure.<anonymous> 
(F:\Source\Repos\adpa\node_modules\.pnpm\sass@1.77.8\node_modules\sass\sass.dart.js:116118:16)]
    [at _CustomZone.runUnary$2$2 
(F:\Source\Repos\adpa\node_modules\.pnpm\sass@1.77.8\node_modules\sass\sass.dart.js:37044:39)]
    [at _Future__propagateToListeners_handleValueCallback.call$0 
(F:\Source\Repos\adpa\node_modules\.pnpm\sass@1.77.8\node_modules\sass\sass.dart.js:36106:51)]
    [at Object._Future__propagateToListeners 
(F:\Source\Repos\adpa\node_modules\.pnpm\sass@1.77.8\node_modules\sass\sass.dart.js:5087:93)]


./node_modules/.pnpm/@itwin+appui-react@5.24.0_5099958addcf4ee1e299f1268a1e01fa/node_modules/@itwin/appui-react/lib/app
ui-react/cursor/cursorpopup/CursorPopup.scss
Error evaluating Node.js code
Error: Can't find stylesheet to import.
  Γò╖
7 Γöé @use "_helpers";
  Γöé ^^^^^^^^^^^^^^^
  Γò╡
  node_modules\.pnpm\@itwin+core-react@5.24.0_@i_26c2a14d8b47ccbae9c807f9ec2699fc\node_modules\@itwin\core-react\lib\co
re-react\_z-index.scss 7:1                        @use
  node_modules\.pnpm\@itwin+appui-react@5.24.0_5099958addcf4ee1e299f1268a1e01fa\node_modules\@itwin\appui-react\lib\app
ui-react\cursor\cursorpopup\CursorPopup.scss 5:1  root stylesheet
  (from F:\Source\Repos\adpa\node_modules\.pnpm\next@16.2.3_@babel+core@7.2_b7086768398931dca8606672d6064472\node_modul
es\next\dist\build\webpack\loaders\resolve-url-loader\index.js, F:\Source\Repos\adpa\node_modules\.pnpm\next@16.2.3_@ba
bel+core@7.2_b7086768398931dca8606672d6064472\node_modules\next\dist\compiled\sass-loader\cjs.js)
Caused by: Error: Can't find stylesheet to import.
  Γò╖
7 Γöé @use "_helpers";
  Γöé ^^^^^^^^^^^^^^^
  Γò╡
  node_modules\.pnpm\@itwin+core-react@5.24.0_@i_26c2a14d8b47ccbae9c807f9ec2699fc\node_modules\@itwin\core-react\lib\co
re-react\_z-index.scss 7:1                        @use
  node_modules\.pnpm\@itwin+appui-react@5.24.0_5099958addcf4ee1e299f1268a1e01fa\node_modules\@itwin\appui-react\lib\app
ui-react\cursor\cursorpopup\CursorPopup.scss 5:1  root stylesheet
    [at Object.wrapException 
(F:\Source\Repos\adpa\node_modules\.pnpm\sass@1.77.8\node_modules\sass\sass.dart.js:2161:43)]
    [at F:\Source\Repos\adpa\node_modules\.pnpm\sass@1.77.8\node_modules\sass\sass.dart.js:82676:25]
    [at _wrapJsFunctionForAsync_closure.$protected 
(F:\Source\Repos\adpa\node_modules\.pnpm\sass@1.77.8\node_modules\sass\sass.dart.js:4900:15)]
    [at _wrapJsFunctionForAsync_closure.call$2 
(F:\Source\Repos\adpa\node_modules\.pnpm\sass@1.77.8\node_modules\sass\sass.dart.js:35592:12)]
    [at _awaitOnObject_closure.call$1 
(F:\Source\Repos\adpa\node_modules\.pnpm\sass@1.77.8\node_modules\sass\sass.dart.js:35580:32)]
    [at Object._rootRunUnary 
(F:\Source\Repos\adpa\node_modules\.pnpm\sass@1.77.8\node_modules\sass\sass.dart.js:5295:18)]
    [at StaticClosure.<anonymous> 
(F:\Source\Repos\adpa\node_modules\.pnpm\sass@1.77.8\node_modules\sass\sass.dart.js:116118:16)]
    [at _CustomZone.runUnary$2$2 
(F:\Source\Repos\adpa\node_modules\.pnpm\sass@1.77.8\node_modules\sass\sass.dart.js:37044:39)]
    [at _Future__propagateToListeners_handleValueCallback.call$0 
(F:\Source\Repos\adpa\node_modules\.pnpm\sass@1.77.8\node_modules\sass\sass.dart.js:36106:51)]
    [at Object._Future__propagateToListeners 
(F:\Source\Repos\adpa\node_modules\.pnpm\sass@1.77.8\node_modules\sass\sass.dart.js:5087:93)]


./node_modules/.pnpm/@itwin+appui-react@5.24.0_5099958addcf4ee1e299f1268a1e01fa/node_modules/@itwin/appui-react/lib/app
ui-react/dialog/DialogManagerBase.scss
Error evaluating Node.js code
Error: Can't find stylesheet to import.
  Γò╖
7 Γöé @use "_helpers";
  Γöé ^^^^^^^^^^^^^^^
  Γò╡
  node_modules\.pnpm\@itwin+core-react@5.24.0_@i_26c2a14d8b47ccbae9c807f9ec2699fc\node_modules\@itwin\core-react\lib\co
re-react\_z-index.scss 7:1                  @use
  node_modules\.pnpm\@itwin+appui-react@5.24.0_5099958addcf4ee1e299f1268a1e01fa\node_modules\@itwin\appui-react\lib\app
ui-react\dialog\DialogManagerBase.scss 5:1  root stylesheet
  (from F:\Source\Repos\adpa\node_modules\.pnpm\next@16.2.3_@babel+core@7.2_b7086768398931dca8606672d6064472\node_modul
es\next\dist\build\webpack\loaders\resolve-url-loader\index.js, F:\Source\Repos\adpa\node_modules\.pnpm\next@16.2.3_@ba
bel+core@7.2_b7086768398931dca8606672d6064472\node_modules\next\dist\compiled\sass-loader\cjs.js)
Caused by: Error: Can't find stylesheet to import.
  Γò╖
7 Γöé @use "_helpers";
  Γöé ^^^^^^^^^^^^^^^
  Γò╡
  node_modules\.pnpm\@itwin+core-react@5.24.0_@i_26c2a14d8b47ccbae9c807f9ec2699fc\node_modules\@itwin\core-react\lib\co
re-react\_z-index.scss 7:1                  @use
  node_modules\.pnpm\@itwin+appui-react@5.24.0_5099958addcf4ee1e299f1268a1e01fa\node_modules\@itwin\appui-react\lib\app
ui-react\dialog\DialogManagerBase.scss 5:1  root stylesheet
    [at Object.wrapException 
(F:\Source\Repos\adpa\node_modules\.pnpm\sass@1.77.8\node_modules\sass\sass.dart.js:2161:43)]
    [at F:\Source\Repos\adpa\node_modules\.pnpm\sass@1.77.8\node_modules\sass\sass.dart.js:82676:25]
    [at _wrapJsFunctionForAsync_closure.$protected 
(F:\Source\Repos\adpa\node_modules\.pnpm\sass@1.77.8\node_modules\sass\sass.dart.js:4900:15)]
    [at _wrapJsFunctionForAsync_closure.call$2 
(F:\Source\Repos\adpa\node_modules\.pnpm\sass@1.77.8\node_modules\sass\sass.dart.js:35592:12)]
    [at _awaitOnObject_closure.call$1 
(F:\Source\Repos\adpa\node_modules\.pnpm\sass@1.77.8\node_modules\sass\sass.dart.js:35580:32)]
    [at Object._rootRunUnary 
(F:\Source\Repos\adpa\node_modules\.pnpm\sass@1.77.8\node_modules\sass\sass.dart.js:5295:18)]
    [at StaticClosure.<anonymous> 
(F:\Source\Repos\adpa\node_modules\.pnpm\sass@1.77.8\node_modules\sass\sass.dart.js:116118:16)]
    [at _CustomZone.runUnary$2$2 
(F:\Source\Repos\adpa\node_modules\.pnpm\sass@1.77.8\node_modules\sass\sass.dart.js:37044:39)]
    [at _Future__propagateToListeners_handleValueCallback.call$0 
(F:\Source\Repos\adpa\node_modules\.pnpm\sass@1.77.8\node_modules\sass\sass.dart.js:36106:51)]
    [at Object._Future__propagateToListeners 
(F:\Source\Repos\adpa\node_modules\.pnpm\sass@1.77.8\node_modules\sass\sass.dart.js:5087:93)]


./node_modules/.pnpm/@itwin+appui-react@5.24.0_5099958addcf4ee1e299f1268a1e01fa/node_modules/@itwin/appui-react/lib/app
ui-react/feedback/ElementTooltip.scss
Error evaluating Node.js code
Error: Can't find stylesheet to import.
  Γò╖
7 Γöé @use "_helpers";
  Γöé ^^^^^^^^^^^^^^^
  Γò╡
  node_modules\.pnpm\@itwin+core-react@5.24.0_@i_26c2a14d8b47ccbae9c807f9ec2699fc\node_modules\@itwin\core-react\lib\co
re-react\_z-index.scss 7:1                 @use
  node_modules\.pnpm\@itwin+appui-react@5.24.0_5099958addcf4ee1e299f1268a1e01fa\node_modules\@itwin\appui-react\lib\app
ui-react\feedback\ElementTooltip.scss 5:1  root stylesheet
  (from F:\Source\Repos\adpa\node_modules\.pnpm\next@16.2.3_@babel+core@7.2_b7086768398931dca8606672d6064472\node_modul
es\next\dist\build\webpack\loaders\resolve-url-loader\index.js, F:\Source\Repos\adpa\node_modules\.pnpm\next@16.2.3_@ba
bel+core@7.2_b7086768398931dca8606672d6064472\node_modules\next\dist\compiled\sass-loader\cjs.js)
Caused by: Error: Can't find stylesheet to import.
  Γò╖
7 Γöé @use "_helpers";
  Γöé ^^^^^^^^^^^^^^^
  Γò╡
  node_modules\.pnpm\@itwin+core-react@5.24.0_@i_26c2a14d8b47ccbae9c807f9ec2699fc\node_modules\@itwin\core-react\lib\co
re-react\_z-index.scss 7:1                 @use
  node_modules\.pnpm\@itwin+appui-react@5.24.0_5099958addcf4ee1e299f1268a1e01fa\node_modules\@itwin\appui-react\lib\app
ui-react\feedback\ElementTooltip.scss 5:1  root stylesheet
    [at Object.wrapException 
(F:\Source\Repos\adpa\node_modules\.pnpm\sass@1.77.8\node_modules\sass\sass.dart.js:2161:43)]
    [at F:\Source\Repos\adpa\node_modules\.pnpm\sass@1.77.8\node_modules\sass\sass.dart.js:82676:25]
    [at _wrapJsFunctionForAsync_closure.$protected 
(F:\Source\Repos\adpa\node_modules\.pnpm\sass@1.77.8\node_modules\sass\sass.dart.js:4900:15)]
    [at _wrapJsFunctionForAsync_closure.call$2 
(F:\Source\Repos\adpa\node_modules\.pnpm\sass@1.77.8\node_modules\sass\sass.dart.js:35592:12)]
    [at _awaitOnObject_closure.call$1 
(F:\Source\Repos\adpa\node_modules\.pnpm\sass@1.77.8\node_modules\sass\sass.dart.js:35580:32)]
    [at Object._rootRunUnary 
(F:\Source\Repos\adpa\node_modules\.pnpm\sass@1.77.8\node_modules\sass\sass.dart.js:5295:18)]
    [at StaticClosure.<anonymous> 
(F:\Source\Repos\adpa\node_modules\.pnpm\sass@1.77.8\node_modules\sass\sass.dart.js:116118:16)]
    [at _CustomZone.runUnary$2$2 
(F:\Source\Repos\adpa\node_modules\.pnpm\sass@1.77.8\node_modules\sass\sass.dart.js:37044:39)]
    [at _Future__propagateToListeners_handleValueCallback.call$0 
(F:\Source\Repos\adpa\node_modules\.pnpm\sass@1.77.8\node_modules\sass\sass.dart.js:36106:51)]
    [at Object._Future__propagateToListeners 
(F:\Source\Repos\adpa\node_modules\.pnpm\sass@1.77.8\node_modules\sass\sass.dart.js:5087:93)]


./node_modules/.pnpm/@itwin+appui-react@5.24.0_5099958addcf4ee1e299f1268a1e01fa/node_modules/@itwin/appui-react/lib/app
ui-react/frontstage/ModalFrontstage.scss
Error evaluating Node.js code
Error: Can't find stylesheet to import.
  Γò╖
7 Γöé @use "_helpers";
  Γöé ^^^^^^^^^^^^^^^
  Γò╡
  node_modules\.pnpm\@itwin+core-react@5.24.0_@i_26c2a14d8b47ccbae9c807f9ec2699fc\node_modules\@itwin\core-react\lib\co
re-react\_z-index.scss 7:1                    @use
  node_modules\.pnpm\@itwin+appui-react@5.24.0_5099958addcf4ee1e299f1268a1e01fa\node_modules\@itwin\appui-react\lib\app
ui-react\frontstage\ModalFrontstage.scss 5:1  root stylesheet
  (from F:\Source\Repos\adpa\node_modules\.pnpm\next@16.2.3_@babel+core@7.2_b7086768398931dca8606672d6064472\node_modul
es\next\dist\build\webpack\loaders\resolve-url-loader\index.js, F:\Source\Repos\adpa\node_modules\.pnpm\next@16.2.3_@ba
bel+core@7.2_b7086768398931dca8606672d6064472\node_modules\next\dist\compiled\sass-loader\cjs.js)
Caused by: Error: Can't find stylesheet to import.
  Γò╖
7 Γöé @use "_helpers";
  Γöé ^^^^^^^^^^^^^^^
  Γò╡
  node_modules\.pnpm\@itwin+core-react@5.24.0_@i_26c2a14d8b47ccbae9c807f9ec2699fc\node_modules\@itwin\core-react\lib\co
re-react\_z-index.scss 7:1                    @use
  node_modules\.pnpm\@itwin+appui-react@5.24.0_5099958addcf4ee1e299f1268a1e01fa\node_modules\@itwin\appui-react\lib\app
ui-react\frontstage\ModalFrontstage.scss 5:1  root stylesheet
    [at Object.wrapException 
(F:\Source\Repos\adpa\node_modules\.pnpm\sass@1.77.8\node_modules\sass\sass.dart.js:2161:43)]
    [at F:\Source\Repos\adpa\node_modules\.pnpm\sass@1.77.8\node_modules\sass\sass.dart.js:82676:25]
    [at _wrapJsFunctionForAsync_closure.$protected 
(F:\Source\Repos\adpa\node_modules\.pnpm\sass@1.77.8\node_modules\sass\sass.dart.js:4900:15)]
    [at _wrapJsFunctionForAsync_closure.call$2 
(F:\Source\Repos\adpa\node_modules\.pnpm\sass@1.77.8\node_modules\sass\sass.dart.js:35592:12)]
    [at _awaitOnObject_closure.call$1 
(F:\Source\Repos\adpa\node_modules\.pnpm\sass@1.77.8\node_modules\sass\sass.dart.js:35580:32)]
    [at Object._rootRunUnary 
(F:\Source\Repos\adpa\node_modules\.pnpm\sass@1.77.8\node_modules\sass\sass.dart.js:5295:18)]
    [at StaticClosure.<anonymous> 
(F:\Source\Repos\adpa\node_modules\.pnpm\sass@1.77.8\node_modules\sass\sass.dart.js:116118:16)]
    [at _CustomZone.runUnary$2$2 
(F:\Source\Repos\adpa\node_modules\.pnpm\sass@1.77.8\node_modules\sass\sass.dart.js:37044:39)]
    [at _Future__propagateToListeners_handleValueCallback.call$0 
(F:\Source\Repos\adpa\node_modules\.pnpm\sass@1.77.8\node_modules\sass\sass.dart.js:36106:51)]
    [at Object._Future__propagateToListeners 
(F:\Source\Repos\adpa\node_modules\.pnpm\sass@1.77.8\node_modules\sass\sass.dart.js:5087:93)]


./node_modules/.pnpm/@itwin+appui-react@5.24.0_5099958addcf4ee1e299f1268a1e01fa/node_modules/@itwin/appui-react/lib/app
ui-react/layout/backstage/Backstage.scss
Error evaluating Node.js code
Error: Can't find stylesheet to import.
  Γò╖
7 Γöé @use "_helpers";
  Γöé ^^^^^^^^^^^^^^^
  Γò╡
  node_modules\.pnpm\@itwin+core-react@5.24.0_@i_26c2a14d8b47ccbae9c807f9ec2699fc\node_modules\@itwin\core-react\lib\co
re-react\_z-index.scss 7:1                    @use
  node_modules\.pnpm\@itwin+appui-react@5.24.0_5099958addcf4ee1e299f1268a1e01fa\node_modules\@itwin\appui-react\lib\app
ui-react\layout\backstage\Backstage.scss 5:1  root stylesheet
  (from F:\Source\Repos\adpa\node_modules\.pnpm\next@16.2.3_@babel+core@7.2_b7086768398931dca8606672d6064472\node_modul
es\next\dist\build\webpack\loaders\resolve-url-loader\index.js, F:\Source\Repos\adpa\node_modules\.pnpm\next@16.2.3_@ba
bel+core@7.2_b7086768398931dca8606672d6064472\node_modules\next\dist\compiled\sass-loader\cjs.js)
Caused by: Error: Can't find stylesheet to import.
  Γò╖
7 Γöé @use "_helpers";
  Γöé ^^^^^^^^^^^^^^^
  Γò╡
  node_modules\.pnpm\@itwin+core-react@5.24.0_@i_26c2a14d8b47ccbae9c807f9ec2699fc\node_modules\@itwin\core-react\lib\co
re-react\_z-index.scss 7:1                    @use
  node_modules\.pnpm\@itwin+appui-react@5.24.0_5099958addcf4ee1e299f1268a1e01fa\node_modules\@itwin\appui-react\lib\app
ui-react\layout\backstage\Backstage.scss 5:1  root stylesheet
    [at Object.wrapException 
(F:\Source\Repos\adpa\node_modules\.pnpm\sass@1.77.8\node_modules\sass\sass.dart.js:2161:43)]
    [at F:\Source\Repos\adpa\node_modules\.pnpm\sass@1.77.8\node_modules\sass\sass.dart.js:82676:25]
    [at _wrapJsFunctionForAsync_closure.$protected 
(F:\Source\Repos\adpa\node_modules\.pnpm\sass@1.77.8\node_modules\sass\sass.dart.js:4900:15)]
    [at _wrapJsFunctionForAsync_closure.call$2 
(F:\Source\Repos\adpa\node_modules\.pnpm\sass@1.77.8\node_modules\sass\sass.dart.js:35592:12)]
    [at _awaitOnObject_closure.call$1 
(F:\Source\Repos\adpa\node_modules\.pnpm\sass@1.77.8\node_modules\sass\sass.dart.js:35580:32)]
    [at Object._rootRunUnary 
(F:\Source\Repos\adpa\node_modules\.pnpm\sass@1.77.8\node_modules\sass\sass.dart.js:5295:18)]
    [at StaticClosure.<anonymous> 
(F:\Source\Repos\adpa\node_modules\.pnpm\sass@1.77.8\node_modules\sass\sass.dart.js:116118:16)]
    [at _CustomZone.runUnary$2$2 
(F:\Source\Repos\adpa\node_modules\.pnpm\sass@1.77.8\node_modules\sass\sass.dart.js:37044:39)]
    [at _Future__propagateToListeners_handleValueCallback.call$0 
(F:\Source\Repos\adpa\node_modules\.pnpm\sass@1.77.8\node_modules\sass\sass.dart.js:36106:51)]
    [at Object._Future__propagateToListeners 
(F:\Source\Repos\adpa\node_modules\.pnpm\sass@1.77.8\node_modules\sass\sass.dart.js:5087:93)]


./node_modules/.pnpm/@itwin+appui-react@5.24.0_5099958addcf4ee1e299f1268a1e01fa/node_modules/@itwin/appui-react/lib/app
ui-react/layout/footer/dialog/TitleBar.scss
Error evaluating Node.js code
Error: Can't find stylesheet to import.
  Γò╖
5 Γöé @forward "./style/opacity";
  Γöé ^^^^^^^^^^^^^^^^^^^^^^^^^^
  Γò╡
  node_modules\.pnpm\@itwin+core-react@5.24.0_@i_26c2a14d8b47ccbae9c807f9ec2699fc\node_modules\@itwin\core-react\lib\co
re-react\_typography.scss 5:1                    @use
  node_modules\.pnpm\@itwin+appui-react@5.24.0_5099958addcf4ee1e299f1268a1e01fa\node_modules\@itwin\appui-react\lib\app
ui-react\layout\footer\dialog\TitleBar.scss 5:1  root stylesheet
  (from F:\Source\Repos\adpa\node_modules\.pnpm\next@16.2.3_@babel+core@7.2_b7086768398931dca8606672d6064472\node_modul
es\next\dist\build\webpack\loaders\resolve-url-loader\index.js, F:\Source\Repos\adpa\node_modules\.pnpm\next@16.2.3_@ba
bel+core@7.2_b7086768398931dca8606672d6064472\node_modules\next\dist\compiled\sass-loader\cjs.js)
Caused by: Error: Can't find stylesheet to import.
  Γò╖
5 Γöé @forward "./style/opacity";
  Γöé ^^^^^^^^^^^^^^^^^^^^^^^^^^
  Γò╡
  node_modules\.pnpm\@itwin+core-react@5.24.0_@i_26c2a14d8b47ccbae9c807f9ec2699fc\node_modules\@itwin\core-react\lib\co
re-react\_typography.scss 5:1                    @use
  node_modules\.pnpm\@itwin+appui-react@5.24.0_5099958addcf4ee1e299f1268a1e01fa\node_modules\@itwin\appui-react\lib\app
ui-react\layout\footer\dialog\TitleBar.scss 5:1  root stylesheet
    [at Object.wrapException 
(F:\Source\Repos\adpa\node_modules\.pnpm\sass@1.77.8\node_modules\sass\sass.dart.js:2161:43)]
    [at F:\Source\Repos\adpa\node_modules\.pnpm\sass@1.77.8\node_modules\sass\sass.dart.js:82676:25]
    [at _wrapJsFunctionForAsync_closure.$protected 
(F:\Source\Repos\adpa\node_modules\.pnpm\sass@1.77.8\node_modules\sass\sass.dart.js:4900:15)]
    [at _wrapJsFunctionForAsync_closure.call$2 
(F:\Source\Repos\adpa\node_modules\.pnpm\sass@1.77.8\node_modules\sass\sass.dart.js:35592:12)]
    [at _awaitOnObject_closure.call$1 
(F:\Source\Repos\adpa\node_modules\.pnpm\sass@1.77.8\node_modules\sass\sass.dart.js:35580:32)]
    [at Object._rootRunUnary 
(F:\Source\Repos\adpa\node_modules\.pnpm\sass@1.77.8\node_modules\sass\sass.dart.js:5295:18)]
    [at StaticClosure.<anonymous> 
(F:\Source\Repos\adpa\node_modules\.pnpm\sass@1.77.8\node_modules\sass\sass.dart.js:116118:16)]
    [at _CustomZone.runUnary$2$2 
(F:\Source\Repos\adpa\node_modules\.pnpm\sass@1.77.8\node_modules\sass\sass.dart.js:37044:39)]
    [at _Future__propagateToListeners_handleValueCallback.call$0 
(F:\Source\Repos\adpa\node_modules\.pnpm\sass@1.77.8\node_modules\sass\sass.dart.js:36106:51)]
    [at Object._Future__propagateToListeners 
(F:\Source\Repos\adpa\node_modules\.pnpm\sass@1.77.8\node_modules\sass\sass.dart.js:5087:93)]


./node_modules/.pnpm/@itwin+appui-react@5.24.0_5099958addcf4ee1e299f1268a1e01fa/node_modules/@itwin/appui-react/lib/app
ui-react/layout/footer/snap-mode/Panel.scss
Error evaluating Node.js code
Error: Can't find stylesheet to import.
  Γò╖
5 Γöé @forward "./style/opacity";
  Γöé ^^^^^^^^^^^^^^^^^^^^^^^^^^
  Γò╡
  node_modules\.pnpm\@itwin+core-react@5.24.0_@i_26c2a14d8b47ccbae9c807f9ec2699fc\node_modules\@itwin\core-react\lib\co
re-react\_typography.scss 5:1                    @use
  node_modules\.pnpm\@itwin+appui-react@5.24.0_5099958addcf4ee1e299f1268a1e01fa\node_modules\@itwin\appui-react\lib\app
ui-react\layout\footer\snap-mode\Panel.scss 5:1  root stylesheet
  (from F:\Source\Repos\adpa\node_modules\.pnpm\next@16.2.3_@babel+core@7.2_b7086768398931dca8606672d6064472\node_modul
es\next\dist\build\webpack\loaders\resolve-url-loader\index.js, F:\Source\Repos\adpa\node_modules\.pnpm\next@16.2.3_@ba
bel+core@7.2_b7086768398931dca8606672d6064472\node_modules\next\dist\compiled\sass-loader\cjs.js)
Caused by: Error: Can't find stylesheet to import.
  Γò╖
5 Γöé @forward "./style/opacity";
  Γöé ^^^^^^^^^^^^^^^^^^^^^^^^^^
  Γò╡
  node_modules\.pnpm\@itwin+core-react@5.24.0_@i_26c2a14d8b47ccbae9c807f9ec2699fc\node_modules\@itwin\core-react\lib\co
re-react\_typography.scss 5:1                    @use
  node_modules\.pnpm\@itwin+appui-react@5.24.0_5099958addcf4ee1e299f1268a1e01fa\node_modules\@itwin\appui-react\lib\app
ui-react\layout\footer\snap-mode\Panel.scss 5:1  root stylesheet
    [at Object.wrapException 
(F:\Source\Repos\adpa\node_modules\.pnpm\sass@1.77.8\node_modules\sass\sass.dart.js:2161:43)]
    [at F:\Source\Repos\adpa\node_modules\.pnpm\sass@1.77.8\node_modules\sass\sass.dart.js:82676:25]
    [at _wrapJsFunctionForAsync_closure.$protected 
(F:\Source\Repos\adpa\node_modules\.pnpm\sass@1.77.8\node_modules\sass\sass.dart.js:4900:15)]
    [at _wrapJsFunctionForAsync_closure.call$2 
(F:\Source\Repos\adpa\node_modules\.pnpm\sass@1.77.8\node_modules\sass\sass.dart.js:35592:12)]
    [at _awaitOnObject_closure.call$1 
(F:\Source\Repos\adpa\node_modules\.pnpm\sass@1.77.8\node_modules\sass\sass.dart.js:35580:32)]
    [at Object._rootRunUnary 
(F:\Source\Repos\adpa\node_modules\.pnpm\sass@1.77.8\node_modules\sass\sass.dart.js:5295:18)]
    [at StaticClosure.<anonymous> 
(F:\Source\Repos\adpa\node_modules\.pnpm\sass@1.77.8\node_modules\sass\sass.dart.js:116118:16)]
    [at _CustomZone.runUnary$2$2 
(F:\Source\Repos\adpa\node_modules\.pnpm\sass@1.77.8\node_modules\sass\sass.dart.js:37044:39)]
    [at _Future__propagateToListeners_handleValueCallback.call$0 
(F:\Source\Repos\adpa\node_modules\.pnpm\sass@1.77.8\node_modules\sass\sass.dart.js:36106:51)]
    [at Object._Future__propagateToListeners 
(F:\Source\Repos\adpa\node_modules\.pnpm\sass@1.77.8\node_modules\sass\sass.dart.js:5087:93)]


./node_modules/.pnpm/@itwin+appui-react@5.24.0_5099958addcf4ee1e299f1268a1e01fa/node_modules/@itwin/appui-react/lib/app
ui-react/layout/footer/tool-assistance/Separator.scss
Error evaluating Node.js code
Error: Can't find stylesheet to import.
  Γò╖
5 Γöé @forward "./style/opacity";
  Γöé ^^^^^^^^^^^^^^^^^^^^^^^^^^
  Γò╡
  node_modules\.pnpm\@itwin+core-react@5.24.0_@i_26c2a14d8b47ccbae9c807f9ec2699fc\node_modules\@itwin\core-react\lib\co
re-react\_typography.scss 5:1                              @use
  node_modules\.pnpm\@itwin+appui-react@5.24.0_5099958addcf4ee1e299f1268a1e01fa\node_modules\@itwin\appui-react\lib\app
ui-react\layout\footer\tool-assistance\Separator.scss 5:1  root stylesheet
  (from F:\Source\Repos\adpa\node_modules\.pnpm\next@16.2.3_@babel+core@7.2_b7086768398931dca8606672d6064472\node_modul
es\next\dist\build\webpack\loaders\resolve-url-loader\index.js, F:\Source\Repos\adpa\node_modules\.pnpm\next@16.2.3_@ba
bel+core@7.2_b7086768398931dca8606672d6064472\node_modules\next\dist\compiled\sass-loader\cjs.js)
Caused by: Error: Can't find stylesheet to import.
  Γò╖
5 Γöé @forward "./style/opacity";
  Γöé ^^^^^^^^^^^^^^^^^^^^^^^^^^
  Γò╡
  node_modules\.pnpm\@itwin+core-react@5.24.0_@i_26c2a14d8b47ccbae9c807f9ec2699fc\node_modules\@itwin\core-react\lib\co
re-react\_typography.scss 5:1                              @use
  node_modules\.pnpm\@itwin+appui-react@5.24.0_5099958addcf4ee1e299f1268a1e01fa\node_modules\@itwin\appui-react\lib\app
ui-react\layout\footer\tool-assistance\Separator.scss 5:1  root stylesheet
    [at Object.wrapException 
(F:\Source\Repos\adpa\node_modules\.pnpm\sass@1.77.8\node_modules\sass\sass.dart.js:2161:43)]
    [at F:\Source\Repos\adpa\node_modules\.pnpm\sass@1.77.8\node_modules\sass\sass.dart.js:82676:25]
    [at _wrapJsFunctionForAsync_closure.$protected 
(F:\Source\Repos\adpa\node_modules\.pnpm\sass@1.77.8\node_modules\sass\sass.dart.js:4900:15)]
    [at _wrapJsFunctionForAsync_closure.call$2 
(F:\Source\Repos\adpa\node_modules\.pnpm\sass@1.77.8\node_modules\sass\sass.dart.js:35592:12)]
    [at _awaitOnObject_closure.call$1 
(F:\Source\Repos\adpa\node_modules\.pnpm\sass@1.77.8\node_modules\sass\sass.dart.js:35580:32)]
    [at Object._rootRunUnary 
(F:\Source\Repos\adpa\node_modules\.pnpm\sass@1.77.8\node_modules\sass\sass.dart.js:5295:18)]
    [at StaticClosure.<anonymous> 
(F:\Source\Repos\adpa\node_modules\.pnpm\sass@1.77.8\node_modules\sass\sass.dart.js:116118:16)]
    [at _CustomZone.runUnary$2$2 
(F:\Source\Repos\adpa\node_modules\.pnpm\sass@1.77.8\node_modules\sass\sass.dart.js:37044:39)]
    [at _Future__propagateToListeners_handleValueCallback.call$0 
(F:\Source\Repos\adpa\node_modules\.pnpm\sass@1.77.8\node_modules\sass\sass.dart.js:36106:51)]
    [at Object._Future__propagateToListeners 
(F:\Source\Repos\adpa\node_modules\.pnpm\sass@1.77.8\node_modules\sass\sass.dart.js:5087:93)]


./node_modules/.pnpm/@itwin+appui-react@5.24.0_5099958addcf4ee1e299f1268a1e01fa/node_modules/@itwin/appui-react/lib/app
ui-react/layout/popup/Tooltip.scss
Error evaluating Node.js code
Error: Can't find stylesheet to import.
  Γò╖
7 Γöé @use "_helpers";
  Γöé ^^^^^^^^^^^^^^^
  Γò╡
  node_modules\.pnpm\@itwin+core-react@5.24.0_@i_26c2a14d8b47ccbae9c807f9ec2699fc\node_modules\@itwin\core-react\lib\co
re-react\_z-index.scss 7:1              @use
  node_modules\.pnpm\@itwin+appui-react@5.24.0_5099958addcf4ee1e299f1268a1e01fa\node_modules\@itwin\appui-react\lib\app
ui-react\layout\popup\Tooltip.scss 5:1  root stylesheet
  (from F:\Source\Repos\adpa\node_modules\.pnpm\next@16.2.3_@babel+core@7.2_b7086768398931dca8606672d6064472\node_modul
es\next\dist\build\webpack\loaders\resolve-url-loader\index.js, F:\Source\Repos\adpa\node_modules\.pnpm\next@16.2.3_@ba
bel+core@7.2_b7086768398931dca8606672d6064472\node_modules\next\dist\compiled\sass-loader\cjs.js)
Caused by: Error: Can't find stylesheet to import.
  Γò╖
7 Γöé @use "_helpers";
  Γöé ^^^^^^^^^^^^^^^
  Γò╡
  node_modules\.pnpm\@itwin+core-react@5.24.0_@i_26c2a14d8b47ccbae9c807f9ec2699fc\node_modules\@itwin\core-react\lib\co
re-react\_z-index.scss 7:1              @use
  node_modules\.pnpm\@itwin+appui-react@5.24.0_5099958addcf4ee1e299f1268a1e01fa\node_modules\@itwin\appui-react\lib\app
ui-react\layout\popup\Tooltip.scss 5:1  root stylesheet
    [at Object.wrapException 
(F:\Source\Repos\adpa\node_modules\.pnpm\sass@1.77.8\node_modules\sass\sass.dart.js:2161:43)]
    [at F:\Source\Repos\adpa\node_modules\.pnpm\sass@1.77.8\node_modules\sass\sass.dart.js:82676:25]
    [at _wrapJsFunctionForAsync_closure.$protected 
(F:\Source\Repos\adpa\node_modules\.pnpm\sass@1.77.8\node_modules\sass\sass.dart.js:4900:15)]
    [at _wrapJsFunctionForAsync_closure.call$2 
(F:\Source\Repos\adpa\node_modules\.pnpm\sass@1.77.8\node_modules\sass\sass.dart.js:35592:12)]
    [at _awaitOnObject_closure.call$1 
(F:\Source\Repos\adpa\node_modules\.pnpm\sass@1.77.8\node_modules\sass\sass.dart.js:35580:32)]
    [at Object._rootRunUnary 
(F:\Source\Repos\adpa\node_modules\.pnpm\sass@1.77.8\node_modules\sass\sass.dart.js:5295:18)]
    [at StaticClosure.<anonymous> 
(F:\Source\Repos\adpa\node_modules\.pnpm\sass@1.77.8\node_modules\sass\sass.dart.js:116118:16)]
    [at _CustomZone.runUnary$2$2 
(F:\Source\Repos\adpa\node_modules\.pnpm\sass@1.77.8\node_modules\sass\sass.dart.js:37044:39)]
    [at _Future__propagateToListeners_handleValueCallback.call$0 
(F:\Source\Repos\adpa\node_modules\.pnpm\sass@1.77.8\node_modules\sass\sass.dart.js:36106:51)]
    [at Object._Future__propagateToListeners 
(F:\Source\Repos\adpa\node_modules\.pnpm\sass@1.77.8\node_modules\sass\sass.dart.js:5087:93)]


./node_modules/.pnpm/@itwin+appui-react@5.24.0_5099958addcf4ee1e299f1268a1e01fa/node_modules/@itwin/appui-react/lib/app
ui-react/layout/target/MergeTarget.scss
Error evaluating Node.js code
Error: Can't find stylesheet to import.
  Γò╖
7 Γöé @use "_helpers";
  Γöé ^^^^^^^^^^^^^^^
  Γò╡
  node_modules\.pnpm\@itwin+core-react@5.24.0_@i_26c2a14d8b47ccbae9c807f9ec2699fc\node_modules\@itwin\core-react\lib\co
re-react\_z-index.scss 7:1                   @use
  node_modules\.pnpm\@itwin+appui-react@5.24.0_5099958addcf4ee1e299f1268a1e01fa\node_modules\@itwin\appui-react\lib\app
ui-react\layout\target\_variables.scss 5:1   @use
  node_modules\.pnpm\@itwin+appui-react@5.24.0_5099958addcf4ee1e299f1268a1e01fa\node_modules\@itwin\appui-react\lib\app
ui-react\layout\target\MergeTarget.scss 5:1  root stylesheet
  (from F:\Source\Repos\adpa\node_modules\.pnpm\next@16.2.3_@babel+core@7.2_b7086768398931dca8606672d6064472\node_modul
es\next\dist\build\webpack\loaders\resolve-url-loader\index.js, F:\Source\Repos\adpa\node_modules\.pnpm\next@16.2.3_@ba
bel+core@7.2_b7086768398931dca8606672d6064472\node_modules\next\dist\compiled\sass-loader\cjs.js)
Caused by: Error: Can't find stylesheet to import.
  Γò╖
7 Γöé @use "_helpers";
  Γöé ^^^^^^^^^^^^^^^
  Γò╡
  node_modules\.pnpm\@itwin+core-react@5.24.0_@i_26c2a14d8b47ccbae9c807f9ec2699fc\node_modules\@itwin\core-react\lib\co
re-react\_z-index.scss 7:1                   @use
  node_modules\.pnpm\@itwin+appui-react@5.24.0_5099958addcf4ee1e299f1268a1e01fa\node_modules\@itwin\appui-react\lib\app
ui-react\layout\target\_variables.scss 5:1   @use
  node_modules\.pnpm\@itwin+appui-react@5.24.0_5099958addcf4ee1e299f1268a1e01fa\node_modules\@itwin\appui-react\lib\app
ui-react\layout\target\MergeTarget.scss 5:1  root stylesheet
    [at Object.wrapException 
(F:\Source\Repos\adpa\node_modules\.pnpm\sass@1.77.8\node_modules\sass\sass.dart.js:2161:43)]
    [at F:\Source\Repos\adpa\node_modules\.pnpm\sass@1.77.8\node_modules\sass\sass.dart.js:82676:25]
    [at _wrapJsFunctionForAsync_closure.$protected 
(F:\Source\Repos\adpa\node_modules\.pnpm\sass@1.77.8\node_modules\sass\sass.dart.js:4900:15)]
    [at _wrapJsFunctionForAsync_closure.call$2 
(F:\Source\Repos\adpa\node_modules\.pnpm\sass@1.77.8\node_modules\sass\sass.dart.js:35592:12)]
    [at _awaitOnObject_closure.call$1 
(F:\Source\Repos\adpa\node_modules\.pnpm\sass@1.77.8\node_modules\sass\sass.dart.js:35580:32)]
    [at Object._rootRunUnary 
(F:\Source\Repos\adpa\node_modules\.pnpm\sass@1.77.8\node_modules\sass\sass.dart.js:5295:18)]
    [at StaticClosure.<anonymous> 
(F:\Source\Repos\adpa\node_modules\.pnpm\sass@1.77.8\node_modules\sass\sass.dart.js:116118:16)]
    [at _CustomZone.runUnary$2$2 
(F:\Source\Repos\adpa\node_modules\.pnpm\sass@1.77.8\node_modules\sass\sass.dart.js:37044:39)]
    [at _Future__propagateToListeners_handleValueCallback.call$0 
(F:\Source\Repos\adpa\node_modules\.pnpm\sass@1.77.8\node_modules\sass\sass.dart.js:36106:51)]
    [at Object._Future__propagateToListeners 
(F:\Source\Repos\adpa\node_modules\.pnpm\sass@1.77.8\node_modules\sass\sass.dart.js:5087:93)]


./node_modules/.pnpm/@itwin+appui-react@5.24.0_5099958addcf4ee1e299f1268a1e01fa/node_modules/@itwin/appui-react/lib/app
ui-react/layout/target/PanelTarget.scss
Error evaluating Node.js code
Error: Can't find stylesheet to import.
  Γò╖
7 Γöé @use "_helpers";
  Γöé ^^^^^^^^^^^^^^^
  Γò╡
  node_modules\.pnpm\@itwin+core-react@5.24.0_@i_26c2a14d8b47ccbae9c807f9ec2699fc\node_modules\@itwin\core-react\lib\co
re-react\_z-index.scss 7:1                   @use
  node_modules\.pnpm\@itwin+appui-react@5.24.0_5099958addcf4ee1e299f1268a1e01fa\node_modules\@itwin\appui-react\lib\app
ui-react\layout\target\_variables.scss 5:1   @use
  node_modules\.pnpm\@itwin+appui-react@5.24.0_5099958addcf4ee1e299f1268a1e01fa\node_modules\@itwin\appui-react\lib\app
ui-react\layout\target\PanelTarget.scss 5:1  root stylesheet
  (from F:\Source\Repos\adpa\node_modules\.pnpm\next@16.2.3_@babel+core@7.2_b7086768398931dca8606672d6064472\node_modul
es\next\dist\build\webpack\loaders\resolve-url-loader\index.js, F:\Source\Repos\adpa\node_modules\.pnpm\next@16.2.3_@ba
bel+core@7.2_b7086768398931dca8606672d6064472\node_modules\next\dist\compiled\sass-loader\cjs.js)
Caused by: Error: Can't find stylesheet to import.
  Γò╖
7 Γöé @use "_helpers";
  Γöé ^^^^^^^^^^^^^^^
  Γò╡
  node_modules\.pnpm\@itwin+core-react@5.24.0_@i_26c2a14d8b47ccbae9c807f9ec2699fc\node_modules\@itwin\core-react\lib\co
re-react\_z-index.scss 7:1                   @use
  node_modules\.pnpm\@itwin+appui-react@5.24.0_5099958addcf4ee1e299f1268a1e01fa\node_modules\@itwin\appui-react\lib\app
ui-react\layout\target\_variables.scss 5:1   @use
  node_modules\.pnpm\@itwin+appui-react@5.24.0_5099958addcf4ee1e299f1268a1e01fa\node_modules\@itwin\appui-react\lib\app
ui-react\layout\target\PanelTarget.scss 5:1  root stylesheet
    [at Object.wrapException 
(F:\Source\Repos\adpa\node_modules\.pnpm\sass@1.77.8\node_modules\sass\sass.dart.js:2161:43)]
    [at F:\Source\Repos\adpa\node_modules\.pnpm\sass@1.77.8\node_modules\sass\sass.dart.js:82676:25]
    [at _wrapJsFunctionForAsync_closure.$protected 
(F:\Source\Repos\adpa\node_modules\.pnpm\sass@1.77.8\node_modules\sass\sass.dart.js:4900:15)]
    [at _wrapJsFunctionForAsync_closure.call$2 
(F:\Source\Repos\adpa\node_modules\.pnpm\sass@1.77.8\node_modules\sass\sass.dart.js:35592:12)]
    [at _awaitOnObject_closure.call$1 
(F:\Source\Repos\adpa\node_modules\.pnpm\sass@1.77.8\node_modules\sass\sass.dart.js:35580:32)]
    [at Object._rootRunUnary 
(F:\Source\Repos\adpa\node_modules\.pnpm\sass@1.77.8\node_modules\sass\sass.dart.js:5295:18)]
    [at StaticClosure.<anonymous> 
(F:\Source\Repos\adpa\node_modules\.pnpm\sass@1.77.8\node_modules\sass\sass.dart.js:116118:16)]
    [at _CustomZone.runUnary$2$2 
(F:\Source\Repos\adpa\node_modules\.pnpm\sass@1.77.8\node_modules\sass\sass.dart.js:37044:39)]
    [at _Future__propagateToListeners_handleValueCallback.call$0 
(F:\Source\Repos\adpa\node_modules\.pnpm\sass@1.77.8\node_modules\sass\sass.dart.js:36106:51)]
    [at Object._Future__propagateToListeners 
(F:\Source\Repos\adpa\node_modules\.pnpm\sass@1.77.8\node_modules\sass\sass.dart.js:5087:93)]


./node_modules/.pnpm/@itwin+appui-react@5.24.0_5099958addcf4ee1e299f1268a1e01fa/node_modules/@itwin/appui-react/lib/app
ui-react/layout/target/SectionTarget.scss
Error evaluating Node.js code
Error: Can't find stylesheet to import.
  Γò╖
7 Γöé @use "_helpers";
  Γöé ^^^^^^^^^^^^^^^
  Γò╡
  node_modules\.pnpm\@itwin+core-react@5.24.0_@i_26c2a14d8b47ccbae9c807f9ec2699fc\node_modules\@itwin\core-react\lib\co
re-react\_z-index.scss 7:1                     @use
  node_modules\.pnpm\@itwin+appui-react@5.24.0_5099958addcf4ee1e299f1268a1e01fa\node_modules\@itwin\appui-react\lib\app
ui-react\layout\target\_variables.scss 5:1     @use
  node_modules\.pnpm\@itwin+appui-react@5.24.0_5099958addcf4ee1e299f1268a1e01fa\node_modules\@itwin\appui-react\lib\app
ui-react\layout\target\SectionTarget.scss 5:1  root stylesheet
  (from F:\Source\Repos\adpa\node_modules\.pnpm\next@16.2.3_@babel+core@7.2_b7086768398931dca8606672d6064472\node_modul
es\next\dist\build\webpack\loaders\resolve-url-loader\index.js, F:\Source\Repos\adpa\node_modules\.pnpm\next@16.2.3_@ba
bel+core@7.2_b7086768398931dca8606672d6064472\node_modules\next\dist\compiled\sass-loader\cjs.js)
Caused by: Error: Can't find stylesheet to import.
  Γò╖
7 Γöé @use "_helpers";
  Γöé ^^^^^^^^^^^^^^^
  Γò╡
  node_modules\.pnpm\@itwin+core-react@5.24.0_@i_26c2a14d8b47ccbae9c807f9ec2699fc\node_modules\@itwin\core-react\lib\co
re-react\_z-index.scss 7:1                     @use
  node_modules\.pnpm\@itwin+appui-react@5.24.0_5099958addcf4ee1e299f1268a1e01fa\node_modules\@itwin\appui-react\lib\app
ui-react\layout\target\_variables.scss 5:1     @use
  node_modules\.pnpm\@itwin+appui-react@5.24.0_5099958addcf4ee1e299f1268a1e01fa\node_modules\@itwin\appui-react\lib\app
ui-react\layout\target\SectionTarget.scss 5:1  root stylesheet
    [at Object.wrapException 
(F:\Source\Repos\adpa\node_modules\.pnpm\sass@1.77.8\node_modules\sass\sass.dart.js:2161:43)]
    [at F:\Source\Repos\adpa\node_modules\.pnpm\sass@1.77.8\node_modules\sass\sass.dart.js:82676:25]
    [at _wrapJsFunctionForAsync_closure.$protected 
(F:\Source\Repos\adpa\node_modules\.pnpm\sass@1.77.8\node_modules\sass\sass.dart.js:4900:15)]
    [at _wrapJsFunctionForAsync_closure.call$2 
(F:\Source\Repos\adpa\node_modules\.pnpm\sass@1.77.8\node_modules\sass\sass.dart.js:35592:12)]
    [at _awaitOnObject_closure.call$1 
(F:\Source\Repos\adpa\node_modules\.pnpm\sass@1.77.8\node_modules\sass\sass.dart.js:35580:32)]
    [at Object._rootRunUnary 
(F:\Source\Repos\adpa\node_modules\.pnpm\sass@1.77.8\node_modules\sass\sass.dart.js:5295:18)]
    [at StaticClosure.<anonymous> 
(F:\Source\Repos\adpa\node_modules\.pnpm\sass@1.77.8\node_modules\sass\sass.dart.js:116118:16)]
    [at _CustomZone.runUnary$2$2 
(F:\Source\Repos\adpa\node_modules\.pnpm\sass@1.77.8\node_modules\sass\sass.dart.js:37044:39)]
    [at _Future__propagateToListeners_handleValueCallback.call$0 
(F:\Source\Repos\adpa\node_modules\.pnpm\sass@1.77.8\node_modules\sass\sass.dart.js:36106:51)]
    [at Object._Future__propagateToListeners 
(F:\Source\Repos\adpa\node_modules\.pnpm\sass@1.77.8\node_modules\sass\sass.dart.js:5087:93)]


./node_modules/.pnpm/@itwin+appui-react@5.24.0_5099958addcf4ee1e299f1268a1e01fa/node_modules/@itwin/appui-react/lib/app
ui-react/layout/target/TabTarget.scss
Error evaluating Node.js code
Error: Can't find stylesheet to import.
  Γò╖
7 Γöé @use "_helpers";
  Γöé ^^^^^^^^^^^^^^^
  Γò╡
  node_modules\.pnpm\@itwin+core-react@5.24.0_@i_26c2a14d8b47ccbae9c807f9ec2699fc\node_modules\@itwin\core-react\lib\co
re-react\_z-index.scss 7:1                 @use
  node_modules\.pnpm\@itwin+appui-react@5.24.0_5099958addcf4ee1e299f1268a1e01fa\node_modules\@itwin\appui-react\lib\app
ui-react\layout\target\TabTarget.scss 5:1  root stylesheet
  (from F:\Source\Repos\adpa\node_modules\.pnpm\next@16.2.3_@babel+core@7.2_b7086768398931dca8606672d6064472\node_modul
es\next\dist\build\webpack\loaders\resolve-url-loader\index.js, F:\Source\Repos\adpa\node_modules\.pnpm\next@16.2.3_@ba
bel+core@7.2_b7086768398931dca8606672d6064472\node_modules\next\dist\compiled\sass-loader\cjs.js)
Caused by: Error: Can't find stylesheet to import.
  Γò╖
7 Γöé @use "_helpers";
  Γöé ^^^^^^^^^^^^^^^
  Γò╡
  node_modules\.pnpm\@itwin+core-react@5.24.0_@i_26c2a14d8b47ccbae9c807f9ec2699fc\node_modules\@itwin\core-react\lib\co
re-react\_z-index.scss 7:1                 @use
  node_modules\.pnpm\@itwin+appui-react@5.24.0_5099958addcf4ee1e299f1268a1e01fa\node_modules\@itwin\appui-react\lib\app
ui-react\layout\target\TabTarget.scss 5:1  root stylesheet
    [at Object.wrapException 
(F:\Source\Repos\adpa\node_modules\.pnpm\sass@1.77.8\node_modules\sass\sass.dart.js:2161:43)]
    [at F:\Source\Repos\adpa\node_modules\.pnpm\sass@1.77.8\node_modules\sass\sass.dart.js:82676:25]
    [at _wrapJsFunctionForAsync_closure.$protected 
(F:\Source\Repos\adpa\node_modules\.pnpm\sass@1.77.8\node_modules\sass\sass.dart.js:4900:15)]
    [at _wrapJsFunctionForAsync_closure.call$2 
(F:\Source\Repos\adpa\node_modules\.pnpm\sass@1.77.8\node_modules\sass\sass.dart.js:35592:12)]
    [at _awaitOnObject_closure.call$1 
(F:\Source\Repos\adpa\node_modules\.pnpm\sass@1.77.8\node_modules\sass\sass.dart.js:35580:32)]
    [at Object._rootRunUnary 
(F:\Source\Repos\adpa\node_modules\.pnpm\sass@1.77.8\node_modules\sass\sass.dart.js:5295:18)]
    [at StaticClosure.<anonymous> 
(F:\Source\Repos\adpa\node_modules\.pnpm\sass@1.77.8\node_modules\sass\sass.dart.js:116118:16)]
    [at _CustomZone.runUnary$2$2 
(F:\Source\Repos\adpa\node_modules\.pnpm\sass@1.77.8\node_modules\sass\sass.dart.js:37044:39)]
    [at _Future__propagateToListeners_handleValueCallback.call$0 
(F:\Source\Repos\adpa\node_modules\.pnpm\sass@1.77.8\node_modules\sass\sass.dart.js:36106:51)]
    [at Object._Future__propagateToListeners 
(F:\Source\Repos\adpa\node_modules\.pnpm\sass@1.77.8\node_modules\sass\sass.dart.js:5087:93)]


./node_modules/.pnpm/@itwin+appui-react@5.24.0_5099958addcf4ee1e299f1268a1e01fa/node_modules/@itwin/appui-react/lib/app
ui-react/layout/target/TitleBarTarget.scss
Error evaluating Node.js code
Error: Can't find stylesheet to import.
  Γò╖
7 Γöé @use "_helpers";
  Γöé ^^^^^^^^^^^^^^^
  Γò╡
  node_modules\.pnpm\@itwin+core-react@5.24.0_@i_26c2a14d8b47ccbae9c807f9ec2699fc\node_modules\@itwin\core-react\lib\co
re-react\_z-index.scss 7:1                      @use
  node_modules\.pnpm\@itwin+appui-react@5.24.0_5099958addcf4ee1e299f1268a1e01fa\node_modules\@itwin\appui-react\lib\app
ui-react\layout\target\TitleBarTarget.scss 5:1  root stylesheet
  (from F:\Source\Repos\adpa\node_modules\.pnpm\next@16.2.3_@babel+core@7.2_b7086768398931dca8606672d6064472\node_modul
es\next\dist\build\webpack\loaders\resolve-url-loader\index.js, F:\Source\Repos\adpa\node_modules\.pnpm\next@16.2.3_@ba
bel+core@7.2_b7086768398931dca8606672d6064472\node_modules\next\dist\compiled\sass-loader\cjs.js)
Caused by: Error: Can't find stylesheet to import.
  Γò╖
7 Γöé @use "_helpers";
  Γöé ^^^^^^^^^^^^^^^
  Γò╡
  node_modules\.pnpm\@itwin+core-react@5.24.0_@i_26c2a14d8b47ccbae9c807f9ec2699fc\node_modules\@itwin\core-react\lib\co
re-react\_z-index.scss 7:1                      @use
  node_modules\.pnpm\@itwin+appui-react@5.24.0_5099958addcf4ee1e299f1268a1e01fa\node_modules\@itwin\appui-react\lib\app
ui-react\layout\target\TitleBarTarget.scss 5:1  root stylesheet
    [at Object.wrapException 
(F:\Source\Repos\adpa\node_modules\.pnpm\sass@1.77.8\node_modules\sass\sass.dart.js:2161:43)]
    [at F:\Source\Repos\adpa\node_modules\.pnpm\sass@1.77.8\node_modules\sass\sass.dart.js:82676:25]
    [at _wrapJsFunctionForAsync_closure.$protected 
(F:\Source\Repos\adpa\node_modules\.pnpm\sass@1.77.8\node_modules\sass\sass.dart.js:4900:15)]
    [at _wrapJsFunctionForAsync_closure.call$2 
(F:\Source\Repos\adpa\node_modules\.pnpm\sass@1.77.8\node_modules\sass\sass.dart.js:35592:12)]
    [at _awaitOnObject_closure.call$1 
(F:\Source\Repos\adpa\node_modules\.pnpm\sass@1.77.8\node_modules\sass\sass.dart.js:35580:32)]
    [at Object._rootRunUnary 
(F:\Source\Repos\adpa\node_modules\.pnpm\sass@1.77.8\node_modules\sass\sass.dart.js:5295:18)]
    [at StaticClosure.<anonymous> 
(F:\Source\Repos\adpa\node_modules\.pnpm\sass@1.77.8\node_modules\sass\sass.dart.js:116118:16)]
    [at _CustomZone.runUnary$2$2 
(F:\Source\Repos\adpa\node_modules\.pnpm\sass@1.77.8\node_modules\sass\sass.dart.js:37044:39)]
    [at _Future__propagateToListeners_handleValueCallback.call$0 
(F:\Source\Repos\adpa\node_modules\.pnpm\sass@1.77.8\node_modules\sass\sass.dart.js:36106:51)]
    [at Object._Future__propagateToListeners 
(F:\Source\Repos\adpa\node_modules\.pnpm\sass@1.77.8\node_modules\sass\sass.dart.js:5087:93)]


./node_modules/.pnpm/@itwin+appui-react@5.24.0_5099958addcf4ee1e299f1268a1e01fa/node_modules/@itwin/appui-react/lib/app
ui-react/layout/widget/Content.scss
Error evaluating Node.js code
Error: Can't find stylesheet to import.
  Γò╖
5 Γöé @forward "./style/themecolors";
  Γöé ^^^^^^^^^^^^^^^^^^^^^^^^^^^^^^
  Γò╡
  node_modules\.pnpm\@itwin+core-react@5.24.0_@i_26c2a14d8b47ccbae9c807f9ec2699fc\node_modules\@itwin\core-react\lib\co
re-react\_scrollbar.scss 5:1             @use
  node_modules\.pnpm\@itwin+appui-react@5.24.0_5099958addcf4ee1e299f1268a1e01fa\node_modules\@itwin\appui-react\lib\app
ui-react\layout\_scrollbar.scss 5:1      @use
  node_modules\.pnpm\@itwin+appui-react@5.24.0_5099958addcf4ee1e299f1268a1e01fa\node_modules\@itwin\appui-react\lib\app
ui-react\layout\widget\Content.scss 5:1  root stylesheet
  (from F:\Source\Repos\adpa\node_modules\.pnpm\next@16.2.3_@babel+core@7.2_b7086768398931dca8606672d6064472\node_modul
es\next\dist\build\webpack\loaders\resolve-url-loader\index.js, F:\Source\Repos\adpa\node_modules\.pnpm\next@16.2.3_@ba
bel+core@7.2_b7086768398931dca8606672d6064472\node_modules\next\dist\compiled\sass-loader\cjs.js)
Caused by: Error: Can't find stylesheet to import.
  Γò╖
5 Γöé @forward "./style/themecolors";
  Γöé ^^^^^^^^^^^^^^^^^^^^^^^^^^^^^^
  Γò╡
  node_modules\.pnpm\@itwin+core-react@5.24.0_@i_26c2a14d8b47ccbae9c807f9ec2699fc\node_modules\@itwin\core-react\lib\co
re-react\_scrollbar.scss 5:1             @use
  node_modules\.pnpm\@itwin+appui-react@5.24.0_5099958addcf4ee1e299f1268a1e01fa\node_modules\@itwin\appui-react\lib\app
ui-react\layout\_scrollbar.scss 5:1      @use
  node_modules\.pnpm\@itwin+appui-react@5.24.0_5099958addcf4ee1e299f1268a1e01fa\node_modules\@itwin\appui-react\lib\app
ui-react\layout\widget\Content.scss 5:1  root stylesheet
    [at Object.wrapException 
(F:\Source\Repos\adpa\node_modules\.pnpm\sass@1.77.8\node_modules\sass\sass.dart.js:2161:43)]
    [at F:\Source\Repos\adpa\node_modules\.pnpm\sass@1.77.8\node_modules\sass\sass.dart.js:82676:25]
    [at _wrapJsFunctionForAsync_closure.$protected 
(F:\Source\Repos\adpa\node_modules\.pnpm\sass@1.77.8\node_modules\sass\sass.dart.js:4900:15)]
    [at _wrapJsFunctionForAsync_closure.call$2 
(F:\Source\Repos\adpa\node_modules\.pnpm\sass@1.77.8\node_modules\sass\sass.dart.js:35592:12)]
    [at _awaitOnObject_closure.call$1 
(F:\Source\Repos\adpa\node_modules\.pnpm\sass@1.77.8\node_modules\sass\sass.dart.js:35580:32)]
    [at Object._rootRunUnary 
(F:\Source\Repos\adpa\node_modules\.pnpm\sass@1.77.8\node_modules\sass\sass.dart.js:5295:18)]
    [at StaticClosure.<anonymous> 
(F:\Source\Repos\adpa\node_modules\.pnpm\sass@1.77.8\node_modules\sass\sass.dart.js:116118:16)]
    [at _CustomZone.runUnary$2$2 
(F:\Source\Repos\adpa\node_modules\.pnpm\sass@1.77.8\node_modules\sass\sass.dart.js:37044:39)]
    [at _Future__propagateToListeners_handleValueCallback.call$0 
(F:\Source\Repos\adpa\node_modules\.pnpm\sass@1.77.8\node_modules\sass\sass.dart.js:36106:51)]
    [at Object._Future__propagateToListeners 
(F:\Source\Repos\adpa\node_modules\.pnpm\sass@1.77.8\node_modules\sass\sass.dart.js:5087:93)]


./node_modules/.pnpm/@itwin+appui-react@5.24.0_5099958addcf4ee1e299f1268a1e01fa/node_modules/@itwin/appui-react/lib/app
ui-react/layout/widget/FloatingTab.scss
Error evaluating Node.js code
Error: Can't find stylesheet to import.
  Γò╖
7 Γöé @use "_helpers";
  Γöé ^^^^^^^^^^^^^^^
  Γò╡
  node_modules\.pnpm\@itwin+core-react@5.24.0_@i_26c2a14d8b47ccbae9c807f9ec2699fc\node_modules\@itwin\core-react\lib\co
re-react\_z-index.scss 7:1                   @use
  node_modules\.pnpm\@itwin+appui-react@5.24.0_5099958addcf4ee1e299f1268a1e01fa\node_modules\@itwin\appui-react\lib\app
ui-react\layout\widget\FloatingTab.scss 5:1  root stylesheet
  (from F:\Source\Repos\adpa\node_modules\.pnpm\next@16.2.3_@babel+core@7.2_b7086768398931dca8606672d6064472\node_modul
es\next\dist\build\webpack\loaders\resolve-url-loader\index.js, F:\Source\Repos\adpa\node_modules\.pnpm\next@16.2.3_@ba
bel+core@7.2_b7086768398931dca8606672d6064472\node_modules\next\dist\compiled\sass-loader\cjs.js)
Caused by: Error: Can't find stylesheet to import.
  Γò╖
7 Γöé @use "_helpers";
  Γöé ^^^^^^^^^^^^^^^
  Γò╡
  node_modules\.pnpm\@itwin+core-react@5.24.0_@i_26c2a14d8b47ccbae9c807f9ec2699fc\node_modules\@itwin\core-react\lib\co
re-react\_z-index.scss 7:1                   @use
  node_modules\.pnpm\@itwin+appui-react@5.24.0_5099958addcf4ee1e299f1268a1e01fa\node_modules\@itwin\appui-react\lib\app
ui-react\layout\widget\FloatingTab.scss 5:1  root stylesheet
    [at Object.wrapException 
(F:\Source\Repos\adpa\node_modules\.pnpm\sass@1.77.8\node_modules\sass\sass.dart.js:2161:43)]
    [at F:\Source\Repos\adpa\node_modules\.pnpm\sass@1.77.8\node_modules\sass\sass.dart.js:82676:25]
    [at _wrapJsFunctionForAsync_closure.$protected 
(F:\Source\Repos\adpa\node_modules\.pnpm\sass@1.77.8\node_modules\sass\sass.dart.js:4900:15)]
    [at _wrapJsFunctionForAsync_closure.call$2 
(F:\Source\Repos\adpa\node_modules\.pnpm\sass@1.77.8\node_modules\sass\sass.dart.js:35592:12)]
    [at _awaitOnObject_closure.call$1 
(F:\Source\Repos\adpa\node_modules\.pnpm\sass@1.77.8\node_modules\sass\sass.dart.js:35580:32)]
    [at Object._rootRunUnary 
(F:\Source\Repos\adpa\node_modules\.pnpm\sass@1.77.8\node_modules\sass\sass.dart.js:5295:18)]
    [at StaticClosure.<anonymous> 
(F:\Source\Repos\adpa\node_modules\.pnpm\sass@1.77.8\node_modules\sass\sass.dart.js:116118:16)]
    [at _CustomZone.runUnary$2$2 
(F:\Source\Repos\adpa\node_modules\.pnpm\sass@1.77.8\node_modules\sass\sass.dart.js:37044:39)]
    [at _Future__propagateToListeners_handleValueCallback.call$0 
(F:\Source\Repos\adpa\node_modules\.pnpm\sass@1.77.8\node_modules\sass\sass.dart.js:36106:51)]
    [at Object._Future__propagateToListeners 
(F:\Source\Repos\adpa\node_modules\.pnpm\sass@1.77.8\node_modules\sass\sass.dart.js:5087:93)]


./node_modules/.pnpm/@itwin+appui-react@5.24.0_5099958addcf4ee1e299f1268a1e01fa/node_modules/@itwin/appui-react/lib/app
ui-react/layout/widget/FloatingWidget.scss
Error evaluating Node.js code
Error: Can't find stylesheet to import.
  Γò╖
7 Γöé @use "_helpers";
  Γöé ^^^^^^^^^^^^^^^
  Γò╡
  node_modules\.pnpm\@itwin+core-react@5.24.0_@i_26c2a14d8b47ccbae9c807f9ec2699fc\node_modules\@itwin\core-react\lib\co
re-react\_z-index.scss 7:1                      @use
  node_modules\.pnpm\@itwin+appui-react@5.24.0_5099958addcf4ee1e299f1268a1e01fa\node_modules\@itwin\appui-react\lib\app
ui-react\layout\widget\FloatingWidget.scss 5:1  root stylesheet
  (from F:\Source\Repos\adpa\node_modules\.pnpm\next@16.2.3_@babel+core@7.2_b7086768398931dca8606672d6064472\node_modul
es\next\dist\build\webpack\loaders\resolve-url-loader\index.js, F:\Source\Repos\adpa\node_modules\.pnpm\next@16.2.3_@ba
bel+core@7.2_b7086768398931dca8606672d6064472\node_modules\next\dist\compiled\sass-loader\cjs.js)
Caused by: Error: Can't find stylesheet to import.
  Γò╖
7 Γöé @use "_helpers";
  Γöé ^^^^^^^^^^^^^^^
  Γò╡
  node_modules\.pnpm\@itwin+core-react@5.24.0_@i_26c2a14d8b47ccbae9c807f9ec2699fc\node_modules\@itwin\core-react\lib\co
re-react\_z-index.scss 7:1                      @use
  node_modules\.pnpm\@itwin+appui-react@5.24.0_5099958addcf4ee1e299f1268a1e01fa\node_modules\@itwin\appui-react\lib\app
ui-react\layout\widget\FloatingWidget.scss 5:1  root stylesheet
    [at Object.wrapException 
(F:\Source\Repos\adpa\node_modules\.pnpm\sass@1.77.8\node_modules\sass\sass.dart.js:2161:43)]
    [at F:\Source\Repos\adpa\node_modules\.pnpm\sass@1.77.8\node_modules\sass\sass.dart.js:82676:25]
    [at _wrapJsFunctionForAsync_closure.$protected 
(F:\Source\Repos\adpa\node_modules\.pnpm\sass@1.77.8\node_modules\sass\sass.dart.js:4900:15)]
    [at _wrapJsFunctionForAsync_closure.call$2 
(F:\Source\Repos\adpa\node_modules\.pnpm\sass@1.77.8\node_modules\sass\sass.dart.js:35592:12)]
    [at _awaitOnObject_closure.call$1 
(F:\Source\Repos\adpa\node_modules\.pnpm\sass@1.77.8\node_modules\sass\sass.dart.js:35580:32)]
    [at Object._rootRunUnary 
(F:\Source\Repos\adpa\node_modules\.pnpm\sass@1.77.8\node_modules\sass\sass.dart.js:5295:18)]
    [at StaticClosure.<anonymous> 
(F:\Source\Repos\adpa\node_modules\.pnpm\sass@1.77.8\node_modules\sass\sass.dart.js:116118:16)]
    [at _CustomZone.runUnary$2$2 
(F:\Source\Repos\adpa\node_modules\.pnpm\sass@1.77.8\node_modules\sass\sass.dart.js:37044:39)]
    [at _Future__propagateToListeners_handleValueCallback.call$0 
(F:\Source\Repos\adpa\node_modules\.pnpm\sass@1.77.8\node_modules\sass\sass.dart.js:36106:51)]
    [at Object._Future__propagateToListeners 
(F:\Source\Repos\adpa\node_modules\.pnpm\sass@1.77.8\node_modules\sass\sass.dart.js:5087:93)]


./node_modules/.pnpm/@itwin+appui-react@5.24.0_5099958addcf4ee1e299f1268a1e01fa/node_modules/@itwin/appui-react/lib/app
ui-react/pickers/ListPicker.scss
Error evaluating Node.js code
Error: Can't find stylesheet to import.
  Γò╖
5 Γöé @forward "./style/themecolors";
  Γöé ^^^^^^^^^^^^^^^^^^^^^^^^^^^^^^
  Γò╡
  node_modules\.pnpm\@itwin+core-react@5.24.0_@i_26c2a14d8b47ccbae9c807f9ec2699fc\node_modules\@itwin\core-react\lib\co
re-react\_scrollbar.scss 5:1          @use
  node_modules\.pnpm\@itwin+appui-react@5.24.0_5099958addcf4ee1e299f1268a1e01fa\node_modules\@itwin\appui-react\lib\app
ui-react\pickers\ListPicker.scss 5:1  root stylesheet
  (from F:\Source\Repos\adpa\node_modules\.pnpm\next@16.2.3_@babel+core@7.2_b7086768398931dca8606672d6064472\node_modul
es\next\dist\build\webpack\loaders\resolve-url-loader\index.js, F:\Source\Repos\adpa\node_modules\.pnpm\next@16.2.3_@ba
bel+core@7.2_b7086768398931dca8606672d6064472\node_modules\next\dist\compiled\sass-loader\cjs.js)
Caused by: Error: Can't find stylesheet to import.
  Γò╖
5 Γöé @forward "./style/themecolors";
  Γöé ^^^^^^^^^^^^^^^^^^^^^^^^^^^^^^
  Γò╡
  node_modules\.pnpm\@itwin+core-react@5.24.0_@i_26c2a14d8b47ccbae9c807f9ec2699fc\node_modules\@itwin\core-react\lib\co
re-react\_scrollbar.scss 5:1          @use
  node_modules\.pnpm\@itwin+appui-react@5.24.0_5099958addcf4ee1e299f1268a1e01fa\node_modules\@itwin\appui-react\lib\app
ui-react\pickers\ListPicker.scss 5:1  root stylesheet
    [at Object.wrapException 
(F:\Source\Repos\adpa\node_modules\.pnpm\sass@1.77.8\node_modules\sass\sass.dart.js:2161:43)]
    [at F:\Source\Repos\adpa\node_modules\.pnpm\sass@1.77.8\node_modules\sass\sass.dart.js:82676:25]
    [at _wrapJsFunctionForAsync_closure.$protected 
(F:\Source\Repos\adpa\node_modules\.pnpm\sass@1.77.8\node_modules\sass\sass.dart.js:4900:15)]
    [at _wrapJsFunctionForAsync_closure.call$2 
(F:\Source\Repos\adpa\node_modules\.pnpm\sass@1.77.8\node_modules\sass\sass.dart.js:35592:12)]
    [at _awaitOnObject_closure.call$1 
(F:\Source\Repos\adpa\node_modules\.pnpm\sass@1.77.8\node_modules\sass\sass.dart.js:35580:32)]
    [at Object._rootRunUnary 
(F:\Source\Repos\adpa\node_modules\.pnpm\sass@1.77.8\node_modules\sass\sass.dart.js:5295:18)]
    [at StaticClosure.<anonymous> 
(F:\Source\Repos\adpa\node_modules\.pnpm\sass@1.77.8\node_modules\sass\sass.dart.js:116118:16)]
    [at _CustomZone.runUnary$2$2 
(F:\Source\Repos\adpa\node_modules\.pnpm\sass@1.77.8\node_modules\sass\sass.dart.js:37044:39)]
    [at _Future__propagateToListeners_handleValueCallback.call$0 
(F:\Source\Repos\adpa\node_modules\.pnpm\sass@1.77.8\node_modules\sass\sass.dart.js:36106:51)]
    [at Object._Future__propagateToListeners 
(F:\Source\Repos\adpa\node_modules\.pnpm\sass@1.77.8\node_modules\sass\sass.dart.js:5087:93)]


./node_modules/.pnpm/@itwin+appui-react@5.24.0_5099958addcf4ee1e299f1268a1e01fa/node_modules/@itwin/appui-react/lib/app
ui-react/popup/CardPopup.scss
Error evaluating Node.js code
Error: Can't find stylesheet to import.
  Γò╖
7 Γöé @use "_helpers";
  Γöé ^^^^^^^^^^^^^^^
  Γò╡
  node_modules\.pnpm\@itwin+core-react@5.24.0_@i_26c2a14d8b47ccbae9c807f9ec2699fc\node_modules\@itwin\core-react\lib\co
re-react\_z-index.scss 7:1         @use
  node_modules\.pnpm\@itwin+appui-react@5.24.0_5099958addcf4ee1e299f1268a1e01fa\node_modules\@itwin\appui-react\lib\app
ui-react\popup\CardPopup.scss 5:1  root stylesheet
  (from F:\Source\Repos\adpa\node_modules\.pnpm\next@16.2.3_@babel+core@7.2_b7086768398931dca8606672d6064472\node_modul
es\next\dist\build\webpack\loaders\resolve-url-loader\index.js, F:\Source\Repos\adpa\node_modules\.pnpm\next@16.2.3_@ba
bel+core@7.2_b7086768398931dca8606672d6064472\node_modules\next\dist\compiled\sass-loader\cjs.js)
Caused by: Error: Can't find stylesheet to import.
  Γò╖
7 Γöé @use "_helpers";
  Γöé ^^^^^^^^^^^^^^^
  Γò╡
  node_modules\.pnpm\@itwin+core-react@5.24.0_@i_26c2a14d8b47ccbae9c807f9ec2699fc\node_modules\@itwin\core-react\lib\co
re-react\_z-index.scss 7:1         @use
  node_modules\.pnpm\@itwin+appui-react@5.24.0_5099958addcf4ee1e299f1268a1e01fa\node_modules\@itwin\appui-react\lib\app
ui-react\popup\CardPopup.scss 5:1  root stylesheet
    [at Object.wrapException 
(F:\Source\Repos\adpa\node_modules\.pnpm\sass@1.77.8\node_modules\sass\sass.dart.js:2161:43)]
    [at F:\Source\Repos\adpa\node_modules\.pnpm\sass@1.77.8\node_modules\sass\sass.dart.js:82676:25]
    [at _wrapJsFunctionForAsync_closure.$protected 
(F:\Source\Repos\adpa\node_modules\.pnpm\sass@1.77.8\node_modules\sass\sass.dart.js:4900:15)]
    [at _wrapJsFunctionForAsync_closure.call$2 
(F:\Source\Repos\adpa\node_modules\.pnpm\sass@1.77.8\node_modules\sass\sass.dart.js:35592:12)]
    [at _awaitOnObject_closure.call$1 
(F:\Source\Repos\adpa\node_modules\.pnpm\sass@1.77.8\node_modules\sass\sass.dart.js:35580:32)]
    [at Object._rootRunUnary 
(F:\Source\Repos\adpa\node_modules\.pnpm\sass@1.77.8\node_modules\sass\sass.dart.js:5295:18)]
    [at StaticClosure.<anonymous> 
(F:\Source\Repos\adpa\node_modules\.pnpm\sass@1.77.8\node_modules\sass\sass.dart.js:116118:16)]
    [at _CustomZone.runUnary$2$2 
(F:\Source\Repos\adpa\node_modules\.pnpm\sass@1.77.8\node_modules\sass\sass.dart.js:37044:39)]
    [at _Future__propagateToListeners_handleValueCallback.call$0 
(F:\Source\Repos\adpa\node_modules\.pnpm\sass@1.77.8\node_modules\sass\sass.dart.js:36106:51)]
    [at Object._Future__propagateToListeners 
(F:\Source\Repos\adpa\node_modules\.pnpm\sass@1.77.8\node_modules\sass\sass.dart.js:5087:93)]


./node_modules/.pnpm/@itwin+appui-react@5.24.0_5099958addcf4ee1e299f1268a1e01fa/node_modules/@itwin/appui-react/lib/app
ui-react/popup/KeyinPalettePanel.scss
Error evaluating Node.js code
Error: Can't find stylesheet to import.
  Γò╖
7 Γöé @use "_helpers";
  Γöé ^^^^^^^^^^^^^^^
  Γò╡
  node_modules\.pnpm\@itwin+core-react@5.24.0_@i_26c2a14d8b47ccbae9c807f9ec2699fc\node_modules\@itwin\core-react\lib\co
re-react\_z-index.scss 7:1                 @use
  node_modules\.pnpm\@itwin+appui-react@5.24.0_5099958addcf4ee1e299f1268a1e01fa\node_modules\@itwin\appui-react\lib\app
ui-react\popup\KeyinPalettePanel.scss 5:1  root stylesheet
  (from F:\Source\Repos\adpa\node_modules\.pnpm\next@16.2.3_@babel+core@7.2_b7086768398931dca8606672d6064472\node_modul
es\next\dist\build\webpack\loaders\resolve-url-loader\index.js, F:\Source\Repos\adpa\node_modules\.pnpm\next@16.2.3_@ba
bel+core@7.2_b7086768398931dca8606672d6064472\node_modules\next\dist\compiled\sass-loader\cjs.js)
Caused by: Error: Can't find stylesheet to import.
  Γò╖
7 Γöé @use "_helpers";
  Γöé ^^^^^^^^^^^^^^^
  Γò╡
  node_modules\.pnpm\@itwin+core-react@5.24.0_@i_26c2a14d8b47ccbae9c807f9ec2699fc\node_modules\@itwin\core-react\lib\co
re-react\_z-index.scss 7:1                 @use
  node_modules\.pnpm\@itwin+appui-react@5.24.0_5099958addcf4ee1e299f1268a1e01fa\node_modules\@itwin\appui-react\lib\app
ui-react\popup\KeyinPalettePanel.scss 5:1  root stylesheet
    [at Object.wrapException 
(F:\Source\Repos\adpa\node_modules\.pnpm\sass@1.77.8\node_modules\sass\sass.dart.js:2161:43)]
    [at F:\Source\Repos\adpa\node_modules\.pnpm\sass@1.77.8\node_modules\sass\sass.dart.js:82676:25]
    [at _wrapJsFunctionForAsync_closure.$protected 
(F:\Source\Repos\adpa\node_modules\.pnpm\sass@1.77.8\node_modules\sass\sass.dart.js:4900:15)]
    [at _wrapJsFunctionForAsync_closure.call$2 
(F:\Source\Repos\adpa\node_modules\.pnpm\sass@1.77.8\node_modules\sass\sass.dart.js:35592:12)]
    [at _awaitOnObject_closure.call$1 
(F:\Source\Repos\adpa\node_modules\.pnpm\sass@1.77.8\node_modules\sass\sass.dart.js:35580:32)]
    [at Object._rootRunUnary 
(F:\Source\Repos\adpa\node_modules\.pnpm\sass@1.77.8\node_modules\sass\sass.dart.js:5295:18)]
    [at StaticClosure.<anonymous> 
(F:\Source\Repos\adpa\node_modules\.pnpm\sass@1.77.8\node_modules\sass\sass.dart.js:116118:16)]
    [at _CustomZone.runUnary$2$2 
(F:\Source\Repos\adpa\node_modules\.pnpm\sass@1.77.8\node_modules\sass\sass.dart.js:37044:39)]
    [at _Future__propagateToListeners_handleValueCallback.call$0 
(F:\Source\Repos\adpa\node_modules\.pnpm\sass@1.77.8\node_modules\sass\sass.dart.js:36106:51)]
    [at Object._Future__propagateToListeners 
(F:\Source\Repos\adpa\node_modules\.pnpm\sass@1.77.8\node_modules\sass\sass.dart.js:5087:93)]


./node_modules/.pnpm/@itwin+appui-react@5.24.0_5099958addcf4ee1e299f1268a1e01fa/node_modules/@itwin/appui-react/lib/app
ui-react/preview/enable-maximized-widget/useMaximizedWidget.scss
Error evaluating Node.js code
Error: Can't find stylesheet to import.
  Γò╖
7 Γöé @use "_helpers";
  Γöé ^^^^^^^^^^^^^^^
  Γò╡
  node_modules\.pnpm\@itwin+core-react@5.24.0_@i_26c2a14d8b47ccbae9c807f9ec2699fc\node_modules\@itwin\core-react\lib\co
re-react\_z-index.scss 7:1                                            @use
  node_modules\.pnpm\@itwin+appui-react@5.24.0_5099958addcf4ee1e299f1268a1e01fa\node_modules\@itwin\appui-react\lib\app
ui-react\preview\enable-maximized-widget\useMaximizedWidget.scss 5:1  root stylesheet
  (from F:\Source\Repos\adpa\node_modules\.pnpm\next@16.2.3_@babel+core@7.2_b7086768398931dca8606672d6064472\node_modul
es\next\dist\build\webpack\loaders\resolve-url-loader\index.js, F:\Source\Repos\adpa\node_modules\.pnpm\next@16.2.3_@ba
bel+core@7.2_b7086768398931dca8606672d6064472\node_modules\next\dist\compiled\sass-loader\cjs.js)
Caused by: Error: Can't find stylesheet to import.
  Γò╖
7 Γöé @use "_helpers";
  Γöé ^^^^^^^^^^^^^^^
  Γò╡
  node_modules\.pnpm\@itwin+core-react@5.24.0_@i_26c2a14d8b47ccbae9c807f9ec2699fc\node_modules\@itwin\core-react\lib\co
re-react\_z-index.scss 7:1                                            @use
  node_modules\.pnpm\@itwin+appui-react@5.24.0_5099958addcf4ee1e299f1268a1e01fa\node_modules\@itwin\appui-react\lib\app
ui-react\preview\enable-maximized-widget\useMaximizedWidget.scss 5:1  root stylesheet
    [at Object.wrapException 
(F:\Source\Repos\adpa\node_modules\.pnpm\sass@1.77.8\node_modules\sass\sass.dart.js:2161:43)]
    [at F:\Source\Repos\adpa\node_modules\.pnpm\sass@1.77.8\node_modules\sass\sass.dart.js:82676:25]
    [at _wrapJsFunctionForAsync_closure.$protected 
(F:\Source\Repos\adpa\node_modules\.pnpm\sass@1.77.8\node_modules\sass\sass.dart.js:4900:15)]
    [at _wrapJsFunctionForAsync_closure.call$2 
(F:\Source\Repos\adpa\node_modules\.pnpm\sass@1.77.8\node_modules\sass\sass.dart.js:35592:12)]
    [at _awaitOnObject_closure.call$1 
(F:\Source\Repos\adpa\node_modules\.pnpm\sass@1.77.8\node_modules\sass\sass.dart.js:35580:32)]
    [at Object._rootRunUnary 
(F:\Source\Repos\adpa\node_modules\.pnpm\sass@1.77.8\node_modules\sass\sass.dart.js:5295:18)]
    [at StaticClosure.<anonymous> 
(F:\Source\Repos\adpa\node_modules\.pnpm\sass@1.77.8\node_modules\sass\sass.dart.js:116118:16)]
    [at _CustomZone.runUnary$2$2 
(F:\Source\Repos\adpa\node_modules\.pnpm\sass@1.77.8\node_modules\sass\sass.dart.js:37044:39)]
    [at _Future__propagateToListeners_handleValueCallback.call$0 
(F:\Source\Repos\adpa\node_modules\.pnpm\sass@1.77.8\node_modules\sass\sass.dart.js:36106:51)]
    [at Object._Future__propagateToListeners 
(F:\Source\Repos\adpa\node_modules\.pnpm\sass@1.77.8\node_modules\sass\sass.dart.js:5087:93)]


./node_modules/.pnpm/@itwin+appui-react@5.24.0_5099958addcf4ee1e299f1268a1e01fa/node_modules/@itwin/appui-react/lib/app
ui-react/settings/quantityformatting/QuantityFormat.scss
Error evaluating Node.js code
Error: Can't find stylesheet to import.
  Γò╖
7 Γöé @use "_helpers";
  Γöé ^^^^^^^^^^^^^^^
  Γò╡
  node_modules\.pnpm\@itwin+core-react@5.24.0_@i_26c2a14d8b47ccbae9c807f9ec2699fc\node_modules\@itwin\core-react\lib\co
re-react\_z-index.scss 7:1                                    @use
  node_modules\.pnpm\@itwin+appui-react@5.24.0_5099958addcf4ee1e299f1268a1e01fa\node_modules\@itwin\appui-react\lib\app
ui-react\settings\quantityformatting\QuantityFormat.scss 6:1  root stylesheet
  (from F:\Source\Repos\adpa\node_modules\.pnpm\next@16.2.3_@babel+core@7.2_b7086768398931dca8606672d6064472\node_modul
es\next\dist\build\webpack\loaders\resolve-url-loader\index.js, F:\Source\Repos\adpa\node_modules\.pnpm\next@16.2.3_@ba
bel+core@7.2_b7086768398931dca8606672d6064472\node_modules\next\dist\compiled\sass-loader\cjs.js)
Caused by: Error: Can't find stylesheet to import.
  Γò╖
7 Γöé @use "_helpers";
  Γöé ^^^^^^^^^^^^^^^
  Γò╡
  node_modules\.pnpm\@itwin+core-react@5.24.0_@i_26c2a14d8b47ccbae9c807f9ec2699fc\node_modules\@itwin\core-react\lib\co
re-react\_z-index.scss 7:1                                    @use
  node_modules\.pnpm\@itwin+appui-react@5.24.0_5099958addcf4ee1e299f1268a1e01fa\node_modules\@itwin\appui-react\lib\app
ui-react\settings\quantityformatting\QuantityFormat.scss 6:1  root stylesheet
    [at Object.wrapException 
(F:\Source\Repos\adpa\node_modules\.pnpm\sass@1.77.8\node_modules\sass\sass.dart.js:2161:43)]
    [at F:\Source\Repos\adpa\node_modules\.pnpm\sass@1.77.8\node_modules\sass\sass.dart.js:82676:25]
    [at _wrapJsFunctionForAsync_closure.$protected 
(F:\Source\Repos\adpa\node_modules\.pnpm\sass@1.77.8\node_modules\sass\sass.dart.js:4900:15)]
    [at _wrapJsFunctionForAsync_closure.call$2 
(F:\Source\Repos\adpa\node_modules\.pnpm\sass@1.77.8\node_modules\sass\sass.dart.js:35592:12)]
    [at _awaitOnObject_closure.call$1 
(F:\Source\Repos\adpa\node_modules\.pnpm\sass@1.77.8\node_modules\sass\sass.dart.js:35580:32)]
    [at Object._rootRunUnary 
(F:\Source\Repos\adpa\node_modules\.pnpm\sass@1.77.8\node_modules\sass\sass.dart.js:5295:18)]
    [at StaticClosure.<anonymous> 
(F:\Source\Repos\adpa\node_modules\.pnpm\sass@1.77.8\node_modules\sass\sass.dart.js:116118:16)]
    [at _CustomZone.runUnary$2$2 
(F:\Source\Repos\adpa\node_modules\.pnpm\sass@1.77.8\node_modules\sass\sass.dart.js:37044:39)]
    [at _Future__propagateToListeners_handleValueCallback.call$0 
(F:\Source\Repos\adpa\node_modules\.pnpm\sass@1.77.8\node_modules\sass\sass.dart.js:36106:51)]
    [at Object._Future__propagateToListeners 
(F:\Source\Repos\adpa\node_modules\.pnpm\sass@1.77.8\node_modules\sass\sass.dart.js:5087:93)]


./node_modules/.pnpm/@itwin+appui-react@5.24.0_5099958addcf4ee1e299f1268a1e01fa/node_modules/@itwin/appui-react/lib/app
ui-react/statusbar/popup/Popup.scss
Error evaluating Node.js code
Error: Can't find stylesheet to import.
  Γò╖
7 Γöé @use "_helpers";
  Γöé ^^^^^^^^^^^^^^^
  Γò╡
  node_modules\.pnpm\@itwin+core-react@5.24.0_@i_26c2a14d8b47ccbae9c807f9ec2699fc\node_modules\@itwin\core-react\lib\co
re-react\_z-index.scss 7:1               @use
  node_modules\.pnpm\@itwin+appui-react@5.24.0_5099958addcf4ee1e299f1268a1e01fa\node_modules\@itwin\appui-react\lib\app
ui-react\statusbar\popup\Popup.scss 5:1  root stylesheet
  (from F:\Source\Repos\adpa\node_modules\.pnpm\next@16.2.3_@babel+core@7.2_b7086768398931dca8606672d6064472\node_modul
es\next\dist\build\webpack\loaders\resolve-url-loader\index.js, F:\Source\Repos\adpa\node_modules\.pnpm\next@16.2.3_@ba
bel+core@7.2_b7086768398931dca8606672d6064472\node_modules\next\dist\compiled\sass-loader\cjs.js)
Caused by: Error: Can't find stylesheet to import.
  Γò╖
7 Γöé @use "_helpers";
  Γöé ^^^^^^^^^^^^^^^
  Γò╡
  node_modules\.pnpm\@itwin+core-react@5.24.0_@i_26c2a14d8b47ccbae9c807f9ec2699fc\node_modules\@itwin\core-react\lib\co
re-react\_z-index.scss 7:1               @use
  node_modules\.pnpm\@itwin+appui-react@5.24.0_5099958addcf4ee1e299f1268a1e01fa\node_modules\@itwin\appui-react\lib\app
ui-react\statusbar\popup\Popup.scss 5:1  root stylesheet
    [at Object.wrapException 
(F:\Source\Repos\adpa\node_modules\.pnpm\sass@1.77.8\node_modules\sass\sass.dart.js:2161:43)]
    [at F:\Source\Repos\adpa\node_modules\.pnpm\sass@1.77.8\node_modules\sass\sass.dart.js:82676:25]
    [at _wrapJsFunctionForAsync_closure.$protected 
(F:\Source\Repos\adpa\node_modules\.pnpm\sass@1.77.8\node_modules\sass\sass.dart.js:4900:15)]
    [at _wrapJsFunctionForAsync_closure.call$2 
(F:\Source\Repos\adpa\node_modules\.pnpm\sass@1.77.8\node_modules\sass\sass.dart.js:35592:12)]
    [at _awaitOnObject_closure.call$1 
(F:\Source\Repos\adpa\node_modules\.pnpm\sass@1.77.8\node_modules\sass\sass.dart.js:35580:32)]
    [at Object._rootRunUnary 
(F:\Source\Repos\adpa\node_modules\.pnpm\sass@1.77.8\node_modules\sass\sass.dart.js:5295:18)]
    [at StaticClosure.<anonymous> 
(F:\Source\Repos\adpa\node_modules\.pnpm\sass@1.77.8\node_modules\sass\sass.dart.js:116118:16)]
    [at _CustomZone.runUnary$2$2 
(F:\Source\Repos\adpa\node_modules\.pnpm\sass@1.77.8\node_modules\sass\sass.dart.js:37044:39)]
    [at _Future__propagateToListeners_handleValueCallback.call$0 
(F:\Source\Repos\adpa\node_modules\.pnpm\sass@1.77.8\node_modules\sass\sass.dart.js:36106:51)]
    [at Object._Future__propagateToListeners 
(F:\Source\Repos\adpa\node_modules\.pnpm\sass@1.77.8\node_modules\sass\sass.dart.js:5087:93)]


./node_modules/.pnpm/@itwin+components-react@5.2_8651a66f8f641e799d20dc90a0b31800/node_modules/@itwin/components-react/
lib/components-react/iconpicker/IconPickerButton.scss
Error evaluating Node.js code
Error: Can't find stylesheet to import.
  Γò╖
7 Γöé @use "_helpers";
  Γöé ^^^^^^^^^^^^^^^
  Γò╡
  node_modules\.pnpm\@itwin+core-react@5.24.0_@i_26c2a14d8b47ccbae9c807f9ec2699fc\node_modules\@itwin\core-react\lib\co
re-react\_z-index.scss 7:1                                 @use
  node_modules\.pnpm\@itwin+components-react@5.2_8651a66f8f641e799d20dc90a0b31800\node_modules\@itwin\components-react\
lib\components-react\iconpicker\IconPickerButton.scss 5:1  root stylesheet
  (from F:\Source\Repos\adpa\node_modules\.pnpm\next@16.2.3_@babel+core@7.2_b7086768398931dca8606672d6064472\node_modul
es\next\dist\build\webpack\loaders\resolve-url-loader\index.js, F:\Source\Repos\adpa\node_modules\.pnpm\next@16.2.3_@ba
bel+core@7.2_b7086768398931dca8606672d6064472\node_modules\next\dist\compiled\sass-loader\cjs.js)
Caused by: Error: Can't find stylesheet to import.
  Γò╖
7 Γöé @use "_helpers";
  Γöé ^^^^^^^^^^^^^^^
  Γò╡
  node_modules\.pnpm\@itwin+core-react@5.24.0_@i_26c2a14d8b47ccbae9c807f9ec2699fc\node_modules\@itwin\core-react\lib\co
re-react\_z-index.scss 7:1                                 @use
  node_modules\.pnpm\@itwin+components-react@5.2_8651a66f8f641e799d20dc90a0b31800\node_modules\@itwin\components-react\
lib\components-react\iconpicker\IconPickerButton.scss 5:1  root stylesheet
    [at Object.wrapException 
(F:\Source\Repos\adpa\node_modules\.pnpm\sass@1.77.8\node_modules\sass\sass.dart.js:2161:43)]
    [at F:\Source\Repos\adpa\node_modules\.pnpm\sass@1.77.8\node_modules\sass\sass.dart.js:82676:25]
    [at _wrapJsFunctionForAsync_closure.$protected 
(F:\Source\Repos\adpa\node_modules\.pnpm\sass@1.77.8\node_modules\sass\sass.dart.js:4900:15)]
    [at _wrapJsFunctionForAsync_closure.call$2 
(F:\Source\Repos\adpa\node_modules\.pnpm\sass@1.77.8\node_modules\sass\sass.dart.js:35592:12)]
    [at _awaitOnObject_closure.call$1 
(F:\Source\Repos\adpa\node_modules\.pnpm\sass@1.77.8\node_modules\sass\sass.dart.js:35580:32)]
    [at Object._rootRunUnary 
(F:\Source\Repos\adpa\node_modules\.pnpm\sass@1.77.8\node_modules\sass\sass.dart.js:5295:18)]
    [at StaticClosure.<anonymous> 
(F:\Source\Repos\adpa\node_modules\.pnpm\sass@1.77.8\node_modules\sass\sass.dart.js:116118:16)]
    [at _CustomZone.runUnary$2$2 
(F:\Source\Repos\adpa\node_modules\.pnpm\sass@1.77.8\node_modules\sass\sass.dart.js:37044:39)]
    [at _Future__propagateToListeners_handleValueCallback.call$0 
(F:\Source\Repos\adpa\node_modules\.pnpm\sass@1.77.8\node_modules\sass\sass.dart.js:36106:51)]
    [at Object._Future__propagateToListeners 
(F:\Source\Repos\adpa\node_modules\.pnpm\sass@1.77.8\node_modules\sass\sass.dart.js:5087:93)]


./node_modules/.pnpm/@itwin+components-react@5.2_8651a66f8f641e799d20dc90a0b31800/node_modules/@itwin/components-react/
lib/components-react/propertygrid/component/PropertyGrid.scss
Error evaluating Node.js code
Error: Can't find stylesheet to import.
  Γò╖
5 Γöé @forward "./style/themecolors";
  Γöé ^^^^^^^^^^^^^^^^^^^^^^^^^^^^^^
  Γò╡
  node_modules\.pnpm\@itwin+core-react@5.24.0_@i_26c2a14d8b47ccbae9c807f9ec2699fc\node_modules\@itwin\core-react\lib\co
re-react\_scrollbar.scss 5:1                                       @use
  node_modules\.pnpm\@itwin+components-react@5.2_8651a66f8f641e799d20dc90a0b31800\node_modules\@itwin\components-react\
lib\components-react\propertygrid\component\PropertyGrid.scss 5:1  root stylesheet
  (from F:\Source\Repos\adpa\node_modules\.pnpm\next@16.2.3_@babel+core@7.2_b7086768398931dca8606672d6064472\node_modul
es\next\dist\build\webpack\loaders\resolve-url-loader\index.js, F:\Source\Repos\adpa\node_modules\.pnpm\next@16.2.3_@ba
bel+core@7.2_b7086768398931dca8606672d6064472\node_modules\next\dist\compiled\sass-loader\cjs.js)
Caused by: Error: Can't find stylesheet to import.
  Γò╖
5 Γöé @forward "./style/themecolors";
  Γöé ^^^^^^^^^^^^^^^^^^^^^^^^^^^^^^
  Γò╡
  node_modules\.pnpm\@itwin+core-react@5.24.0_@i_26c2a14d8b47ccbae9c807f9ec2699fc\node_modules\@itwin\core-react\lib\co
re-react\_scrollbar.scss 5:1                                       @use
  node_modules\.pnpm\@itwin+components-react@5.2_8651a66f8f641e799d20dc90a0b31800\node_modules\@itwin\components-react\
lib\components-react\propertygrid\component\PropertyGrid.scss 5:1  root stylesheet
    [at Object.wrapException 
(F:\Source\Repos\adpa\node_modules\.pnpm\sass@1.77.8\node_modules\sass\sass.dart.js:2161:43)]
    [at F:\Source\Repos\adpa\node_modules\.pnpm\sass@1.77.8\node_modules\sass\sass.dart.js:82676:25]
    [at _wrapJsFunctionForAsync_closure.$protected 
(F:\Source\Repos\adpa\node_modules\.pnpm\sass@1.77.8\node_modules\sass\sass.dart.js:4900:15)]
    [at _wrapJsFunctionForAsync_closure.call$2 
(F:\Source\Repos\adpa\node_modules\.pnpm\sass@1.77.8\node_modules\sass\sass.dart.js:35592:12)]
    [at _awaitOnObject_closure.call$1 
(F:\Source\Repos\adpa\node_modules\.pnpm\sass@1.77.8\node_modules\sass\sass.dart.js:35580:32)]
    [at Object._rootRunUnary 
(F:\Source\Repos\adpa\node_modules\.pnpm\sass@1.77.8\node_modules\sass\sass.dart.js:5295:18)]
    [at StaticClosure.<anonymous> 
(F:\Source\Repos\adpa\node_modules\.pnpm\sass@1.77.8\node_modules\sass\sass.dart.js:116118:16)]
    [at _CustomZone.runUnary$2$2 
(F:\Source\Repos\adpa\node_modules\.pnpm\sass@1.77.8\node_modules\sass\sass.dart.js:37044:39)]
    [at _Future__propagateToListeners_handleValueCallback.call$0 
(F:\Source\Repos\adpa\node_modules\.pnpm\sass@1.77.8\node_modules\sass\sass.dart.js:36106:51)]
    [at Object._Future__propagateToListeners 
(F:\Source\Repos\adpa\node_modules\.pnpm\sass@1.77.8\node_modules\sass\sass.dart.js:5087:93)]


./node_modules/.pnpm/@itwin+components-react@5.2_8651a66f8f641e799d20dc90a0b31800/node_modules/@itwin/components-react/
lib/components-react/propertygrid/component/VirtualizedPropertyGrid.scss
Error evaluating Node.js code
Error: Can't find stylesheet to import.
  Γò╖
5 Γöé @forward "./style/themecolors";
  Γöé ^^^^^^^^^^^^^^^^^^^^^^^^^^^^^^
  Γò╡
  node_modules\.pnpm\@itwin+core-react@5.24.0_@i_26c2a14d8b47ccbae9c807f9ec2699fc\node_modules\@itwin\core-react\lib\co
re-react\_scrollbar.scss 5:1                                                  @use
  node_modules\.pnpm\@itwin+components-react@5.2_8651a66f8f641e799d20dc90a0b31800\node_modules\@itwin\components-react\
lib\components-react\propertygrid\component\VirtualizedPropertyGrid.scss 5:1  root stylesheet
  (from F:\Source\Repos\adpa\node_modules\.pnpm\next@16.2.3_@babel+core@7.2_b7086768398931dca8606672d6064472\node_modul
es\next\dist\build\webpack\loaders\resolve-url-loader\index.js, F:\Source\Repos\adpa\node_modules\.pnpm\next@16.2.3_@ba
bel+core@7.2_b7086768398931dca8606672d6064472\node_modules\next\dist\compiled\sass-loader\cjs.js)
Caused by: Error: Can't find stylesheet to import.
  Γò╖
5 Γöé @forward "./style/themecolors";
  Γöé ^^^^^^^^^^^^^^^^^^^^^^^^^^^^^^
  Γò╡
  node_modules\.pnpm\@itwin+core-react@5.24.0_@i_26c2a14d8b47ccbae9c807f9ec2699fc\node_modules\@itwin\core-react\lib\co
re-react\_scrollbar.scss 5:1                                                  @use
  node_modules\.pnpm\@itwin+components-react@5.2_8651a66f8f641e799d20dc90a0b31800\node_modules\@itwin\components-react\
lib\components-react\propertygrid\component\VirtualizedPropertyGrid.scss 5:1  root stylesheet
    [at Object.wrapException 
(F:\Source\Repos\adpa\node_modules\.pnpm\sass@1.77.8\node_modules\sass\sass.dart.js:2161:43)]
    [at F:\Source\Repos\adpa\node_modules\.pnpm\sass@1.77.8\node_modules\sass\sass.dart.js:82676:25]
    [at _wrapJsFunctionForAsync_closure.$protected 
(F:\Source\Repos\adpa\node_modules\.pnpm\sass@1.77.8\node_modules\sass\sass.dart.js:4900:15)]
    [at _wrapJsFunctionForAsync_closure.call$2 
(F:\Source\Repos\adpa\node_modules\.pnpm\sass@1.77.8\node_modules\sass\sass.dart.js:35592:12)]
    [at _awaitOnObject_closure.call$1 
(F:\Source\Repos\adpa\node_modules\.pnpm\sass@1.77.8\node_modules\sass\sass.dart.js:35580:32)]
    [at Object._rootRunUnary 
(F:\Source\Repos\adpa\node_modules\.pnpm\sass@1.77.8\node_modules\sass\sass.dart.js:5295:18)]
    [at StaticClosure.<anonymous> 
(F:\Source\Repos\adpa\node_modules\.pnpm\sass@1.77.8\node_modules\sass\sass.dart.js:116118:16)]
    [at _CustomZone.runUnary$2$2 
(F:\Source\Repos\adpa\node_modules\.pnpm\sass@1.77.8\node_modules\sass\sass.dart.js:37044:39)]
    [at _Future__propagateToListeners_handleValueCallback.call$0 
(F:\Source\Repos\adpa\node_modules\.pnpm\sass@1.77.8\node_modules\sass\sass.dart.js:36106:51)]
    [at Object._Future__propagateToListeners 
(F:\Source\Repos\adpa\node_modules\.pnpm\sass@1.77.8\node_modules\sass\sass.dart.js:5087:93)]


./node_modules/.pnpm/@itwin+components-react@5.2_8651a66f8f641e799d20dc90a0b31800/node_modules/@itwin/components-react/
lib/components-react/toolbar/Overflow.scss
Error evaluating Node.js code
Error: Can't find stylesheet to import.
  Γò╖
7 Γöé @use "_helpers";
  Γöé ^^^^^^^^^^^^^^^
  Γò╡
  node_modules\.pnpm\@itwin+core-react@5.24.0_@i_26c2a14d8b47ccbae9c807f9ec2699fc\node_modules\@itwin\core-react\lib\co
re-react\_z-index.scss 7:1                      @use
  node_modules\.pnpm\@itwin+components-react@5.2_8651a66f8f641e799d20dc90a0b31800\node_modules\@itwin\components-react\
lib\components-react\toolbar\Overflow.scss 5:1  root stylesheet
  (from F:\Source\Repos\adpa\node_modules\.pnpm\next@16.2.3_@babel+core@7.2_b7086768398931dca8606672d6064472\node_modul
es\next\dist\build\webpack\loaders\resolve-url-loader\index.js, F:\Source\Repos\adpa\node_modules\.pnpm\next@16.2.3_@ba
bel+core@7.2_b7086768398931dca8606672d6064472\node_modules\next\dist\compiled\sass-loader\cjs.js)
Caused by: Error: Can't find stylesheet to import.
  Γò╖
7 Γöé @use "_helpers";
  Γöé ^^^^^^^^^^^^^^^
  Γò╡
  node_modules\.pnpm\@itwin+core-react@5.24.0_@i_26c2a14d8b47ccbae9c807f9ec2699fc\node_modules\@itwin\core-react\lib\co
re-react\_z-index.scss 7:1                      @use
  node_modules\.pnpm\@itwin+components-react@5.2_8651a66f8f641e799d20dc90a0b31800\node_modules\@itwin\components-react\
lib\components-react\toolbar\Overflow.scss 5:1  root stylesheet
    [at Object.wrapException 
(F:\Source\Repos\adpa\node_modules\.pnpm\sass@1.77.8\node_modules\sass\sass.dart.js:2161:43)]
    [at F:\Source\Repos\adpa\node_modules\.pnpm\sass@1.77.8\node_modules\sass\sass.dart.js:82676:25]
    [at _wrapJsFunctionForAsync_closure.$protected 
(F:\Source\Repos\adpa\node_modules\.pnpm\sass@1.77.8\node_modules\sass\sass.dart.js:4900:15)]
    [at _wrapJsFunctionForAsync_closure.call$2 
(F:\Source\Repos\adpa\node_modules\.pnpm\sass@1.77.8\node_modules\sass\sass.dart.js:35592:12)]
    [at _awaitOnObject_closure.call$1 
(F:\Source\Repos\adpa\node_modules\.pnpm\sass@1.77.8\node_modules\sass\sass.dart.js:35580:32)]
    [at Object._rootRunUnary 
(F:\Source\Repos\adpa\node_modules\.pnpm\sass@1.77.8\node_modules\sass\sass.dart.js:5295:18)]
    [at StaticClosure.<anonymous> 
(F:\Source\Repos\adpa\node_modules\.pnpm\sass@1.77.8\node_modules\sass\sass.dart.js:116118:16)]
    [at _CustomZone.runUnary$2$2 
(F:\Source\Repos\adpa\node_modules\.pnpm\sass@1.77.8\node_modules\sass\sass.dart.js:37044:39)]
    [at _Future__propagateToListeners_handleValueCallback.call$0 
(F:\Source\Repos\adpa\node_modules\.pnpm\sass@1.77.8\node_modules\sass\sass.dart.js:36106:51)]
    [at Object._Future__propagateToListeners 
(F:\Source\Repos\adpa\node_modules\.pnpm\sass@1.77.8\node_modules\sass\sass.dart.js:5087:93)]


./node_modules/.pnpm/@itwin+components-react@5.2_8651a66f8f641e799d20dc90a0b31800/node_modules/@itwin/components-react/
lib/components-react/toolbar/PopupItem.scss
Error evaluating Node.js code
Error: Can't find stylesheet to import.
  Γò╖
7 Γöé @use "_helpers";
  Γöé ^^^^^^^^^^^^^^^
  Γò╡
  node_modules\.pnpm\@itwin+core-react@5.24.0_@i_26c2a14d8b47ccbae9c807f9ec2699fc\node_modules\@itwin\core-react\lib\co
re-react\_z-index.scss 7:1                       @use
  node_modules\.pnpm\@itwin+components-react@5.2_8651a66f8f641e799d20dc90a0b31800\node_modules\@itwin\components-react\
lib\components-react\toolbar\PopupItem.scss 5:1  root stylesheet
  (from F:\Source\Repos\adpa\node_modules\.pnpm\next@16.2.3_@babel+core@7.2_b7086768398931dca8606672d6064472\node_modul
es\next\dist\build\webpack\loaders\resolve-url-loader\index.js, F:\Source\Repos\adpa\node_modules\.pnpm\next@16.2.3_@ba
bel+core@7.2_b7086768398931dca8606672d6064472\node_modules\next\dist\compiled\sass-loader\cjs.js)
Caused by: Error: Can't find stylesheet to import.
  Γò╖
7 Γöé @use "_helpers";
  Γöé ^^^^^^^^^^^^^^^
  Γò╡
  node_modules\.pnpm\@itwin+core-react@5.24.0_@i_26c2a14d8b47ccbae9c807f9ec2699fc\node_modules\@itwin\core-react\lib\co
re-react\_z-index.scss 7:1                       @use
  node_modules\.pnpm\@itwin+components-react@5.2_8651a66f8f641e799d20dc90a0b31800\node_modules\@itwin\components-react\
lib\components-react\toolbar\PopupItem.scss 5:1  root stylesheet
    [at Object.wrapException 
(F:\Source\Repos\adpa\node_modules\.pnpm\sass@1.77.8\node_modules\sass\sass.dart.js:2161:43)]
    [at F:\Source\Repos\adpa\node_modules\.pnpm\sass@1.77.8\node_modules\sass\sass.dart.js:82676:25]
    [at _wrapJsFunctionForAsync_closure.$protected 
(F:\Source\Repos\adpa\node_modules\.pnpm\sass@1.77.8\node_modules\sass\sass.dart.js:4900:15)]
    [at _wrapJsFunctionForAsync_closure.call$2 
(F:\Source\Repos\adpa\node_modules\.pnpm\sass@1.77.8\node_modules\sass\sass.dart.js:35592:12)]
    [at _awaitOnObject_closure.call$1 
(F:\Source\Repos\adpa\node_modules\.pnpm\sass@1.77.8\node_modules\sass\sass.dart.js:35580:32)]
    [at Object._rootRunUnary 
(F:\Source\Repos\adpa\node_modules\.pnpm\sass@1.77.8\node_modules\sass\sass.dart.js:5295:18)]
    [at StaticClosure.<anonymous> 
(F:\Source\Repos\adpa\node_modules\.pnpm\sass@1.77.8\node_modules\sass\sass.dart.js:116118:16)]
    [at _CustomZone.runUnary$2$2 
(F:\Source\Repos\adpa\node_modules\.pnpm\sass@1.77.8\node_modules\sass\sass.dart.js:37044:39)]
    [at _Future__propagateToListeners_handleValueCallback.call$0 
(F:\Source\Repos\adpa\node_modules\.pnpm\sass@1.77.8\node_modules\sass\sass.dart.js:36106:51)]
    [at Object._Future__propagateToListeners 
(F:\Source\Repos\adpa\node_modules\.pnpm\sass@1.77.8\node_modules\sass\sass.dart.js:5087:93)]


./node_modules/.pnpm/@itwin+components-react@5.2_8651a66f8f641e799d20dc90a0b31800/node_modules/@itwin/components-react/
lib/components-react/toolbar/groupPanel/BackArrow.scss
Error evaluating Node.js code
Error: Can't find stylesheet to import.
  Γò╖
5 Γöé @forward "./style/opacity";
  Γöé ^^^^^^^^^^^^^^^^^^^^^^^^^^
  Γò╡
  node_modules\.pnpm\@itwin+core-react@5.24.0_@i_26c2a14d8b47ccbae9c807f9ec2699fc\node_modules\@itwin\core-react\lib\co
re-react\_typography.scss 5:1                                @forward
  node_modules\.pnpm\@itwin+components-react@5.2_8651a66f8f641e799d20dc90a0b31800\node_modules\@itwin\components-react\
lib\components-react\toolbar\groupPanel\_variables.scss 6:1  @use
  node_modules\.pnpm\@itwin+components-react@5.2_8651a66f8f641e799d20dc90a0b31800\node_modules\@itwin\components-react\
lib\components-react\toolbar\groupPanel\BackArrow.scss 7:1   root stylesheet
  (from F:\Source\Repos\adpa\node_modules\.pnpm\next@16.2.3_@babel+core@7.2_b7086768398931dca8606672d6064472\node_modul
es\next\dist\build\webpack\loaders\resolve-url-loader\index.js, F:\Source\Repos\adpa\node_modules\.pnpm\next@16.2.3_@ba
bel+core@7.2_b7086768398931dca8606672d6064472\node_modules\next\dist\compiled\sass-loader\cjs.js)
Caused by: Error: Can't find stylesheet to import.
  Γò╖
5 Γöé @forward "./style/opacity";
  Γöé ^^^^^^^^^^^^^^^^^^^^^^^^^^
  Γò╡
  node_modules\.pnpm\@itwin+core-react@5.24.0_@i_26c2a14d8b47ccbae9c807f9ec2699fc\node_modules\@itwin\core-react\lib\co
re-react\_typography.scss 5:1                                @forward
  node_modules\.pnpm\@itwin+components-react@5.2_8651a66f8f641e799d20dc90a0b31800\node_modules\@itwin\components-react\
lib\components-react\toolbar\groupPanel\_variables.scss 6:1  @use
  node_modules\.pnpm\@itwin+components-react@5.2_8651a66f8f641e799d20dc90a0b31800\node_modules\@itwin\components-react\
lib\components-react\toolbar\groupPanel\BackArrow.scss 7:1   root stylesheet
    [at Object.wrapException 
(F:\Source\Repos\adpa\node_modules\.pnpm\sass@1.77.8\node_modules\sass\sass.dart.js:2161:43)]
    [at F:\Source\Repos\adpa\node_modules\.pnpm\sass@1.77.8\node_modules\sass\sass.dart.js:82676:25]
    [at _wrapJsFunctionForAsync_closure.$protected 
(F:\Source\Repos\adpa\node_modules\.pnpm\sass@1.77.8\node_modules\sass\sass.dart.js:4900:15)]
    [at _wrapJsFunctionForAsync_closure.call$2 
(F:\Source\Repos\adpa\node_modules\.pnpm\sass@1.77.8\node_modules\sass\sass.dart.js:35592:12)]
    [at _awaitOnObject_closure.call$1 
(F:\Source\Repos\adpa\node_modules\.pnpm\sass@1.77.8\node_modules\sass\sass.dart.js:35580:32)]
    [at Object._rootRunUnary 
(F:\Source\Repos\adpa\node_modules\.pnpm\sass@1.77.8\node_modules\sass\sass.dart.js:5295:18)]
    [at StaticClosure.<anonymous> 
(F:\Source\Repos\adpa\node_modules\.pnpm\sass@1.77.8\node_modules\sass\sass.dart.js:116118:16)]
    [at _CustomZone.runUnary$2$2 
(F:\Source\Repos\adpa\node_modules\.pnpm\sass@1.77.8\node_modules\sass\sass.dart.js:37044:39)]
    [at _Future__propagateToListeners_handleValueCallback.call$0 
(F:\Source\Repos\adpa\node_modules\.pnpm\sass@1.77.8\node_modules\sass\sass.dart.js:36106:51)]
    [at Object._Future__propagateToListeners 
(F:\Source\Repos\adpa\node_modules\.pnpm\sass@1.77.8\node_modules\sass\sass.dart.js:5087:93)]


./node_modules/.pnpm/@itwin+components-react@5.2_8651a66f8f641e799d20dc90a0b31800/node_modules/@itwin/components-react/
lib/components-react/toolbar/groupPanel/Panel.scss
Error evaluating Node.js code
Error: Can't find stylesheet to import.
  Γò╖
5 Γöé @forward "./style/opacity";
  Γöé ^^^^^^^^^^^^^^^^^^^^^^^^^^
  Γò╡
  node_modules\.pnpm\@itwin+core-react@5.24.0_@i_26c2a14d8b47ccbae9c807f9ec2699fc\node_modules\@itwin\core-react\lib\co
re-react\_typography.scss 5:1                                @forward
  node_modules\.pnpm\@itwin+components-react@5.2_8651a66f8f641e799d20dc90a0b31800\node_modules\@itwin\components-react\
lib\components-react\toolbar\groupPanel\_variables.scss 6:1  @use
  node_modules\.pnpm\@itwin+components-react@5.2_8651a66f8f641e799d20dc90a0b31800\node_modules\@itwin\components-react\
lib\components-react\toolbar\groupPanel\Panel.scss 5:1       root stylesheet
  (from F:\Source\Repos\adpa\node_modules\.pnpm\next@16.2.3_@babel+core@7.2_b7086768398931dca8606672d6064472\node_modul
es\next\dist\build\webpack\loaders\resolve-url-loader\index.js, F:\Source\Repos\adpa\node_modules\.pnpm\next@16.2.3_@ba
bel+core@7.2_b7086768398931dca8606672d6064472\node_modules\next\dist\compiled\sass-loader\cjs.js)
Caused by: Error: Can't find stylesheet to import.
  Γò╖
5 Γöé @forward "./style/opacity";
  Γöé ^^^^^^^^^^^^^^^^^^^^^^^^^^
  Γò╡
  node_modules\.pnpm\@itwin+core-react@5.24.0_@i_26c2a14d8b47ccbae9c807f9ec2699fc\node_modules\@itwin\core-react\lib\co
re-react\_typography.scss 5:1                                @forward
  node_modules\.pnpm\@itwin+components-react@5.2_8651a66f8f641e799d20dc90a0b31800\node_modules\@itwin\components-react\
lib\components-react\toolbar\groupPanel\_variables.scss 6:1  @use
  node_modules\.pnpm\@itwin+components-react@5.2_8651a66f8f641e799d20dc90a0b31800\node_modules\@itwin\components-react\
lib\components-react\toolbar\groupPanel\Panel.scss 5:1       root stylesheet
    [at Object.wrapException 
(F:\Source\Repos\adpa\node_modules\.pnpm\sass@1.77.8\node_modules\sass\sass.dart.js:2161:43)]
    [at F:\Source\Repos\adpa\node_modules\.pnpm\sass@1.77.8\node_modules\sass\sass.dart.js:82676:25]
    [at _wrapJsFunctionForAsync_closure.$protected 
(F:\Source\Repos\adpa\node_modules\.pnpm\sass@1.77.8\node_modules\sass\sass.dart.js:4900:15)]
    [at _wrapJsFunctionForAsync_closure.call$2 
(F:\Source\Repos\adpa\node_modules\.pnpm\sass@1.77.8\node_modules\sass\sass.dart.js:35592:12)]
    [at _awaitOnObject_closure.call$1 
(F:\Source\Repos\adpa\node_modules\.pnpm\sass@1.77.8\node_modules\sass\sass.dart.js:35580:32)]
    [at Object._rootRunUnary 
(F:\Source\Repos\adpa\node_modules\.pnpm\sass@1.77.8\node_modules\sass\sass.dart.js:5295:18)]
    [at StaticClosure.<anonymous> 
(F:\Source\Repos\adpa\node_modules\.pnpm\sass@1.77.8\node_modules\sass\sass.dart.js:116118:16)]
    [at _CustomZone.runUnary$2$2 
(F:\Source\Repos\adpa\node_modules\.pnpm\sass@1.77.8\node_modules\sass\sass.dart.js:37044:39)]
    [at _Future__propagateToListeners_handleValueCallback.call$0 
(F:\Source\Repos\adpa\node_modules\.pnpm\sass@1.77.8\node_modules\sass\sass.dart.js:36106:51)]
    [at Object._Future__propagateToListeners 
(F:\Source\Repos\adpa\node_modules\.pnpm\sass@1.77.8\node_modules\sass\sass.dart.js:5087:93)]


./node_modules/.pnpm/@itwin+components-react@5.2_8651a66f8f641e799d20dc90a0b31800/node_modules/@itwin/components-react/
lib/components-react/toolbar/groupPanel/Title.scss
Error evaluating Node.js code
Error: Can't find stylesheet to import.
  Γò╖
5 Γöé @forward "./style/opacity";
  Γöé ^^^^^^^^^^^^^^^^^^^^^^^^^^
  Γò╡
  node_modules\.pnpm\@itwin+core-react@5.24.0_@i_26c2a14d8b47ccbae9c807f9ec2699fc\node_modules\@itwin\core-react\lib\co
re-react\_typography.scss 5:1                                @forward
  node_modules\.pnpm\@itwin+components-react@5.2_8651a66f8f641e799d20dc90a0b31800\node_modules\@itwin\components-react\
lib\components-react\toolbar\groupPanel\_variables.scss 6:1  @use
  node_modules\.pnpm\@itwin+components-react@5.2_8651a66f8f641e799d20dc90a0b31800\node_modules\@itwin\components-react\
lib\components-react\toolbar\groupPanel\Title.scss 5:1       root stylesheet
  (from F:\Source\Repos\adpa\node_modules\.pnpm\next@16.2.3_@babel+core@7.2_b7086768398931dca8606672d6064472\node_modul
es\next\dist\build\webpack\loaders\resolve-url-loader\index.js, F:\Source\Repos\adpa\node_modules\.pnpm\next@16.2.3_@ba
bel+core@7.2_b7086768398931dca8606672d6064472\node_modules\next\dist\compiled\sass-loader\cjs.js)
Caused by: Error: Can't find stylesheet to import.
  Γò╖
5 Γöé @forward "./style/opacity";
  Γöé ^^^^^^^^^^^^^^^^^^^^^^^^^^
  Γò╡
  node_modules\.pnpm\@itwin+core-react@5.24.0_@i_26c2a14d8b47ccbae9c807f9ec2699fc\node_modules\@itwin\core-react\lib\co
re-react\_typography.scss 5:1                                @forward
  node_modules\.pnpm\@itwin+components-react@5.2_8651a66f8f641e799d20dc90a0b31800\node_modules\@itwin\components-react\
lib\components-react\toolbar\groupPanel\_variables.scss 6:1  @use
  node_modules\.pnpm\@itwin+components-react@5.2_8651a66f8f641e799d20dc90a0b31800\node_modules\@itwin\components-react\
lib\components-react\toolbar\groupPanel\Title.scss 5:1       root stylesheet
    [at Object.wrapException 
(F:\Source\Repos\adpa\node_modules\.pnpm\sass@1.77.8\node_modules\sass\sass.dart.js:2161:43)]
    [at F:\Source\Repos\adpa\node_modules\.pnpm\sass@1.77.8\node_modules\sass\sass.dart.js:82676:25]
    [at _wrapJsFunctionForAsync_closure.$protected 
(F:\Source\Repos\adpa\node_modules\.pnpm\sass@1.77.8\node_modules\sass\sass.dart.js:4900:15)]
    [at _wrapJsFunctionForAsync_closure.call$2 
(F:\Source\Repos\adpa\node_modules\.pnpm\sass@1.77.8\node_modules\sass\sass.dart.js:35592:12)]
    [at _awaitOnObject_closure.call$1 
(F:\Source\Repos\adpa\node_modules\.pnpm\sass@1.77.8\node_modules\sass\sass.dart.js:35580:32)]
    [at Object._rootRunUnary 
(F:\Source\Repos\adpa\node_modules\.pnpm\sass@1.77.8\node_modules\sass\sass.dart.js:5295:18)]
    [at StaticClosure.<anonymous> 
(F:\Source\Repos\adpa\node_modules\.pnpm\sass@1.77.8\node_modules\sass\sass.dart.js:116118:16)]
    [at _CustomZone.runUnary$2$2 
(F:\Source\Repos\adpa\node_modules\.pnpm\sass@1.77.8\node_modules\sass\sass.dart.js:37044:39)]
    [at _Future__propagateToListeners_handleValueCallback.call$0 
(F:\Source\Repos\adpa\node_modules\.pnpm\sass@1.77.8\node_modules\sass\sass.dart.js:36106:51)]
    [at Object._Future__propagateToListeners 
(F:\Source\Repos\adpa\node_modules\.pnpm\sass@1.77.8\node_modules\sass\sass.dart.js:5087:93)]


./node_modules/.pnpm/@itwin+components-react@5.2_8651a66f8f641e799d20dc90a0b31800/node_modules/@itwin/components-react/
lib/components-react/toolbar/groupPanel/tool/Tool.scss
Error evaluating Node.js code
Error: Can't find stylesheet to import.
  Γò╖
5 Γöé @forward "./style/opacity";
  Γöé ^^^^^^^^^^^^^^^^^^^^^^^^^^
  Γò╡
  node_modules\.pnpm\@itwin+core-react@5.24.0_@i_26c2a14d8b47ccbae9c807f9ec2699fc\node_modules\@itwin\core-react\lib\co
re-react\_typography.scss 5:1                               @use
  node_modules\.pnpm\@itwin+components-react@5.2_8651a66f8f641e799d20dc90a0b31800\node_modules\@itwin\components-react\
lib\components-react\toolbar\groupPanel\tool\Tool.scss 5:1  root stylesheet
  (from F:\Source\Repos\adpa\node_modules\.pnpm\next@16.2.3_@babel+core@7.2_b7086768398931dca8606672d6064472\node_modul
es\next\dist\build\webpack\loaders\resolve-url-loader\index.js, F:\Source\Repos\adpa\node_modules\.pnpm\next@16.2.3_@ba
bel+core@7.2_b7086768398931dca8606672d6064472\node_modules\next\dist\compiled\sass-loader\cjs.js)
Caused by: Error: Can't find stylesheet to import.
  Γò╖
5 Γöé @forward "./style/opacity";
  Γöé ^^^^^^^^^^^^^^^^^^^^^^^^^^
  Γò╡
  node_modules\.pnpm\@itwin+core-react@5.24.0_@i_26c2a14d8b47ccbae9c807f9ec2699fc\node_modules\@itwin\core-react\lib\co
re-react\_typography.scss 5:1                               @use
  node_modules\.pnpm\@itwin+components-react@5.2_8651a66f8f641e799d20dc90a0b31800\node_modules\@itwin\components-react\
lib\components-react\toolbar\groupPanel\tool\Tool.scss 5:1  root stylesheet
    [at Object.wrapException 
(F:\Source\Repos\adpa\node_modules\.pnpm\sass@1.77.8\node_modules\sass\sass.dart.js:2161:43)]
    [at F:\Source\Repos\adpa\node_modules\.pnpm\sass@1.77.8\node_modules\sass\sass.dart.js:82676:25]
    [at _wrapJsFunctionForAsync_closure.$protected 
(F:\Source\Repos\adpa\node_modules\.pnpm\sass@1.77.8\node_modules\sass\sass.dart.js:4900:15)]
    [at _wrapJsFunctionForAsync_closure.call$2 
(F:\Source\Repos\adpa\node_modules\.pnpm\sass@1.77.8\node_modules\sass\sass.dart.js:35592:12)]
    [at _awaitOnObject_closure.call$1 
(F:\Source\Repos\adpa\node_modules\.pnpm\sass@1.77.8\node_modules\sass\sass.dart.js:35580:32)]
    [at Object._rootRunUnary 
(F:\Source\Repos\adpa\node_modules\.pnpm\sass@1.77.8\node_modules\sass\sass.dart.js:5295:18)]
    [at StaticClosure.<anonymous> 
(F:\Source\Repos\adpa\node_modules\.pnpm\sass@1.77.8\node_modules\sass\sass.dart.js:116118:16)]
    [at _CustomZone.runUnary$2$2 
(F:\Source\Repos\adpa\node_modules\.pnpm\sass@1.77.8\node_modules\sass\sass.dart.js:37044:39)]
    [at _Future__propagateToListeners_handleValueCallback.call$0 
(F:\Source\Repos\adpa\node_modules\.pnpm\sass@1.77.8\node_modules\sass\sass.dart.js:36106:51)]
    [at Object._Future__propagateToListeners 
(F:\Source\Repos\adpa\node_modules\.pnpm\sass@1.77.8\node_modules\sass\sass.dart.js:5087:93)]


./node_modules/.pnpm/@itwin+components-react@5.2_8651a66f8f641e799d20dc90a0b31800/node_modules/@itwin/components-react/
lib/components-react/tree/controlled/component/ControlledTree.scss
Error evaluating Node.js code
Error: Can't find stylesheet to import.
  Γò╖
5 Γöé @forward "./style/themecolors";
  Γöé ^^^^^^^^^^^^^^^^^^^^^^^^^^^^^^
  Γò╡
  node_modules\.pnpm\@itwin+core-react@5.24.0_@i_26c2a14d8b47ccbae9c807f9ec2699fc\node_modules\@itwin\core-react\lib\co
re-react\_scrollbar.scss 5:1                                            @use
  node_modules\.pnpm\@itwin+components-react@5.2_8651a66f8f641e799d20dc90a0b31800\node_modules\@itwin\components-react\
lib\components-react\tree\controlled\component\ControlledTree.scss 5:1  root stylesheet
  (from F:\Source\Repos\adpa\node_modules\.pnpm\next@16.2.3_@babel+core@7.2_b7086768398931dca8606672d6064472\node_modul
es\next\dist\build\webpack\loaders\resolve-url-loader\index.js, F:\Source\Repos\adpa\node_modules\.pnpm\next@16.2.3_@ba
bel+core@7.2_b7086768398931dca8606672d6064472\node_modules\next\dist\compiled\sass-loader\cjs.js)
Caused by: Error: Can't find stylesheet to import.
  Γò╖
5 Γöé @forward "./style/themecolors";
  Γöé ^^^^^^^^^^^^^^^^^^^^^^^^^^^^^^
  Γò╡
  node_modules\.pnpm\@itwin+core-react@5.24.0_@i_26c2a14d8b47ccbae9c807f9ec2699fc\node_modules\@itwin\core-react\lib\co
re-react\_scrollbar.scss 5:1                                            @use
  node_modules\.pnpm\@itwin+components-react@5.2_8651a66f8f641e799d20dc90a0b31800\node_modules\@itwin\components-react\
lib\components-react\tree\controlled\component\ControlledTree.scss 5:1  root stylesheet
    [at Object.wrapException 
(F:\Source\Repos\adpa\node_modules\.pnpm\sass@1.77.8\node_modules\sass\sass.dart.js:2161:43)]
    [at F:\Source\Repos\adpa\node_modules\.pnpm\sass@1.77.8\node_modules\sass\sass.dart.js:82676:25]
    [at _wrapJsFunctionForAsync_closure.$protected 
(F:\Source\Repos\adpa\node_modules\.pnpm\sass@1.77.8\node_modules\sass\sass.dart.js:4900:15)]
    [at _wrapJsFunctionForAsync_closure.call$2 
(F:\Source\Repos\adpa\node_modules\.pnpm\sass@1.77.8\node_modules\sass\sass.dart.js:35592:12)]
    [at _awaitOnObject_closure.call$1 
(F:\Source\Repos\adpa\node_modules\.pnpm\sass@1.77.8\node_modules\sass\sass.dart.js:35580:32)]
    [at Object._rootRunUnary 
(F:\Source\Repos\adpa\node_modules\.pnpm\sass@1.77.8\node_modules\sass\sass.dart.js:5295:18)]
    [at StaticClosure.<anonymous> 
(F:\Source\Repos\adpa\node_modules\.pnpm\sass@1.77.8\node_modules\sass\sass.dart.js:116118:16)]
    [at _CustomZone.runUnary$2$2 
(F:\Source\Repos\adpa\node_modules\.pnpm\sass@1.77.8\node_modules\sass\sass.dart.js:37044:39)]
    [at _Future__propagateToListeners_handleValueCallback.call$0 
(F:\Source\Repos\adpa\node_modules\.pnpm\sass@1.77.8\node_modules\sass\sass.dart.js:36106:51)]
    [at Object._Future__propagateToListeners 
(F:\Source\Repos\adpa\node_modules\.pnpm\sass@1.77.8\node_modules\sass\sass.dart.js:5087:93)]


./node_modules/.pnpm/@itwin+imodel-components-re_1544bcb5c14332698a77a9fafd222766/node_modules/@itwin/imodel-components
-react/lib/imodel-components-react/inputs/QuantityNumberInput.scss
Error evaluating Node.js code
Error: Can't find stylesheet to import.
  Γò╖
5 Γöé @forward "./style/themecolors";
  Γöé ^^^^^^^^^^^^^^^^^^^^^^^^^^^^^^
  Γò╡
  node_modules\.pnpm\@itwin+core-react@5.24.0_@i_26c2a14d8b47ccbae9c807f9ec2699fc\node_modules\@itwin\core-react\lib\co
re-react\_scrollbar.scss 5:1                                            @use
  node_modules\.pnpm\@itwin+core-react@5.24.0_@i_26c2a14d8b47ccbae9c807f9ec2699fc\node_modules\@itwin\core-react\lib\co
re-react\base\base.scss 5:1                                             @use
  node_modules\.pnpm\@itwin+imodel-components-re_1544bcb5c14332698a77a9fafd222766\node_modules\@itwin\imodel-components
-react\lib\imodel-components-react\inputs\QuantityNumberInput.scss 5:1  root stylesheet
  (from F:\Source\Repos\adpa\node_modules\.pnpm\next@16.2.3_@babel+core@7.2_b7086768398931dca8606672d6064472\node_modul
es\next\dist\build\webpack\loaders\resolve-url-loader\index.js, F:\Source\Repos\adpa\node_modules\.pnpm\next@16.2.3_@ba
bel+core@7.2_b7086768398931dca8606672d6064472\node_modules\next\dist\compiled\sass-loader\cjs.js)
Caused by: Error: Can't find stylesheet to import.
  Γò╖
5 Γöé @forward "./style/themecolors";
  Γöé ^^^^^^^^^^^^^^^^^^^^^^^^^^^^^^
  Γò╡
  node_modules\.pnpm\@itwin+core-react@5.24.0_@i_26c2a14d8b47ccbae9c807f9ec2699fc\node_modules\@itwin\core-react\lib\co
re-react\_scrollbar.scss 5:1                                            @use
  node_modules\.pnpm\@itwin+core-react@5.24.0_@i_26c2a14d8b47ccbae9c807f9ec2699fc\node_modules\@itwin\core-react\lib\co
re-react\base\base.scss 5:1                                             @use
  node_modules\.pnpm\@itwin+imodel-components-re_1544bcb5c14332698a77a9fafd222766\node_modules\@itwin\imodel-components
-react\lib\imodel-components-react\inputs\QuantityNumberInput.scss 5:1  root stylesheet
    [at Object.wrapException 
(F:\Source\Repos\adpa\node_modules\.pnpm\sass@1.77.8\node_modules\sass\sass.dart.js:2161:43)]
    [at F:\Source\Repos\adpa\node_modules\.pnpm\sass@1.77.8\node_modules\sass\sass.dart.js:82676:25]
    [at _wrapJsFunctionForAsync_closure.$protected 
(F:\Source\Repos\adpa\node_modules\.pnpm\sass@1.77.8\node_modules\sass\sass.dart.js:4900:15)]
    [at _wrapJsFunctionForAsync_closure.call$2 
(F:\Source\Repos\adpa\node_modules\.pnpm\sass@1.77.8\node_modules\sass\sass.dart.js:35592:12)]
    [at _awaitOnObject_closure.call$1 
(F:\Source\Repos\adpa\node_modules\.pnpm\sass@1.77.8\node_modules\sass\sass.dart.js:35580:32)]
    [at Object._rootRunUnary 
(F:\Source\Repos\adpa\node_modules\.pnpm\sass@1.77.8\node_modules\sass\sass.dart.js:5295:18)]
    [at StaticClosure.<anonymous> 
(F:\Source\Repos\adpa\node_modules\.pnpm\sass@1.77.8\node_modules\sass\sass.dart.js:116118:16)]
    [at _CustomZone.runUnary$2$2 
(F:\Source\Repos\adpa\node_modules\.pnpm\sass@1.77.8\node_modules\sass\sass.dart.js:37044:39)]
    [at _Future__propagateToListeners_handleValueCallback.call$0 
(F:\Source\Repos\adpa\node_modules\.pnpm\sass@1.77.8\node_modules\sass\sass.dart.js:36106:51)]
    [at Object._Future__propagateToListeners 
(F:\Source\Repos\adpa\node_modules\.pnpm\sass@1.77.8\node_modules\sass\sass.dart.js:5087:93)]


./node_modules/.pnpm/@itwin+imodel-components-re_1544bcb5c14332698a77a9fafd222766/node_modules/@itwin/imodel-components
-react/lib/imodel-components-react/navigationaids/DrawingNavigationAid.scss
Error evaluating Node.js code
Error: Can't find stylesheet to import.
  Γò╖
7 Γöé @use "_helpers";
  Γöé ^^^^^^^^^^^^^^^
  Γò╡
  node_modules\.pnpm\@itwin+core-react@5.24.0_@i_26c2a14d8b47ccbae9c807f9ec2699fc\node_modules\@itwin\core-react\lib\co
re-react\_z-index.scss 7:1                                                       @use
  node_modules\.pnpm\@itwin+imodel-components-re_1544bcb5c14332698a77a9fafd222766\node_modules\@itwin\imodel-components
-react\lib\imodel-components-react\navigationaids\DrawingNavigationAid.scss 5:1  root stylesheet
  (from F:\Source\Repos\adpa\node_modules\.pnpm\next@16.2.3_@babel+core@7.2_b7086768398931dca8606672d6064472\node_modul
es\next\dist\build\webpack\loaders\resolve-url-loader\index.js, F:\Source\Repos\adpa\node_modules\.pnpm\next@16.2.3_@ba
bel+core@7.2_b7086768398931dca8606672d6064472\node_modules\next\dist\compiled\sass-loader\cjs.js)
Caused by: Error: Can't find stylesheet to import.
  Γò╖
7 Γöé @use "_helpers";
  Γöé ^^^^^^^^^^^^^^^
  Γò╡
  node_modules\.pnpm\@itwin+core-react@5.24.0_@i_26c2a14d8b47ccbae9c807f9ec2699fc\node_modules\@itwin\core-react\lib\co
re-react\_z-index.scss 7:1                                                       @use
  node_modules\.pnpm\@itwin+imodel-components-re_1544bcb5c14332698a77a9fafd222766\node_modules\@itwin\imodel-components
-react\lib\imodel-components-react\navigationaids\DrawingNavigationAid.scss 5:1  root stylesheet
    [at Object.wrapException 
(F:\Source\Repos\adpa\node_modules\.pnpm\sass@1.77.8\node_modules\sass\sass.dart.js:2161:43)]
    [at F:\Source\Repos\adpa\node_modules\.pnpm\sass@1.77.8\node_modules\sass\sass.dart.js:82676:25]
    [at _wrapJsFunctionForAsync_closure.$protected 
(F:\Source\Repos\adpa\node_modules\.pnpm\sass@1.77.8\node_modules\sass\sass.dart.js:4900:15)]
    [at _wrapJsFunctionForAsync_closure.call$2 
(F:\Source\Repos\adpa\node_modules\.pnpm\sass@1.77.8\node_modules\sass\sass.dart.js:35592:12)]
    [at _awaitOnObject_closure.call$1 
(F:\Source\Repos\adpa\node_modules\.pnpm\sass@1.77.8\node_modules\sass\sass.dart.js:35580:32)]
    [at Object._rootRunUnary 
(F:\Source\Repos\adpa\node_modules\.pnpm\sass@1.77.8\node_modules\sass\sass.dart.js:5295:18)]
    [at StaticClosure.<anonymous> 
(F:\Source\Repos\adpa\node_modules\.pnpm\sass@1.77.8\node_modules\sass\sass.dart.js:116118:16)]
    [at _CustomZone.runUnary$2$2 
(F:\Source\Repos\adpa\node_modules\.pnpm\sass@1.77.8\node_modules\sass\sass.dart.js:37044:39)]
    [at _Future__propagateToListeners_handleValueCallback.call$0 
(F:\Source\Repos\adpa\node_modules\.pnpm\sass@1.77.8\node_modules\sass\sass.dart.js:36106:51)]
    [at Object._Future__propagateToListeners 
(F:\Source\Repos\adpa\node_modules\.pnpm\sass@1.77.8\node_modules\sass\sass.dart.js:5087:93)]


./node_modules/.pnpm/@itwin+imodel-components-re_1544bcb5c14332698a77a9fafd222766/node_modules/@itwin/imodel-components
-react/lib/imodel-components-react/timeline/Scrubber.scss
Error evaluating Node.js code
Error: Can't find stylesheet to import.
  Γò╖
7 Γöé @use "_helpers";
  Γöé ^^^^^^^^^^^^^^^
  Γò╡
  node_modules\.pnpm\@itwin+core-react@5.24.0_@i_26c2a14d8b47ccbae9c807f9ec2699fc\node_modules\@itwin\core-react\lib\co
re-react\_z-index.scss 7:1                                     @use
  node_modules\.pnpm\@itwin+imodel-components-re_1544bcb5c14332698a77a9fafd222766\node_modules\@itwin\imodel-components
-react\lib\imodel-components-react\timeline\Scrubber.scss 5:1  root stylesheet
  (from F:\Source\Repos\adpa\node_modules\.pnpm\next@16.2.3_@babel+core@7.2_b7086768398931dca8606672d6064472\node_modul
es\next\dist\build\webpack\loaders\resolve-url-loader\index.js, F:\Source\Repos\adpa\node_modules\.pnpm\next@16.2.3_@ba
bel+core@7.2_b7086768398931dca8606672d6064472\node_modules\next\dist\compiled\sass-loader\cjs.js)
Caused by: Error: Can't find stylesheet to import.
  Γò╖
7 Γöé @use "_helpers";
  Γöé ^^^^^^^^^^^^^^^
  Γò╡
  node_modules\.pnpm\@itwin+core-react@5.24.0_@i_26c2a14d8b47ccbae9c807f9ec2699fc\node_modules\@itwin\core-react\lib\co
re-react\_z-index.scss 7:1                                     @use
  node_modules\.pnpm\@itwin+imodel-components-re_1544bcb5c14332698a77a9fafd222766\node_modules\@itwin\imodel-components
-react\lib\imodel-components-react\timeline\Scrubber.scss 5:1  root stylesheet
    [at Object.wrapException 
(F:\Source\Repos\adpa\node_modules\.pnpm\sass@1.77.8\node_modules\sass\sass.dart.js:2161:43)]
    [at F:\Source\Repos\adpa\node_modules\.pnpm\sass@1.77.8\node_modules\sass\sass.dart.js:82676:25]
    [at _wrapJsFunctionForAsync_closure.$protected 
(F:\Source\Repos\adpa\node_modules\.pnpm\sass@1.77.8\node_modules\sass\sass.dart.js:4900:15)]
    [at _wrapJsFunctionForAsync_closure.call$2 
(F:\Source\Repos\adpa\node_modules\.pnpm\sass@1.77.8\node_modules\sass\sass.dart.js:35592:12)]
    [at _awaitOnObject_closure.call$1 
(F:\Source\Repos\adpa\node_modules\.pnpm\sass@1.77.8\node_modules\sass\sass.dart.js:35580:32)]
    [at Object._rootRunUnary 
(F:\Source\Repos\adpa\node_modules\.pnpm\sass@1.77.8\node_modules\sass\sass.dart.js:5295:18)]
    [at StaticClosure.<anonymous> 
(F:\Source\Repos\adpa\node_modules\.pnpm\sass@1.77.8\node_modules\sass\sass.dart.js:116118:16)]
    [at _CustomZone.runUnary$2$2 
(F:\Source\Repos\adpa\node_modules\.pnpm\sass@1.77.8\node_modules\sass\sass.dart.js:37044:39)]
    [at _Future__propagateToListeners_handleValueCallback.call$0 
(F:\Source\Repos\adpa\node_modules\.pnpm\sass@1.77.8\node_modules\sass\sass.dart.js:36106:51)]
    [at Object._Future__propagateToListeners 
(F:\Source\Repos\adpa\node_modules\.pnpm\sass@1.77.8\node_modules\sass\sass.dart.js:5087:93)]


    at ignore-listed frames
ΓÇëELIFECYCLEΓÇë Command failed with exit code 1.
