
> adpa-admin-frontend@2.0.0 build D:\Source\adpa
> next build

