[dotenv@17.2.3] injecting env (62) from server\.env -- tip: ΓÜÖ∩╕Å  enable debug logging with { debug: true }
Testing Langfuse connectivity...
Public Key: Present
Secret Key: Present
Base URL: https://cloud.langfuse.com
Starting SDK...
Creating test span...
Span created, waiting 2 seconds...
Shutting down SDK (flushing traces)...
2026-02-23T09:26:53.830Z [Langfuse SDK] [ERROR] TypeError: Cannot read properties of undefined (reading 'name')
Test complete. Please check Langfuse dashboard for "langfuse-smoke-test" trace.
