__tests__/azure-validation.test.ts(15,8): error TS2307: Cannot find module '../lib/azure-validation' or its corresponding type declarations.
__tests__/lib/db.test.ts(89,56): error TS2345: Argument of type '"success"' is not assignable to parameter of type 'never'.
__tests__/lib/db.test.ts(90,42): error TS2345: Argument of type '{ query: Mock<UnknownFunction>; release: Mock<UnknownFunction>; }' is not assignable to parameter of type 'never'.
__tests__/lib/db.test.ts(91,42): error TS2345: Argument of type '{}' is not assignable to parameter of type 'never'.
__tests__/lib/db.test.ts(93,44): error TS2345: Argument of type 'Mock<UnknownFunction>' is not assignable to parameter of type 'TransactionCallback<unknown>'.
  Type 'unknown' is not assignable to type 'Promise<unknown>'.
__tests__/lib/db.test.ts(105,56): error TS2345: Argument of type 'Error' is not assignable to parameter of type 'never'.
__tests__/lib/db.test.ts(106,42): error TS2345: Argument of type '{ query: Mock<UnknownFunction>; release: Mock<UnknownFunction>; }' is not assignable to parameter of type 'never'.
__tests__/lib/db.test.ts(107,42): error TS2345: Argument of type '{}' is not assignable to parameter of type 'never'.
__tests__/lib/db.test.ts(109,36): error TS2345: Argument of type 'Mock<UnknownFunction>' is not assignable to parameter of type 'TransactionCallback<unknown>'.
  Type 'unknown' is not assignable to type 'Promise<unknown>'.
__tests__/lib/db.test.ts(119,32): error TS2345: Argument of type 'Error' is not assignable to parameter of type 'never'.
__tests__/lib/db.test.ts(120,32): error TS2345: Argument of type 'Error' is not assignable to parameter of type 'never'.
__tests__/lib/db.test.ts(121,28): error TS2345: Argument of type '"success"' is not assignable to parameter of type 'never'.
__tests__/lib/db.test.ts(123,42): error TS2345: Argument of type '{ query: Mock<UnknownFunction>; release: Mock<UnknownFunction>; }' is not assignable to parameter of type 'never'.
__tests__/lib/db.test.ts(124,42): error TS2345: Argument of type '{}' is not assignable to parameter of type 'never'.
__tests__/lib/db.test.ts(126,44): error TS2345: Argument of type 'Mock<UnknownFunction>' is not assignable to parameter of type 'TransactionCallback<unknown>'.
  Type 'unknown' is not assignable to type 'Promise<unknown>'.
__tests__/lib/db.test.ts(169,42): error TS2345: Argument of type '{ query: Mock<UnknownFunction>; release: Mock<UnknownFunction>; }' is not assignable to parameter of type 'never'.
__tests__/lib/db.test.ts(170,42): error TS2345: Argument of type '{ rows: { health_check: number; }[]; }' is not assignable to parameter of type 'never'.
__tests__/lib/db.test.ts(181,42): error TS2345: Argument of type 'Error' is not assignable to parameter of type 'never'.
__tests__/lib/db.test.ts(229,38): error TS2345: Argument of type 'undefined' is not assignable to parameter of type 'never'.
__tests__/lib/db.test.ts(238,38): error TS2345: Argument of type 'Error' is not assignable to parameter of type 'never'.
__tests__/lib/db.test.ts(262,42): error TS2345: Argument of type 'Error' is not assignable to parameter of type 'never'.
__tests__/services/wbsImportFromProjectEntities.test.ts(12,9): error TS2451: Cannot redeclare block-scoped variable 'pool'.
__tests__/services/wbsImportService.test.ts(68,9): error TS2451: Cannot redeclare block-scoped variable 'pool'.
app/admin/logs/components/VisualTrace.tsx(183,37): error TS2322: Type '"dots"' is not assignable to type 'BackgroundVariant | undefined'.
app/admin/quality/dashboard/page.tsx(224,19): error TS2322: Type '(entry: { name: string; value: number; }) => string' is not assignable to type 'PieLabel | undefined'.
  Type '(entry: { name: string; value: number; }) => string' is not assignable to type '(props: PieLabelRenderProps) => ReactNode | ReactElement<SVGElement, string | JSXElementConstructor<any>>'.
    Types of parameters 'entry' and 'props' are incompatible.
      Property 'value' is missing in type 'PieLabelRenderProps' but required in type '{ name: string; value: number; }'.
app/admin/quality/template-improvements/page.tsx(102,11): error TS2339: Property 'token' does not exist on type '{ login: (email: string, password: string) => Promise<{ user: User; token: string; }>; register: (userData: { name: string; email: string; password: string; }) => Promise<{ user: User; token: string; company?: { ...; } | undefined; }>; ... 5 more ...; isLoading: boolean; }'.
app/agent-workspace/page.tsx(112,24): error TS2741: Property 'runId' is missing in type '{}' but required in type '{ runId: string | null; }'.
app/ai-analytics/page.tsx(306,39): error TS2345: Argument of type '{}' is not assignable to parameter of type 'string | number | null | undefined'.
app/ai-analytics/page.tsx(322,39): error TS2345: Argument of type '{}' is not assignable to parameter of type 'string | number | null | undefined'.
app/ai-analytics/page.tsx(325,55): error TS2362: The left-hand side of an arithmetic operation must be of type 'any', 'number', 'bigint' or an enum type.
app/ai-analytics/page.tsx(325,79): error TS2363: The right-hand side of an arithmetic operation must be of type 'any', 'number', 'bigint' or an enum type.
app/ai-analytics/page.tsx(354,70): error TS2345: Argument of type '{}' is not assignable to parameter of type 'string | number | null | undefined'.
app/ai-analytics/page.tsx(371,123): error TS2345: Argument of type '{}' is not assignable to parameter of type 'string'.
app/ai-analytics/page.tsx(379,75): error TS2345: Argument of type '{}' is not assignable to parameter of type 'string | number | null | undefined'.
app/ai-analytics/page.tsx(441,50): error TS2358: The left-hand side of an 'instanceof' expression must be of type 'any', an object type or a type parameter.
app/ai-analytics/page.tsx(443,63): error TS2339: Property 'getUTCFullYear' does not exist on type 'never'.
app/ai-analytics/page.tsx(444,71): error TS2339: Property 'getUTCMonth' does not exist on type 'never'.
app/ai-analytics/page.tsx(445,69): error TS2339: Property 'getUTCDate' does not exist on type 'never'.
app/ai-analytics/page.tsx(1000,94): error TS2363: The right-hand side of an arithmetic operation must be of type 'any', 'number', 'bigint' or an enum type.
app/ai-analytics/page.tsx(1100,49): error TS2345: Argument of type '{}' is not assignable to parameter of type 'string | number | null | undefined'.
app/ai-analytics/page.tsx(1107,99): error TS2363: The right-hand side of an arithmetic operation must be of type 'any', 'number', 'bigint' or an enum type.
app/ai-analytics/page.tsx(1113,54): error TS2345: Argument of type '{}' is not assignable to parameter of type 'string | number | null | undefined'.
app/ai-analytics/page.tsx(1121,103): error TS2363: The right-hand side of an arithmetic operation must be of type 'any', 'number', 'bigint' or an enum type.
app/ai-analytics/page.tsx(1155,125): error TS2345: Argument of type '{}' is not assignable to parameter of type 'string'.
app/ai-analytics/page.tsx(1173,131): error TS2345: Argument of type '{}' is not assignable to parameter of type 'string'.
app/ai-analytics/page.tsx(1259,101): error TS2363: The right-hand side of an arithmetic operation must be of type 'any', 'number', 'bigint' or an enum type.
app/ai-analytics/page.tsx(1336,61): error TS2345: Argument of type 'unknown' is not assignable to parameter of type 'string'.
app/ai-analytics/page.tsx(1345,93): error TS2322: Type 'unknown' is not assignable to type 'ReactNode'.
app/ai-analytics/page.tsx(1359,53): error TS2345: Argument of type '{}' is not assignable to parameter of type 'string | number | null | undefined'.
app/ai-analytics/page.tsx(1362,87): error TS2362: The left-hand side of an arithmetic operation must be of type 'any', 'number', 'bigint' or an enum type.
app/ai-providers/[id]/model/[modelId]/page.tsx(367,42): error TS18047: 'model' is possibly 'null'.
app/ai/page.tsx(174,13): error TS2353: Object literal may only specify known properties, and 'action' does not exist in type 'ToastOptions'.
app/ai/page.tsx(418,64): error TS2322: Type 'Dispatch<SetStateAction<AIProviderType>>' is not assignable to type '(value: string) => void'.
  Types of parameters 'value' and 'value' are incompatible.
    Type 'string' is not assignable to type 'SetStateAction<AIProviderType>'.
app/analytics/page.tsx(249,47): error TS2322: Type 'Dispatch<SetStateAction<"30d" | "7d" | "90d" | "1y">>' is not assignable to type '(value: string) => void'.
  Types of parameters 'value' and 'value' are incompatible.
    Type 'string' is not assignable to type 'SetStateAction<"30d" | "7d" | "90d" | "1y">'.
app/auth/login/page.tsx(54,30): error TS7006: Parameter 'e' implicitly has an 'any' type.
app/competencies/page.tsx(272,47): error TS2322: Type 'string | undefined' is not assignable to type 'string'.
  Type 'undefined' is not assignable to type 'string'.
app/integrations/confluence/page.tsx(338,11): error TS18046: 'response' is of type 'unknown'.
app/integrations/confluence/page.tsx(339,26): error TS18046: 'response' is of type 'unknown'.
app/integrations/confluence/page.tsx(341,21): error TS18046: 'response' is of type 'unknown'.
app/integrations/confluence/page.tsx(345,19): error TS18046: 'error' is of type 'unknown'.
app/integrations/confluence/page.tsx(358,11): error TS18046: 'response' is of type 'unknown'.
app/integrations/confluence/page.tsx(361,21): error TS18046: 'response' is of type 'unknown'.
app/integrations/confluence/page.tsx(365,19): error TS18046: 'error' is of type 'unknown'.
app/integrations/confluence/page.tsx(398,11): error TS18046: 'response' is of type 'unknown'.
app/integrations/confluence/page.tsx(399,67): error TS18046: 'response' is of type 'unknown'.
app/integrations/confluence/page.tsx(403,21): error TS18046: 'response' is of type 'unknown'.
app/integrations/confluence/page.tsx(558,41): error TS2322: Type 'Dispatch<SetStateAction<"search" | "overview" | "documents" | "spaces" | "sync">>' is not assignable to type '(value: string) => void'.
  Types of parameters 'value' and 'value' are incompatible.
    Type 'string' is not assignable to type 'SetStateAction<"search" | "overview" | "documents" | "spaces" | "sync">'.
app/integrations/confluence/page.tsx(738,73): error TS18048: 'space._links' is possibly 'undefined'.
app/integrations/confluence/page.tsx(824,67): error TS18048: 'page._links' is possibly 'undefined'.
app/integrations/confluence/page.tsx(909,37): error TS2769: No overload matches this call.
  Overload 1 of 4, '(value: string | number | Date): Date', gave the following error.
    Argument of type 'string | undefined' is not assignable to parameter of type 'string | number | Date'.
      Type 'undefined' is not assignable to type 'string | number | Date'.
  Overload 2 of 4, '(value: string | number): Date', gave the following error.
    Argument of type 'string | undefined' is not assignable to parameter of type 'string | number'.
      Type 'undefined' is not assignable to type 'string | number'.
app/integrations/github/page.tsx(748,25): error TS2322: Type 'GitHubIssue[]' is not assignable to type 'Issue[]'.
  Type 'GitHubIssue' is missing the following properties from type 'Issue': assignees, updated_at
app/integrations/page.tsx(366,63): error TS2353: Object literal may only specify known properties, and 'pageSize' does not exist in type '{ page?: number | undefined; limit?: number | undefined; framework?: string | undefined; status?: string | undefined; search?: string | undefined; }'.
app/integrations/sharepoint/page.tsx(747,39): error TS2322: Type '{ key: string; file: SharePointFile; integrationId: any; driveId: string; }' is not assignable to type 'IntrinsicAttributes & FileCardProps'.
  Property 'integrationId' does not exist on type 'IntrinsicAttributes & FileCardProps'.
app/integrations/sharepoint/page.tsx(817,35): error TS2322: Type '{ key: string; file: SharePointFile; integrationId: any; onImport: (fileId: any) => Promise<void>; }' is not assignable to type 'IntrinsicAttributes & FileCardProps'.
  Property 'integrationId' does not exist on type 'IntrinsicAttributes & FileCardProps'.
app/integrations/sharepoint/page.tsx(818,52): error TS7006: Parameter 'fileId' implicitly has an 'any' type.
app/issues/page.tsx(487,33): error TS2322: Type '{ children: Element[]; cols: number; }' is not assignable to type 'IntrinsicAttributes & AnimatedLayoutProps'.
  Property 'cols' does not exist on type 'IntrinsicAttributes & AnimatedLayoutProps'.
app/jobs/components/EnhancedJobCard.tsx(313,28): error TS18048: 'job.worker' is possibly 'undefined'.
app/jobs/page.tsx(212,19): error TS18046: 'response' is of type 'unknown'.
app/jobs/page.tsx(236,20): error TS18046: 'response' is of type 'unknown'.
app/login/page.tsx(49,30): error TS7006: Parameter 'e' implicitly has an 'any' type.
app/onboarding/assessment/[batchId]/page.tsx(5,1): error TS2578: Unused '@ts-expect-error' directive.
app/onboarding/assessment/[batchId]/page.tsx(325,18): error TS2686: 'React' refers to a UMD global, but the current file is a module. Consider adding an import instead.
app/onboarding/assessment/[batchId]/page.tsx(328,27): error TS2339: Property 'batchId' does not exist on type '{}'.
app/onboarding/assessments/page.tsx(485,9): error TS2358: The left-hand side of an 'instanceof' expression must be of type 'any', an object type or a type parameter.
app/onboarding/assessments/page.tsx(485,35): error TS2358: The left-hand side of an 'instanceof' expression must be of type 'any', an object type or a type parameter.
app/onboarding/assessments/page.tsx(1874,56): error TS2322: Type '"#6bff9f"' is not assignable to type '"#8896b8"'.
app/onboarding/assessments/page.tsx(1875,63): error TS2322: Type '"#5eb8ff"' is not assignable to type '"#8896b8"'.
app/onboarding/assessments/page.tsx(1876,59): error TS2322: Type '"#ff6b6b"' is not assignable to type '"#8896b8"'.
app/onboarding/upload/page.tsx(341,50): error TS7006: Parameter 'e' implicitly has an 'any' type.
app/onboarding/upload/page.tsx(579,11): error TS2304: Cannot find name 'uploadPromise'.
app/portfolio/page.tsx(35,10): error TS2614: Module '"@/lib/api"' has no exported member 'PortfolioMetrics'. Did you mean to use 'import PortfolioMetrics from "@/lib/api"' instead?
app/portfolio/page.tsx(35,28): error TS2614: Module '"@/lib/api"' has no exported member 'OKR'. Did you mean to use 'import OKR from "@/lib/api"' instead?
app/portfolio/page.tsx(341,44): error TS7006: Parameter 'kr' implicitly has an 'any' type.
app/portfolio/page.tsx(341,48): error TS7006: Parameter 'krIdx' implicitly has an 'any' type.
app/portfolio/page.tsx(452,32): error TS2322: Type '(dataMin: number, dataMax: number) => [number, number]' is not assignable to type 'AxisDomain | undefined'.
  Type '(dataMin: number, dataMax: number) => [number, number]' is not assignable to type '([dataMin, dataMax]: NumberDomain, allowDataOverflow: boolean) => NumberDomain'.
    Types of parameters 'dataMin' and '__0' are incompatible.
      Type 'NumberDomain' is not assignable to type 'number'.
app/portfolio/page.tsx(614,27): error TS2322: Type '({ name, percent }: { name: string; percent: number; }) => string' is not assignable to type 'PieLabel | undefined'.
  Type '({ name, percent }: { name: string; percent: number; }) => string' is not assignable to type '(props: PieLabelRenderProps) => ReactNode | ReactElement<SVGElement, string | JSXElementConstructor<any>>'.
    Types of parameters '__0' and 'props' are incompatible.
      Property 'percent' is missing in type 'PieLabelRenderProps' but required in type '{ name: string; percent: number; }'.
app/portfolio/prioritize/page.tsx(301,36): error TS2322: Type '(dataMin: number, dataMax: number) => [number, number]' is not assignable to type 'AxisDomain | undefined'.
  Type '(dataMin: number, dataMax: number) => [number, number]' is not assignable to type '([dataMin, dataMax]: NumberDomain, allowDataOverflow: boolean) => NumberDomain'.
    Types of parameters 'dataMin' and '__0' are incompatible.
      Type 'NumberDomain' is not assignable to type 'number'.
app/process-flow/components/ConfigurationTab.tsx(138,37): error TS2345: Argument of type '(prev: WorkflowConfig) => { compressionMethod: "keyword" | "truncate" | "summarize" | "smart"; compressionLevel: number; priorityStrategy: string; maxDocuments: number; includeStakeholders: boolean; includeMetadata?: boolean | undefined; includeRelationships?: boolean | undefined; contextOptimization: { ...; }; }' is not assignable to parameter of type 'SetStateAction<WorkflowConfig>'.
  Type '(prev: WorkflowConfig) => { compressionMethod: "keyword" | "truncate" | "summarize" | "smart"; compressionLevel: number; priorityStrategy: string; maxDocuments: number; includeStakeholders: boolean; includeMetadata?: boolean | undefined; includeRelationships?: boolean | undefined; contextOptimization: { ...; }; }' is not assignable to type '(prevState: WorkflowConfig) => WorkflowConfig'.
    Call signature return types '{ compressionMethod: "keyword" | "truncate" | "summarize" | "smart"; compressionLevel: number; priorityStrategy: string; maxDocuments: number; includeStakeholders: boolean; includeMetadata?: boolean | undefined; includeRelationships?: boolean | undefined; contextOptimization: { ...; }; }' and 'WorkflowConfig' are incompatible.
      The types of 'compressionMethod' are incompatible between these types.
        Type '"keyword" | "truncate" | "summarize" | "smart"' is not assignable to type '"adaptive" | "lossless" | "lossy" | "intelligent" | undefined'.
          Type '"keyword"' is not assignable to type '"adaptive" | "lossless" | "lossy" | "intelligent" | undefined'.
app/process-flow/components/ConfigurationTab.tsx(172,18): error TS2367: This comparison appears to be unintentional because the types '"adaptive" | "lossless" | "lossy" | "intelligent" | undefined' and '"truncate"' have no overlap.
app/process-flow/components/ConfigurationTab.tsx(173,18): error TS2367: This comparison appears to be unintentional because the types '"adaptive" | "lossless" | "lossy" | "intelligent" | undefined' and '"summarize"' have no overlap.
app/process-flow/components/ConfigurationTab.tsx(174,18): error TS2367: This comparison appears to be unintentional because the types '"adaptive" | "lossless" | "lossy" | "intelligent" | undefined' and '"smart"' have no overlap.
app/process-flow/components/ConfigurationTab.tsx(175,18): error TS2367: This comparison appears to be unintentional because the types '"adaptive" | "lossless" | "lossy" | "intelligent" | undefined' and '"keyword"' have no overlap.
app/process-flow/components/ProcessingProgressVisualization.tsx(206,53): error TS2345: Argument of type 'number | undefined' is not assignable to parameter of type 'number'.
  Type 'undefined' is not assignable to type 'number'.
app/process-flow/components/ProcessingProgressVisualization.tsx(206,100): error TS2345: Argument of type 'number | undefined' is not assignable to parameter of type 'number'.
  Type 'undefined' is not assignable to type 'number'.
app/process-flow/components/ProcessingProgressVisualization.tsx(209,53): error TS2345: Argument of type 'number | undefined' is not assignable to parameter of type 'number'.
  Type 'undefined' is not assignable to type 'number'.
app/process-flow/page.tsx(381,28): error TS2345: Argument of type '{ id: string; name: string; providerId?: string | undefined; maxTokens?: number | undefined; contextWindow?: number | undefined; }[]' is not assignable to parameter of type 'SetStateAction<{ id: string; name: string; providerId: string; maxTokens: number; contextWindow: number; }[]>'.
  Type '{ id: string; name: string; providerId?: string | undefined; maxTokens?: number | undefined; contextWindow?: number | undefined; }[]' is not assignable to type '{ id: string; name: string; providerId: string; maxTokens: number; contextWindow: number; }[]'.
    Type '{ id: string; name: string; providerId?: string | undefined; maxTokens?: number | undefined; contextWindow?: number | undefined; }' is not assignable to type '{ id: string; name: string; providerId: string; maxTokens: number; contextWindow: number; }'.
      Types of property 'providerId' are incompatible.
        Type 'string | undefined' is not assignable to type 'string'.
          Type 'undefined' is not assignable to type 'string'.
app/process-flow/page.tsx(710,11): error TS18046: 'response' is of type 'unknown'.
app/process-flow/page.tsx(711,27): error TS18046: 'response' is of type 'unknown'.
app/process-flow/page.tsx(712,30): error TS18046: 'response' is of type 'unknown'.
app/process-flow/page.tsx(717,26): error TS18046: 'response' is of type 'unknown'.
app/process-flow/page.tsx(928,11): error TS18046: 'response' is of type 'unknown'.
app/process-flow/page.tsx(929,16): error TS18046: 'response' is of type 'unknown'.
app/process-flow/page.tsx(1152,29): error TS2367: This comparison appears to be unintentional because the types '"pending" | "failed"' and '"error"' have no overlap.
app/process-flow/page.tsx(1160,33): error TS2367: This comparison appears to be unintentional because the types '"pending" | "failed"' and '"error"' have no overlap.
app/process-flow/page.tsx(1165,34): error TS2367: This comparison appears to be unintentional because the types '"completed" | "pending" | "failed" | "processing"' and '"error"' have no overlap.
app/process-flow/page.tsx(1184,35): error TS2367: This comparison appears to be unintentional because the types '"pending" | "failed"' and '"error"' have no overlap.
app/process-flow/page.tsx(1189,36): error TS2367: This comparison appears to be unintentional because the types '"completed" | "pending" | "failed" | "processing"' and '"error"' have no overlap.
app/process-flow/page.tsx(1383,37): error TS2578: Unused '@ts-expect-error' directive.
app/process-flow/page.tsx(1390,35): error TS2578: Unused '@ts-expect-error' directive.
app/process-flow/page.tsx(1645,37): error TS2367: This comparison appears to be unintentional because the types '"pending" | "failed"' and '"error"' have no overlap.
app/process-flow/visual-pipeline/page.tsx(326,56): error TS2353: Object literal may only specify known properties, and 'id' does not exist in type 'ToastOptions'.
app/process-flow/visual-pipeline/page.tsx(354,9): error TS2353: Object literal may only specify known properties, and 'id' does not exist in type 'ToastOptions'.
app/process-flow/visual-pipeline/page.tsx(367,9): error TS2353: Object literal may only specify known properties, and 'id' does not exist in type 'ToastOptions'.
app/process-flow/visual-pipeline/page.tsx(612,27): error TS2578: Unused '@ts-expect-error' directive.
app/process-flow/visual-pipeline/page.tsx(619,25): error TS2578: Unused '@ts-expect-error' directive.
app/programs/[id]/page.tsx(20,10): error TS2300: Duplicate identifier 'apiClient'.
app/programs/[id]/page.tsx(145,10): error TS2300: Duplicate identifier 'apiClient'.
app/programs/[id]/page.tsx(493,59): error TS2339: Property 'document_count' does not exist on type 'Project'.
app/programs/[id]/page.tsx(494,67): error TS2339: Property 'document_quality_score' does not exist on type 'Project'.
app/programs/page.tsx(106,9): error TS2322: Type 'string | null' is not assignable to type 'string | undefined'.
  Type 'null' is not assignable to type 'string | undefined'.
app/programs/page.tsx(107,9): error TS2322: Type 'string | null' is not assignable to type 'string | undefined'.
  Type 'null' is not assignable to type 'string | undefined'.
app/programs/page.tsx(108,9): error TS2322: Type 'number | null' is not assignable to type 'number | undefined'.
  Type 'null' is not assignable to type 'number | undefined'.
app/projects/[id]/components/BaselineManagement.tsx(314,13): error TS18046: 'response' is of type 'unknown'.
app/projects/[id]/components/BaselineManagement.tsx(315,33): error TS18046: 'response' is of type 'unknown'.
app/projects/[id]/components/BaselineManagement.tsx(493,68): error TS18048: 'baseline.extraction_confidence' is possibly 'undefined'.
app/projects/[id]/components/BaselineManagement.tsx(497,68): error TS18048: 'baseline.completeness_score' is possibly 'undefined'.
app/projects/[id]/components/BaselineManagement.tsx(1354,62): error TS2339: Property 'risks' does not exist on type 'string | { kpis?: any[] | undefined; quality_metrics?: any[] | undefined; acceptance_criteria?: any[] | undefined; }'.
  Property 'risks' does not exist on type 'string'.
app/projects/[id]/components/BaselineManagement.tsx(1371,64): error TS2339: Property 'technology_stack' does not exist on type 'string | { technology_stack?: any[] | undefined; quality_standards?: any[] | undefined; best_practices?: any[] | undefined; }'.
  Property 'technology_stack' does not exist on type 'string'.
app/projects/[id]/components/BaselineManagement.tsx(1551,29): error TS2367: This comparison appears to be unintentional because the types '"low" | "medium" | "high" | "critical" | undefined' and '"Critical"' have no overlap.
app/projects/[id]/components/BaselineManagement.tsx(1552,29): error TS2367: This comparison appears to be unintentional because the types '"low" | "medium" | "high" | "critical" | undefined' and '"High"' have no overlap.
app/projects/[id]/components/LessonsTab.tsx(110,51): error TS2339: Property 'created_at' does not exist on type 'LessonItem'.
app/projects/[id]/components/OverviewTab.tsx(805,118): error TS2769: No overload matches this call.
  Overload 1 of 4, '(value: string | number | Date): Date', gave the following error.
    Argument of type 'string | undefined' is not assignable to parameter of type 'string | number | Date'.
      Type 'undefined' is not assignable to type 'string | number | Date'.
  Overload 2 of 4, '(value: string | number): Date', gave the following error.
    Argument of type 'string | undefined' is not assignable to parameter of type 'string | number'.
      Type 'undefined' is not assignable to type 'string | number'.
app/projects/[id]/components/ProjectDataExtraction.tsx(2806,43): error TS2345: Argument of type 'string' is not assignable to parameter of type 'SetStateAction<AIProviderType>'.
app/projects/[id]/components/TeamAgreementDialog.tsx(105,40): error TS2367: This comparison appears to be unintentional because the types '"weekly" | "bi_weekly" | "monthly" | "as_needed" | "quarterly" | "annually"' and '""' have no overlap.
app/projects/[id]/components/TeamAgreementsTab.tsx(623,23): error TS18046: 'response' is of type 'unknown'.
app/projects/[id]/documents/[docId]/page.tsx(1564,46): error TS2365: Operator '>' cannot be applied to types 'string | number' and 'number'.
app/projects/[id]/documents/[docId]/page.tsx(1576,46): error TS2365: Operator '>' cannot be applied to types 'string | number' and 'number'.
app/projects/[id]/documents/[docId]/page.tsx(1595,52): error TS2365: Operator '>' cannot be applied to types 'string | number' and 'number'.
app/projects/[id]/documents/[docId]/page.tsx(1595,62): error TS2365: Operator '>' cannot be applied to types 'string | number' and 'number'.
app/projects/[id]/documents/[docId]/page.tsx(1595,83): error TS2362: The left-hand side of an arithmetic operation must be of type 'any', 'number', 'bigint' or an enum type.
app/projects/[id]/documents/[docId]/page.tsx(1595,88): error TS2363: The right-hand side of an arithmetic operation must be of type 'any', 'number', 'bigint' or an enum type.
app/projects/[id]/documents/[docId]/page.tsx(2153,33): error TS2365: Operator '>' cannot be applied to types 'string | number' and 'number'.
app/projects/[id]/documents/[docId]/page.tsx(2154,38): error TS2365: Operator '>' cannot be applied to types 'string | number' and 'number'.
app/projects/[id]/documents/[docId]/page.tsx(2155,38): error TS2365: Operator '>' cannot be applied to types 'string | number' and 'number'.
app/projects/[id]/documents/[docId]/page.tsx(2156,38): error TS2365: Operator '>' cannot be applied to types 'string | number' and 'number'.
app/projects/[id]/documents/[docId]/page.tsx(2159,58): error TS2365: Operator '>' cannot be applied to types 'string | number' and 'number'.
app/projects/[id]/documents/[docId]/page.tsx(2159,75): error TS2362: The left-hand side of an arithmetic operation must be of type 'any', 'number', 'bigint' or an enum type.
app/projects/[id]/documents/[docId]/page.tsx(2159,87): error TS2363: The right-hand side of an arithmetic operation must be of type 'any', 'number', 'bigint' or an enum type.
app/projects/[id]/documents/[docId]/page.tsx(2221,33): error TS2365: Operator '>' cannot be applied to types 'string | number' and 'number'.
app/projects/[id]/documents/[docId]/page.tsx(2222,38): error TS2365: Operator '>' cannot be applied to types 'string | number' and 'number'.
app/projects/[id]/documents/[docId]/page.tsx(2223,38): error TS2365: Operator '>' cannot be applied to types 'string | number' and 'number'.
app/projects/[id]/documents/[docId]/page.tsx(2224,38): error TS2365: Operator '>' cannot be applied to types 'string | number' and 'number'.
app/projects/[id]/documents/[docId]/page.tsx(2228,58): error TS2365: Operator '>' cannot be applied to types 'string | number' and 'number'.
app/projects/[id]/documents/[docId]/page.tsx(2228,75): error TS2362: The left-hand side of an arithmetic operation must be of type 'any', 'number', 'bigint' or an enum type.
app/projects/[id]/documents/[docId]/page.tsx(2228,87): error TS2363: The right-hand side of an arithmetic operation must be of type 'any', 'number', 'bigint' or an enum type.
app/projects/[id]/documents/[docId]/page.tsx(2368,59): error TS2362: The left-hand side of an arithmetic operation must be of type 'any', 'number', 'bigint' or an enum type.
app/projects/[id]/documents/[docId]/page.tsx(2897,81): error TS2339: Property 'mime_type' does not exist on type '{ ai_model?: string | undefined; processing_time?: string | undefined; compression_ratio?: number | undefined; framework_compliance?: number | undefined; review_score?: number | undefined; ... 14 more ...; custom_fields?: Record<...> | undefined; }'.
app/projects/[id]/drift/page.tsx(352,11): error TS2353: Object literal may only specify known properties, and 'action' does not exist in type 'ToastOptions'.
app/projects/[id]/page.tsx(1508,65): error TS7006: Parameter 't' implicitly has an 'any' type.
app/projects/[id]/page.tsx(2536,37): error TS2339: Property 'name' does not exist on type 'never'.
app/projects/[id]/page.tsx(2551,35): error TS2339: Property 'name' does not exist on type 'never'.
app/projects/[id]/settings/page.tsx(72,11): error TS2769: No overload matches this call.
  Overload 1 of 2, '(input: string | URL | Request, init?: RequestInit | undefined): Promise<Response>', gave the following error.
    Type '{ Authorization?: undefined; 'Content-Type': string; } | { Authorization: string; 'Content-Type': string; }' is not assignable to type 'HeadersInit | undefined'.
      Type '{ Authorization?: undefined; 'Content-Type': string; }' is not assignable to type 'HeadersInit | undefined'.
        Type '{ Authorization?: undefined; 'Content-Type': string; }' is not assignable to type 'undefined'.
  Overload 2 of 2, '(input: URL | RequestInfo, init?: RequestInit | undefined): Promise<Response>', gave the following error.
    Type '{ Authorization?: undefined; 'Content-Type': string; } | { Authorization: string; 'Content-Type': string; }' is not assignable to type 'HeadersInit | undefined'.
      Type '{ Authorization?: undefined; 'Content-Type': string; }' is not assignable to type 'HeadersInit | undefined'.
        Type '{ Authorization?: undefined; 'Content-Type': string; }' is not assignable to type 'undefined'.
app/projects/[id]/settings/page.tsx(115,9): error TS2769: No overload matches this call.
  Overload 1 of 2, '(input: string | URL | Request, init?: RequestInit | undefined): Promise<Response>', gave the following error.
    Type '{ Authorization?: undefined; 'Content-Type': string; } | { Authorization: string; 'Content-Type': string; }' is not assignable to type 'HeadersInit | undefined'.
      Type '{ Authorization?: undefined; 'Content-Type': string; }' is not assignable to type 'HeadersInit | undefined'.
        Type '{ Authorization?: undefined; 'Content-Type': string; }' is not assignable to type 'undefined'.
  Overload 2 of 2, '(input: URL | RequestInfo, init?: RequestInit | undefined): Promise<Response>', gave the following error.
    Type '{ Authorization?: undefined; 'Content-Type': string; } | { Authorization: string; 'Content-Type': string; }' is not assignable to type 'HeadersInit | undefined'.
      Type '{ Authorization?: undefined; 'Content-Type': string; }' is not assignable to type 'HeadersInit | undefined'.
        Type '{ Authorization?: undefined; 'Content-Type': string; }' is not assignable to type 'undefined'.
app/projects/[id]/settings/page.tsx(141,9): error TS2769: No overload matches this call.
  Overload 1 of 2, '(input: string | URL | Request, init?: RequestInit | undefined): Promise<Response>', gave the following error.
    Type '{ Authorization?: undefined; 'Content-Type': string; } | { Authorization: string; 'Content-Type': string; }' is not assignable to type 'HeadersInit | undefined'.
      Type '{ Authorization?: undefined; 'Content-Type': string; }' is not assignable to type 'HeadersInit | undefined'.
        Type '{ Authorization?: undefined; 'Content-Type': string; }' is not assignable to type 'undefined'.
  Overload 2 of 2, '(input: URL | RequestInfo, init?: RequestInit | undefined): Promise<Response>', gave the following error.
    Type '{ Authorization?: undefined; 'Content-Type': string; } | { Authorization: string; 'Content-Type': string; }' is not assignable to type 'HeadersInit | undefined'.
      Type '{ Authorization?: undefined; 'Content-Type': string; }' is not assignable to type 'HeadersInit | undefined'.
        Type '{ Authorization?: undefined; 'Content-Type': string; }' is not assignable to type 'undefined'.
app/projects/[id]/settings/page.tsx(171,285): error TS7006: Parameter 'prev' implicitly has an 'any' type.
app/projects/[id]/settings/page.tsx(192,311): error TS7006: Parameter 'prev' implicitly has an 'any' type.
app/projects/[id]/settings/page.tsx(197,277): error TS7006: Parameter 'prev' implicitly has an 'any' type.
app/projects/[id]/settings/page.tsx(202,205): error TS7006: Parameter 'prev' implicitly has an 'any' type.
app/projects/[id]/tasks/page.tsx(58,34): error TS2322: Type 'string' is not assignable to type '"completed" | "in_progress" | "blocked" | "cancelled" | "scheduled" | "in-progress" | "on-hold" | "planned" | undefined'.
app/risks/page.tsx(399,33): error TS2322: Type '{ children: Element[]; cols: number; }' is not assignable to type 'IntrinsicAttributes & AnimatedLayoutProps'.
  Property 'cols' does not exist on type 'IntrinsicAttributes & AnimatedLayoutProps'.
app/search/page.tsx(403,15): error TS18046: 'data' is of type 'unknown'.
app/search/page.tsx(403,31): error TS18046: 'data' is of type 'unknown'.
app/search/page.tsx(405,27): error TS18046: 'data' is of type 'unknown'.
app/search/page.tsx(406,24): error TS18046: 'data' is of type 'unknown'.
app/search/page.tsx(407,31): error TS18046: 'data' is of type 'unknown'.
app/search/page.tsx(408,28): error TS18046: 'data' is of type 'unknown'.
app/search/page.tsx(410,36): error TS18046: 'data' is of type 'unknown'.
app/search/page.tsx(411,33): error TS18046: 'data' is of type 'unknown'.
app/security/loading.tsx(19,22): error TS2322: Type '{ count: number; }' is not assignable to type 'IntrinsicAttributes & { items?: number | undefined; }'.
  Property 'count' does not exist on type 'IntrinsicAttributes & { items?: number | undefined; }'.
app/security/loading.tsx(38,35): error TS2322: Type '{ rows: number; columns: number; }' is not assignable to type 'IntrinsicAttributes & { rows?: number | undefined; }'.
  Property 'columns' does not exist on type 'IntrinsicAttributes & { rows?: number | undefined; }'.
app/settings/page.tsx(53,23): error TS18046: 'data' is of type 'unknown'.
app/settings/page.tsx(54,25): error TS18046: 'data' is of type 'unknown'.
app/settings/page.tsx(88,25): error TS18046: 'data' is of type 'unknown'.
app/settings/page.tsx(89,27): error TS18046: 'data' is of type 'unknown'.
app/skills/page.tsx(260,47): error TS2322: Type 'string | undefined' is not assignable to type 'string'.
  Type 'undefined' is not assignable to type 'string'.
app/templates/[id]/page.tsx(165,18): error TS2686: 'React' refers to a UMD global, but the current file is a module. Consider adding an import instead.
app/templates/[id]/page.tsx(168,22): error TS18046: 'params' is of type 'unknown'.
app/templates/[id]/page.tsx(225,11): error TS18046: 'response' is of type 'unknown'.
app/templates/[id]/page.tsx(226,21): error TS18046: 'response' is of type 'unknown'.
app/templates/[id]/page.tsx(229,11): error TS18046: 'response' is of type 'unknown'.
app/templates/[id]/page.tsx(230,24): error TS18046: 'response' is of type 'unknown'.
app/templates/[id]/page.tsx(233,11): error TS18046: 'response' is of type 'unknown'.
app/templates/[id]/page.tsx(234,27): error TS18046: 'response' is of type 'unknown'.
app/templates/[id]/page.tsx(237,11): error TS18046: 'response' is of type 'unknown'.
app/templates/[id]/page.tsx(238,32): error TS18046: 'response' is of type 'unknown'.
app/templates/[id]/page.tsx(267,11): error TS18046: 'response' is of type 'unknown'.
app/templates/[id]/page.tsx(268,23): error TS18046: 'response' is of type 'unknown'.
app/templates/[id]/page.tsx(271,21): error TS18046: 'response' is of type 'unknown'.
app/templates/[id]/page.tsx(295,11): error TS18046: 'response' is of type 'unknown'.
app/templates/[id]/page.tsx(296,23): error TS18046: 'response' is of type 'unknown'.
app/templates/[id]/page.tsx(299,21): error TS18046: 'response' is of type 'unknown'.
app/templates/[id]/page.tsx(325,11): error TS18046: 'response' is of type 'unknown'.
app/templates/[id]/page.tsx(329,21): error TS18046: 'response' is of type 'unknown'.
app/templates/[id]/page.tsx(350,16): error TS2339: Property 'requiresValidation' does not exist on type '{ label: string; color: string; description: string; icon: ComponentType<Omit<SVGProps<SVGSVGElement>, "ref">>; nextStatus: string; restrictions: string; } | { ...; } | { ...; } | { ...; }'.
  Property 'requiresValidation' does not exist on type '{ label: string; color: string; description: string; icon: ComponentType<Omit<SVGProps<SVGSVGElement>, "ref">>; nextStatus: string; restrictions: string; }'.
app/templates/[id]/page.tsx(350,73): error TS2339: Property 'requiresValidation' does not exist on type '{ label: string; color: string; description: string; icon: ComponentType<Omit<SVGProps<SVGSVGElement>, "ref">>; nextStatus: string; restrictions: string; } | { ...; } | { ...; } | { ...; }'.
  Property 'requiresValidation' does not exist on type '{ label: string; color: string; description: string; icon: ComponentType<Omit<SVGProps<SVGSVGElement>, "ref">>; nextStatus: string; restrictions: string; }'.
app/templates/[id]/page.tsx(351,16): error TS2339: Property 'requiresSuccess' does not exist on type '{ label: string; color: string; description: string; icon: ComponentType<Omit<SVGProps<SVGSVGElement>, "ref">>; nextStatus: string; restrictions: string; } | { ...; } | { ...; } | { ...; }'.
  Property 'requiresSuccess' does not exist on type '{ label: string; color: string; description: string; icon: ComponentType<Omit<SVGProps<SVGSVGElement>, "ref">>; nextStatus: string; restrictions: string; }'.
app/templates/[id]/page.tsx(351,56): error TS2339: Property 'requiresSuccess' does not exist on type '{ label: string; color: string; description: string; icon: ComponentType<Omit<SVGProps<SVGSVGElement>, "ref">>; nextStatus: string; restrictions: string; } | { ...; } | { ...; } | { ...; }'.
  Property 'requiresSuccess' does not exist on type '{ label: string; color: string; description: string; icon: ComponentType<Omit<SVGProps<SVGSVGElement>, "ref">>; nextStatus: string; restrictions: string; }'.
app/templates/[id]/page.tsx(354,16): error TS2339: Property 'requiresCompliance' does not exist on type '{ label: string; color: string; description: string; icon: ComponentType<Omit<SVGProps<SVGSVGElement>, "ref">>; nextStatus: string; restrictions: string; } | { ...; } | { ...; } | { ...; }'.
  Property 'requiresCompliance' does not exist on type '{ label: string; color: string; description: string; icon: ComponentType<Omit<SVGProps<SVGSVGElement>, "ref">>; nextStatus: string; restrictions: string; }'.
app/templates/[id]/page.tsx(368,16): error TS2339: Property 'requiresValidation' does not exist on type '{ label: string; color: string; description: string; icon: ComponentType<Omit<SVGProps<SVGSVGElement>, "ref">>; nextStatus: string; restrictions: string; } | { ...; } | { ...; } | { ...; }'.
  Property 'requiresValidation' does not exist on type '{ label: string; color: string; description: string; icon: ComponentType<Omit<SVGProps<SVGSVGElement>, "ref">>; nextStatus: string; restrictions: string; }'.
app/templates/[id]/page.tsx(368,73): error TS2339: Property 'requiresValidation' does not exist on type '{ label: string; color: string; description: string; icon: ComponentType<Omit<SVGProps<SVGSVGElement>, "ref">>; nextStatus: string; restrictions: string; } | { ...; } | { ...; } | { ...; }'.
  Property 'requiresValidation' does not exist on type '{ label: string; color: string; description: string; icon: ComponentType<Omit<SVGProps<SVGSVGElement>, "ref">>; nextStatus: string; restrictions: string; }'.
app/templates/[id]/page.tsx(369,29): error TS2339: Property 'requiresValidation' does not exist on type '{ label: string; color: string; description: string; icon: ComponentType<Omit<SVGProps<SVGSVGElement>, "ref">>; nextStatus: string; restrictions: string; } | { ...; } | { ...; } | { ...; }'.
  Property 'requiresValidation' does not exist on type '{ label: string; color: string; description: string; icon: ComponentType<Omit<SVGProps<SVGSVGElement>, "ref">>; nextStatus: string; restrictions: string; }'.
app/templates/[id]/page.tsx(370,113): error TS2339: Property 'requiresValidation' does not exist on type '{ label: string; color: string; description: string; icon: ComponentType<Omit<SVGProps<SVGSVGElement>, "ref">>; nextStatus: string; restrictions: string; } | { ...; } | { ...; } | { ...; }'.
  Property 'requiresValidation' does not exist on type '{ label: string; color: string; description: string; icon: ComponentType<Omit<SVGProps<SVGSVGElement>, "ref">>; nextStatus: string; restrictions: string; }'.
app/templates/[id]/page.tsx(373,16): error TS2339: Property 'requiresSuccess' does not exist on type '{ label: string; color: string; description: string; icon: ComponentType<Omit<SVGProps<SVGSVGElement>, "ref">>; nextStatus: string; restrictions: string; } | { ...; } | { ...; } | { ...; }'.
  Property 'requiresSuccess' does not exist on type '{ label: string; color: string; description: string; icon: ComponentType<Omit<SVGProps<SVGSVGElement>, "ref">>; nextStatus: string; restrictions: string; }'.
app/templates/[id]/page.tsx(373,66): error TS2339: Property 'requiresSuccess' does not exist on type '{ label: string; color: string; description: string; icon: ComponentType<Omit<SVGProps<SVGSVGElement>, "ref">>; nextStatus: string; restrictions: string; } | { ...; } | { ...; } | { ...; }'.
  Property 'requiresSuccess' does not exist on type '{ label: string; color: string; description: string; icon: ComponentType<Omit<SVGProps<SVGSVGElement>, "ref">>; nextStatus: string; restrictions: string; }'.
app/templates/[id]/page.tsx(374,29): error TS2339: Property 'requiresSuccess' does not exist on type '{ label: string; color: string; description: string; icon: ComponentType<Omit<SVGProps<SVGSVGElement>, "ref">>; nextStatus: string; restrictions: string; } | { ...; } | { ...; } | { ...; }'.
  Property 'requiresSuccess' does not exist on type '{ label: string; color: string; description: string; icon: ComponentType<Omit<SVGProps<SVGSVGElement>, "ref">>; nextStatus: string; restrictions: string; }'.
app/templates/[id]/page.tsx(424,22): error TS7053: Element implicitly has an 'any' type because expression of type 'string' can't be used to index type '{ Excellent: { color: string; icon: ForwardRefExoticComponent<Omit<LucideProps, "ref"> & RefAttributes<SVGSVGElement>>; }; Good: { ...; }; Fair: { ...; }; 'Needs Improvement': { ...; }; 'Not tested yet': { ...; }; }'.
  No index signature with a parameter of type 'string' was found on type '{ Excellent: { color: string; icon: ForwardRefExoticComponent<Omit<LucideProps, "ref"> & RefAttributes<SVGSVGElement>>; }; Good: { ...; }; Fair: { ...; }; 'Needs Improvement': { ...; }; 'Not tested yet': { ...; }; }'.
app/templates/[id]/page.tsx(588,84): error TS2339: Property 'requiresValidation' does not exist on type '{ label: string; color: string; description: string; icon: ComponentType<Omit<SVGProps<SVGSVGElement>, "ref">>; nextStatus: string; restrictions: string; } | ... 5 more ... | { ...; }'.
  Property 'requiresValidation' does not exist on type '{ label: string; color: string; description: string; icon: ComponentType<Omit<SVGProps<SVGSVGElement>, "ref">>; nextStatus: string; restrictions: string; }'.
app/templates/[id]/page.tsx(592,88): error TS2339: Property 'requiresValidation' does not exist on type '{ label: string; color: string; description: string; icon: ComponentType<Omit<SVGProps<SVGSVGElement>, "ref">>; nextStatus: string; restrictions: string; } | ... 5 more ... | { ...; }'.
  Property 'requiresValidation' does not exist on type '{ label: string; color: string; description: string; icon: ComponentType<Omit<SVGProps<SVGSVGElement>, "ref">>; nextStatus: string; restrictions: string; }'.
app/templates/[id]/page.tsx(599,71): error TS2339: Property 'requiresSuccess' does not exist on type '{ label: string; color: string; description: string; icon: ComponentType<Omit<SVGProps<SVGSVGElement>, "ref">>; nextStatus: string; restrictions: string; } | ... 5 more ... | { ...; }'.
  Property 'requiresSuccess' does not exist on type '{ label: string; color: string; description: string; icon: ComponentType<Omit<SVGProps<SVGSVGElement>, "ref">>; nextStatus: string; restrictions: string; }'.
app/templates/[id]/page.tsx(603,74): error TS2339: Property 'requiresSuccess' does not exist on type '{ label: string; color: string; description: string; icon: ComponentType<Omit<SVGProps<SVGSVGElement>, "ref">>; nextStatus: string; restrictions: string; } | ... 5 more ... | { ...; }'.
  Property 'requiresSuccess' does not exist on type '{ label: string; color: string; description: string; icon: ComponentType<Omit<SVGProps<SVGSVGElement>, "ref">>; nextStatus: string; restrictions: string; }'.
app/templates/[id]/page.tsx(617,78): error TS7053: Element implicitly has an 'any' type because expression of type 'string' can't be used to index type '{ draft: { label: string; color: string; description: string; icon: ComponentType<Omit<SVGProps<SVGSVGElement>, "ref">>; nextStatus: string; restrictions: string; }; ... 5 more ...; deprecated: { ...; }; }'.
  No index signature with a parameter of type 'string' was found on type '{ draft: { label: string; color: string; description: string; icon: ComponentType<Omit<SVGProps<SVGSVGElement>, "ref">>; nextStatus: string; restrictions: string; }; ... 5 more ...; deprecated: { ...; }; }'.
app/templates/[id]/page.tsx(635,49): error TS7053: Element implicitly has an 'any' type because expression of type 'string' can't be used to index type '{ draft: { label: string; color: string; description: string; icon: ComponentType<Omit<SVGProps<SVGSVGElement>, "ref">>; nextStatus: string; restrictions: string; }; ... 5 more ...; deprecated: { ...; }; }'.
  No index signature with a parameter of type 'string' was found on type '{ draft: { label: string; color: string; description: string; icon: ComponentType<Omit<SVGProps<SVGSVGElement>, "ref">>; nextStatus: string; restrictions: string; }; ... 5 more ...; deprecated: { ...; }; }'.
app/templates/[id]/page.tsx(851,43): error TS2339: Property 'content' does not exist on type 'Template'.
app/templates/[id]/page.tsx(856,43): error TS2339: Property 'content' does not exist on type 'Template'.
app/templates/[id]/page.tsx(856,71): error TS2339: Property 'content' does not exist on type 'Template'.
app/templates/[id]/page.tsx(858,62): error TS2339: Property 'content' does not exist on type 'Template'.
app/templates/[id]/page.tsx(875,80): error TS2339: Property 'content' does not exist on type 'Template'.
app/templates/[id]/page.tsx(884,87): error TS2339: Property 'content' does not exist on type 'Template'.
app/templates/[id]/page.tsx(891,86): error TS2339: Property 'content' does not exist on type 'Template'.
app/templates/[id]/page.tsx(897,94): error TS2339: Property 'content' does not exist on type 'Template'.
app/templates/[id]/page.tsx(901,92): error TS2339: Property 'content' does not exist on type 'Template'.
app/templates/[id]/page.tsx(939,43): error TS2339: Property 'content' does not exist on type 'Template'.
app/templates/[id]/page.tsx(947,50): error TS2339: Property 'content' does not exist on type 'Template'.
app/templates/[id]/page.tsx(952,58): error TS2339: Property 'content' does not exist on type 'Template'.
app/templates/[id]/page.tsx(959,50): error TS2339: Property 'content' does not exist on type 'Template'.
app/templates/[id]/page.tsx(959,101): error TS2339: Property 'content' does not exist on type 'Template'.
app/templates/[id]/page.tsx(959,138): error TS2339: Property 'content' does not exist on type 'Template'.
app/templates/[id]/page.tsx(962,73): error TS2339: Property 'content' does not exist on type 'Template'.
app/templates/[id]/page.tsx(965,57): error TS2339: Property 'content' does not exist on type 'Template'.
app/templates/[id]/page.tsx(980,61): error TS2339: Property 'content' does not exist on type 'Template'.
app/templates/[id]/page.tsx(989,75): error TS2339: Property 'content' does not exist on type 'Template'.
app/templates/[id]/page.tsx(1011,64): error TS2339: Property 'content' does not exist on type 'Template'.
app/templates/[id]/page.tsx(1148,59): error TS18046: 'response' is of type 'unknown'.
app/templates/[id]/page.tsx(1314,61): error TS7053: Element implicitly has an 'any' type because expression of type 'string' can't be used to index type '{ Excellent: { color: string; icon: ForwardRefExoticComponent<Omit<LucideProps, "ref"> & RefAttributes<SVGSVGElement>>; }; Good: { ...; }; Fair: { ...; }; 'Needs Improvement': { ...; }; 'Not tested yet': { ...; }; }'.
  No index signature with a parameter of type 'string' was found on type '{ Excellent: { color: string; icon: ForwardRefExoticComponent<Omit<LucideProps, "ref"> & RefAttributes<SVGSVGElement>>; }; Good: { ...; }; Fair: { ...; }; 'Needs Improvement': { ...; }; 'Not tested yet': { ...; }; }'.
app/templates/[id]/page.tsx(1321,72): error TS7053: Element implicitly has an 'any' type because expression of type 'string' can't be used to index type '{ Excellent: { color: string; icon: ForwardRefExoticComponent<Omit<LucideProps, "ref"> & RefAttributes<SVGSVGElement>>; }; Good: { ...; }; Fair: { ...; }; 'Needs Improvement': { ...; }; 'Not tested yet': { ...; }; }'.
  No index signature with a parameter of type 'string' was found on type '{ Excellent: { color: string; icon: ForwardRefExoticComponent<Omit<LucideProps, "ref"> & RefAttributes<SVGSVGElement>>; }; Good: { ...; }; Fair: { ...; }; 'Needs Improvement': { ...; }; 'Not tested yet': { ...; }; }'.
app/templates/[id]/page.tsx(1425,71): error TS7053: Element implicitly has an 'any' type because expression of type 'string' can't be used to index type '{ draft: { label: string; color: string; description: string; icon: ComponentType<Omit<SVGProps<SVGSVGElement>, "ref">>; nextStatus: string; restrictions: string; }; ... 5 more ...; deprecated: { ...; }; }'.
  No index signature with a parameter of type 'string' was found on type '{ draft: { label: string; color: string; description: string; icon: ComponentType<Omit<SVGProps<SVGSVGElement>, "ref">>; nextStatus: string; restrictions: string; }; ... 5 more ...; deprecated: { ...; }; }'.
app/templates/[id]/page.tsx(1435,48): error TS2339: Property 'requiresValidation' does not exist on type '{ label: string; color: string; description: string; icon: ComponentType<Omit<SVGProps<SVGSVGElement>, "ref">>; nextStatus: string; restrictions: string; } | { ...; } | { ...; } | { ...; }'.
  Property 'requiresValidation' does not exist on type '{ label: string; color: string; description: string; icon: ComponentType<Omit<SVGProps<SVGSVGElement>, "ref">>; nextStatus: string; restrictions: string; }'.
app/templates/[id]/page.tsx(1439,62): error TS2339: Property 'requiresValidation' does not exist on type '{ label: string; color: string; description: string; icon: ComponentType<Omit<SVGProps<SVGSVGElement>, "ref">>; nextStatus: string; restrictions: string; } | { ...; } | { ...; } | { ...; }'.
  Property 'requiresValidation' does not exist on type '{ label: string; color: string; description: string; icon: ComponentType<Omit<SVGProps<SVGSVGElement>, "ref">>; nextStatus: string; restrictions: string; }'.
app/templates/[id]/page.tsx(1440,66): error TS2339: Property 'requiresSuccess' does not exist on type '{ label: string; color: string; description: string; icon: ComponentType<Omit<SVGProps<SVGSVGElement>, "ref">>; nextStatus: string; restrictions: string; } | { ...; } | { ...; } | { ...; }'.
  Property 'requiresSuccess' does not exist on type '{ label: string; color: string; description: string; icon: ComponentType<Omit<SVGProps<SVGSVGElement>, "ref">>; nextStatus: string; restrictions: string; }'.
app/templates/[id]/page.tsx(1635,120): error TS2339: Property 'emoji' does not exist on type '{ label: string; color: string; description: string; icon: ComponentType<Omit<SVGProps<SVGSVGElement>, "ref">>; nextStatus: string; restrictions: string; } | ... 5 more ... | { ...; }'.
  Property 'emoji' does not exist on type '{ label: string; color: string; description: string; icon: ComponentType<Omit<SVGProps<SVGSVGElement>, "ref">>; nextStatus: string; restrictions: string; }'.
app/templates/builder/page.tsx(513,38): error TS2345: Argument of type '{ name: string; description: string; framework: string; category: string; is_public: boolean; system_prompt: string; prompt_build_up: { context_requirements: string[]; framework: string; category: string; prompt_version: number; created_with: string; }; variables: TemplateVariable[]; content: { ...; }; }' is not assignable to parameter of type 'Partial<Template>'.
  Types of property 'prompt_build_up' are incompatible.
    Type '{ context_requirements: string[]; framework: string; category: string; prompt_version: number; created_with: string; }' is missing the following properties from type '{ enabled: boolean; stages: { stage_name: string; stage_type: string; prompt_template: string; variables: string[]; dependencies?: string[] | undefined; order: number; enabled: boolean; }[]; final_format: "markdown" | ... 2 more ... | "html"; include_metadata: boolean; }': enabled, stages, final_format, include_metadata
app/templates/components/PromptAssistantPanel.tsx(113,16): error TS18046: 'response' is of type 'unknown'.
app/templates/components/PromptAssistantPanel.tsx(131,21): error TS18046: 'response' is of type 'unknown'.
app/templates/components/PromptAssistantPanel.tsx(160,21): error TS18046: 'response' is of type 'unknown'.
app/templates/components/PromptAssistantPanel.tsx(183,75): error TS2353: Object literal may only specify known properties, and 'params' does not exist in type 'ExtendedRequestOptions'.
app/templates/components/PromptAssistantPanel.tsx(184,18): error TS18046: 'response' is of type 'unknown'.
app/users/page.tsx(402,57): error TS2558: Expected 0 type arguments, but got 1.
app/users/page.tsx(750,45): error TS2339: Property 'status' does not exist on type 'User'.
app/users/page.tsx(1488,17): error TS2322: Type 'boolean | null' is not assignable to type 'boolean | undefined'.
  Type 'null' is not assignable to type 'boolean | undefined'.
app/users/page.tsx(1519,17): error TS2322: Type 'boolean | null' is not assignable to type 'boolean | undefined'.
  Type 'null' is not assignable to type 'boolean | undefined'.
backups/voyage-mongodb-rag-pipeline/dashboard/src/components/ActivityFeed.tsx(9,8): error TS2307: Cannot find module '@heroicons/react/24/outline' or its corresponding type declarations.
backups/voyage-mongodb-rag-pipeline/dashboard/src/components/GKGAnalytics.tsx(8,8): error TS2307: Cannot find module '@heroicons/react/24/outline' or its corresponding type declarations.
backups/voyage-mongodb-rag-pipeline/dashboard/src/components/MetricCards.tsx(9,8): error TS2307: Cannot find module '@heroicons/react/24/outline' or its corresponding type declarations.
backups/voyage-mongodb-rag-pipeline/dashboard/src/components/PerformanceChart.tsx(14,30): error TS2307: Cannot find module '@heroicons/react/24/outline' or its corresponding type declarations.
backups/voyage-mongodb-rag-pipeline/dashboard/src/components/PineconeAnalytics.tsx(9,8): error TS2307: Cannot find module '@heroicons/react/24/outline' or its corresponding type declarations.
backups/voyage-mongodb-rag-pipeline/dashboard/src/components/QuickActions.tsx(4,29): error TS2307: Cannot find module 'react-dropzone' or its corresponding type declarations.
backups/voyage-mongodb-rag-pipeline/dashboard/src/components/QuickActions.tsx(10,8): error TS2307: Cannot find module '@heroicons/react/24/outline' or its corresponding type declarations.
backups/voyage-mongodb-rag-pipeline/dashboard/src/components/QuickActions.tsx(11,19): error TS2307: Cannot find module 'react-hot-toast' or its corresponding type declarations.
backups/voyage-mongodb-rag-pipeline/dashboard/src/components/RealtimeMetrics.tsx(8,8): error TS2307: Cannot find module '@heroicons/react/24/outline' or its corresponding type declarations.
backups/voyage-mongodb-rag-pipeline/dashboard/src/components/RealtimeMetrics.tsx(9,19): error TS2307: Cannot find module 'react-hot-toast' or its corresponding type declarations.
backups/voyage-mongodb-rag-pipeline/dashboard/src/components/SemanticRAGOptimization.tsx(12,8): error TS2307: Cannot find module '@heroicons/react/24/outline' or its corresponding type declarations.
backups/voyage-mongodb-rag-pipeline/dashboard/src/components/SemanticRAGOptimization.tsx(13,83): error TS2307: Cannot find module '@/hooks/useSemanticRAGMetrics' or its corresponding type declarations.
backups/voyage-mongodb-rag-pipeline/dashboard/src/components/SystemStatus.tsx(10,8): error TS2307: Cannot find module '@heroicons/react/24/outline' or its corresponding type declarations.
backups/voyage-mongodb-rag-pipeline/dashboard/src/hooks/useMetrics.ts(1,26): error TS2307: Cannot find module '@tanstack/react-query' or its corresponding type declarations.
backups/voyage-mongodb-rag-pipeline/dashboard/src/pages/_app.tsx(3,50): error TS2307: Cannot find module '@tanstack/react-query' or its corresponding type declarations.
backups/voyage-mongodb-rag-pipeline/dashboard/src/pages/_app.tsx(4,25): error TS2307: Cannot find module 'react-hot-toast' or its corresponding type declarations.
backups/voyage-mongodb-rag-pipeline/dashboard/src/pages/index.tsx(4,25): error TS2307: Cannot find module '@/components/MetricCards' or its corresponding type declarations.
backups/voyage-mongodb-rag-pipeline/dashboard/src/pages/index.tsx(5,30): error TS2307: Cannot find module '@/components/PerformanceChart' or its corresponding type declarations.
backups/voyage-mongodb-rag-pipeline/dashboard/src/pages/index.tsx(6,26): error TS2307: Cannot find module '@/components/SystemStatus' or its corresponding type declarations.
backups/voyage-mongodb-rag-pipeline/dashboard/src/pages/index.tsx(7,26): error TS2307: Cannot find module '@/components/ActivityFeed' or its corresponding type declarations.
backups/voyage-mongodb-rag-pipeline/dashboard/src/pages/index.tsx(8,26): error TS2307: Cannot find module '@/components/QuickActions' or its corresponding type declarations.
backups/voyage-mongodb-rag-pipeline/dashboard/src/pages/index.tsx(9,29): error TS2307: Cannot find module '@/components/RealtimeMetrics' or its corresponding type declarations.
backups/voyage-mongodb-rag-pipeline/dashboard/src/pages/index.tsx(10,31): error TS2307: Cannot find module '@/components/PineconeAnalytics' or its corresponding type declarations.
backups/voyage-mongodb-rag-pipeline/dashboard/src/pages/index.tsx(11,26): error TS2307: Cannot find module '@/components/GKGAnalytics' or its corresponding type declarations.
backups/voyage-mongodb-rag-pipeline/dashboard/src/pages/index.tsx(12,37): error TS2307: Cannot find module '@/components/SemanticRAGOptimization' or its corresponding type declarations.
backups/voyage-mongodb-rag-pipeline/dashboard/src/pages/index.tsx(13,63): error TS2307: Cannot find module '@/hooks/useMetrics' or its corresponding type declarations.
backups/voyage-mongodb-rag-pipeline/dashboard/src/pages/index.tsx(22,8): error TS2307: Cannot find module '@heroicons/react/24/outline' or its corresponding type declarations.
backups/voyage-mongodb-rag-pipeline/src/app.ts(1,21): error TS7016: Could not find a declaration file for module 'express'. 'D:/Source/adpa/node_modules/.pnpm/express@5.2.1/node_modules/express/index.js' implicitly has an 'any' type.
  If the 'express' package actually exposes this module, consider sending a pull request to amend 'https://github.com/DefinitelyTyped/DefinitelyTyped/tree/master/types/express'
backups/voyage-mongodb-rag-pipeline/src/app.ts(74,12): error TS7006: Parameter 'req' implicitly has an 'any' type.
backups/voyage-mongodb-rag-pipeline/src/app.ts(74,17): error TS7006: Parameter 'res' implicitly has an 'any' type.
backups/voyage-mongodb-rag-pipeline/src/app.ts(74,22): error TS7006: Parameter 'next' implicitly has an 'any' type.
backups/voyage-mongodb-rag-pipeline/src/app.ts(85,29): error TS7006: Parameter 'req' implicitly has an 'any' type.
backups/voyage-mongodb-rag-pipeline/src/app.ts(85,34): error TS7006: Parameter 'res' implicitly has an 'any' type.
backups/voyage-mongodb-rag-pipeline/src/app.ts(142,34): error TS7006: Parameter 'req' implicitly has an 'any' type.
backups/voyage-mongodb-rag-pipeline/src/app.ts(142,39): error TS7006: Parameter 'res' implicitly has an 'any' type.
backups/voyage-mongodb-rag-pipeline/src/app.ts(184,31): error TS7006: Parameter 'req' implicitly has an 'any' type.
backups/voyage-mongodb-rag-pipeline/src/app.ts(184,36): error TS7006: Parameter 'res' implicitly has an 'any' type.
backups/voyage-mongodb-rag-pipeline/src/app.ts(212,71): error TS7006: Parameter 'req' implicitly has an 'any' type.
backups/voyage-mongodb-rag-pipeline/src/app.ts(212,76): error TS7006: Parameter 'res' implicitly has an 'any' type.
backups/voyage-mongodb-rag-pipeline/src/app.ts(330,36): error TS7006: Parameter 'req' implicitly has an 'any' type.
backups/voyage-mongodb-rag-pipeline/src/app.ts(330,41): error TS7006: Parameter 'res' implicitly has an 'any' type.
backups/voyage-mongodb-rag-pipeline/src/app.ts(366,40): error TS7006: Parameter 'req' implicitly has an 'any' type.
backups/voyage-mongodb-rag-pipeline/src/app.ts(366,45): error TS7006: Parameter 'res' implicitly has an 'any' type.
backups/voyage-mongodb-rag-pipeline/src/app.ts(393,43): error TS7006: Parameter 'req' implicitly has an 'any' type.
backups/voyage-mongodb-rag-pipeline/src/app.ts(393,48): error TS7006: Parameter 'res' implicitly has an 'any' type.
backups/voyage-mongodb-rag-pipeline/src/app.ts(422,48): error TS7006: Parameter 'req' implicitly has an 'any' type.
backups/voyage-mongodb-rag-pipeline/src/app.ts(422,53): error TS7006: Parameter 'res' implicitly has an 'any' type.
backups/voyage-mongodb-rag-pipeline/src/app.ts(452,32): error TS7006: Parameter 'req' implicitly has an 'any' type.
backups/voyage-mongodb-rag-pipeline/src/app.ts(452,37): error TS7006: Parameter 'res' implicitly has an 'any' type.
backups/voyage-mongodb-rag-pipeline/src/app.ts(480,43): error TS7006: Parameter 'req' implicitly has an 'any' type.
backups/voyage-mongodb-rag-pipeline/src/app.ts(480,48): error TS7006: Parameter 'res' implicitly has an 'any' type.
backups/voyage-mongodb-rag-pipeline/src/app.ts(516,41): error TS7006: Parameter 'req' implicitly has an 'any' type.
backups/voyage-mongodb-rag-pipeline/src/app.ts(516,46): error TS7006: Parameter 'res' implicitly has an 'any' type.
backups/voyage-mongodb-rag-pipeline/src/app.ts(538,40): error TS7006: Parameter 'req' implicitly has an 'any' type.
backups/voyage-mongodb-rag-pipeline/src/app.ts(538,45): error TS7006: Parameter 'res' implicitly has an 'any' type.
backups/voyage-mongodb-rag-pipeline/src/app.ts(599,17): error TS7006: Parameter 'req' implicitly has an 'any' type.
backups/voyage-mongodb-rag-pipeline/src/app.ts(599,22): error TS7006: Parameter 'res' implicitly has an 'any' type.
backups/voyage-mongodb-rag-pipeline/src/components/ControlPanel.tsx(486,35): error TS2339: Property 'search' does not exist on type 'never'.
backups/voyage-mongodb-rag-pipeline/src/components/ControlPanel.tsx(492,35): error TS2339: Property 'search' does not exist on type 'never'.
backups/voyage-mongodb-rag-pipeline/src/routes/dashboard.ts(1,24): error TS7016: Could not find a declaration file for module 'express'. 'D:/Source/adpa/node_modules/.pnpm/express@5.2.1/node_modules/express/index.js' implicitly has an 'any' type.
  If the 'express' package actually exposes this module, consider sending a pull request to amend 'https://github.com/DefinitelyTyped/DefinitelyTyped/tree/master/types/express'
backups/voyage-mongodb-rag-pipeline/src/routes/dashboard.ts(41,31): error TS7006: Parameter 'req' implicitly has an 'any' type.
backups/voyage-mongodb-rag-pipeline/src/routes/dashboard.ts(41,36): error TS7006: Parameter 'res' implicitly has an 'any' type.
backups/voyage-mongodb-rag-pipeline/src/routes/dashboard.ts(156,32): error TS7006: Parameter 'req' implicitly has an 'any' type.
backups/voyage-mongodb-rag-pipeline/src/routes/dashboard.ts(156,37): error TS7006: Parameter 'res' implicitly has an 'any' type.
backups/voyage-mongodb-rag-pipeline/src/routes/dashboard.ts(197,34): error TS7006: Parameter 'req' implicitly has an 'any' type.
backups/voyage-mongodb-rag-pipeline/src/routes/dashboard.ts(197,39): error TS7006: Parameter 'res' implicitly has an 'any' type.
backups/voyage-mongodb-rag-pipeline/src/routes/dashboard.ts(270,30): error TS7006: Parameter 'req' implicitly has an 'any' type.
backups/voyage-mongodb-rag-pipeline/src/routes/dashboard.ts(270,35): error TS7006: Parameter 'res' implicitly has an 'any' type.
backups/voyage-mongodb-rag-pipeline/src/routes/dashboard.ts(309,32): error TS7006: Parameter 'req' implicitly has an 'any' type.
backups/voyage-mongodb-rag-pipeline/src/routes/dashboard.ts(309,37): error TS7006: Parameter 'res' implicitly has an 'any' type.
backups/voyage-mongodb-rag-pipeline/src/routes/dashboard.ts(462,27): error TS7006: Parameter 'req' implicitly has an 'any' type.
backups/voyage-mongodb-rag-pipeline/src/routes/dashboard.ts(462,32): error TS7006: Parameter 'res' implicitly has an 'any' type.
backups/voyage-mongodb-rag-pipeline/src/routes/dashboard.ts(519,41): error TS7006: Parameter 'req' implicitly has an 'any' type.
backups/voyage-mongodb-rag-pipeline/src/routes/dashboard.ts(519,46): error TS7006: Parameter 'res' implicitly has an 'any' type.
backups/voyage-mongodb-rag-pipeline/src/routes/dashboard.ts(585,38): error TS7006: Parameter 'req' implicitly has an 'any' type.
backups/voyage-mongodb-rag-pipeline/src/routes/dashboard.ts(585,43): error TS7006: Parameter 'res' implicitly has an 'any' type.
backups/voyage-mongodb-rag-pipeline/src/routes/dashboard.ts(685,44): error TS7006: Parameter 'req' implicitly has an 'any' type.
backups/voyage-mongodb-rag-pipeline/src/routes/dashboard.ts(685,49): error TS7006: Parameter 'res' implicitly has an 'any' type.
backups/voyage-mongodb-rag-pipeline/src/routes/dashboard.ts(722,46): error TS7006: Parameter 'req' implicitly has an 'any' type.
backups/voyage-mongodb-rag-pipeline/src/routes/dashboard.ts(722,51): error TS7006: Parameter 'res' implicitly has an 'any' type.
backups/voyage-mongodb-rag-pipeline/src/routes/dashboard.ts(750,42): error TS7006: Parameter 'req' implicitly has an 'any' type.
backups/voyage-mongodb-rag-pipeline/src/routes/dashboard.ts(750,47): error TS7006: Parameter 'res' implicitly has an 'any' type.
backups/voyage-mongodb-rag-pipeline/src/routes/governanceKnowledgeGraph.ts(1,24): error TS7016: Could not find a declaration file for module 'express'. 'D:/Source/adpa/node_modules/.pnpm/express@5.2.1/node_modules/express/index.js' implicitly has an 'any' type.
  If the 'express' package actually exposes this module, consider sending a pull request to amend 'https://github.com/DefinitelyTyped/DefinitelyTyped/tree/master/types/express'
backups/voyage-mongodb-rag-pipeline/src/routes/governanceKnowledgeGraph.ts(10,34): error TS7006: Parameter 'req' implicitly has an 'any' type.
backups/voyage-mongodb-rag-pipeline/src/routes/governanceKnowledgeGraph.ts(10,39): error TS7006: Parameter 'res' implicitly has an 'any' type.
backups/voyage-mongodb-rag-pipeline/src/routes/governanceKnowledgeGraph.ts(43,33): error TS7006: Parameter 'req' implicitly has an 'any' type.
backups/voyage-mongodb-rag-pipeline/src/routes/governanceKnowledgeGraph.ts(43,38): error TS7006: Parameter 'res' implicitly has an 'any' type.
backups/voyage-mongodb-rag-pipeline/src/routes/governanceKnowledgeGraph.ts(67,48): error TS7006: Parameter 'req' implicitly has an 'any' type.
backups/voyage-mongodb-rag-pipeline/src/routes/governanceKnowledgeGraph.ts(67,53): error TS7006: Parameter 'res' implicitly has an 'any' type.
backups/voyage-mongodb-rag-pipeline/src/routes/governanceKnowledgeGraph.ts(105,30): error TS7006: Parameter 'req' implicitly has an 'any' type.
backups/voyage-mongodb-rag-pipeline/src/routes/governanceKnowledgeGraph.ts(105,35): error TS7006: Parameter 'res' implicitly has an 'any' type.
backups/voyage-mongodb-rag-pipeline/src/routes/governanceKnowledgeGraph.ts(134,52): error TS7006: Parameter 'record' implicitly has an 'any' type.
backups/voyage-mongodb-rag-pipeline/src/routes/governanceKnowledgeGraph.ts(135,56): error TS7006: Parameter 'record' implicitly has an 'any' type.
backups/voyage-mongodb-rag-pipeline/src/routes/governanceKnowledgeGraph.ts(136,60): error TS7006: Parameter 'record' implicitly has an 'any' type.
backups/voyage-mongodb-rag-pipeline/src/routes/governanceKnowledgeGraph.ts(153,48): error TS7006: Parameter 'req' implicitly has an 'any' type.
backups/voyage-mongodb-rag-pipeline/src/routes/governanceKnowledgeGraph.ts(153,53): error TS7006: Parameter 'res' implicitly has an 'any' type.
backups/voyage-mongodb-rag-pipeline/src/routes/governanceKnowledgeGraph.ts(163,28): error TS7006: Parameter 'record' implicitly has an 'any' type.
backups/voyage-mongodb-rag-pipeline/src/routes/governanceKnowledgeGraph.ts(180,54): error TS7006: Parameter 'req' implicitly has an 'any' type.
backups/voyage-mongodb-rag-pipeline/src/routes/governanceKnowledgeGraph.ts(180,59): error TS7006: Parameter 'res' implicitly has an 'any' type.
backups/voyage-mongodb-rag-pipeline/src/routes/governanceKnowledgeGraph.ts(190,40): error TS7006: Parameter 'record' implicitly has an 'any' type.
backups/voyage-mongodb-rag-pipeline/src/scripts/test-llm.ts(3,26): error TS2307: Cannot find module '@mistralai/mistralai' or its corresponding type declarations.
backups/voyage-mongodb-rag-pipeline/src/scripts/test-llm.ts(33,30): error TS2307: Cannot find module '@mistralai/mistralai' or its corresponding type declarations.
backups/voyage-mongodb-rag-pipeline/src/services/rag.ts(9,26): error TS2307: Cannot find module '@mistralai/mistralai' or its corresponding type declarations.
backups/voyage-mongodb-rag-pipeline/src/services/rag.ts(26,14): error TS2307: Cannot find module '@mistralai/mistralai' or its corresponding type declarations.
components/digital-twin/DigitalTwinAssetsList.tsx(79,5): error TS2304: Cannot find name 'router'.
components/digital-twin/DigitalTwinAssetsList.tsx(89,5): error TS2304: Cannot find name 'router'.
components/digital-twin/DigitalTwinAssetsList.tsx(98,5): error TS2304: Cannot find name 'router'.
components/digital-twin/DigitalTwinTriggerRulesManager.tsx(106,9): error TS2322: Type '{ open: boolean; onOpenChange: Dispatch<SetStateAction<boolean>>; projectId: string; onCreated: () => Promise<void>; }' is not assignable to type 'IntrinsicAttributes & CreateTriggerRuleDialogProps'.
  Property 'open' does not exist on type 'IntrinsicAttributes & CreateTriggerRuleDialogProps'.
components/digital-twin/iTwinViewer.tsx(73,17): error TS2339: Property 'Viewer' does not exist on type 'typeof import("D:/Source/adpa/node_modules/.pnpm/@itwin+viewer-react@5.0.1_3506e83c9869a595c1989d1165be59b1/node_modules/@itwin/viewer-react/lib/index")'.
components/digital-twin/iTwinViewer.tsx(75,17): error TS2339: Property 'AuthorizationClient' does not exist on type '{ default: typeof import("D:/Source/adpa/node_modules/.pnpm/@itwin+core-common@5.5.2_@i_102c9611becf39e7e860d93b91e76d63/node_modules/@itwin/core-common/lib/cjs/core-common"); ... 401 more ...; isKnownFieldPropertyType: (type: string) => type is FieldPropertyType; }'.
components/documents/DriftHighlighter.tsx(663,54): error TS2345: Argument of type 'string | null' is not assignable to parameter of type 'string'.
  Type 'null' is not assignable to type 'string'.
components/documents/DriftHighlighter.tsx(685,54): error TS2345: Argument of type 'string | null' is not assignable to parameter of type 'string'.
  Type 'null' is not assignable to type 'string'.
components/documents/DriftHighlighter.tsx(737,54): error TS2345: Argument of type 'string | null' is not assignable to parameter of type 'string'.
  Type 'null' is not assignable to type 'string'.
components/documents/DriftHighlighter.tsx(759,54): error TS2345: Argument of type 'string | null' is not assignable to parameter of type 'string'.
  Type 'null' is not assignable to type 'string'.
components/documents/VersionListDialog.tsx(211,44): error TS2345: Argument of type 'string | number' is not assignable to parameter of type 'string | Date'.
  Type 'number' is not assignable to type 'string | Date'.
components/drift/__tests__/DriftResolutionDialog.test.tsx(41,32): error TS2339: Property 'isApplying' does not exist on type '{ open: boolean; onClose: Mock<UnknownFunction>; resolutionPreview: null; onApply: Mock<UnknownFunction>; }'.
components/drift/__tests__/DriftResolutionDialog.test.tsx(42,31): error TS2339: Property 'isLoading' does not exist on type '{ open: boolean; onClose: Mock<UnknownFunction>; resolutionPreview: null; onApply: Mock<UnknownFunction>; }'.
components/drift/__tests__/DriftResolutionDialog.test.tsx(43,38): error TS2339: Property 'selectedStrategy' does not exist on type '{ open: boolean; onClose: Mock<UnknownFunction>; resolutionPreview: null; onApply: Mock<UnknownFunction>; }'.
components/drift/__tests__/DriftResolutionDialog.test.tsx(88,46): error TS2339: Property 'driftPoints' does not exist on type 'never'.
components/drift/__tests__/DriftResolutionDialog.test.tsx(89,47): error TS2339: Property 'majorChanges' does not exist on type 'never'.
components/drift/__tests__/DriftResolutionDialog.test.tsx(90,51): error TS2339: Property 'requiresApproval' does not exist on type 'never'.
components/drift/__tests__/DriftResolutionDialog.test.tsx(91,50): error TS2339: Property 'resolvedContent' does not exist on type 'never'.
components/drift/__tests__/DriftResolutionDialog.test.tsx(92,50): error TS2339: Property 'originalContent' does not exist on type 'never'.
components/drift/SideBySideDiff.tsx(10,40): error TS7016: Could not find a declaration file for module 'unidiff'. 'D:/Source/adpa/node_modules/.pnpm/unidiff@1.0.4/node_modules/unidiff/index.js' implicitly has an 'any' type.
  Try `npm i --save-dev @types/unidiff` if it exists or add a new declaration (.d.ts) file containing `declare module 'unidiff';`
components/editor/novel-editor.tsx(130,11): error TS2322: Type 'string | JSONContent' is not assignable to type 'JSONContent | undefined'.
  Type 'string' is not assignable to type 'JSONContent'.
components/editor/slash-command.tsx(144,24): error TS2345: Argument of type 'string | null' is not assignable to parameter of type 'string'.
  Type 'null' is not assignable to type 'string'.
components/editor/slash-command.tsx(150,13): error TS2322: Type 'string | null' is not assignable to type 'string'.
  Type 'null' is not assignable to type 'string'.
components/editor/slash-command.tsx(169,27): error TS2345: Argument of type 'string | null' is not assignable to parameter of type 'string'.
  Type 'null' is not assignable to type 'string'.
components/editor/slash-command.tsx(175,13): error TS2322: Type 'string | null' is not assignable to type 'string'.
  Type 'null' is not assignable to type 'string'.
components/morphic/artifact/chat-artifact-container.tsx(134,17): error TS2322: Type 'RefObject<HTMLDivElement | null>' is not assignable to type 'LegacyRef<HTMLDivElement> | undefined'.
  Type 'RefObject<HTMLDivElement | null>' is not assignable to type 'RefObject<HTMLDivElement>'.
    Type 'HTMLDivElement | null' is not assignable to type 'HTMLDivElement'.
      Type 'null' is not assignable to type 'HTMLDivElement'.
components/morphic/chat.tsx(304,21): error TS2353: Object literal may only specify known properties, and 'content' does not exist in type 'UIMessage<unknown, UIDataTypes, UITools>'.
components/morphic/fetch-section.tsx(29,29): error TS2339: Property 'url' does not exist on type '{}'.
components/morphic/fetch-section.tsx(35,32): error TS2339: Property 'state' does not exist on type 'never'.
components/morphic/fetch-section.tsx(36,34): error TS2339: Property 'state' does not exist on type 'never'.
components/morphic/fetch-section.tsx(37,32): error TS2339: Property 'state' does not exist on type 'never'.
components/morphic/inspector/inspector-drawer.tsx(37,13): error TS2322: Type '{ children: Element; open: boolean; onOpenChange: (open: any) => void; modal: boolean; }' is not assignable to type 'IntrinsicAttributes & Omit<DetailedHTMLProps<HTMLAttributes<HTMLDivElement>, HTMLDivElement>, "ref"> & { ...; }'.
  Property 'open' does not exist on type 'IntrinsicAttributes & Omit<DetailedHTMLProps<HTMLAttributes<HTMLDivElement>, HTMLDivElement>, "ref"> & { ...; }'.
components/morphic/inspector/inspector-drawer.tsx(38,27): error TS7006: Parameter 'open' implicitly has an 'any' type.
components/morphic/inspector/inspector-drawer.tsx(44,30): error TS2322: Type '{ children: Element; asChild: true; }' is not assignable to type 'IntrinsicAttributes & Omit<DetailedHTMLProps<HTMLAttributes<HTMLHeadingElement>, HTMLHeadingElement>, "ref"> & RefAttributes<...>'.
  Property 'asChild' does not exist on type 'IntrinsicAttributes & Omit<DetailedHTMLProps<HTMLAttributes<HTMLHeadingElement>, HTMLHeadingElement>, "ref"> & RefAttributes<...>'.
components/morphic/render-message.tsx(84,34): error TS2339: Property 'content' does not exist on type 'UIMessage'.
components/morphic/render-message.tsx(96,26): error TS2339: Property 'experimental_attachments' does not exist on type 'UIMessage'.
components/morphic/render-message.tsx(96,57): error TS7006: Parameter 'attachment' implicitly has an 'any' type.
components/morphic/render-message.tsx(96,69): error TS7006: Parameter 'index' implicitly has an 'any' type.
components/morphic/render-message.tsx(164,29): error TS2322: Type 'unknown' is not assignable to type 'UIMessageMetadata | undefined'.
components/notification-center.tsx(232,9): error TS2322: Type '"error" | "loading" | "success" | "info" | "warning" | "room-joined"' is not assignable to type '"error" | "success" | "info" | "warning"'.
  Type '"loading"' is not assignable to type '"error" | "success" | "info" | "warning"'.
components/okr/KeyResultDialog.tsx(146,32): error TS2339: Property 'success' does not exist on type '{}'.
components/okr/KeyResultDialog.tsx(150,35): error TS2339: Property 'error' does not exist on type '{}'.
components/okr/OKRCard.tsx(186,32): error TS2339: Property 'success' does not exist on type '{}'.
components/okr/OKRDialog.tsx(159,32): error TS2339: Property 'success' does not exist on type '{}'.
components/okr/OKRDialog.tsx(164,35): error TS2339: Property 'error' does not exist on type '{}'.
components/onboarding/MaturityJourneyPlanner.tsx(524,68): error TS2322: Type 'string | undefined' is not assignable to type 'string'.
  Type 'undefined' is not assignable to type 'string'.
components/onboarding/RegistrationDialog.tsx(65,30): error TS7006: Parameter 'e' implicitly has an 'any' type.
components/onboarding/UploadZone.tsx(57,40): error TS7006: Parameter 'e' implicitly has an 'any' type.
components/onboarding/UploadZone.tsx(60,23): error TS2345: Argument of type 'unknown[]' is not assignable to parameter of type 'File[]'.
  Type 'unknown' is not assignable to type 'File'.
components/page-transition.tsx(67,9): error TS2322: Type '{ type: string; ease: string; duration: number; }' is not assignable to type 'Transition<any> | undefined'.
  Type '{ type: string; ease: string; duration: number; }' is not assignable to type 'TransitionWithValueOverrides<any>'.
    Type '{ type: string; ease: string; duration: number; }' is not assignable to type 'ValueAnimationTransition<any>'.
      Types of property 'type' are incompatible.
        Type 'string' is not assignable to type 'AnimationGeneratorType | undefined'.
components/page-transition.tsx(87,9): error TS2322: Type '{ type: string; ease: string; duration: number; }' is not assignable to type 'Transition<any> | undefined'.
  Type '{ type: string; ease: string; duration: number; }' is not assignable to type 'TransitionWithValueOverrides<any>'.
    Type '{ type: string; ease: string; duration: number; }' is not assignable to type 'ValueAnimationTransition<any>'.
      Types of property 'type' are incompatible.
        Type 'string' is not assignable to type 'AnimationGeneratorType | undefined'.
components/playbooks/AIPlaybookAssistant.tsx(28,5): error TS2614: Module '"@/components/ui/icons-shim"' has no exported member 'ThumbsUp'. Did you mean to use 'import ThumbsUp from "@/components/ui/icons-shim"' instead?
components/playbooks/AIPlaybookAssistant.tsx(29,5): error TS2614: Module '"@/components/ui/icons-shim"' has no exported member 'ThumbsDown'. Did you mean to use 'import ThumbsDown from "@/components/ui/icons-shim"' instead?
components/playbooks/PlaybookAnalytics.tsx(319,65): error TS2339: Property 'executions_count' does not exist on type 'Playbook'.
components/playbooks/PlaybookAnalytics.tsx(320,95): error TS2339: Property 'success_rate' does not exist on type 'Playbook'.
components/playbooks/PlaybookAnalytics.tsx(321,63): error TS2339: Property 'success_rate' does not exist on type 'Playbook'.
components/playbooks/PlaybookAnalytics.tsx(353,65): error TS2339: Property 'executions_count' does not exist on type 'Playbook'.
components/playbooks/PlaybookAnalytics.tsx(354,95): error TS2339: Property 'success_rate' does not exist on type 'Playbook'.
components/playbooks/PlaybookAnalytics.tsx(355,63): error TS2339: Property 'success_rate' does not exist on type 'Playbook'.
components/playbooks/PlaybookAnalytics.tsx(389,63): error TS2551: Property 'success_rate' does not exist on type '{ category: string; executions: number; successRate: number; avgDuration: number; }'. Did you mean 'successRate'?
components/playbooks/PlaybookAnalytics.tsx(432,87): error TS2339: Property 'error' does not exist on type 'PlaybookExecution'.
components/playbooks/PlaybookAnalytics.tsx(466,57): error TS18048: 'execution.current_step_order' is possibly 'undefined'.
components/portfolio/PortfolioRiskHeatmap.tsx(88,11): error TS18046: 'response' is of type 'unknown'.
components/portfolio/PortfolioRiskHeatmap.tsx(89,28): error TS18046: 'response' is of type 'unknown'.
components/program/__tests__/RAGStatus.test.tsx(192,14): error TS2774: This condition will always return true since this function is always defined. Did you mean to call it instead?
components/program/__tests__/RAGStatus.test.tsx(200,14): error TS2774: This condition will always return true since this function is always defined. Did you mean to call it instead?
components/program/__tests__/RAGStatus.test.tsx(208,26): error TS2774: This condition will always return true since this function is always defined. Did you mean to call it instead?
components/program/CapacityPlanningDashboard.tsx(183,34): error TS2322: Type 'string | null' is not assignable to type 'string | undefined'.
  Type 'null' is not assignable to type 'string | undefined'.
components/program/PairwiseComparisonMatrix.tsx(213,7): error TS2322: Type 'string | null | undefined' is not assignable to type 'string | null'.
  Type 'undefined' is not assignable to type 'string | null'.
components/program/PairwiseComparisonMatrix.tsx(293,11): error TS18046: 'response' is of type 'unknown'.
components/program/PairwiseComparisonMatrix.tsx(294,32): error TS18046: 'response' is of type 'unknown'.
components/program/PairwiseComparisonMatrix.tsx(301,26): error TS18046: 'response' is of type 'unknown'.
components/program/ProgramDashboardV0.tsx(73,7): error TS2304: Cannot find name 'setLoading'.
components/program/ProgramDashboardV0.tsx(88,7): error TS2304: Cannot find name 'setLoading'.
components/program/RAGStatus.tsx(68,16): error TS2339: Property 'pulse' does not exist on type '{ icon: string; label: string; color: string; bgColor: string; borderColor: string; } | { icon: string; label: string; color: string; bgColor: string; borderColor: string; } | { icon: string; label: string; color: string; bgColor: string; borderColor: string; pulse: boolean; }'.
  Property 'pulse' does not exist on type '{ icon: string; label: string; color: string; bgColor: string; borderColor: string; }'.
components/project/IssueKanbanBoard.tsx(33,5): error TS2614: Module '"@/components/ui/icons-shim"' has no exported member 'UserPlus'. Did you mean to use 'import UserPlus from "@/components/ui/icons-shim"' instead?
components/project/KanbanBoardView.tsx(247,19): error TS2551: Property 'assigned_role_name' does not exist on type 'Task'. Did you mean 'assigned_user_name'?
components/project/KanbanBoardView.tsx(249,23): error TS2551: Property 'assigned_role_name' does not exist on type 'Task'. Did you mean 'assigned_user_name'?
components/project/PMBOK8DomainDashboard.tsx(594,65): error TS2339: Property 'total_agreements' does not exist on type '{ total_agreements: number; active_agreements: number; under_review: number; avg_adherence_score: number | null; total_violations: number; agreements_with_violations: number; health: DomainHealth; } | { ...; } | { ...; } | { ...; } | { ...; }'.
  Property 'total_agreements' does not exist on type '{ total_approaches: number; unique_frameworks: number; total_iterations: number; completed_iterations: number; avg_velocity: number | null; avg_story_points: number | null; health: DomainHealth; }'.
components/project/PMBOK8DomainDashboard.tsx(599,37): error TS2339: Property 'avg_adherence_score' does not exist on type '{ total_agreements: number; active_agreements: number; under_review: number; avg_adherence_score: number | null; total_violations: number; agreements_with_violations: number; health: DomainHealth; } | { ...; } | { ...; } | { ...; } | { ...; }'.
  Property 'avg_adherence_score' does not exist on type '{ total_approaches: number; unique_frameworks: number; total_iterations: number; completed_iterations: number; avg_velocity: number | null; avg_story_points: number | null; health: DomainHealth; }'.
components/project/PMBOK8DomainDashboard.tsx(599,89): error TS2339: Property 'avg_adherence_score' does not exist on type '{ total_agreements: number; active_agreements: number; under_review: number; avg_adherence_score: number | null; total_violations: number; agreements_with_violations: number; health: DomainHealth; } | { ...; } | { ...; } | { ...; } | { ...; }'.
  Property 'avg_adherence_score' does not exist on type '{ total_approaches: number; unique_frameworks: number; total_iterations: number; completed_iterations: number; avg_velocity: number | null; avg_story_points: number | null; health: DomainHealth; }'.
components/project/PMBOK8DomainDashboard.tsx(600,47): error TS2339: Property 'avg_adherence_score' does not exist on type '{ total_agreements: number; active_agreements: number; under_review: number; avg_adherence_score: number | null; total_violations: number; agreements_with_violations: number; health: DomainHealth; } | { ...; } | { ...; } | { ...; } | { ...; }'.
  Property 'avg_adherence_score' does not exist on type '{ total_approaches: number; unique_frameworks: number; total_iterations: number; completed_iterations: number; avg_velocity: number | null; avg_story_points: number | null; health: DomainHealth; }'.
components/project/PMBOK8DomainDashboard.tsx(609,33): error TS2339: Property 'approach' does not exist on type '{ total_agreements: number; active_agreements: number; under_review: number; avg_adherence_score: number | null; total_violations: number; agreements_with_violations: number; health: DomainHealth; } | { ...; } | { ...; } | { ...; } | { ...; }'.
  Property 'approach' does not exist on type '{ total_agreements: number; active_agreements: number; under_review: number; avg_adherence_score: number | null; total_violations: number; agreements_with_violations: number; health: DomainHealth; }'.
components/project/PMBOK8DomainDashboard.tsx(612,67): error TS2339: Property 'approach' does not exist on type '{ total_agreements: number; active_agreements: number; under_review: number; avg_adherence_score: number | null; total_violations: number; agreements_with_violations: number; health: DomainHealth; } | { ...; } | { ...; } | { ...; } | { ...; }'.
  Property 'approach' does not exist on type '{ total_agreements: number; active_agreements: number; under_review: number; avg_adherence_score: number | null; total_violations: number; agreements_with_violations: number; health: DomainHealth; }'.
components/project/PMBOK8DomainDashboard.tsx(615,33): error TS2339: Property 'methodology' does not exist on type '{ total_agreements: number; active_agreements: number; under_review: number; avg_adherence_score: number | null; total_violations: number; agreements_with_violations: number; health: DomainHealth; } | { ...; } | { ...; } | { ...; } | { ...; }'.
  Property 'methodology' does not exist on type '{ total_agreements: number; active_agreements: number; under_review: number; avg_adherence_score: number | null; total_violations: number; agreements_with_violations: number; health: DomainHealth; }'.
components/project/PMBOK8DomainDashboard.tsx(618,67): error TS2339: Property 'methodology' does not exist on type '{ total_agreements: number; active_agreements: number; under_review: number; avg_adherence_score: number | null; total_violations: number; agreements_with_violations: number; health: DomainHealth; } | { ...; } | { ...; } | { ...; } | { ...; }'.
  Property 'methodology' does not exist on type '{ total_agreements: number; active_agreements: number; under_review: number; avg_adherence_score: number | null; total_violations: number; agreements_with_violations: number; health: DomainHealth; }'.
components/project/PMBOK8DomainDashboard.tsx(621,33): error TS2339: Property 'total_approaches' does not exist on type '{ total_agreements: number; active_agreements: number; under_review: number; avg_adherence_score: number | null; total_violations: number; agreements_with_violations: number; health: DomainHealth; } | { ...; } | { ...; } | { ...; } | { ...; }'.
  Property 'total_approaches' does not exist on type '{ total_agreements: number; active_agreements: number; under_review: number; avg_adherence_score: number | null; total_violations: number; agreements_with_violations: number; health: DomainHealth; }'.
components/project/PMBOK8DomainDashboard.tsx(624,67): error TS2339: Property 'total_approaches' does not exist on type '{ total_agreements: number; active_agreements: number; under_review: number; avg_adherence_score: number | null; total_violations: number; agreements_with_violations: number; health: DomainHealth; } | { ...; } | { ...; } | { ...; } | { ...; }'.
  Property 'total_approaches' does not exist on type '{ total_agreements: number; active_agreements: number; under_review: number; avg_adherence_score: number | null; total_violations: number; agreements_with_violations: number; health: DomainHealth; }'.
components/project/PMBOK8DomainDashboard.tsx(627,33): error TS2339: Property 'total_iterations' does not exist on type '{ total_agreements: number; active_agreements: number; under_review: number; avg_adherence_score: number | null; total_violations: number; agreements_with_violations: number; health: DomainHealth; } | { ...; } | { ...; } | { ...; } | { ...; }'.
  Property 'total_iterations' does not exist on type '{ total_agreements: number; active_agreements: number; under_review: number; avg_adherence_score: number | null; total_violations: number; agreements_with_violations: number; health: DomainHealth; }'.
components/project/PMBOK8DomainDashboard.tsx(627,68): error TS2339: Property 'total_iterations' does not exist on type '{ total_agreements: number; active_agreements: number; under_review: number; avg_adherence_score: number | null; total_violations: number; agreements_with_violations: number; health: DomainHealth; } | { ...; } | { ...; } | { ...; } | { ...; }'.
  Property 'total_iterations' does not exist on type '{ total_agreements: number; active_agreements: number; under_review: number; avg_adherence_score: number | null; total_violations: number; agreements_with_violations: number; health: DomainHealth; }'.
components/project/PMBOK8DomainDashboard.tsx(631,69): error TS2339: Property 'total_iterations' does not exist on type '{ total_agreements: number; active_agreements: number; under_review: number; avg_adherence_score: number | null; total_violations: number; agreements_with_violations: number; health: DomainHealth; } | { ...; } | { ...; } | { ...; } | { ...; }'.
  Property 'total_iterations' does not exist on type '{ total_agreements: number; active_agreements: number; under_review: number; avg_adherence_score: number | null; total_violations: number; agreements_with_violations: number; health: DomainHealth; }'.
components/project/PMBOK8DomainDashboard.tsx(635,69): error TS2339: Property 'completed_iterations' does not exist on type '{ total_agreements: number; active_agreements: number; under_review: number; avg_adherence_score: number | null; total_violations: number; agreements_with_violations: number; health: DomainHealth; } | { ...; } | { ...; } | { ...; } | { ...; }'.
  Property 'completed_iterations' does not exist on type '{ total_agreements: number; active_agreements: number; under_review: number; avg_adherence_score: number | null; total_violations: number; agreements_with_violations: number; health: DomainHealth; }'.
components/project/PMBOK8DomainDashboard.tsx(640,41): error TS2339: Property 'avg_velocity' does not exist on type '{ total_agreements: number; active_agreements: number; under_review: number; avg_adherence_score: number | null; total_violations: number; agreements_with_violations: number; health: DomainHealth; } | { ...; } | { ...; } | { ...; } | { ...; }'.
  Property 'avg_velocity' does not exist on type '{ total_agreements: number; active_agreements: number; under_review: number; avg_adherence_score: number | null; total_violations: number; agreements_with_violations: number; health: DomainHealth; }'.
components/project/PMBOK8DomainDashboard.tsx(640,86): error TS2339: Property 'avg_velocity' does not exist on type '{ total_agreements: number; active_agreements: number; under_review: number; avg_adherence_score: number | null; total_violations: number; agreements_with_violations: number; health: DomainHealth; } | { ...; } | { ...; } | { ...; } | { ...; }'.
  Property 'avg_velocity' does not exist on type '{ total_agreements: number; active_agreements: number; under_review: number; avg_adherence_score: number | null; total_violations: number; agreements_with_violations: number; health: DomainHealth; }'.
components/project/PMBOK8DomainDashboard.tsx(641,51): error TS2339: Property 'avg_velocity' does not exist on type '{ total_agreements: number; active_agreements: number; under_review: number; avg_adherence_score: number | null; total_violations: number; agreements_with_violations: number; health: DomainHealth; } | { ...; } | { ...; } | { ...; } | { ...; }'.
  Property 'avg_velocity' does not exist on type '{ total_agreements: number; active_agreements: number; under_review: number; avg_adherence_score: number | null; total_violations: number; agreements_with_violations: number; health: DomainHealth; }'.
components/project/PMBOK8DomainDashboard.tsx(647,35): error TS2339: Property 'total_iterations' does not exist on type '{ total_agreements: number; active_agreements: number; under_review: number; avg_adherence_score: number | null; total_violations: number; agreements_with_violations: number; health: DomainHealth; } | { ...; } | { ...; } | { ...; } | { ...; }'.
  Property 'total_iterations' does not exist on type '{ total_agreements: number; active_agreements: number; under_review: number; avg_adherence_score: number | null; total_violations: number; agreements_with_violations: number; health: DomainHealth; }'.
components/project/PMBOK8DomainDashboard.tsx(647,62): error TS2339: Property 'total_iterations' does not exist on type '{ total_agreements: number; active_agreements: number; under_review: number; avg_adherence_score: number | null; total_violations: number; agreements_with_violations: number; health: DomainHealth; } | { ...; } | { ...; } | { ...; } | { ...; }'.
  Property 'total_iterations' does not exist on type '{ total_agreements: number; active_agreements: number; under_review: number; avg_adherence_score: number | null; total_violations: number; agreements_with_violations: number; health: DomainHealth; }'.
components/project/PMBOK8DomainDashboard.tsx(660,37): error TS2339: Property 'workItems' does not exist on type '{ total_agreements: number; active_agreements: number; under_review: number; avg_adherence_score: number | null; total_violations: number; agreements_with_violations: number; health: DomainHealth; } | { ...; } | { ...; } | { ...; } | { ...; }'.
  Property 'workItems' does not exist on type '{ total_agreements: number; active_agreements: number; under_review: number; avg_adherence_score: number | null; total_violations: number; agreements_with_violations: number; health: DomainHealth; }'.
components/project/PMBOK8DomainDashboard.tsx(666,37): error TS2339: Property 'workItems' does not exist on type '{ total_agreements: number; active_agreements: number; under_review: number; avg_adherence_score: number | null; total_violations: number; agreements_with_violations: number; health: DomainHealth; } | { ...; } | { ...; } | { ...; } | { ...; }'.
  Property 'workItems' does not exist on type '{ total_agreements: number; active_agreements: number; under_review: number; avg_adherence_score: number | null; total_violations: number; agreements_with_violations: number; health: DomainHealth; }'.
components/project/PMBOK8DomainDashboard.tsx(672,37): error TS2339: Property 'workItems' does not exist on type '{ total_agreements: number; active_agreements: number; under_review: number; avg_adherence_score: number | null; total_violations: number; agreements_with_violations: number; health: DomainHealth; } | { ...; } | { ...; } | { ...; } | { ...; }'.
  Property 'workItems' does not exist on type '{ total_agreements: number; active_agreements: number; under_review: number; avg_adherence_score: number | null; total_violations: number; agreements_with_violations: number; health: DomainHealth; }'.
components/project/PMBOK8DomainDashboard.tsx(678,37): error TS2339: Property 'workItems' does not exist on type '{ total_agreements: number; active_agreements: number; under_review: number; avg_adherence_score: number | null; total_violations: number; agreements_with_violations: number; health: DomainHealth; } | { ...; } | { ...; } | { ...; } | { ...; }'.
  Property 'workItems' does not exist on type '{ total_agreements: number; active_agreements: number; under_review: number; avg_adherence_score: number | null; total_violations: number; agreements_with_violations: number; health: DomainHealth; }'.
components/project/PMBOK8DomainDashboard.tsx(681,33): error TS2339: Property 'capacity' does not exist on type '{ total_agreements: number; active_agreements: number; under_review: number; avg_adherence_score: number | null; total_violations: number; agreements_with_violations: number; health: DomainHealth; } | { ...; } | { ...; } | { ...; } | { ...; }'.
  Property 'capacity' does not exist on type '{ total_agreements: number; active_agreements: number; under_review: number; avg_adherence_score: number | null; total_violations: number; agreements_with_violations: number; health: DomainHealth; }'.
components/project/PMBOK8DomainDashboard.tsx(686,41): error TS2339: Property 'capacity' does not exist on type '{ total_agreements: number; active_agreements: number; under_review: number; avg_adherence_score: number | null; total_violations: number; agreements_with_violations: number; health: DomainHealth; } | { ...; } | { ...; } | { ...; } | { ...; }'.
  Property 'capacity' does not exist on type '{ total_agreements: number; active_agreements: number; under_review: number; avg_adherence_score: number | null; total_violations: number; agreements_with_violations: number; health: DomainHealth; }'.
components/project/PMBOK8DomainDashboard.tsx(692,41): error TS2339: Property 'capacity' does not exist on type '{ total_agreements: number; active_agreements: number; under_review: number; avg_adherence_score: number | null; total_violations: number; agreements_with_violations: number; health: DomainHealth; } | { ...; } | { ...; } | { ...; } | { ...; }'.
  Property 'capacity' does not exist on type '{ total_agreements: number; active_agreements: number; under_review: number; avg_adherence_score: number | null; total_violations: number; agreements_with_violations: number; health: DomainHealth; }'.
components/project/PMBOK8DomainDashboard.tsx(692,98): error TS2339: Property 'capacity' does not exist on type '{ total_agreements: number; active_agreements: number; under_review: number; avg_adherence_score: number | null; total_violations: number; agreements_with_violations: number; health: DomainHealth; } | { ...; } | { ...; } | { ...; } | { ...; }'.
  Property 'capacity' does not exist on type '{ total_agreements: number; active_agreements: number; under_review: number; avg_adherence_score: number | null; total_violations: number; agreements_with_violations: number; health: DomainHealth; }'.
components/project/PMBOK8DomainDashboard.tsx(693,54): error TS2339: Property 'capacity' does not exist on type '{ total_agreements: number; active_agreements: number; under_review: number; avg_adherence_score: number | null; total_violations: number; agreements_with_violations: number; health: DomainHealth; } | { ...; } | { ...; } | { ...; } | { ...; }'.
  Property 'capacity' does not exist on type '{ total_agreements: number; active_agreements: number; under_review: number; avg_adherence_score: number | null; total_violations: number; agreements_with_violations: number; health: DomainHealth; }'.
components/project/PMBOK8DomainDashboard.tsx(704,33): error TS2339: Property 'performance' does not exist on type '{ total_agreements: number; active_agreements: number; under_review: number; avg_adherence_score: number | null; total_violations: number; agreements_with_violations: number; health: DomainHealth; } | { ...; } | { ...; } | { ...; } | { ...; }'.
  Property 'performance' does not exist on type '{ total_agreements: number; active_agreements: number; under_review: number; avg_adherence_score: number | null; total_violations: number; agreements_with_violations: number; health: DomainHealth; }'.
components/project/PMBOK8DomainDashboard.tsx(704,92): error TS2339: Property 'performance' does not exist on type '{ total_agreements: number; active_agreements: number; under_review: number; avg_adherence_score: number | null; total_violations: number; agreements_with_violations: number; health: DomainHealth; } | { ...; } | { ...; } | { ...; } | { ...; }'.
  Property 'performance' does not exist on type '{ total_agreements: number; active_agreements: number; under_review: number; avg_adherence_score: number | null; total_violations: number; agreements_with_violations: number; health: DomainHealth; }'.
components/project/PMBOK8DomainDashboard.tsx(707,67): error TS2339: Property 'performance' does not exist on type '{ total_agreements: number; active_agreements: number; under_review: number; avg_adherence_score: number | null; total_violations: number; agreements_with_violations: number; health: DomainHealth; } | { ...; } | { ...; } | { ...; } | { ...; }'.
  Property 'performance' does not exist on type '{ total_agreements: number; active_agreements: number; under_review: number; avg_adherence_score: number | null; total_violations: number; agreements_with_violations: number; health: DomainHealth; }'.
components/project/PMBOK8DomainDashboard.tsx(710,33): error TS2339: Property 'evm' does not exist on type '{ total_agreements: number; active_agreements: number; under_review: number; avg_adherence_score: number | null; total_violations: number; agreements_with_violations: number; health: DomainHealth; } | { ...; } | { ...; } | { ...; } | { ...; }'.
  Property 'evm' does not exist on type '{ total_agreements: number; active_agreements: number; under_review: number; avg_adherence_score: number | null; total_violations: number; agreements_with_violations: number; health: DomainHealth; }'.
components/project/PMBOK8DomainDashboard.tsx(710,83): error TS2339: Property 'evm' does not exist on type '{ total_agreements: number; active_agreements: number; under_review: number; avg_adherence_score: number | null; total_violations: number; agreements_with_violations: number; health: DomainHealth; } | { ...; } | { ...; } | { ...; } | { ...; }'.
  Property 'evm' does not exist on type '{ total_agreements: number; active_agreements: number; under_review: number; avg_adherence_score: number | null; total_violations: number; agreements_with_violations: number; health: DomainHealth; }'.
components/project/PMBOK8DomainDashboard.tsx(713,67): error TS2339: Property 'evm' does not exist on type '{ total_agreements: number; active_agreements: number; under_review: number; avg_adherence_score: number | null; total_violations: number; agreements_with_violations: number; health: DomainHealth; } | { ...; } | { ...; } | { ...; } | { ...; }'.
  Property 'evm' does not exist on type '{ total_agreements: number; active_agreements: number; under_review: number; avg_adherence_score: number | null; total_violations: number; agreements_with_violations: number; health: DomainHealth; }'.
components/project/PMBOK8DomainDashboard.tsx(719,37): error TS2339: Property 'evm' does not exist on type '{ total_agreements: number; active_agreements: number; under_review: number; avg_adherence_score: number | null; total_violations: number; agreements_with_violations: number; health: DomainHealth; } | { ...; } | { ...; } | { ...; } | { ...; }'.
  Property 'evm' does not exist on type '{ total_agreements: number; active_agreements: number; under_review: number; avg_adherence_score: number | null; total_violations: number; agreements_with_violations: number; health: DomainHealth; }'.
components/project/PMBOK8DomainDashboard.tsx(719,82): error TS2339: Property 'evm' does not exist on type '{ total_agreements: number; active_agreements: number; under_review: number; avg_adherence_score: number | null; total_violations: number; agreements_with_violations: number; health: DomainHealth; } | { ...; } | { ...; } | { ...; } | { ...; }'.
  Property 'evm' does not exist on type '{ total_agreements: number; active_agreements: number; under_review: number; avg_adherence_score: number | null; total_violations: number; agreements_with_violations: number; health: DomainHealth; }'.
components/project/PMBOK8DomainDashboard.tsx(720,47): error TS2339: Property 'evm' does not exist on type '{ total_agreements: number; active_agreements: number; under_review: number; avg_adherence_score: number | null; total_violations: number; agreements_with_violations: number; health: DomainHealth; } | { ...; } | { ...; } | { ...; } | { ...; }'.
  Property 'evm' does not exist on type '{ total_agreements: number; active_agreements: number; under_review: number; avg_adherence_score: number | null; total_violations: number; agreements_with_violations: number; health: DomainHealth; }'.
components/project/PMBOK8DomainDashboard.tsx(727,37): error TS2339: Property 'evm' does not exist on type '{ total_agreements: number; active_agreements: number; under_review: number; avg_adherence_score: number | null; total_violations: number; agreements_with_violations: number; health: DomainHealth; } | { ...; } | { ...; } | { ...; } | { ...; }'.
  Property 'evm' does not exist on type '{ total_agreements: number; active_agreements: number; under_review: number; avg_adherence_score: number | null; total_violations: number; agreements_with_violations: number; health: DomainHealth; }'.
components/project/PMBOK8DomainDashboard.tsx(727,82): error TS2339: Property 'evm' does not exist on type '{ total_agreements: number; active_agreements: number; under_review: number; avg_adherence_score: number | null; total_violations: number; agreements_with_violations: number; health: DomainHealth; } | { ...; } | { ...; } | { ...; } | { ...; }'.
  Property 'evm' does not exist on type '{ total_agreements: number; active_agreements: number; under_review: number; avg_adherence_score: number | null; total_violations: number; agreements_with_violations: number; health: DomainHealth; }'.
components/project/PMBOK8DomainDashboard.tsx(728,47): error TS2339: Property 'evm' does not exist on type '{ total_agreements: number; active_agreements: number; under_review: number; avg_adherence_score: number | null; total_violations: number; agreements_with_violations: number; health: DomainHealth; } | { ...; } | { ...; } | { ...; } | { ...; }'.
  Property 'evm' does not exist on type '{ total_agreements: number; active_agreements: number; under_review: number; avg_adherence_score: number | null; total_violations: number; agreements_with_violations: number; health: DomainHealth; }'.
components/project/PMBOK8DomainDashboard.tsx(732,33): error TS2339: Property 'performance' does not exist on type '{ total_agreements: number; active_agreements: number; under_review: number; avg_adherence_score: number | null; total_violations: number; agreements_with_violations: number; health: DomainHealth; } | { ...; } | { ...; } | { ...; } | { ...; }'.
  Property 'performance' does not exist on type '{ total_agreements: number; active_agreements: number; under_review: number; avg_adherence_score: number | null; total_violations: number; agreements_with_violations: number; health: DomainHealth; }'.
components/project/PMBOK8DomainDashboard.tsx(732,88): error TS2339: Property 'performance' does not exist on type '{ total_agreements: number; active_agreements: number; under_review: number; avg_adherence_score: number | null; total_violations: number; agreements_with_violations: number; health: DomainHealth; } | { ...; } | { ...; } | { ...; } | { ...; }'.
  Property 'performance' does not exist on type '{ total_agreements: number; active_agreements: number; under_review: number; avg_adherence_score: number | null; total_violations: number; agreements_with_violations: number; health: DomainHealth; }'.
components/project/PMBOK8DomainDashboard.tsx(735,82): error TS2339: Property 'performance' does not exist on type '{ total_agreements: number; active_agreements: number; under_review: number; avg_adherence_score: number | null; total_violations: number; agreements_with_violations: number; health: DomainHealth; } | { ...; } | { ...; } | { ...; } | { ...; }'.
  Property 'performance' does not exist on type '{ total_agreements: number; active_agreements: number; under_review: number; avg_adherence_score: number | null; total_violations: number; agreements_with_violations: number; health: DomainHealth; }'.
components/project/PMBOK8DomainDashboard.tsx(738,33): error TS2339: Property 'performance' does not exist on type '{ total_agreements: number; active_agreements: number; under_review: number; avg_adherence_score: number | null; total_violations: number; agreements_with_violations: number; health: DomainHealth; } | { ...; } | { ...; } | { ...; } | { ...; }'.
  Property 'performance' does not exist on type '{ total_agreements: number; active_agreements: number; under_review: number; avg_adherence_score: number | null; total_violations: number; agreements_with_violations: number; health: DomainHealth; }'.
components/project/PMBOK8DomainDashboard.tsx(738,87): error TS2339: Property 'performance' does not exist on type '{ total_agreements: number; active_agreements: number; under_review: number; avg_adherence_score: number | null; total_violations: number; agreements_with_violations: number; health: DomainHealth; } | { ...; } | { ...; } | { ...; } | { ...; }'.
  Property 'performance' does not exist on type '{ total_agreements: number; active_agreements: number; under_review: number; avg_adherence_score: number | null; total_violations: number; agreements_with_violations: number; health: DomainHealth; }'.
components/project/PMBOK8DomainDashboard.tsx(741,83): error TS2339: Property 'performance' does not exist on type '{ total_agreements: number; active_agreements: number; under_review: number; avg_adherence_score: number | null; total_violations: number; agreements_with_violations: number; health: DomainHealth; } | { ...; } | { ...; } | { ...; } | { ...; }'.
  Property 'performance' does not exist on type '{ total_agreements: number; active_agreements: number; under_review: number; avg_adherence_score: number | null; total_violations: number; agreements_with_violations: number; health: DomainHealth; }'.
components/project/PMBOK8DomainDashboard.tsx(744,33): error TS2339: Property 'performance' does not exist on type '{ total_agreements: number; active_agreements: number; under_review: number; avg_adherence_score: number | null; total_violations: number; agreements_with_violations: number; health: DomainHealth; } | { ...; } | { ...; } | { ...; } | { ...; }'.
  Property 'performance' does not exist on type '{ total_agreements: number; active_agreements: number; under_review: number; avg_adherence_score: number | null; total_violations: number; agreements_with_violations: number; health: DomainHealth; }'.
components/project/PMBOK8DomainDashboard.tsx(744,89): error TS2339: Property 'performance' does not exist on type '{ total_agreements: number; active_agreements: number; under_review: number; avg_adherence_score: number | null; total_violations: number; agreements_with_violations: number; health: DomainHealth; } | { ...; } | { ...; } | { ...; } | { ...; }'.
  Property 'performance' does not exist on type '{ total_agreements: number; active_agreements: number; under_review: number; avg_adherence_score: number | null; total_violations: number; agreements_with_violations: number; health: DomainHealth; }'.
components/project/PMBOK8DomainDashboard.tsx(747,80): error TS2339: Property 'performance' does not exist on type '{ total_agreements: number; active_agreements: number; under_review: number; avg_adherence_score: number | null; total_violations: number; agreements_with_violations: number; health: DomainHealth; } | { ...; } | { ...; } | { ...; } | { ...; }'.
  Property 'performance' does not exist on type '{ total_agreements: number; active_agreements: number; under_review: number; avg_adherence_score: number | null; total_violations: number; agreements_with_violations: number; health: DomainHealth; }'.
components/project/PMBOK8DomainDashboard.tsx(750,33): error TS2339: Property 'actuals' does not exist on type '{ total_agreements: number; active_agreements: number; under_review: number; avg_adherence_score: number | null; total_violations: number; agreements_with_violations: number; health: DomainHealth; } | { ...; } | { ...; } | { ...; } | { ...; }'.
  Property 'actuals' does not exist on type '{ total_agreements: number; active_agreements: number; under_review: number; avg_adherence_score: number | null; total_violations: number; agreements_with_violations: number; health: DomainHealth; }'.
components/project/PMBOK8DomainDashboard.tsx(754,69): error TS2339: Property 'actuals' does not exist on type '{ total_agreements: number; active_agreements: number; under_review: number; avg_adherence_score: number | null; total_violations: number; agreements_with_violations: number; health: DomainHealth; } | { ...; } | { ...; } | { ...; } | { ...; }'.
  Property 'actuals' does not exist on type '{ total_agreements: number; active_agreements: number; under_review: number; avg_adherence_score: number | null; total_violations: number; agreements_with_violations: number; health: DomainHealth; }'.
components/project/PMBOK8DomainDashboard.tsx(758,70): error TS2339: Property 'actuals' does not exist on type '{ total_agreements: number; active_agreements: number; under_review: number; avg_adherence_score: number | null; total_violations: number; agreements_with_violations: number; health: DomainHealth; } | { ...; } | { ...; } | { ...; } | { ...; }'.
  Property 'actuals' does not exist on type '{ total_agreements: number; active_agreements: number; under_review: number; avg_adherence_score: number | null; total_violations: number; agreements_with_violations: number; health: DomainHealth; }'.
components/project/PMBOK8DomainDashboard.tsx(758,123): error TS2339: Property 'actuals' does not exist on type '{ total_agreements: number; active_agreements: number; under_review: number; avg_adherence_score: number | null; total_violations: number; agreements_with_violations: number; health: DomainHealth; } | { ...; } | { ...; } | { ...; } | { ...; }'.
  Property 'actuals' does not exist on type '{ total_agreements: number; active_agreements: number; under_review: number; avg_adherence_score: number | null; total_violations: number; agreements_with_violations: number; health: DomainHealth; }'.
components/project/PMBOK8DomainDashboard.tsx(759,41): error TS2339: Property 'actuals' does not exist on type '{ total_agreements: number; active_agreements: number; under_review: number; avg_adherence_score: number | null; total_violations: number; agreements_with_violations: number; health: DomainHealth; } | { ...; } | { ...; } | { ...; } | { ...; }'.
  Property 'actuals' does not exist on type '{ total_agreements: number; active_agreements: number; under_review: number; avg_adherence_score: number | null; total_violations: number; agreements_with_violations: number; health: DomainHealth; }'.
components/project/PMBOK8DomainDashboard.tsx(760,47): error TS2339: Property 'actuals' does not exist on type '{ total_agreements: number; active_agreements: number; under_review: number; avg_adherence_score: number | null; total_violations: number; agreements_with_violations: number; health: DomainHealth; } | { ...; } | { ...; } | { ...; } | { ...; }'.
  Property 'actuals' does not exist on type '{ total_agreements: number; active_agreements: number; under_review: number; avg_adherence_score: number | null; total_violations: number; agreements_with_violations: number; health: DomainHealth; }'.
components/project/PMBOK8DomainDashboard.tsx(760,107): error TS2339: Property 'actuals' does not exist on type '{ total_agreements: number; active_agreements: number; under_review: number; avg_adherence_score: number | null; total_violations: number; agreements_with_violations: number; health: DomainHealth; } | { ...; } | { ...; } | { ...; } | { ...; }'.
  Property 'actuals' does not exist on type '{ total_agreements: number; active_agreements: number; under_review: number; avg_adherence_score: number | null; total_violations: number; agreements_with_violations: number; health: DomainHealth; }'.
components/project/PMBOK8DomainDashboard.tsx(766,70): error TS2339: Property 'actuals' does not exist on type '{ total_agreements: number; active_agreements: number; under_review: number; avg_adherence_score: number | null; total_violations: number; agreements_with_violations: number; health: DomainHealth; } | { ...; } | { ...; } | { ...; } | { ...; }'.
  Property 'actuals' does not exist on type '{ total_agreements: number; active_agreements: number; under_review: number; avg_adherence_score: number | null; total_violations: number; agreements_with_violations: number; health: DomainHealth; }'.
components/project/PMBOK8DomainDashboard.tsx(766,114): error TS2339: Property 'actuals' does not exist on type '{ total_agreements: number; active_agreements: number; under_review: number; avg_adherence_score: number | null; total_violations: number; agreements_with_violations: number; health: DomainHealth; } | { ...; } | { ...; } | { ...; } | { ...; }'.
  Property 'actuals' does not exist on type '{ total_agreements: number; active_agreements: number; under_review: number; avg_adherence_score: number | null; total_violations: number; agreements_with_violations: number; health: DomainHealth; }'.
components/project/PMBOK8DomainDashboard.tsx(767,41): error TS2339: Property 'actuals' does not exist on type '{ total_agreements: number; active_agreements: number; under_review: number; avg_adherence_score: number | null; total_violations: number; agreements_with_violations: number; health: DomainHealth; } | { ...; } | { ...; } | { ...; } | { ...; }'.
  Property 'actuals' does not exist on type '{ total_agreements: number; active_agreements: number; under_review: number; avg_adherence_score: number | null; total_violations: number; agreements_with_violations: number; health: DomainHealth; }'.
components/project/PMBOK8DomainDashboard.tsx(768,47): error TS2339: Property 'actuals' does not exist on type '{ total_agreements: number; active_agreements: number; under_review: number; avg_adherence_score: number | null; total_violations: number; agreements_with_violations: number; health: DomainHealth; } | { ...; } | { ...; } | { ...; } | { ...; }'.
  Property 'actuals' does not exist on type '{ total_agreements: number; active_agreements: number; under_review: number; avg_adherence_score: number | null; total_violations: number; agreements_with_violations: number; health: DomainHealth; }'.
components/project/PMBOK8DomainDashboard.tsx(768,98): error TS2339: Property 'actuals' does not exist on type '{ total_agreements: number; active_agreements: number; under_review: number; avg_adherence_score: number | null; total_violations: number; agreements_with_violations: number; health: DomainHealth; } | { ...; } | { ...; } | { ...; } | { ...; }'.
  Property 'actuals' does not exist on type '{ total_agreements: number; active_agreements: number; under_review: number; avg_adherence_score: number | null; total_violations: number; agreements_with_violations: number; health: DomainHealth; }'.
components/project/PMBOK8DomainDashboard.tsx(775,41): error TS2339: Property 'actuals' does not exist on type '{ total_agreements: number; active_agreements: number; under_review: number; avg_adherence_score: number | null; total_violations: number; agreements_with_violations: number; health: DomainHealth; } | { ...; } | { ...; } | { ...; } | { ...; }'.
  Property 'actuals' does not exist on type '{ total_agreements: number; active_agreements: number; under_review: number; avg_adherence_score: number | null; total_violations: number; agreements_with_violations: number; health: DomainHealth; }'.
components/project/PMBOK8DomainDashboard.tsx(776,47): error TS2339: Property 'actuals' does not exist on type '{ total_agreements: number; active_agreements: number; under_review: number; avg_adherence_score: number | null; total_violations: number; agreements_with_violations: number; health: DomainHealth; } | { ...; } | { ...; } | { ...; } | { ...; }'.
  Property 'actuals' does not exist on type '{ total_agreements: number; active_agreements: number; under_review: number; avg_adherence_score: number | null; total_violations: number; agreements_with_violations: number; health: DomainHealth; }'.
components/project/PMBOK8DomainDashboard.tsx(782,82): error TS2339: Property 'actuals' does not exist on type '{ total_agreements: number; active_agreements: number; under_review: number; avg_adherence_score: number | null; total_violations: number; agreements_with_violations: number; health: DomainHealth; } | { ...; } | { ...; } | { ...; } | { ...; }'.
  Property 'actuals' does not exist on type '{ total_agreements: number; active_agreements: number; under_review: number; avg_adherence_score: number | null; total_violations: number; agreements_with_violations: number; health: DomainHealth; }'.
components/project/PMBOK8DomainDashboard.tsx(798,38): error TS2339: Property 'total_opportunities' does not exist on type '{ total_agreements: number; active_agreements: number; under_review: number; avg_adherence_score: number | null; total_violations: number; agreements_with_violations: number; health: DomainHealth; } | { ...; } | { ...; } | { ...; } | { ...; }'.
  Property 'total_opportunities' does not exist on type '{ total_agreements: number; active_agreements: number; under_review: number; avg_adherence_score: number | null; total_violations: number; agreements_with_violations: number; health: DomainHealth; }'.
components/project/PMBOK8DomainDashboard.tsx(798,74): error TS2339: Property 'total_risk_responses' does not exist on type '{ total_agreements: number; active_agreements: number; under_review: number; avg_adherence_score: number | null; total_violations: number; agreements_with_violations: number; health: DomainHealth; } | { ...; } | { ...; } | { ...; } | { ...; }'.
  Property 'total_risk_responses' does not exist on type '{ total_agreements: number; active_agreements: number; under_review: number; avg_adherence_score: number | null; total_violations: number; agreements_with_violations: number; health: DomainHealth; }'.
components/project/PMBOK8DomainDashboard.tsx(803,65): error TS2339: Property 'total_opportunities' does not exist on type '{ total_agreements: number; active_agreements: number; under_review: number; avg_adherence_score: number | null; total_violations: number; agreements_with_violations: number; health: DomainHealth; } | { ...; } | { ...; } | { ...; } | { ...; }'.
  Property 'total_opportunities' does not exist on type '{ total_agreements: number; active_agreements: number; under_review: number; avg_adherence_score: number | null; total_violations: number; agreements_with_violations: number; health: DomainHealth; }'.
components/project/PMBOK8DomainDashboard.tsx(805,33): error TS2339: Property 'realized_opportunities' does not exist on type '{ total_agreements: number; active_agreements: number; under_review: number; avg_adherence_score: number | null; total_violations: number; agreements_with_violations: number; health: DomainHealth; } | { ...; } | { ...; } | { ...; } | { ...; }'.
  Property 'realized_opportunities' does not exist on type '{ total_agreements: number; active_agreements: number; under_review: number; avg_adherence_score: number | null; total_violations: number; agreements_with_violations: number; health: DomainHealth; }'.
components/project/PMBOK8DomainDashboard.tsx(805,83): error TS2339: Property 'realized_opportunities' does not exist on type '{ total_agreements: number; active_agreements: number; under_review: number; avg_adherence_score: number | null; total_violations: number; agreements_with_violations: number; health: DomainHealth; } | { ...; } | { ...; } | { ...; } | { ...; }'.
  Property 'realized_opportunities' does not exist on type '{ total_agreements: number; active_agreements: number; under_review: number; avg_adherence_score: number | null; total_violations: number; agreements_with_violations: number; health: DomainHealth; }'.
components/project/PMBOK8DomainDashboard.tsx(808,82): error TS2339: Property 'realized_opportunities' does not exist on type '{ total_agreements: number; active_agreements: number; under_review: number; avg_adherence_score: number | null; total_violations: number; agreements_with_violations: number; health: DomainHealth; } | { ...; } | { ...; } | { ...; } | { ...; }'.
  Property 'realized_opportunities' does not exist on type '{ total_agreements: number; active_agreements: number; under_review: number; avg_adherence_score: number | null; total_violations: number; agreements_with_violations: number; health: DomainHealth; }'.
components/project/PMBOK8DomainDashboard.tsx(811,33): error TS2339: Property 'exploiting_opportunities' does not exist on type '{ total_agreements: number; active_agreements: number; under_review: number; avg_adherence_score: number | null; total_violations: number; agreements_with_violations: number; health: DomainHealth; } | { ...; } | { ...; } | { ...; } | { ...; }'.
  Property 'exploiting_opportunities' does not exist on type '{ total_agreements: number; active_agreements: number; under_review: number; avg_adherence_score: number | null; total_violations: number; agreements_with_violations: number; health: DomainHealth; }'.
components/project/PMBOK8DomainDashboard.tsx(811,85): error TS2339: Property 'exploiting_opportunities' does not exist on type '{ total_agreements: number; active_agreements: number; under_review: number; avg_adherence_score: number | null; total_violations: number; agreements_with_violations: number; health: DomainHealth; } | { ...; } | { ...; } | { ...; } | { ...; }'.
  Property 'exploiting_opportunities' does not exist on type '{ total_agreements: number; active_agreements: number; under_review: number; avg_adherence_score: number | null; total_violations: number; agreements_with_violations: number; health: DomainHealth; }'.
components/project/PMBOK8DomainDashboard.tsx(814,81): error TS2339: Property 'exploiting_opportunities' does not exist on type '{ total_agreements: number; active_agreements: number; under_review: number; avg_adherence_score: number | null; total_violations: number; agreements_with_violations: number; health: DomainHealth; } | { ...; } | { ...; } | { ...; } | { ...; }'.
  Property 'exploiting_opportunities' does not exist on type '{ total_agreements: number; active_agreements: number; under_review: number; avg_adherence_score: number | null; total_violations: number; agreements_with_violations: number; health: DomainHealth; }'.
components/project/PMBOK8DomainDashboard.tsx(819,65): error TS2339: Property 'total_risk_responses' does not exist on type '{ total_agreements: number; active_agreements: number; under_review: number; avg_adherence_score: number | null; total_violations: number; agreements_with_violations: number; health: DomainHealth; } | { ...; } | { ...; } | { ...; } | { ...; }'.
  Property 'total_risk_responses' does not exist on type '{ total_agreements: number; active_agreements: number; under_review: number; avg_adherence_score: number | null; total_violations: number; agreements_with_violations: number; health: DomainHealth; }'.
components/project/PMBOK8DomainDashboard.tsx(821,33): error TS2339: Property 'effective_responses' does not exist on type '{ total_agreements: number; active_agreements: number; under_review: number; avg_adherence_score: number | null; total_violations: number; agreements_with_violations: number; health: DomainHealth; } | { ...; } | { ...; } | { ...; } | { ...; }'.
  Property 'effective_responses' does not exist on type '{ total_agreements: number; active_agreements: number; under_review: number; avg_adherence_score: number | null; total_violations: number; agreements_with_violations: number; health: DomainHealth; }'.
components/project/PMBOK8DomainDashboard.tsx(821,80): error TS2339: Property 'effective_responses' does not exist on type '{ total_agreements: number; active_agreements: number; under_review: number; avg_adherence_score: number | null; total_violations: number; agreements_with_violations: number; health: DomainHealth; } | { ...; } | { ...; } | { ...; } | { ...; }'.
  Property 'effective_responses' does not exist on type '{ total_agreements: number; active_agreements: number; under_review: number; avg_adherence_score: number | null; total_violations: number; agreements_with_violations: number; health: DomainHealth; }'.
components/project/PMBOK8DomainDashboard.tsx(824,82): error TS2339: Property 'effective_responses' does not exist on type '{ total_agreements: number; active_agreements: number; under_review: number; avg_adherence_score: number | null; total_violations: number; agreements_with_violations: number; health: DomainHealth; } | { ...; } | { ...; } | { ...; } | { ...; }'.
  Property 'effective_responses' does not exist on type '{ total_agreements: number; active_agreements: number; under_review: number; avg_adherence_score: number | null; total_violations: number; agreements_with_violations: number; health: DomainHealth; }'.
components/project/PMBOK8DomainDashboard.tsx(827,33): error TS2339: Property 'ineffective_responses' does not exist on type '{ total_agreements: number; active_agreements: number; under_review: number; avg_adherence_score: number | null; total_violations: number; agreements_with_violations: number; health: DomainHealth; } | { ...; } | { ...; } | { ...; } | { ...; }'.
  Property 'ineffective_responses' does not exist on type '{ total_agreements: number; active_agreements: number; under_review: number; avg_adherence_score: number | null; total_violations: number; agreements_with_violations: number; health: DomainHealth; }'.
components/project/PMBOK8DomainDashboard.tsx(827,82): error TS2339: Property 'ineffective_responses' does not exist on type '{ total_agreements: number; active_agreements: number; under_review: number; avg_adherence_score: number | null; total_violations: number; agreements_with_violations: number; health: DomainHealth; } | { ...; } | { ...; } | { ...; } | { ...; }'.
  Property 'ineffective_responses' does not exist on type '{ total_agreements: number; active_agreements: number; under_review: number; avg_adherence_score: number | null; total_violations: number; agreements_with_violations: number; health: DomainHealth; }'.
components/project/PMBOK8DomainDashboard.tsx(830,80): error TS2339: Property 'ineffective_responses' does not exist on type '{ total_agreements: number; active_agreements: number; under_review: number; avg_adherence_score: number | null; total_violations: number; agreements_with_violations: number; health: DomainHealth; } | { ...; } | { ...; } | { ...; } | { ...; }'.
  Property 'ineffective_responses' does not exist on type '{ total_agreements: number; active_agreements: number; under_review: number; avg_adherence_score: number | null; total_violations: number; agreements_with_violations: number; health: DomainHealth; }'.
components/project/ProjectIssuesTab.tsx(574,23): error TS2322: Type '({ name, value }: { name: any; value: any; }) => string' is not assignable to type 'PieLabel | undefined'.
  Type '({ name, value }: { name: any; value: any; }) => string' is not assignable to type '(props: PieLabelRenderProps) => ReactNode | ReactElement<SVGElement, string | JSXElementConstructor<any>>'.
    Types of parameters '__0' and 'props' are incompatible.
      Property 'value' is missing in type 'PieLabelRenderProps' but required in type '{ name: any; value: any; }'.
components/project/ProjectIssuesTab.tsx(602,23): error TS2322: Type '({ name, value }: { name: any; value: any; }) => string' is not assignable to type 'PieLabel | undefined'.
  Type '({ name, value }: { name: any; value: any; }) => string' is not assignable to type '(props: PieLabelRenderProps) => ReactNode | ReactElement<SVGElement, string | JSXElementConstructor<any>>'.
    Types of parameters '__0' and 'props' are incompatible.
      Property 'value' is missing in type 'PieLabelRenderProps' but required in type '{ name: any; value: any; }'.
components/project/ProjectRiskRegistryTab.tsx(151,18): error TS2552: Cannot find name 'useRouter'. Did you mean 'router'?
components/project/ProjectRiskRegistryTab.tsx(210,40): error TS2339: Property 'data' does not exist on type '{}'.
components/project/ProjectRiskRegistryTab.tsx(210,79): error TS2339: Property 'data' does not exist on type '{}'.
components/project/ProjectRiskRegistryTab.tsx(211,42): error TS2339: Property 'data' does not exist on type '{}'.
components/project/ProjectRisksTab.tsx(1042,17): error TS2322: Type '(value: ProjectRisk["risk_origin"]) => void' is not assignable to type '(value: string) => void'.
  Types of parameters 'value' and 'value' are incompatible.
    Type 'string' is not assignable to type '"project-extraction" | "program-level" | "portfolio-level" | "manual-entry" | "risk-workshop" | "strategic-review" | undefined'.
components/project/TaskCardView.tsx(238,23): error TS2551: Property 'assigned_role_name' does not exist on type 'Task'. Did you mean 'assigned_user_name'?
components/project/TaskCardView.tsx(239,50): error TS2551: Property 'assigned_role_name' does not exist on type 'Task'. Did you mean 'assigned_user_name'?
components/project/TaskCardView.tsx(293,24): error TS2551: Property 'assigned_role_name' does not exist on type 'Task'. Did you mean 'assigned_user_name'?
components/project/TaskCardView.tsx(294,24): error TS2551: Property 'assigned_role_name' does not exist on type 'Task'. Did you mean 'assigned_user_name'?
components/project/TaskDependencyDialog.tsx(47,28): error TS2339: Property 'isLoading' does not exist on type 'UseApiReturn<{ success: boolean; data: Task[]; }>'.
components/project/TaskDependencyDialog.tsx(48,5): error TS2345: Argument of type 'string | null' is not assignable to parameter of type 'string'.
  Type 'null' is not assignable to type 'string'.
components/project/TaskEditForm.tsx(299,40): error TS2551: Property 'actual_start_date' does not exist on type 'Task'. Did you mean 'actualStartDate'?
components/project/TaskEditForm.tsx(302,77): error TS2551: Property 'actual_start_date' does not exist on type 'Task'. Did you mean 'actualStartDate'?
components/project/TaskEditForm.tsx(305,38): error TS2551: Property 'actual_end_date' does not exist on type 'Task'. Did you mean 'actualEndDate'?
components/project/TaskEditForm.tsx(308,75): error TS2551: Property 'actual_end_date' does not exist on type 'Task'. Did you mean 'actualEndDate'?
components/project/TaskGanttView.tsx(349,52): error TS2339: Property 'baseVal' does not exist on type 'string'.
components/project/TaskGanttView.tsx(562,50): error TS2339: Property 'baseVal' does not exist on type 'string'.
components/project/TaskGanttViewNew.tsx(431,16): error TS7006: Parameter 'word' implicitly has an 'any' type.
components/project/TaskGanttViewNew.tsx(596,24): error TS2551: Property 'assigned_role_name' does not exist on type 'Task'. Did you mean 'assigned_user_name'?
components/project/TaskGanttViewNew.tsx(680,16): error TS7006: Parameter 'word' implicitly has an 'any' type.
components/project/TaskGanttViewNew.tsx(804,55): error TS2352: Conversion of type 'number' to type 'ViewMode' may be a mistake because neither type sufficiently overlaps with the other. If this was intentional, convert the expression to 'unknown' first.
components/project/TaskGanttViewNew.tsx(853,15): error TS2322: Type 'FC<{ task: PlannerTask; fontSize: number; fontFamily: string; }>' is not assignable to type 'FunctionComponent<{ task: Task; fontSize: string; fontFamily: string; }>'.
  Types of property 'propTypes' are incompatible.
    Type 'WeakValidationMap<{ task: PlannerTask; fontSize: number; fontFamily: string; }> | undefined' is not assignable to type 'WeakValidationMap<{ task: Task; fontSize: string; fontFamily: string; }> | undefined'.
      Type 'WeakValidationMap<{ task: PlannerTask; fontSize: number; fontFamily: string; }>' is not assignable to type 'WeakValidationMap<{ task: Task; fontSize: string; fontFamily: string; }>'.
        Types of property 'fontSize' are incompatible.
          Type 'Validator<number> | undefined' is not assignable to type 'Validator<string> | undefined'.
            Type 'Validator<number>' is not assignable to type 'Validator<string>'.
              Type 'number' is not assignable to type 'string'.
components/project/TaskHoursView.tsx(32,51): error TS2345: Argument of type 'string | undefined' is not assignable to parameter of type 'string'.
  Type 'undefined' is not assignable to type 'string'.
components/project/TaskSourceView.tsx(133,28): error TS2769: No overload matches this call.
  Overload 1 of 4, '(value: string | number | Date): Date', gave the following error.
    Argument of type 'string | Date | undefined' is not assignable to parameter of type 'string | number | Date'.
      Type 'undefined' is not assignable to type 'string | number | Date'.
  Overload 2 of 4, '(value: string | number): Date', gave the following error.
    Argument of type 'string | Date | undefined' is not assignable to parameter of type 'string | number'.
      Type 'undefined' is not assignable to type 'string | number'.
components/project/TaskSourceView.tsx(141,27): error TS2769: No overload matches this call.
  Overload 1 of 4, '(value: string | number | Date): Date', gave the following error.
    Argument of type 'string | Date | undefined' is not assignable to parameter of type 'string | number | Date'.
      Type 'undefined' is not assignable to type 'string | number | Date'.
  Overload 2 of 4, '(value: string | number): Date', gave the following error.
    Argument of type 'string | Date | undefined' is not assignable to parameter of type 'string | number'.
      Type 'undefined' is not assignable to type 'string | number'.
components/project/TaskTable.tsx(100,9): error TS2367: This comparison appears to be unintentional because the types 'SortKey' and '"assigned_role_name"' have no overlap.
components/project/TaskTable.tsx(101,19): error TS2551: Property 'assigned_role_name' does not exist on type 'Task'. Did you mean 'assigned_user_name'?
components/project/TaskTable.tsx(102,19): error TS2551: Property 'assigned_role_name' does not exist on type 'Task'. Did you mean 'assigned_user_name'?
components/project/TaskTable.tsx(226,23): error TS2551: Property 'assigned_role_name' does not exist on type 'Task'. Did you mean 'assigned_user_name'?
components/project/TaskTable.tsx(227,50): error TS2551: Property 'assigned_role_name' does not exist on type 'Task'. Did you mean 'assigned_user_name'?
components/project/TaskTable.tsx(253,26): error TS2339: Property 'assigned_to' does not exist on type 'Task'.
components/project/TaskTable.tsx(257,43): error TS2339: Property 'assigned_to' does not exist on type 'Task'.
components/project/TaskTable.tsx(262,31): error TS2339: Property 'assigned_to' does not exist on type 'Task'.
components/project/TaskTable.tsx(264,29): error TS2339: Property 'assigned_to' does not exist on type 'Task'.
components/project/TaskTable.tsx(266,34): error TS2339: Property 'assigned_to' does not exist on type 'Task'.
components/quality/QualityAuditModal.tsx(614,65): error TS2345: Argument of type 'number' is not assignable to parameter of type 'string'.
components/quality/QualityAuditModal.tsx(2412,9): error TS2322: Type 'void' is not assignable to type 'string'.
components/quality/QualityAuditModal.tsx(2413,9): error TS18004: No value exists in scope for the shorthand property 'score'. Either declare one or provide an initializer.
components/quality/QualityAuditModal.tsx(2416,36): error TS2304: Cannot find name 'score'.
components/quality/QualityAuditModal.tsx(2427,5): error TS2322: Type 'void' is not assignable to type 'string'.
components/quality/QualityAuditReport.tsx(183,28): error TS2345: Argument of type 'number | null | undefined' is not assignable to parameter of type 'number | null'.
  Type 'undefined' is not assignable to type 'number | null'.
components/quality/QualityAuditReport.tsx(185,66): error TS2345: Argument of type 'string | null | undefined' is not assignable to parameter of type 'string | null'.
  Type 'undefined' is not assignable to type 'string | null'.
components/quality/QualityAuditReport.tsx(188,61): error TS2345: Argument of type 'string | null | undefined' is not assignable to parameter of type 'string | null'.
  Type 'undefined' is not assignable to type 'string | null'.
components/quality/QualityAuditReport.tsx(206,68): error TS2345: Argument of type 'number | null | undefined' is not assignable to parameter of type 'number | null'.
  Type 'undefined' is not assignable to type 'number | null'.
components/quality/QualityAuditReport.tsx(207,30): error TS2345: Argument of type 'number | null | undefined' is not assignable to parameter of type 'number | null'.
  Type 'undefined' is not assignable to type 'number | null'.
components/quality/QualityAuditReport.tsx(212,68): error TS2345: Argument of type 'number | null | undefined' is not assignable to parameter of type 'number | null'.
  Type 'undefined' is not assignable to type 'number | null'.
components/quality/QualityAuditReport.tsx(213,30): error TS2345: Argument of type 'number | null | undefined' is not assignable to parameter of type 'number | null'.
  Type 'undefined' is not assignable to type 'number | null'.
components/quality/QualityAuditReport.tsx(218,68): error TS2345: Argument of type 'number | null | undefined' is not assignable to parameter of type 'number | null'.
  Type 'undefined' is not assignable to type 'number | null'.
components/quality/QualityAuditReport.tsx(219,30): error TS2345: Argument of type 'number | null | undefined' is not assignable to parameter of type 'number | null'.
  Type 'undefined' is not assignable to type 'number | null'.
components/quality/QualityAuditReport.tsx(224,68): error TS2345: Argument of type 'number | null | undefined' is not assignable to parameter of type 'number | null'.
  Type 'undefined' is not assignable to type 'number | null'.
components/quality/QualityAuditReport.tsx(225,30): error TS2345: Argument of type 'number | null | undefined' is not assignable to parameter of type 'number | null'.
  Type 'undefined' is not assignable to type 'number | null'.
components/quality/QualityAuditReport.tsx(230,68): error TS2345: Argument of type 'number | null | undefined' is not assignable to parameter of type 'number | null'.
  Type 'undefined' is not assignable to type 'number | null'.
components/quality/QualityAuditReport.tsx(231,30): error TS2345: Argument of type 'number | null | undefined' is not assignable to parameter of type 'number | null'.
  Type 'undefined' is not assignable to type 'number | null'.
components/quality/QualityAuditReport.tsx(236,68): error TS2345: Argument of type 'number | null | undefined' is not assignable to parameter of type 'number | null'.
  Type 'undefined' is not assignable to type 'number | null'.
components/quality/QualityAuditReport.tsx(237,30): error TS2345: Argument of type 'number | null | undefined' is not assignable to parameter of type 'number | null'.
  Type 'undefined' is not assignable to type 'number | null'.
components/risks/AIMitigationSuggestionsDialog.tsx(98,11): error TS18046: 'response' is of type 'unknown'.
components/risks/AIMitigationSuggestionsDialog.tsx(98,31): error TS18046: 'response' is of type 'unknown'.
components/risks/AIMitigationSuggestionsDialog.tsx(99,24): error TS18046: 'response' is of type 'unknown'.
components/risks/AIMitigationSuggestionsDialog.tsx(100,36): error TS18046: 'response' is of type 'unknown'.
components/risks/MitigationPlanDialog.tsx(85,5): error TS2322: Type 'Resolver<{ title: string; status?: "completed" | "in_progress" | "cancelled" | "on_hold" | "planned" | undefined; owner_id?: string | null | undefined; priority?: "high" | "medium" | "low" | "critical" | undefined; ... 11 more ...; completion_notes?: string | undefined; }, any, { ...; }>' is not assignable to type 'Resolver<{ status: "completed" | "in_progress" | "cancelled" | "on_hold" | "planned"; title: string; priority: "high" | "medium" | "low" | "critical"; action_type: "mitigation" | "contingency" | "avoidance" | "transfer" | "acceptance"; ... 11 more ...; completion_notes?: string | undefined; }, any, { ...; }>'.
  Types of parameters 'options' and 'options' are incompatible.
    Type 'ResolverOptions<{ status: "completed" | "in_progress" | "cancelled" | "on_hold" | "planned"; title: string; priority: "high" | "medium" | "low" | "critical"; action_type: "mitigation" | "contingency" | "avoidance" | "transfer" | "acceptance"; ... 11 more ...; completion_notes?: string | undefined; }>' is not assignable to type 'ResolverOptions<{ title: string; status?: "completed" | "in_progress" | "cancelled" | "on_hold" | "planned" | undefined; owner_id?: string | null | undefined; priority?: "high" | "medium" | "low" | "critical" | undefined; ... 11 more ...; completion_notes?: string | undefined; }>'.
      Type '"completed" | "in_progress" | "cancelled" | "on_hold" | "planned" | undefined' is not assignable to type '"completed" | "in_progress" | "cancelled" | "on_hold" | "planned"'.
        Type 'undefined' is not assignable to type '"completed" | "in_progress" | "cancelled" | "on_hold" | "planned"'.
components/risks/MitigationPlanDialog.tsx(239,45): error TS2345: Argument of type '(data: MitigationPlanFormData) => Promise<void>' is not assignable to parameter of type 'SubmitHandler<TFieldValues>'.
  Types of parameters 'data' and 'data' are incompatible.
    Type 'TFieldValues' is not assignable to type '{ status: "completed" | "in_progress" | "cancelled" | "on_hold" | "planned"; title: string; priority: "high" | "medium" | "low" | "critical"; action_type: "mitigation" | "contingency" | "avoidance" | "transfer" | "acceptance"; ... 11 more ...; completion_notes?: string | undefined; }'.
      Type 'FieldValues' is missing the following properties from type '{ status: "completed" | "in_progress" | "cancelled" | "on_hold" | "planned"; title: string; priority: "high" | "medium" | "low" | "critical"; action_type: "mitigation" | "contingency" | "avoidance" | "transfer" | "acceptance"; ... 11 more ...; completion_notes?: string | undefined; }': status, title, priority, action_type, completion_percentage
components/risks/MitigationPlanDialog.tsx(242,15): error TS2322: Type 'Control<{ status: "completed" | "in_progress" | "cancelled" | "on_hold" | "planned"; title: string; priority: "high" | "medium" | "low" | "critical"; action_type: "mitigation" | "contingency" | "avoidance" | "transfer" | "acceptance"; ... 11 more ...; completion_notes?: string | undefined; }, any, TFieldValues>' is not assignable to type 'Control<{ status: "completed" | "in_progress" | "cancelled" | "on_hold" | "planned"; title: string; priority: "high" | "medium" | "low" | "critical"; action_type: "mitigation" | "contingency" | "avoidance" | "transfer" | "acceptance"; ... 11 more ...; completion_notes?: string | undefined; }, any, { ...; }>'.
  The types of '_options.resolver' are incompatible between these types.
    Type 'Resolver<{ status: "completed" | "in_progress" | "cancelled" | "on_hold" | "planned"; title: string; priority: "high" | "medium" | "low" | "critical"; action_type: "mitigation" | "contingency" | "avoidance" | "transfer" | "acceptance"; ... 11 more ...; completion_notes?: string | undefined; }, any, TFieldValues> | u...' is not assignable to type 'Resolver<{ status: "completed" | "in_progress" | "cancelled" | "on_hold" | "planned"; title: string; priority: "high" | "medium" | "low" | "critical"; action_type: "mitigation" | "contingency" | "avoidance" | "transfer" | "acceptance"; ... 11 more ...; completion_notes?: string | undefined; }, any, { ...; }> | undef...'.
      Type 'Resolver<{ status: "completed" | "in_progress" | "cancelled" | "on_hold" | "planned"; title: string; priority: "high" | "medium" | "low" | "critical"; action_type: "mitigation" | "contingency" | "avoidance" | "transfer" | "acceptance"; ... 11 more ...; completion_notes?: string | undefined; }, any, TFieldValues>' is not assignable to type 'Resolver<{ status: "completed" | "in_progress" | "cancelled" | "on_hold" | "planned"; title: string; priority: "high" | "medium" | "low" | "critical"; action_type: "mitigation" | "contingency" | "avoidance" | "transfer" | "acceptance"; ... 11 more ...; completion_notes?: string | undefined; }, any, { ...; }>'.
        Type 'ResolverResult<{ status: "completed" | "in_progress" | "cancelled" | "on_hold" | "planned"; title: string; priority: "high" | "medium" | "low" | "critical"; action_type: "mitigation" | "contingency" | "avoidance" | "transfer" | "acceptance"; ... 11 more ...; completion_notes?: string | undefined; }, TFieldValues> | ...' is not assignable to type 'ResolverResult<{ status: "completed" | "in_progress" | "cancelled" | "on_hold" | "planned"; title: string; priority: "high" | "medium" | "low" | "critical"; action_type: "mitigation" | "contingency" | "avoidance" | "transfer" | "acceptance"; ... 11 more ...; completion_notes?: string | undefined; }, { ...; }> | Prom...'.
          Type 'ResolverSuccess<TFieldValues>' is not assignable to type 'ResolverResult<{ status: "completed" | "in_progress" | "cancelled" | "on_hold" | "planned"; title: string; priority: "high" | "medium" | "low" | "critical"; action_type: "mitigation" | "contingency" | "avoidance" | "transfer" | "acceptance"; ... 11 more ...; completion_notes?: string | undefined; }, { ...; }> | Prom...'.
            Type 'ResolverSuccess<TFieldValues>' is not assignable to type 'ResolverSuccess<{ status: "completed" | "in_progress" | "cancelled" | "on_hold" | "planned"; title: string; priority: "high" | "medium" | "low" | "critical"; action_type: "mitigation" | "contingency" | "avoidance" | "transfer" | "acceptance"; ... 11 more ...; completion_notes?: string | undefined; }>'.
              Type 'TFieldValues' is not assignable to type '{ status: "completed" | "in_progress" | "cancelled" | "on_hold" | "planned"; title: string; priority: "high" | "medium" | "low" | "critical"; action_type: "mitigation" | "contingency" | "avoidance" | "transfer" | "acceptance"; ... 11 more ...; completion_notes?: string | undefined; }'.
                Type 'FieldValues' is missing the following properties from type '{ status: "completed" | "in_progress" | "cancelled" | "on_hold" | "planned"; title: string; priority: "high" | "medium" | "low" | "critical"; action_type: "mitigation" | "contingency" | "avoidance" | "transfer" | "acceptance"; ... 11 more ...; completion_notes?: string | undefined; }': status, title, priority, action_type, completion_percentage
components/risks/MitigationPlanDialog.tsx(257,15): error TS2322: Type 'Control<{ status: "completed" | "in_progress" | "cancelled" | "on_hold" | "planned"; title: string; priority: "high" | "medium" | "low" | "critical"; action_type: "mitigation" | "contingency" | "avoidance" | "transfer" | "acceptance"; ... 11 more ...; completion_notes?: string | undefined; }, any, TFieldValues>' is not assignable to type 'Control<{ status: "completed" | "in_progress" | "cancelled" | "on_hold" | "planned"; title: string; priority: "high" | "medium" | "low" | "critical"; action_type: "mitigation" | "contingency" | "avoidance" | "transfer" | "acceptance"; ... 11 more ...; completion_notes?: string | undefined; }, any, { ...; }>'.
  The types of '_options.resolver' are incompatible between these types.
    Type 'Resolver<{ status: "completed" | "in_progress" | "cancelled" | "on_hold" | "planned"; title: string; priority: "high" | "medium" | "low" | "critical"; action_type: "mitigation" | "contingency" | "avoidance" | "transfer" | "acceptance"; ... 11 more ...; completion_notes?: string | undefined; }, any, TFieldValues> | u...' is not assignable to type 'Resolver<{ status: "completed" | "in_progress" | "cancelled" | "on_hold" | "planned"; title: string; priority: "high" | "medium" | "low" | "critical"; action_type: "mitigation" | "contingency" | "avoidance" | "transfer" | "acceptance"; ... 11 more ...; completion_notes?: string | undefined; }, any, { ...; }> | undef...'.
      Type 'Resolver<{ status: "completed" | "in_progress" | "cancelled" | "on_hold" | "planned"; title: string; priority: "high" | "medium" | "low" | "critical"; action_type: "mitigation" | "contingency" | "avoidance" | "transfer" | "acceptance"; ... 11 more ...; completion_notes?: string | undefined; }, any, TFieldValues>' is not assignable to type 'Resolver<{ status: "completed" | "in_progress" | "cancelled" | "on_hold" | "planned"; title: string; priority: "high" | "medium" | "low" | "critical"; action_type: "mitigation" | "contingency" | "avoidance" | "transfer" | "acceptance"; ... 11 more ...; completion_notes?: string | undefined; }, any, { ...; }>'.
        Type 'ResolverResult<{ status: "completed" | "in_progress" | "cancelled" | "on_hold" | "planned"; title: string; priority: "high" | "medium" | "low" | "critical"; action_type: "mitigation" | "contingency" | "avoidance" | "transfer" | "acceptance"; ... 11 more ...; completion_notes?: string | undefined; }, TFieldValues> | ...' is not assignable to type 'ResolverResult<{ status: "completed" | "in_progress" | "cancelled" | "on_hold" | "planned"; title: string; priority: "high" | "medium" | "low" | "critical"; action_type: "mitigation" | "contingency" | "avoidance" | "transfer" | "acceptance"; ... 11 more ...; completion_notes?: string | undefined; }, { ...; }> | Prom...'.
          Type 'ResolverSuccess<TFieldValues>' is not assignable to type 'ResolverResult<{ status: "completed" | "in_progress" | "cancelled" | "on_hold" | "planned"; title: string; priority: "high" | "medium" | "low" | "critical"; action_type: "mitigation" | "contingency" | "avoidance" | "transfer" | "acceptance"; ... 11 more ...; completion_notes?: string | undefined; }, { ...; }> | Prom...'.
            Type 'ResolverSuccess<TFieldValues>' is not assignable to type 'ResolverSuccess<{ status: "completed" | "in_progress" | "cancelled" | "on_hold" | "planned"; title: string; priority: "high" | "medium" | "low" | "critical"; action_type: "mitigation" | "contingency" | "avoidance" | "transfer" | "acceptance"; ... 11 more ...; completion_notes?: string | undefined; }>'.
              Type 'TFieldValues' is not assignable to type '{ status: "completed" | "in_progress" | "cancelled" | "on_hold" | "planned"; title: string; priority: "high" | "medium" | "low" | "critical"; action_type: "mitigation" | "contingency" | "avoidance" | "transfer" | "acceptance"; ... 11 more ...; completion_notes?: string | undefined; }'.
                Type 'FieldValues' is missing the following properties from type '{ status: "completed" | "in_progress" | "cancelled" | "on_hold" | "planned"; title: string; priority: "high" | "medium" | "low" | "critical"; action_type: "mitigation" | "contingency" | "avoidance" | "transfer" | "acceptance"; ... 11 more ...; completion_notes?: string | undefined; }': status, title, priority, action_type, completion_percentage
components/risks/MitigationPlanDialog.tsx(277,17): error TS2322: Type 'Control<{ status: "completed" | "in_progress" | "cancelled" | "on_hold" | "planned"; title: string; priority: "high" | "medium" | "low" | "critical"; action_type: "mitigation" | "contingency" | "avoidance" | "transfer" | "acceptance"; ... 11 more ...; completion_notes?: string | undefined; }, any, TFieldValues>' is not assignable to type 'Control<{ status: "completed" | "in_progress" | "cancelled" | "on_hold" | "planned"; title: string; priority: "high" | "medium" | "low" | "critical"; action_type: "mitigation" | "contingency" | "avoidance" | "transfer" | "acceptance"; ... 11 more ...; completion_notes?: string | undefined; }, any, { ...; }>'.
  The types of '_options.resolver' are incompatible between these types.
    Type 'Resolver<{ status: "completed" | "in_progress" | "cancelled" | "on_hold" | "planned"; title: string; priority: "high" | "medium" | "low" | "critical"; action_type: "mitigation" | "contingency" | "avoidance" | "transfer" | "acceptance"; ... 11 more ...; completion_notes?: string | undefined; }, any, TFieldValues> | u...' is not assignable to type 'Resolver<{ status: "completed" | "in_progress" | "cancelled" | "on_hold" | "planned"; title: string; priority: "high" | "medium" | "low" | "critical"; action_type: "mitigation" | "contingency" | "avoidance" | "transfer" | "acceptance"; ... 11 more ...; completion_notes?: string | undefined; }, any, { ...; }> | undef...'.
      Type 'Resolver<{ status: "completed" | "in_progress" | "cancelled" | "on_hold" | "planned"; title: string; priority: "high" | "medium" | "low" | "critical"; action_type: "mitigation" | "contingency" | "avoidance" | "transfer" | "acceptance"; ... 11 more ...; completion_notes?: string | undefined; }, any, TFieldValues>' is not assignable to type 'Resolver<{ status: "completed" | "in_progress" | "cancelled" | "on_hold" | "planned"; title: string; priority: "high" | "medium" | "low" | "critical"; action_type: "mitigation" | "contingency" | "avoidance" | "transfer" | "acceptance"; ... 11 more ...; completion_notes?: string | undefined; }, any, { ...; }>'.
        Type 'ResolverResult<{ status: "completed" | "in_progress" | "cancelled" | "on_hold" | "planned"; title: string; priority: "high" | "medium" | "low" | "critical"; action_type: "mitigation" | "contingency" | "avoidance" | "transfer" | "acceptance"; ... 11 more ...; completion_notes?: string | undefined; }, TFieldValues> | ...' is not assignable to type 'ResolverResult<{ status: "completed" | "in_progress" | "cancelled" | "on_hold" | "planned"; title: string; priority: "high" | "medium" | "low" | "critical"; action_type: "mitigation" | "contingency" | "avoidance" | "transfer" | "acceptance"; ... 11 more ...; completion_notes?: string | undefined; }, { ...; }> | Prom...'.
          Type 'ResolverSuccess<TFieldValues>' is not assignable to type 'ResolverResult<{ status: "completed" | "in_progress" | "cancelled" | "on_hold" | "planned"; title: string; priority: "high" | "medium" | "low" | "critical"; action_type: "mitigation" | "contingency" | "avoidance" | "transfer" | "acceptance"; ... 11 more ...; completion_notes?: string | undefined; }, { ...; }> | Prom...'.
            Type 'ResolverSuccess<TFieldValues>' is not assignable to type 'ResolverSuccess<{ status: "completed" | "in_progress" | "cancelled" | "on_hold" | "planned"; title: string; priority: "high" | "medium" | "low" | "critical"; action_type: "mitigation" | "contingency" | "avoidance" | "transfer" | "acceptance"; ... 11 more ...; completion_notes?: string | undefined; }>'.
              Type 'TFieldValues' is not assignable to type '{ status: "completed" | "in_progress" | "cancelled" | "on_hold" | "planned"; title: string; priority: "high" | "medium" | "low" | "critical"; action_type: "mitigation" | "contingency" | "avoidance" | "transfer" | "acceptance"; ... 11 more ...; completion_notes?: string | undefined; }'.
                Type 'FieldValues' is missing the following properties from type '{ status: "completed" | "in_progress" | "cancelled" | "on_hold" | "planned"; title: string; priority: "high" | "medium" | "low" | "critical"; action_type: "mitigation" | "contingency" | "avoidance" | "transfer" | "acceptance"; ... 11 more ...; completion_notes?: string | undefined; }': status, title, priority, action_type, completion_percentage
components/risks/MitigationPlanDialog.tsx(302,17): error TS2322: Type 'Control<{ status: "completed" | "in_progress" | "cancelled" | "on_hold" | "planned"; title: string; priority: "high" | "medium" | "low" | "critical"; action_type: "mitigation" | "contingency" | "avoidance" | "transfer" | "acceptance"; ... 11 more ...; completion_notes?: string | undefined; }, any, TFieldValues>' is not assignable to type 'Control<{ status: "completed" | "in_progress" | "cancelled" | "on_hold" | "planned"; title: string; priority: "high" | "medium" | "low" | "critical"; action_type: "mitigation" | "contingency" | "avoidance" | "transfer" | "acceptance"; ... 11 more ...; completion_notes?: string | undefined; }, any, { ...; }>'.
  The types of '_options.resolver' are incompatible between these types.
    Type 'Resolver<{ status: "completed" | "in_progress" | "cancelled" | "on_hold" | "planned"; title: string; priority: "high" | "medium" | "low" | "critical"; action_type: "mitigation" | "contingency" | "avoidance" | "transfer" | "acceptance"; ... 11 more ...; completion_notes?: string | undefined; }, any, TFieldValues> | u...' is not assignable to type 'Resolver<{ status: "completed" | "in_progress" | "cancelled" | "on_hold" | "planned"; title: string; priority: "high" | "medium" | "low" | "critical"; action_type: "mitigation" | "contingency" | "avoidance" | "transfer" | "acceptance"; ... 11 more ...; completion_notes?: string | undefined; }, any, { ...; }> | undef...'.
      Type 'Resolver<{ status: "completed" | "in_progress" | "cancelled" | "on_hold" | "planned"; title: string; priority: "high" | "medium" | "low" | "critical"; action_type: "mitigation" | "contingency" | "avoidance" | "transfer" | "acceptance"; ... 11 more ...; completion_notes?: string | undefined; }, any, TFieldValues>' is not assignable to type 'Resolver<{ status: "completed" | "in_progress" | "cancelled" | "on_hold" | "planned"; title: string; priority: "high" | "medium" | "low" | "critical"; action_type: "mitigation" | "contingency" | "avoidance" | "transfer" | "acceptance"; ... 11 more ...; completion_notes?: string | undefined; }, any, { ...; }>'.
        Type 'ResolverResult<{ status: "completed" | "in_progress" | "cancelled" | "on_hold" | "planned"; title: string; priority: "high" | "medium" | "low" | "critical"; action_type: "mitigation" | "contingency" | "avoidance" | "transfer" | "acceptance"; ... 11 more ...; completion_notes?: string | undefined; }, TFieldValues> | ...' is not assignable to type 'ResolverResult<{ status: "completed" | "in_progress" | "cancelled" | "on_hold" | "planned"; title: string; priority: "high" | "medium" | "low" | "critical"; action_type: "mitigation" | "contingency" | "avoidance" | "transfer" | "acceptance"; ... 11 more ...; completion_notes?: string | undefined; }, { ...; }> | Prom...'.
          Type 'ResolverSuccess<TFieldValues>' is not assignable to type 'ResolverResult<{ status: "completed" | "in_progress" | "cancelled" | "on_hold" | "planned"; title: string; priority: "high" | "medium" | "low" | "critical"; action_type: "mitigation" | "contingency" | "avoidance" | "transfer" | "acceptance"; ... 11 more ...; completion_notes?: string | undefined; }, { ...; }> | Prom...'.
            Type 'ResolverSuccess<TFieldValues>' is not assignable to type 'ResolverSuccess<{ status: "completed" | "in_progress" | "cancelled" | "on_hold" | "planned"; title: string; priority: "high" | "medium" | "low" | "critical"; action_type: "mitigation" | "contingency" | "avoidance" | "transfer" | "acceptance"; ... 11 more ...; completion_notes?: string | undefined; }>'.
              Type 'TFieldValues' is not assignable to type '{ status: "completed" | "in_progress" | "cancelled" | "on_hold" | "planned"; title: string; priority: "high" | "medium" | "low" | "critical"; action_type: "mitigation" | "contingency" | "avoidance" | "transfer" | "acceptance"; ... 11 more ...; completion_notes?: string | undefined; }'.
                Type 'FieldValues' is missing the following properties from type '{ status: "completed" | "in_progress" | "cancelled" | "on_hold" | "planned"; title: string; priority: "high" | "medium" | "low" | "critical"; action_type: "mitigation" | "contingency" | "avoidance" | "transfer" | "acceptance"; ... 11 more ...; completion_notes?: string | undefined; }': status, title, priority, action_type, completion_percentage
components/risks/MitigationPlanDialog.tsx(326,17): error TS2322: Type 'Control<{ status: "completed" | "in_progress" | "cancelled" | "on_hold" | "planned"; title: string; priority: "high" | "medium" | "low" | "critical"; action_type: "mitigation" | "contingency" | "avoidance" | "transfer" | "acceptance"; ... 11 more ...; completion_notes?: string | undefined; }, any, TFieldValues>' is not assignable to type 'Control<{ status: "completed" | "in_progress" | "cancelled" | "on_hold" | "planned"; title: string; priority: "high" | "medium" | "low" | "critical"; action_type: "mitigation" | "contingency" | "avoidance" | "transfer" | "acceptance"; ... 11 more ...; completion_notes?: string | undefined; }, any, { ...; }>'.
  The types of '_options.resolver' are incompatible between these types.
    Type 'Resolver<{ status: "completed" | "in_progress" | "cancelled" | "on_hold" | "planned"; title: string; priority: "high" | "medium" | "low" | "critical"; action_type: "mitigation" | "contingency" | "avoidance" | "transfer" | "acceptance"; ... 11 more ...; completion_notes?: string | undefined; }, any, TFieldValues> | u...' is not assignable to type 'Resolver<{ status: "completed" | "in_progress" | "cancelled" | "on_hold" | "planned"; title: string; priority: "high" | "medium" | "low" | "critical"; action_type: "mitigation" | "contingency" | "avoidance" | "transfer" | "acceptance"; ... 11 more ...; completion_notes?: string | undefined; }, any, { ...; }> | undef...'.
      Type 'Resolver<{ status: "completed" | "in_progress" | "cancelled" | "on_hold" | "planned"; title: string; priority: "high" | "medium" | "low" | "critical"; action_type: "mitigation" | "contingency" | "avoidance" | "transfer" | "acceptance"; ... 11 more ...; completion_notes?: string | undefined; }, any, TFieldValues>' is not assignable to type 'Resolver<{ status: "completed" | "in_progress" | "cancelled" | "on_hold" | "planned"; title: string; priority: "high" | "medium" | "low" | "critical"; action_type: "mitigation" | "contingency" | "avoidance" | "transfer" | "acceptance"; ... 11 more ...; completion_notes?: string | undefined; }, any, { ...; }>'.
        Type 'ResolverResult<{ status: "completed" | "in_progress" | "cancelled" | "on_hold" | "planned"; title: string; priority: "high" | "medium" | "low" | "critical"; action_type: "mitigation" | "contingency" | "avoidance" | "transfer" | "acceptance"; ... 11 more ...; completion_notes?: string | undefined; }, TFieldValues> | ...' is not assignable to type 'ResolverResult<{ status: "completed" | "in_progress" | "cancelled" | "on_hold" | "planned"; title: string; priority: "high" | "medium" | "low" | "critical"; action_type: "mitigation" | "contingency" | "avoidance" | "transfer" | "acceptance"; ... 11 more ...; completion_notes?: string | undefined; }, { ...; }> | Prom...'.
          Type 'ResolverSuccess<TFieldValues>' is not assignable to type 'ResolverResult<{ status: "completed" | "in_progress" | "cancelled" | "on_hold" | "planned"; title: string; priority: "high" | "medium" | "low" | "critical"; action_type: "mitigation" | "contingency" | "avoidance" | "transfer" | "acceptance"; ... 11 more ...; completion_notes?: string | undefined; }, { ...; }> | Prom...'.
            Type 'ResolverSuccess<TFieldValues>' is not assignable to type 'ResolverSuccess<{ status: "completed" | "in_progress" | "cancelled" | "on_hold" | "planned"; title: string; priority: "high" | "medium" | "low" | "critical"; action_type: "mitigation" | "contingency" | "avoidance" | "transfer" | "acceptance"; ... 11 more ...; completion_notes?: string | undefined; }>'.
              Type 'TFieldValues' is not assignable to type '{ status: "completed" | "in_progress" | "cancelled" | "on_hold" | "planned"; title: string; priority: "high" | "medium" | "low" | "critical"; action_type: "mitigation" | "contingency" | "avoidance" | "transfer" | "acceptance"; ... 11 more ...; completion_notes?: string | undefined; }'.
                Type 'FieldValues' is missing the following properties from type '{ status: "completed" | "in_progress" | "cancelled" | "on_hold" | "planned"; title: string; priority: "high" | "medium" | "low" | "critical"; action_type: "mitigation" | "contingency" | "avoidance" | "transfer" | "acceptance"; ... 11 more ...; completion_notes?: string | undefined; }': status, title, priority, action_type, completion_percentage
components/risks/MitigationPlanDialog.tsx(353,15): error TS2322: Type 'Control<{ status: "completed" | "in_progress" | "cancelled" | "on_hold" | "planned"; title: string; priority: "high" | "medium" | "low" | "critical"; action_type: "mitigation" | "contingency" | "avoidance" | "transfer" | "acceptance"; ... 11 more ...; completion_notes?: string | undefined; }, any, TFieldValues>' is not assignable to type 'Control<{ status: "completed" | "in_progress" | "cancelled" | "on_hold" | "planned"; title: string; priority: "high" | "medium" | "low" | "critical"; action_type: "mitigation" | "contingency" | "avoidance" | "transfer" | "acceptance"; ... 11 more ...; completion_notes?: string | undefined; }, any, { ...; }>'.
  The types of '_options.resolver' are incompatible between these types.
    Type 'Resolver<{ status: "completed" | "in_progress" | "cancelled" | "on_hold" | "planned"; title: string; priority: "high" | "medium" | "low" | "critical"; action_type: "mitigation" | "contingency" | "avoidance" | "transfer" | "acceptance"; ... 11 more ...; completion_notes?: string | undefined; }, any, TFieldValues> | u...' is not assignable to type 'Resolver<{ status: "completed" | "in_progress" | "cancelled" | "on_hold" | "planned"; title: string; priority: "high" | "medium" | "low" | "critical"; action_type: "mitigation" | "contingency" | "avoidance" | "transfer" | "acceptance"; ... 11 more ...; completion_notes?: string | undefined; }, any, { ...; }> | undef...'.
      Type 'Resolver<{ status: "completed" | "in_progress" | "cancelled" | "on_hold" | "planned"; title: string; priority: "high" | "medium" | "low" | "critical"; action_type: "mitigation" | "contingency" | "avoidance" | "transfer" | "acceptance"; ... 11 more ...; completion_notes?: string | undefined; }, any, TFieldValues>' is not assignable to type 'Resolver<{ status: "completed" | "in_progress" | "cancelled" | "on_hold" | "planned"; title: string; priority: "high" | "medium" | "low" | "critical"; action_type: "mitigation" | "contingency" | "avoidance" | "transfer" | "acceptance"; ... 11 more ...; completion_notes?: string | undefined; }, any, { ...; }>'.
        Type 'ResolverResult<{ status: "completed" | "in_progress" | "cancelled" | "on_hold" | "planned"; title: string; priority: "high" | "medium" | "low" | "critical"; action_type: "mitigation" | "contingency" | "avoidance" | "transfer" | "acceptance"; ... 11 more ...; completion_notes?: string | undefined; }, TFieldValues> | ...' is not assignable to type 'ResolverResult<{ status: "completed" | "in_progress" | "cancelled" | "on_hold" | "planned"; title: string; priority: "high" | "medium" | "low" | "critical"; action_type: "mitigation" | "contingency" | "avoidance" | "transfer" | "acceptance"; ... 11 more ...; completion_notes?: string | undefined; }, { ...; }> | Prom...'.
          Type 'ResolverSuccess<TFieldValues>' is not assignable to type 'ResolverResult<{ status: "completed" | "in_progress" | "cancelled" | "on_hold" | "planned"; title: string; priority: "high" | "medium" | "low" | "critical"; action_type: "mitigation" | "contingency" | "avoidance" | "transfer" | "acceptance"; ... 11 more ...; completion_notes?: string | undefined; }, { ...; }> | Prom...'.
            Type 'ResolverSuccess<TFieldValues>' is not assignable to type 'ResolverSuccess<{ status: "completed" | "in_progress" | "cancelled" | "on_hold" | "planned"; title: string; priority: "high" | "medium" | "low" | "critical"; action_type: "mitigation" | "contingency" | "avoidance" | "transfer" | "acceptance"; ... 11 more ...; completion_notes?: string | undefined; }>'.
              Type 'TFieldValues' is not assignable to type '{ status: "completed" | "in_progress" | "cancelled" | "on_hold" | "planned"; title: string; priority: "high" | "medium" | "low" | "critical"; action_type: "mitigation" | "contingency" | "avoidance" | "transfer" | "acceptance"; ... 11 more ...; completion_notes?: string | undefined; }'.
                Type 'FieldValues' is missing the following properties from type '{ status: "completed" | "in_progress" | "cancelled" | "on_hold" | "planned"; title: string; priority: "high" | "medium" | "low" | "critical"; action_type: "mitigation" | "contingency" | "avoidance" | "transfer" | "acceptance"; ... 11 more ...; completion_notes?: string | undefined; }': status, title, priority, action_type, completion_percentage
components/risks/MitigationPlanDialog.tsx(379,17): error TS2322: Type 'Control<{ status: "completed" | "in_progress" | "cancelled" | "on_hold" | "planned"; title: string; priority: "high" | "medium" | "low" | "critical"; action_type: "mitigation" | "contingency" | "avoidance" | "transfer" | "acceptance"; ... 11 more ...; completion_notes?: string | undefined; }, any, TFieldValues>' is not assignable to type 'Control<{ status: "completed" | "in_progress" | "cancelled" | "on_hold" | "planned"; title: string; priority: "high" | "medium" | "low" | "critical"; action_type: "mitigation" | "contingency" | "avoidance" | "transfer" | "acceptance"; ... 11 more ...; completion_notes?: string | undefined; }, any, { ...; }>'.
  The types of '_options.resolver' are incompatible between these types.
    Type 'Resolver<{ status: "completed" | "in_progress" | "cancelled" | "on_hold" | "planned"; title: string; priority: "high" | "medium" | "low" | "critical"; action_type: "mitigation" | "contingency" | "avoidance" | "transfer" | "acceptance"; ... 11 more ...; completion_notes?: string | undefined; }, any, TFieldValues> | u...' is not assignable to type 'Resolver<{ status: "completed" | "in_progress" | "cancelled" | "on_hold" | "planned"; title: string; priority: "high" | "medium" | "low" | "critical"; action_type: "mitigation" | "contingency" | "avoidance" | "transfer" | "acceptance"; ... 11 more ...; completion_notes?: string | undefined; }, any, { ...; }> | undef...'.
      Type 'Resolver<{ status: "completed" | "in_progress" | "cancelled" | "on_hold" | "planned"; title: string; priority: "high" | "medium" | "low" | "critical"; action_type: "mitigation" | "contingency" | "avoidance" | "transfer" | "acceptance"; ... 11 more ...; completion_notes?: string | undefined; }, any, TFieldValues>' is not assignable to type 'Resolver<{ status: "completed" | "in_progress" | "cancelled" | "on_hold" | "planned"; title: string; priority: "high" | "medium" | "low" | "critical"; action_type: "mitigation" | "contingency" | "avoidance" | "transfer" | "acceptance"; ... 11 more ...; completion_notes?: string | undefined; }, any, { ...; }>'.
        Type 'ResolverResult<{ status: "completed" | "in_progress" | "cancelled" | "on_hold" | "planned"; title: string; priority: "high" | "medium" | "low" | "critical"; action_type: "mitigation" | "contingency" | "avoidance" | "transfer" | "acceptance"; ... 11 more ...; completion_notes?: string | undefined; }, TFieldValues> | ...' is not assignable to type 'ResolverResult<{ status: "completed" | "in_progress" | "cancelled" | "on_hold" | "planned"; title: string; priority: "high" | "medium" | "low" | "critical"; action_type: "mitigation" | "contingency" | "avoidance" | "transfer" | "acceptance"; ... 11 more ...; completion_notes?: string | undefined; }, { ...; }> | Prom...'.
          Type 'ResolverSuccess<TFieldValues>' is not assignable to type 'ResolverResult<{ status: "completed" | "in_progress" | "cancelled" | "on_hold" | "planned"; title: string; priority: "high" | "medium" | "low" | "critical"; action_type: "mitigation" | "contingency" | "avoidance" | "transfer" | "acceptance"; ... 11 more ...; completion_notes?: string | undefined; }, { ...; }> | Prom...'.
            Type 'ResolverSuccess<TFieldValues>' is not assignable to type 'ResolverSuccess<{ status: "completed" | "in_progress" | "cancelled" | "on_hold" | "planned"; title: string; priority: "high" | "medium" | "low" | "critical"; action_type: "mitigation" | "contingency" | "avoidance" | "transfer" | "acceptance"; ... 11 more ...; completion_notes?: string | undefined; }>'.
              Type 'TFieldValues' is not assignable to type '{ status: "completed" | "in_progress" | "cancelled" | "on_hold" | "planned"; title: string; priority: "high" | "medium" | "low" | "critical"; action_type: "mitigation" | "contingency" | "avoidance" | "transfer" | "acceptance"; ... 11 more ...; completion_notes?: string | undefined; }'.
                Type 'FieldValues' is missing the following properties from type '{ status: "completed" | "in_progress" | "cancelled" | "on_hold" | "planned"; title: string; priority: "high" | "medium" | "low" | "critical"; action_type: "mitigation" | "contingency" | "avoidance" | "transfer" | "acceptance"; ... 11 more ...; completion_notes?: string | undefined; }': status, title, priority, action_type, completion_percentage
components/risks/MitigationPlanDialog.tsx(398,17): error TS2322: Type 'Control<{ status: "completed" | "in_progress" | "cancelled" | "on_hold" | "planned"; title: string; priority: "high" | "medium" | "low" | "critical"; action_type: "mitigation" | "contingency" | "avoidance" | "transfer" | "acceptance"; ... 11 more ...; completion_notes?: string | undefined; }, any, TFieldValues>' is not assignable to type 'Control<{ status: "completed" | "in_progress" | "cancelled" | "on_hold" | "planned"; title: string; priority: "high" | "medium" | "low" | "critical"; action_type: "mitigation" | "contingency" | "avoidance" | "transfer" | "acceptance"; ... 11 more ...; completion_notes?: string | undefined; }, any, { ...; }>'.
  The types of '_options.resolver' are incompatible between these types.
    Type 'Resolver<{ status: "completed" | "in_progress" | "cancelled" | "on_hold" | "planned"; title: string; priority: "high" | "medium" | "low" | "critical"; action_type: "mitigation" | "contingency" | "avoidance" | "transfer" | "acceptance"; ... 11 more ...; completion_notes?: string | undefined; }, any, TFieldValues> | u...' is not assignable to type 'Resolver<{ status: "completed" | "in_progress" | "cancelled" | "on_hold" | "planned"; title: string; priority: "high" | "medium" | "low" | "critical"; action_type: "mitigation" | "contingency" | "avoidance" | "transfer" | "acceptance"; ... 11 more ...; completion_notes?: string | undefined; }, any, { ...; }> | undef...'.
      Type 'Resolver<{ status: "completed" | "in_progress" | "cancelled" | "on_hold" | "planned"; title: string; priority: "high" | "medium" | "low" | "critical"; action_type: "mitigation" | "contingency" | "avoidance" | "transfer" | "acceptance"; ... 11 more ...; completion_notes?: string | undefined; }, any, TFieldValues>' is not assignable to type 'Resolver<{ status: "completed" | "in_progress" | "cancelled" | "on_hold" | "planned"; title: string; priority: "high" | "medium" | "low" | "critical"; action_type: "mitigation" | "contingency" | "avoidance" | "transfer" | "acceptance"; ... 11 more ...; completion_notes?: string | undefined; }, any, { ...; }>'.
        Type 'ResolverResult<{ status: "completed" | "in_progress" | "cancelled" | "on_hold" | "planned"; title: string; priority: "high" | "medium" | "low" | "critical"; action_type: "mitigation" | "contingency" | "avoidance" | "transfer" | "acceptance"; ... 11 more ...; completion_notes?: string | undefined; }, TFieldValues> | ...' is not assignable to type 'ResolverResult<{ status: "completed" | "in_progress" | "cancelled" | "on_hold" | "planned"; title: string; priority: "high" | "medium" | "low" | "critical"; action_type: "mitigation" | "contingency" | "avoidance" | "transfer" | "acceptance"; ... 11 more ...; completion_notes?: string | undefined; }, { ...; }> | Prom...'.
          Type 'ResolverSuccess<TFieldValues>' is not assignable to type 'ResolverResult<{ status: "completed" | "in_progress" | "cancelled" | "on_hold" | "planned"; title: string; priority: "high" | "medium" | "low" | "critical"; action_type: "mitigation" | "contingency" | "avoidance" | "transfer" | "acceptance"; ... 11 more ...; completion_notes?: string | undefined; }, { ...; }> | Prom...'.
            Type 'ResolverSuccess<TFieldValues>' is not assignable to type 'ResolverSuccess<{ status: "completed" | "in_progress" | "cancelled" | "on_hold" | "planned"; title: string; priority: "high" | "medium" | "low" | "critical"; action_type: "mitigation" | "contingency" | "avoidance" | "transfer" | "acceptance"; ... 11 more ...; completion_notes?: string | undefined; }>'.
              Type 'TFieldValues' is not assignable to type '{ status: "completed" | "in_progress" | "cancelled" | "on_hold" | "planned"; title: string; priority: "high" | "medium" | "low" | "critical"; action_type: "mitigation" | "contingency" | "avoidance" | "transfer" | "acceptance"; ... 11 more ...; completion_notes?: string | undefined; }'.
                Type 'FieldValues' is missing the following properties from type '{ status: "completed" | "in_progress" | "cancelled" | "on_hold" | "planned"; title: string; priority: "high" | "medium" | "low" | "critical"; action_type: "mitigation" | "contingency" | "avoidance" | "transfer" | "acceptance"; ... 11 more ...; completion_notes?: string | undefined; }': status, title, priority, action_type, completion_percentage
components/risks/MitigationPlanDialog.tsx(420,17): error TS2322: Type 'Control<{ status: "completed" | "in_progress" | "cancelled" | "on_hold" | "planned"; title: string; priority: "high" | "medium" | "low" | "critical"; action_type: "mitigation" | "contingency" | "avoidance" | "transfer" | "acceptance"; ... 11 more ...; completion_notes?: string | undefined; }, any, TFieldValues>' is not assignable to type 'Control<{ status: "completed" | "in_progress" | "cancelled" | "on_hold" | "planned"; title: string; priority: "high" | "medium" | "low" | "critical"; action_type: "mitigation" | "contingency" | "avoidance" | "transfer" | "acceptance"; ... 11 more ...; completion_notes?: string | undefined; }, any, { ...; }>'.
  The types of '_options.resolver' are incompatible between these types.
    Type 'Resolver<{ status: "completed" | "in_progress" | "cancelled" | "on_hold" | "planned"; title: string; priority: "high" | "medium" | "low" | "critical"; action_type: "mitigation" | "contingency" | "avoidance" | "transfer" | "acceptance"; ... 11 more ...; completion_notes?: string | undefined; }, any, TFieldValues> | u...' is not assignable to type 'Resolver<{ status: "completed" | "in_progress" | "cancelled" | "on_hold" | "planned"; title: string; priority: "high" | "medium" | "low" | "critical"; action_type: "mitigation" | "contingency" | "avoidance" | "transfer" | "acceptance"; ... 11 more ...; completion_notes?: string | undefined; }, any, { ...; }> | undef...'.
      Type 'Resolver<{ status: "completed" | "in_progress" | "cancelled" | "on_hold" | "planned"; title: string; priority: "high" | "medium" | "low" | "critical"; action_type: "mitigation" | "contingency" | "avoidance" | "transfer" | "acceptance"; ... 11 more ...; completion_notes?: string | undefined; }, any, TFieldValues>' is not assignable to type 'Resolver<{ status: "completed" | "in_progress" | "cancelled" | "on_hold" | "planned"; title: string; priority: "high" | "medium" | "low" | "critical"; action_type: "mitigation" | "contingency" | "avoidance" | "transfer" | "acceptance"; ... 11 more ...; completion_notes?: string | undefined; }, any, { ...; }>'.
        Type 'ResolverResult<{ status: "completed" | "in_progress" | "cancelled" | "on_hold" | "planned"; title: string; priority: "high" | "medium" | "low" | "critical"; action_type: "mitigation" | "contingency" | "avoidance" | "transfer" | "acceptance"; ... 11 more ...; completion_notes?: string | undefined; }, TFieldValues> | ...' is not assignable to type 'ResolverResult<{ status: "completed" | "in_progress" | "cancelled" | "on_hold" | "planned"; title: string; priority: "high" | "medium" | "low" | "critical"; action_type: "mitigation" | "contingency" | "avoidance" | "transfer" | "acceptance"; ... 11 more ...; completion_notes?: string | undefined; }, { ...; }> | Prom...'.
          Type 'ResolverSuccess<TFieldValues>' is not assignable to type 'ResolverResult<{ status: "completed" | "in_progress" | "cancelled" | "on_hold" | "planned"; title: string; priority: "high" | "medium" | "low" | "critical"; action_type: "mitigation" | "contingency" | "avoidance" | "transfer" | "acceptance"; ... 11 more ...; completion_notes?: string | undefined; }, { ...; }> | Prom...'.
            Type 'ResolverSuccess<TFieldValues>' is not assignable to type 'ResolverSuccess<{ status: "completed" | "in_progress" | "cancelled" | "on_hold" | "planned"; title: string; priority: "high" | "medium" | "low" | "critical"; action_type: "mitigation" | "contingency" | "avoidance" | "transfer" | "acceptance"; ... 11 more ...; completion_notes?: string | undefined; }>'.
              Type 'TFieldValues' is not assignable to type '{ status: "completed" | "in_progress" | "cancelled" | "on_hold" | "planned"; title: string; priority: "high" | "medium" | "low" | "critical"; action_type: "mitigation" | "contingency" | "avoidance" | "transfer" | "acceptance"; ... 11 more ...; completion_notes?: string | undefined; }'.
                Type 'FieldValues' is missing the following properties from type '{ status: "completed" | "in_progress" | "cancelled" | "on_hold" | "planned"; title: string; priority: "high" | "medium" | "low" | "critical"; action_type: "mitigation" | "contingency" | "avoidance" | "transfer" | "acceptance"; ... 11 more ...; completion_notes?: string | undefined; }': status, title, priority, action_type, completion_percentage
components/risks/MitigationPlanDialog.tsx(459,17): error TS2322: Type 'Control<{ status: "completed" | "in_progress" | "cancelled" | "on_hold" | "planned"; title: string; priority: "high" | "medium" | "low" | "critical"; action_type: "mitigation" | "contingency" | "avoidance" | "transfer" | "acceptance"; ... 11 more ...; completion_notes?: string | undefined; }, any, TFieldValues>' is not assignable to type 'Control<{ status: "completed" | "in_progress" | "cancelled" | "on_hold" | "planned"; title: string; priority: "high" | "medium" | "low" | "critical"; action_type: "mitigation" | "contingency" | "avoidance" | "transfer" | "acceptance"; ... 11 more ...; completion_notes?: string | undefined; }, any, { ...; }>'.
  The types of '_options.resolver' are incompatible between these types.
    Type 'Resolver<{ status: "completed" | "in_progress" | "cancelled" | "on_hold" | "planned"; title: string; priority: "high" | "medium" | "low" | "critical"; action_type: "mitigation" | "contingency" | "avoidance" | "transfer" | "acceptance"; ... 11 more ...; completion_notes?: string | undefined; }, any, TFieldValues> | u...' is not assignable to type 'Resolver<{ status: "completed" | "in_progress" | "cancelled" | "on_hold" | "planned"; title: string; priority: "high" | "medium" | "low" | "critical"; action_type: "mitigation" | "contingency" | "avoidance" | "transfer" | "acceptance"; ... 11 more ...; completion_notes?: string | undefined; }, any, { ...; }> | undef...'.
      Type 'Resolver<{ status: "completed" | "in_progress" | "cancelled" | "on_hold" | "planned"; title: string; priority: "high" | "medium" | "low" | "critical"; action_type: "mitigation" | "contingency" | "avoidance" | "transfer" | "acceptance"; ... 11 more ...; completion_notes?: string | undefined; }, any, TFieldValues>' is not assignable to type 'Resolver<{ status: "completed" | "in_progress" | "cancelled" | "on_hold" | "planned"; title: string; priority: "high" | "medium" | "low" | "critical"; action_type: "mitigation" | "contingency" | "avoidance" | "transfer" | "acceptance"; ... 11 more ...; completion_notes?: string | undefined; }, any, { ...; }>'.
        Type 'ResolverResult<{ status: "completed" | "in_progress" | "cancelled" | "on_hold" | "planned"; title: string; priority: "high" | "medium" | "low" | "critical"; action_type: "mitigation" | "contingency" | "avoidance" | "transfer" | "acceptance"; ... 11 more ...; completion_notes?: string | undefined; }, TFieldValues> | ...' is not assignable to type 'ResolverResult<{ status: "completed" | "in_progress" | "cancelled" | "on_hold" | "planned"; title: string; priority: "high" | "medium" | "low" | "critical"; action_type: "mitigation" | "contingency" | "avoidance" | "transfer" | "acceptance"; ... 11 more ...; completion_notes?: string | undefined; }, { ...; }> | Prom...'.
          Type 'ResolverSuccess<TFieldValues>' is not assignable to type 'ResolverResult<{ status: "completed" | "in_progress" | "cancelled" | "on_hold" | "planned"; title: string; priority: "high" | "medium" | "low" | "critical"; action_type: "mitigation" | "contingency" | "avoidance" | "transfer" | "acceptance"; ... 11 more ...; completion_notes?: string | undefined; }, { ...; }> | Prom...'.
            Type 'ResolverSuccess<TFieldValues>' is not assignable to type 'ResolverSuccess<{ status: "completed" | "in_progress" | "cancelled" | "on_hold" | "planned"; title: string; priority: "high" | "medium" | "low" | "critical"; action_type: "mitigation" | "contingency" | "avoidance" | "transfer" | "acceptance"; ... 11 more ...; completion_notes?: string | undefined; }>'.
              Type 'TFieldValues' is not assignable to type '{ status: "completed" | "in_progress" | "cancelled" | "on_hold" | "planned"; title: string; priority: "high" | "medium" | "low" | "critical"; action_type: "mitigation" | "contingency" | "avoidance" | "transfer" | "acceptance"; ... 11 more ...; completion_notes?: string | undefined; }'.
                Type 'FieldValues' is missing the following properties from type '{ status: "completed" | "in_progress" | "cancelled" | "on_hold" | "planned"; title: string; priority: "high" | "medium" | "low" | "critical"; action_type: "mitigation" | "contingency" | "avoidance" | "transfer" | "acceptance"; ... 11 more ...; completion_notes?: string | undefined; }': status, title, priority, action_type, completion_percentage
components/risks/MitigationPlanDialog.tsx(498,17): error TS2322: Type 'Control<{ status: "completed" | "in_progress" | "cancelled" | "on_hold" | "planned"; title: string; priority: "high" | "medium" | "low" | "critical"; action_type: "mitigation" | "contingency" | "avoidance" | "transfer" | "acceptance"; ... 11 more ...; completion_notes?: string | undefined; }, any, TFieldValues>' is not assignable to type 'Control<{ status: "completed" | "in_progress" | "cancelled" | "on_hold" | "planned"; title: string; priority: "high" | "medium" | "low" | "critical"; action_type: "mitigation" | "contingency" | "avoidance" | "transfer" | "acceptance"; ... 11 more ...; completion_notes?: string | undefined; }, any, { ...; }>'.
  The types of '_options.resolver' are incompatible between these types.
    Type 'Resolver<{ status: "completed" | "in_progress" | "cancelled" | "on_hold" | "planned"; title: string; priority: "high" | "medium" | "low" | "critical"; action_type: "mitigation" | "contingency" | "avoidance" | "transfer" | "acceptance"; ... 11 more ...; completion_notes?: string | undefined; }, any, TFieldValues> | u...' is not assignable to type 'Resolver<{ status: "completed" | "in_progress" | "cancelled" | "on_hold" | "planned"; title: string; priority: "high" | "medium" | "low" | "critical"; action_type: "mitigation" | "contingency" | "avoidance" | "transfer" | "acceptance"; ... 11 more ...; completion_notes?: string | undefined; }, any, { ...; }> | undef...'.
      Type 'Resolver<{ status: "completed" | "in_progress" | "cancelled" | "on_hold" | "planned"; title: string; priority: "high" | "medium" | "low" | "critical"; action_type: "mitigation" | "contingency" | "avoidance" | "transfer" | "acceptance"; ... 11 more ...; completion_notes?: string | undefined; }, any, TFieldValues>' is not assignable to type 'Resolver<{ status: "completed" | "in_progress" | "cancelled" | "on_hold" | "planned"; title: string; priority: "high" | "medium" | "low" | "critical"; action_type: "mitigation" | "contingency" | "avoidance" | "transfer" | "acceptance"; ... 11 more ...; completion_notes?: string | undefined; }, any, { ...; }>'.
        Type 'ResolverResult<{ status: "completed" | "in_progress" | "cancelled" | "on_hold" | "planned"; title: string; priority: "high" | "medium" | "low" | "critical"; action_type: "mitigation" | "contingency" | "avoidance" | "transfer" | "acceptance"; ... 11 more ...; completion_notes?: string | undefined; }, TFieldValues> | ...' is not assignable to type 'ResolverResult<{ status: "completed" | "in_progress" | "cancelled" | "on_hold" | "planned"; title: string; priority: "high" | "medium" | "low" | "critical"; action_type: "mitigation" | "contingency" | "avoidance" | "transfer" | "acceptance"; ... 11 more ...; completion_notes?: string | undefined; }, { ...; }> | Prom...'.
          Type 'ResolverSuccess<TFieldValues>' is not assignable to type 'ResolverResult<{ status: "completed" | "in_progress" | "cancelled" | "on_hold" | "planned"; title: string; priority: "high" | "medium" | "low" | "critical"; action_type: "mitigation" | "contingency" | "avoidance" | "transfer" | "acceptance"; ... 11 more ...; completion_notes?: string | undefined; }, { ...; }> | Prom...'.
            Type 'ResolverSuccess<TFieldValues>' is not assignable to type 'ResolverSuccess<{ status: "completed" | "in_progress" | "cancelled" | "on_hold" | "planned"; title: string; priority: "high" | "medium" | "low" | "critical"; action_type: "mitigation" | "contingency" | "avoidance" | "transfer" | "acceptance"; ... 11 more ...; completion_notes?: string | undefined; }>'.
              Type 'TFieldValues' is not assignable to type '{ status: "completed" | "in_progress" | "cancelled" | "on_hold" | "planned"; title: string; priority: "high" | "medium" | "low" | "critical"; action_type: "mitigation" | "contingency" | "avoidance" | "transfer" | "acceptance"; ... 11 more ...; completion_notes?: string | undefined; }'.
                Type 'FieldValues' is missing the following properties from type '{ status: "completed" | "in_progress" | "cancelled" | "on_hold" | "planned"; title: string; priority: "high" | "medium" | "low" | "critical"; action_type: "mitigation" | "contingency" | "avoidance" | "transfer" | "acceptance"; ... 11 more ...; completion_notes?: string | undefined; }': status, title, priority, action_type, completion_percentage
components/risks/MitigationPlanDialog.tsx(540,17): error TS2322: Type 'Control<{ status: "completed" | "in_progress" | "cancelled" | "on_hold" | "planned"; title: string; priority: "high" | "medium" | "low" | "critical"; action_type: "mitigation" | "contingency" | "avoidance" | "transfer" | "acceptance"; ... 11 more ...; completion_notes?: string | undefined; }, any, TFieldValues>' is not assignable to type 'Control<{ status: "completed" | "in_progress" | "cancelled" | "on_hold" | "planned"; title: string; priority: "high" | "medium" | "low" | "critical"; action_type: "mitigation" | "contingency" | "avoidance" | "transfer" | "acceptance"; ... 11 more ...; completion_notes?: string | undefined; }, any, { ...; }>'.
  The types of '_options.resolver' are incompatible between these types.
    Type 'Resolver<{ status: "completed" | "in_progress" | "cancelled" | "on_hold" | "planned"; title: string; priority: "high" | "medium" | "low" | "critical"; action_type: "mitigation" | "contingency" | "avoidance" | "transfer" | "acceptance"; ... 11 more ...; completion_notes?: string | undefined; }, any, TFieldValues> | u...' is not assignable to type 'Resolver<{ status: "completed" | "in_progress" | "cancelled" | "on_hold" | "planned"; title: string; priority: "high" | "medium" | "low" | "critical"; action_type: "mitigation" | "contingency" | "avoidance" | "transfer" | "acceptance"; ... 11 more ...; completion_notes?: string | undefined; }, any, { ...; }> | undef...'.
      Type 'Resolver<{ status: "completed" | "in_progress" | "cancelled" | "on_hold" | "planned"; title: string; priority: "high" | "medium" | "low" | "critical"; action_type: "mitigation" | "contingency" | "avoidance" | "transfer" | "acceptance"; ... 11 more ...; completion_notes?: string | undefined; }, any, TFieldValues>' is not assignable to type 'Resolver<{ status: "completed" | "in_progress" | "cancelled" | "on_hold" | "planned"; title: string; priority: "high" | "medium" | "low" | "critical"; action_type: "mitigation" | "contingency" | "avoidance" | "transfer" | "acceptance"; ... 11 more ...; completion_notes?: string | undefined; }, any, { ...; }>'.
        Type 'ResolverResult<{ status: "completed" | "in_progress" | "cancelled" | "on_hold" | "planned"; title: string; priority: "high" | "medium" | "low" | "critical"; action_type: "mitigation" | "contingency" | "avoidance" | "transfer" | "acceptance"; ... 11 more ...; completion_notes?: string | undefined; }, TFieldValues> | ...' is not assignable to type 'ResolverResult<{ status: "completed" | "in_progress" | "cancelled" | "on_hold" | "planned"; title: string; priority: "high" | "medium" | "low" | "critical"; action_type: "mitigation" | "contingency" | "avoidance" | "transfer" | "acceptance"; ... 11 more ...; completion_notes?: string | undefined; }, { ...; }> | Prom...'.
          Type 'ResolverSuccess<TFieldValues>' is not assignable to type 'ResolverResult<{ status: "completed" | "in_progress" | "cancelled" | "on_hold" | "planned"; title: string; priority: "high" | "medium" | "low" | "critical"; action_type: "mitigation" | "contingency" | "avoidance" | "transfer" | "acceptance"; ... 11 more ...; completion_notes?: string | undefined; }, { ...; }> | Prom...'.
            Type 'ResolverSuccess<TFieldValues>' is not assignable to type 'ResolverSuccess<{ status: "completed" | "in_progress" | "cancelled" | "on_hold" | "planned"; title: string; priority: "high" | "medium" | "low" | "critical"; action_type: "mitigation" | "contingency" | "avoidance" | "transfer" | "acceptance"; ... 11 more ...; completion_notes?: string | undefined; }>'.
              Type 'TFieldValues' is not assignable to type '{ status: "completed" | "in_progress" | "cancelled" | "on_hold" | "planned"; title: string; priority: "high" | "medium" | "low" | "critical"; action_type: "mitigation" | "contingency" | "avoidance" | "transfer" | "acceptance"; ... 11 more ...; completion_notes?: string | undefined; }'.
                Type 'FieldValues' is missing the following properties from type '{ status: "completed" | "in_progress" | "cancelled" | "on_hold" | "planned"; title: string; priority: "high" | "medium" | "low" | "critical"; action_type: "mitigation" | "contingency" | "avoidance" | "transfer" | "acceptance"; ... 11 more ...; completion_notes?: string | undefined; }': status, title, priority, action_type, completion_percentage
components/risks/MitigationPlanDialog.tsx(562,17): error TS2322: Type 'Control<{ status: "completed" | "in_progress" | "cancelled" | "on_hold" | "planned"; title: string; priority: "high" | "medium" | "low" | "critical"; action_type: "mitigation" | "contingency" | "avoidance" | "transfer" | "acceptance"; ... 11 more ...; completion_notes?: string | undefined; }, any, TFieldValues>' is not assignable to type 'Control<{ status: "completed" | "in_progress" | "cancelled" | "on_hold" | "planned"; title: string; priority: "high" | "medium" | "low" | "critical"; action_type: "mitigation" | "contingency" | "avoidance" | "transfer" | "acceptance"; ... 11 more ...; completion_notes?: string | undefined; }, any, { ...; }>'.
  The types of '_options.resolver' are incompatible between these types.
    Type 'Resolver<{ status: "completed" | "in_progress" | "cancelled" | "on_hold" | "planned"; title: string; priority: "high" | "medium" | "low" | "critical"; action_type: "mitigation" | "contingency" | "avoidance" | "transfer" | "acceptance"; ... 11 more ...; completion_notes?: string | undefined; }, any, TFieldValues> | u...' is not assignable to type 'Resolver<{ status: "completed" | "in_progress" | "cancelled" | "on_hold" | "planned"; title: string; priority: "high" | "medium" | "low" | "critical"; action_type: "mitigation" | "contingency" | "avoidance" | "transfer" | "acceptance"; ... 11 more ...; completion_notes?: string | undefined; }, any, { ...; }> | undef...'.
      Type 'Resolver<{ status: "completed" | "in_progress" | "cancelled" | "on_hold" | "planned"; title: string; priority: "high" | "medium" | "low" | "critical"; action_type: "mitigation" | "contingency" | "avoidance" | "transfer" | "acceptance"; ... 11 more ...; completion_notes?: string | undefined; }, any, TFieldValues>' is not assignable to type 'Resolver<{ status: "completed" | "in_progress" | "cancelled" | "on_hold" | "planned"; title: string; priority: "high" | "medium" | "low" | "critical"; action_type: "mitigation" | "contingency" | "avoidance" | "transfer" | "acceptance"; ... 11 more ...; completion_notes?: string | undefined; }, any, { ...; }>'.
        Type 'ResolverResult<{ status: "completed" | "in_progress" | "cancelled" | "on_hold" | "planned"; title: string; priority: "high" | "medium" | "low" | "critical"; action_type: "mitigation" | "contingency" | "avoidance" | "transfer" | "acceptance"; ... 11 more ...; completion_notes?: string | undefined; }, TFieldValues> | ...' is not assignable to type 'ResolverResult<{ status: "completed" | "in_progress" | "cancelled" | "on_hold" | "planned"; title: string; priority: "high" | "medium" | "low" | "critical"; action_type: "mitigation" | "contingency" | "avoidance" | "transfer" | "acceptance"; ... 11 more ...; completion_notes?: string | undefined; }, { ...; }> | Prom...'.
          Type 'ResolverSuccess<TFieldValues>' is not assignable to type 'ResolverResult<{ status: "completed" | "in_progress" | "cancelled" | "on_hold" | "planned"; title: string; priority: "high" | "medium" | "low" | "critical"; action_type: "mitigation" | "contingency" | "avoidance" | "transfer" | "acceptance"; ... 11 more ...; completion_notes?: string | undefined; }, { ...; }> | Prom...'.
            Type 'ResolverSuccess<TFieldValues>' is not assignable to type 'ResolverSuccess<{ status: "completed" | "in_progress" | "cancelled" | "on_hold" | "planned"; title: string; priority: "high" | "medium" | "low" | "critical"; action_type: "mitigation" | "contingency" | "avoidance" | "transfer" | "acceptance"; ... 11 more ...; completion_notes?: string | undefined; }>'.
              Type 'TFieldValues' is not assignable to type '{ status: "completed" | "in_progress" | "cancelled" | "on_hold" | "planned"; title: string; priority: "high" | "medium" | "low" | "critical"; action_type: "mitigation" | "contingency" | "avoidance" | "transfer" | "acceptance"; ... 11 more ...; completion_notes?: string | undefined; }'.
                Type 'FieldValues' is missing the following properties from type '{ status: "completed" | "in_progress" | "cancelled" | "on_hold" | "planned"; title: string; priority: "high" | "medium" | "low" | "critical"; action_type: "mitigation" | "contingency" | "avoidance" | "transfer" | "acceptance"; ... 11 more ...; completion_notes?: string | undefined; }': status, title, priority, action_type, completion_percentage
components/risks/MitigationPlanDialog.tsx(592,17): error TS2322: Type 'Control<{ status: "completed" | "in_progress" | "cancelled" | "on_hold" | "planned"; title: string; priority: "high" | "medium" | "low" | "critical"; action_type: "mitigation" | "contingency" | "avoidance" | "transfer" | "acceptance"; ... 11 more ...; completion_notes?: string | undefined; }, any, TFieldValues>' is not assignable to type 'Control<{ status: "completed" | "in_progress" | "cancelled" | "on_hold" | "planned"; title: string; priority: "high" | "medium" | "low" | "critical"; action_type: "mitigation" | "contingency" | "avoidance" | "transfer" | "acceptance"; ... 11 more ...; completion_notes?: string | undefined; }, any, { ...; }>'.
  The types of '_options.resolver' are incompatible between these types.
    Type 'Resolver<{ status: "completed" | "in_progress" | "cancelled" | "on_hold" | "planned"; title: string; priority: "high" | "medium" | "low" | "critical"; action_type: "mitigation" | "contingency" | "avoidance" | "transfer" | "acceptance"; ... 11 more ...; completion_notes?: string | undefined; }, any, TFieldValues> | u...' is not assignable to type 'Resolver<{ status: "completed" | "in_progress" | "cancelled" | "on_hold" | "planned"; title: string; priority: "high" | "medium" | "low" | "critical"; action_type: "mitigation" | "contingency" | "avoidance" | "transfer" | "acceptance"; ... 11 more ...; completion_notes?: string | undefined; }, any, { ...; }> | undef...'.
      Type 'Resolver<{ status: "completed" | "in_progress" | "cancelled" | "on_hold" | "planned"; title: string; priority: "high" | "medium" | "low" | "critical"; action_type: "mitigation" | "contingency" | "avoidance" | "transfer" | "acceptance"; ... 11 more ...; completion_notes?: string | undefined; }, any, TFieldValues>' is not assignable to type 'Resolver<{ status: "completed" | "in_progress" | "cancelled" | "on_hold" | "planned"; title: string; priority: "high" | "medium" | "low" | "critical"; action_type: "mitigation" | "contingency" | "avoidance" | "transfer" | "acceptance"; ... 11 more ...; completion_notes?: string | undefined; }, any, { ...; }>'.
        Type 'ResolverResult<{ status: "completed" | "in_progress" | "cancelled" | "on_hold" | "planned"; title: string; priority: "high" | "medium" | "low" | "critical"; action_type: "mitigation" | "contingency" | "avoidance" | "transfer" | "acceptance"; ... 11 more ...; completion_notes?: string | undefined; }, TFieldValues> | ...' is not assignable to type 'ResolverResult<{ status: "completed" | "in_progress" | "cancelled" | "on_hold" | "planned"; title: string; priority: "high" | "medium" | "low" | "critical"; action_type: "mitigation" | "contingency" | "avoidance" | "transfer" | "acceptance"; ... 11 more ...; completion_notes?: string | undefined; }, { ...; }> | Prom...'.
          Type 'ResolverSuccess<TFieldValues>' is not assignable to type 'ResolverResult<{ status: "completed" | "in_progress" | "cancelled" | "on_hold" | "planned"; title: string; priority: "high" | "medium" | "low" | "critical"; action_type: "mitigation" | "contingency" | "avoidance" | "transfer" | "acceptance"; ... 11 more ...; completion_notes?: string | undefined; }, { ...; }> | Prom...'.
            Type 'ResolverSuccess<TFieldValues>' is not assignable to type 'ResolverSuccess<{ status: "completed" | "in_progress" | "cancelled" | "on_hold" | "planned"; title: string; priority: "high" | "medium" | "low" | "critical"; action_type: "mitigation" | "contingency" | "avoidance" | "transfer" | "acceptance"; ... 11 more ...; completion_notes?: string | undefined; }>'.
              Type 'TFieldValues' is not assignable to type '{ status: "completed" | "in_progress" | "cancelled" | "on_hold" | "planned"; title: string; priority: "high" | "medium" | "low" | "critical"; action_type: "mitigation" | "contingency" | "avoidance" | "transfer" | "acceptance"; ... 11 more ...; completion_notes?: string | undefined; }'.
                Type 'FieldValues' is missing the following properties from type '{ status: "completed" | "in_progress" | "cancelled" | "on_hold" | "planned"; title: string; priority: "high" | "medium" | "low" | "critical"; action_type: "mitigation" | "contingency" | "avoidance" | "transfer" | "acceptance"; ... 11 more ...; completion_notes?: string | undefined; }': status, title, priority, action_type, completion_percentage
components/risks/MitigationPlanList.tsx(79,11): error TS18046: 'response' is of type 'unknown'.
components/risks/MitigationPlanList.tsx(79,31): error TS18046: 'response' is of type 'unknown'.
components/risks/MitigationPlanList.tsx(80,18): error TS18046: 'response' is of type 'unknown'.
components/risks/MitigationPlanStats.tsx(56,13): error TS18046: 'statsResponse' is of type 'unknown'.
components/risks/MitigationPlanStats.tsx(56,38): error TS18046: 'statsResponse' is of type 'unknown'.
components/risks/MitigationPlanStats.tsx(57,20): error TS18046: 'statsResponse' is of type 'unknown'.
components/risks/MitigationPlanStats.tsx(64,17): error TS18046: 'completionResponse' is of type 'unknown'.
components/risks/MitigationPlanStats.tsx(64,47): error TS18046: 'completionResponse' is of type 'unknown'.
components/risks/MitigationPlanStats.tsx(65,33): error TS18046: 'completionResponse' is of type 'unknown'.
components/settings/JiraLinkageSettings.tsx(56,22): error TS2339: Property 'config' does not exist on type 'object'.
components/settings/JiraLinkageSettings.tsx(63,37): error TS2339: Property 'availableIntegrations' does not exist on type 'object'.
components/settings/JiraLinkageSettings.tsx(100,11): error TS18046: 'result' is of type 'unknown'.
components/settings/JiraLinkageSettings.tsx(103,43): error TS18046: 'result' is of type 'unknown'.
components/settings/JiraLinkageSettings.tsx(103,93): error TS18046: 'result' is of type 'unknown'.
components/settings/JiraLinkageSettings.tsx(106,43): error TS18046: 'result' is of type 'unknown'.
components/signature/SignatureRequestDialog.tsx(70,5): error TS2322: Type 'Resolver<{ recipientEmail: string; recipientName: string; message?: string | undefined; deadline?: Date | undefined; signingOrder?: "parallel" | "sequential" | undefined; }, any, { ...; }>' is not assignable to type 'Resolver<{ recipientEmail: string; recipientName: string; signingOrder: "parallel" | "sequential"; message?: string | undefined; deadline?: Date | undefined; }, any, { recipientEmail: string; recipientName: string; signingOrder: "parallel" | "sequential"; message?: string | undefined; deadline?: Date | undefined; }>'.
  Types of parameters 'options' and 'options' are incompatible.
    Type 'ResolverOptions<{ recipientEmail: string; recipientName: string; signingOrder: "parallel" | "sequential"; message?: string | undefined; deadline?: Date | undefined; }>' is not assignable to type 'ResolverOptions<{ recipientEmail: string; recipientName: string; message?: string | undefined; deadline?: Date | undefined; signingOrder?: "parallel" | "sequential" | undefined; }>'.
      Type '"parallel" | "sequential" | undefined' is not assignable to type '"parallel" | "sequential"'.
        Type 'undefined' is not assignable to type '"parallel" | "sequential"'.
components/signature/SignatureRequestDialog.tsx(105,45): error TS2345: Argument of type '(data: SignatureRequestFormData) => Promise<void>' is not assignable to parameter of type 'SubmitHandler<TFieldValues>'.
  Types of parameters 'data' and 'data' are incompatible.
    Type 'TFieldValues' is not assignable to type '{ recipientEmail: string; recipientName: string; signingOrder: "parallel" | "sequential"; message?: string | undefined; deadline?: Date | undefined; }'.
      Type 'FieldValues' is missing the following properties from type '{ recipientEmail: string; recipientName: string; signingOrder: "parallel" | "sequential"; message?: string | undefined; deadline?: Date | undefined; }': recipientEmail, recipientName, signingOrder
components/signature/SignatureRequestDialog.tsx(107,15): error TS2322: Type 'Control<{ recipientEmail: string; recipientName: string; signingOrder: "parallel" | "sequential"; message?: string | undefined; deadline?: Date | undefined; }, any, TFieldValues>' is not assignable to type 'Control<{ recipientEmail: string; recipientName: string; signingOrder: "parallel" | "sequential"; message?: string | undefined; deadline?: Date | undefined; }, any, { recipientEmail: string; recipientName: string; signingOrder: "parallel" | "sequential"; message?: string | undefined; deadline?: Date | undefined; }>'.
  The types of '_options.resolver' are incompatible between these types.
    Type 'Resolver<{ recipientEmail: string; recipientName: string; signingOrder: "parallel" | "sequential"; message?: string | undefined; deadline?: Date | undefined; }, any, TFieldValues> | undefined' is not assignable to type 'Resolver<{ recipientEmail: string; recipientName: string; signingOrder: "parallel" | "sequential"; message?: string | undefined; deadline?: Date | undefined; }, any, { recipientEmail: string; recipientName: string; signingOrder: "parallel" | "sequential"; message?: string | undefined; deadline?: Date | undefined; }>...'.
      Type 'Resolver<{ recipientEmail: string; recipientName: string; signingOrder: "parallel" | "sequential"; message?: string | undefined; deadline?: Date | undefined; }, any, TFieldValues>' is not assignable to type 'Resolver<{ recipientEmail: string; recipientName: string; signingOrder: "parallel" | "sequential"; message?: string | undefined; deadline?: Date | undefined; }, any, { recipientEmail: string; recipientName: string; signingOrder: "parallel" | "sequential"; message?: string | undefined; deadline?: Date | undefined; }>'.
        Type 'ResolverResult<{ recipientEmail: string; recipientName: string; signingOrder: "parallel" | "sequential"; message?: string | undefined; deadline?: Date | undefined; }, TFieldValues> | Promise<...>' is not assignable to type 'ResolverResult<{ recipientEmail: string; recipientName: string; signingOrder: "parallel" | "sequential"; message?: string | undefined; deadline?: Date | undefined; }, { recipientEmail: string; recipientName: string; signingOrder: "parallel" | "sequential"; message?: string | undefined; deadline?: Date | undefined; }...'.
          Type 'ResolverSuccess<TFieldValues>' is not assignable to type 'ResolverResult<{ recipientEmail: string; recipientName: string; signingOrder: "parallel" | "sequential"; message?: string | undefined; deadline?: Date | undefined; }, { recipientEmail: string; recipientName: string; signingOrder: "parallel" | "sequential"; message?: string | undefined; deadline?: Date | undefined; }...'.
            Type 'ResolverSuccess<TFieldValues>' is not assignable to type 'ResolverSuccess<{ recipientEmail: string; recipientName: string; signingOrder: "parallel" | "sequential"; message?: string | undefined; deadline?: Date | undefined; }>'.
              Type 'TFieldValues' is not assignable to type '{ recipientEmail: string; recipientName: string; signingOrder: "parallel" | "sequential"; message?: string | undefined; deadline?: Date | undefined; }'.
                Type 'FieldValues' is missing the following properties from type '{ recipientEmail: string; recipientName: string; signingOrder: "parallel" | "sequential"; message?: string | undefined; deadline?: Date | undefined; }': recipientEmail, recipientName, signingOrder
components/signature/SignatureRequestDialog.tsx(121,15): error TS2322: Type 'Control<{ recipientEmail: string; recipientName: string; signingOrder: "parallel" | "sequential"; message?: string | undefined; deadline?: Date | undefined; }, any, TFieldValues>' is not assignable to type 'Control<{ recipientEmail: string; recipientName: string; signingOrder: "parallel" | "sequential"; message?: string | undefined; deadline?: Date | undefined; }, any, { recipientEmail: string; recipientName: string; signingOrder: "parallel" | "sequential"; message?: string | undefined; deadline?: Date | undefined; }>'.
  The types of '_options.resolver' are incompatible between these types.
    Type 'Resolver<{ recipientEmail: string; recipientName: string; signingOrder: "parallel" | "sequential"; message?: string | undefined; deadline?: Date | undefined; }, any, TFieldValues> | undefined' is not assignable to type 'Resolver<{ recipientEmail: string; recipientName: string; signingOrder: "parallel" | "sequential"; message?: string | undefined; deadline?: Date | undefined; }, any, { recipientEmail: string; recipientName: string; signingOrder: "parallel" | "sequential"; message?: string | undefined; deadline?: Date | undefined; }>...'.
      Type 'Resolver<{ recipientEmail: string; recipientName: string; signingOrder: "parallel" | "sequential"; message?: string | undefined; deadline?: Date | undefined; }, any, TFieldValues>' is not assignable to type 'Resolver<{ recipientEmail: string; recipientName: string; signingOrder: "parallel" | "sequential"; message?: string | undefined; deadline?: Date | undefined; }, any, { recipientEmail: string; recipientName: string; signingOrder: "parallel" | "sequential"; message?: string | undefined; deadline?: Date | undefined; }>'.
        Type 'ResolverResult<{ recipientEmail: string; recipientName: string; signingOrder: "parallel" | "sequential"; message?: string | undefined; deadline?: Date | undefined; }, TFieldValues> | Promise<...>' is not assignable to type 'ResolverResult<{ recipientEmail: string; recipientName: string; signingOrder: "parallel" | "sequential"; message?: string | undefined; deadline?: Date | undefined; }, { recipientEmail: string; recipientName: string; signingOrder: "parallel" | "sequential"; message?: string | undefined; deadline?: Date | undefined; }...'.
          Type 'ResolverSuccess<TFieldValues>' is not assignable to type 'ResolverResult<{ recipientEmail: string; recipientName: string; signingOrder: "parallel" | "sequential"; message?: string | undefined; deadline?: Date | undefined; }, { recipientEmail: string; recipientName: string; signingOrder: "parallel" | "sequential"; message?: string | undefined; deadline?: Date | undefined; }...'.
            Type 'ResolverSuccess<TFieldValues>' is not assignable to type 'ResolverSuccess<{ recipientEmail: string; recipientName: string; signingOrder: "parallel" | "sequential"; message?: string | undefined; deadline?: Date | undefined; }>'.
              Type 'TFieldValues' is not assignable to type '{ recipientEmail: string; recipientName: string; signingOrder: "parallel" | "sequential"; message?: string | undefined; deadline?: Date | undefined; }'.
                Type 'FieldValues' is missing the following properties from type '{ recipientEmail: string; recipientName: string; signingOrder: "parallel" | "sequential"; message?: string | undefined; deadline?: Date | undefined; }': recipientEmail, recipientName, signingOrder
components/signature/SignatureRequestDialog.tsx(138,15): error TS2322: Type 'Control<{ recipientEmail: string; recipientName: string; signingOrder: "parallel" | "sequential"; message?: string | undefined; deadline?: Date | undefined; }, any, TFieldValues>' is not assignable to type 'Control<{ recipientEmail: string; recipientName: string; signingOrder: "parallel" | "sequential"; message?: string | undefined; deadline?: Date | undefined; }, any, { recipientEmail: string; recipientName: string; signingOrder: "parallel" | "sequential"; message?: string | undefined; deadline?: Date | undefined; }>'.
  The types of '_options.resolver' are incompatible between these types.
    Type 'Resolver<{ recipientEmail: string; recipientName: string; signingOrder: "parallel" | "sequential"; message?: string | undefined; deadline?: Date | undefined; }, any, TFieldValues> | undefined' is not assignable to type 'Resolver<{ recipientEmail: string; recipientName: string; signingOrder: "parallel" | "sequential"; message?: string | undefined; deadline?: Date | undefined; }, any, { recipientEmail: string; recipientName: string; signingOrder: "parallel" | "sequential"; message?: string | undefined; deadline?: Date | undefined; }>...'.
      Type 'Resolver<{ recipientEmail: string; recipientName: string; signingOrder: "parallel" | "sequential"; message?: string | undefined; deadline?: Date | undefined; }, any, TFieldValues>' is not assignable to type 'Resolver<{ recipientEmail: string; recipientName: string; signingOrder: "parallel" | "sequential"; message?: string | undefined; deadline?: Date | undefined; }, any, { recipientEmail: string; recipientName: string; signingOrder: "parallel" | "sequential"; message?: string | undefined; deadline?: Date | undefined; }>'.
        Type 'ResolverResult<{ recipientEmail: string; recipientName: string; signingOrder: "parallel" | "sequential"; message?: string | undefined; deadline?: Date | undefined; }, TFieldValues> | Promise<...>' is not assignable to type 'ResolverResult<{ recipientEmail: string; recipientName: string; signingOrder: "parallel" | "sequential"; message?: string | undefined; deadline?: Date | undefined; }, { recipientEmail: string; recipientName: string; signingOrder: "parallel" | "sequential"; message?: string | undefined; deadline?: Date | undefined; }...'.
          Type 'ResolverSuccess<TFieldValues>' is not assignable to type 'ResolverResult<{ recipientEmail: string; recipientName: string; signingOrder: "parallel" | "sequential"; message?: string | undefined; deadline?: Date | undefined; }, { recipientEmail: string; recipientName: string; signingOrder: "parallel" | "sequential"; message?: string | undefined; deadline?: Date | undefined; }...'.
            Type 'ResolverSuccess<TFieldValues>' is not assignable to type 'ResolverSuccess<{ recipientEmail: string; recipientName: string; signingOrder: "parallel" | "sequential"; message?: string | undefined; deadline?: Date | undefined; }>'.
              Type 'TFieldValues' is not assignable to type '{ recipientEmail: string; recipientName: string; signingOrder: "parallel" | "sequential"; message?: string | undefined; deadline?: Date | undefined; }'.
                Type 'FieldValues' is missing the following properties from type '{ recipientEmail: string; recipientName: string; signingOrder: "parallel" | "sequential"; message?: string | undefined; deadline?: Date | undefined; }': recipientEmail, recipientName, signingOrder
components/signature/SignatureRequestDialog.tsx(160,15): error TS2322: Type 'Control<{ recipientEmail: string; recipientName: string; signingOrder: "parallel" | "sequential"; message?: string | undefined; deadline?: Date | undefined; }, any, TFieldValues>' is not assignable to type 'Control<{ recipientEmail: string; recipientName: string; signingOrder: "parallel" | "sequential"; message?: string | undefined; deadline?: Date | undefined; }, any, { recipientEmail: string; recipientName: string; signingOrder: "parallel" | "sequential"; message?: string | undefined; deadline?: Date | undefined; }>'.
  The types of '_options.resolver' are incompatible between these types.
    Type 'Resolver<{ recipientEmail: string; recipientName: string; signingOrder: "parallel" | "sequential"; message?: string | undefined; deadline?: Date | undefined; }, any, TFieldValues> | undefined' is not assignable to type 'Resolver<{ recipientEmail: string; recipientName: string; signingOrder: "parallel" | "sequential"; message?: string | undefined; deadline?: Date | undefined; }, any, { recipientEmail: string; recipientName: string; signingOrder: "parallel" | "sequential"; message?: string | undefined; deadline?: Date | undefined; }>...'.
      Type 'Resolver<{ recipientEmail: string; recipientName: string; signingOrder: "parallel" | "sequential"; message?: string | undefined; deadline?: Date | undefined; }, any, TFieldValues>' is not assignable to type 'Resolver<{ recipientEmail: string; recipientName: string; signingOrder: "parallel" | "sequential"; message?: string | undefined; deadline?: Date | undefined; }, any, { recipientEmail: string; recipientName: string; signingOrder: "parallel" | "sequential"; message?: string | undefined; deadline?: Date | undefined; }>'.
        Type 'ResolverResult<{ recipientEmail: string; recipientName: string; signingOrder: "parallel" | "sequential"; message?: string | undefined; deadline?: Date | undefined; }, TFieldValues> | Promise<...>' is not assignable to type 'ResolverResult<{ recipientEmail: string; recipientName: string; signingOrder: "parallel" | "sequential"; message?: string | undefined; deadline?: Date | undefined; }, { recipientEmail: string; recipientName: string; signingOrder: "parallel" | "sequential"; message?: string | undefined; deadline?: Date | undefined; }...'.
          Type 'ResolverSuccess<TFieldValues>' is not assignable to type 'ResolverResult<{ recipientEmail: string; recipientName: string; signingOrder: "parallel" | "sequential"; message?: string | undefined; deadline?: Date | undefined; }, { recipientEmail: string; recipientName: string; signingOrder: "parallel" | "sequential"; message?: string | undefined; deadline?: Date | undefined; }...'.
            Type 'ResolverSuccess<TFieldValues>' is not assignable to type 'ResolverSuccess<{ recipientEmail: string; recipientName: string; signingOrder: "parallel" | "sequential"; message?: string | undefined; deadline?: Date | undefined; }>'.
              Type 'TFieldValues' is not assignable to type '{ recipientEmail: string; recipientName: string; signingOrder: "parallel" | "sequential"; message?: string | undefined; deadline?: Date | undefined; }'.
                Type 'FieldValues' is missing the following properties from type '{ recipientEmail: string; recipientName: string; signingOrder: "parallel" | "sequential"; message?: string | undefined; deadline?: Date | undefined; }': recipientEmail, recipientName, signingOrder
components/signature/SignatureRequestDialog.tsx(196,15): error TS2322: Type 'Control<{ recipientEmail: string; recipientName: string; signingOrder: "parallel" | "sequential"; message?: string | undefined; deadline?: Date | undefined; }, any, TFieldValues>' is not assignable to type 'Control<{ recipientEmail: string; recipientName: string; signingOrder: "parallel" | "sequential"; message?: string | undefined; deadline?: Date | undefined; }, any, { recipientEmail: string; recipientName: string; signingOrder: "parallel" | "sequential"; message?: string | undefined; deadline?: Date | undefined; }>'.
  The types of '_options.resolver' are incompatible between these types.
    Type 'Resolver<{ recipientEmail: string; recipientName: string; signingOrder: "parallel" | "sequential"; message?: string | undefined; deadline?: Date | undefined; }, any, TFieldValues> | undefined' is not assignable to type 'Resolver<{ recipientEmail: string; recipientName: string; signingOrder: "parallel" | "sequential"; message?: string | undefined; deadline?: Date | undefined; }, any, { recipientEmail: string; recipientName: string; signingOrder: "parallel" | "sequential"; message?: string | undefined; deadline?: Date | undefined; }>...'.
      Type 'Resolver<{ recipientEmail: string; recipientName: string; signingOrder: "parallel" | "sequential"; message?: string | undefined; deadline?: Date | undefined; }, any, TFieldValues>' is not assignable to type 'Resolver<{ recipientEmail: string; recipientName: string; signingOrder: "parallel" | "sequential"; message?: string | undefined; deadline?: Date | undefined; }, any, { recipientEmail: string; recipientName: string; signingOrder: "parallel" | "sequential"; message?: string | undefined; deadline?: Date | undefined; }>'.
        Type 'ResolverResult<{ recipientEmail: string; recipientName: string; signingOrder: "parallel" | "sequential"; message?: string | undefined; deadline?: Date | undefined; }, TFieldValues> | Promise<...>' is not assignable to type 'ResolverResult<{ recipientEmail: string; recipientName: string; signingOrder: "parallel" | "sequential"; message?: string | undefined; deadline?: Date | undefined; }, { recipientEmail: string; recipientName: string; signingOrder: "parallel" | "sequential"; message?: string | undefined; deadline?: Date | undefined; }...'.
          Type 'ResolverSuccess<TFieldValues>' is not assignable to type 'ResolverResult<{ recipientEmail: string; recipientName: string; signingOrder: "parallel" | "sequential"; message?: string | undefined; deadline?: Date | undefined; }, { recipientEmail: string; recipientName: string; signingOrder: "parallel" | "sequential"; message?: string | undefined; deadline?: Date | undefined; }...'.
            Type 'ResolverSuccess<TFieldValues>' is not assignable to type 'ResolverSuccess<{ recipientEmail: string; recipientName: string; signingOrder: "parallel" | "sequential"; message?: string | undefined; deadline?: Date | undefined; }>'.
              Type 'TFieldValues' is not assignable to type '{ recipientEmail: string; recipientName: string; signingOrder: "parallel" | "sequential"; message?: string | undefined; deadline?: Date | undefined; }'.
                Type 'FieldValues' is missing the following properties from type '{ recipientEmail: string; recipientName: string; signingOrder: "parallel" | "sequential"; message?: string | undefined; deadline?: Date | undefined; }': recipientEmail, recipientName, signingOrder
components/stakeholder/StakeholderSkillsManagement.tsx(268,74): error TS2322: Type '{ className: string; title: string; }' is not assignable to type 'IntrinsicAttributes & Omit<LucideProps, "ref"> & RefAttributes<SVGSVGElement>'.
  Property 'title' does not exist on type 'IntrinsicAttributes & Omit<LucideProps, "ref"> & RefAttributes<SVGSVGElement>'.
components/theme-provider.tsx(6,8): error TS2724: '"next-themes"' has no exported member named 'ThemeProviderProps'. Did you mean 'ThemeProvider'?
components/ui/chart.tsx(132,5): error TS2339: Property 'labelClassName' does not exist on type 'Omit<DetailedHTMLProps<HTMLAttributes<HTMLDivElement>, HTMLDivElement>, "ref"> & { hideLabel?: boolean | undefined; ... 9 more ...; color?: string | undefined; }'.
components/ui/chart.tsx(268,41): error TS2344: Type '"payload" | "verticalAlign"' does not satisfy the constraint '"string" | "media" | "spacing" | "order" | "height" | "width" | "transformOrigin" | "rotate" | "scale" | "cursor" | "fill" | "stroke" | "strokeWidth" | "fontFamily" | "fontSize" | ... 428 more ... | "portal"'.
  Type '"payload"' is not assignable to type '"string" | "media" | "spacing" | "order" | "height" | "width" | "transformOrigin" | "rotate" | "scale" | "cursor" | "fill" | "stroke" | "strokeWidth" | "fontFamily" | "fontSize" | ... 428 more ... | "portal"'.
components/ui/chart.tsx(277,19): error TS2339: Property 'length' does not exist on type '{}'.
components/ui/context-menu.tsx(27,5): error TS2322: Type 'ForwardedRef<HTMLButtonElement>' is not assignable to type 'LegacyRef<HTMLDivElement> | undefined'.
  Type '(instance: HTMLButtonElement | null) => void' is not assignable to type 'LegacyRef<HTMLDivElement> | undefined'.
    Type '(instance: HTMLButtonElement | null) => void' is not assignable to type '(instance: HTMLDivElement | null) => void | (() => VoidOrUndefinedOnly)'.
      Types of parameters 'instance' and 'instance' are incompatible.
        Type 'HTMLDivElement | null' is not assignable to type 'HTMLButtonElement | null'.
          Type 'HTMLDivElement' is missing the following properties from type 'HTMLButtonElement': disabled, form, formAction, formEnctype, and 15 more.
components/ui/context-menu.tsx(83,4): error TS2322: Type '{ prefix?: string | undefined; translate?: "yes" | "no" | undefined; content?: string | undefined; popover?: "" | "auto" | "manual" | "hint" | undefined; resource?: string | undefined; ... 273 more ...; className: string; }' is not assignable to type 'ContextMenuItemProps'.
  Types of property 'onSelect' are incompatible.
    Type 'ReactEventHandler<HTMLDivElement> | undefined' is not assignable to type '((event: Event) => void) | undefined'.
      Type 'ReactEventHandler<HTMLDivElement>' is not assignable to type '(event: Event) => void'.
        Types of parameters 'event' and 'event' are incompatible.
          Type 'Event' is missing the following properties from type 'SyntheticEvent<HTMLDivElement, Event>': nativeEvent, isDefaultPrevented, isPropagationStopped, persist
components/ui/context-menu.tsx(97,26): error TS2339: Property 'checked' does not exist on type 'Omit<DetailedHTMLProps<HTMLAttributes<HTMLDivElement>, HTMLDivElement>, "ref">'.
components/ui/context-menu.tsx(101,4): error TS2322: Type '{ children: (Element | ReactNode)[]; prefix?: string | undefined; translate?: "yes" | "no" | undefined; content?: string | undefined; popover?: "" | "auto" | "manual" | "hint" | undefined; ... 274 more ...; checked: any; }' is not assignable to type 'ContextMenuCheckboxItemProps'.
  Types of property 'onSelect' are incompatible.
    Type 'ReactEventHandler<HTMLDivElement> | undefined' is not assignable to type '((event: Event) => void) | undefined'.
      Type 'ReactEventHandler<HTMLDivElement>' is not assignable to type '(event: Event) => void'.
        Types of parameters 'event' and 'event' are incompatible.
          Type 'Event' is missing the following properties from type 'SyntheticEvent<HTMLDivElement, Event>': nativeEvent, isDefaultPrevented, isPropagationStopped, persist
components/ui/context-menu.tsx(126,4): error TS2741: Property 'value' is missing in type '{ children: (Element | ReactNode)[]; prefix?: string | undefined; translate?: "yes" | "no" | undefined; content?: string | undefined; popover?: "" | "auto" | "manual" | "hint" | undefined; ... 273 more ...; className: string; }' but required in type 'Omit<MenuRadioItemProps & RefAttributes<HTMLDivElement>, "ref">'.
components/ui/drawer.tsx(14,6): error TS2322: Type '{ prefix?: string | undefined; translate?: "yes" | "no" | undefined; content?: string | undefined; popover?: "" | "auto" | "manual" | "hint" | undefined; resource?: string | undefined; ... 273 more ...; shouldScaleBackground: boolean; }' is not assignable to type 'IntrinsicAttributes & DialogProps'.
  Type '{ prefix?: string | undefined; translate?: "yes" | "no" | undefined; content?: string | undefined; popover?: "" | "auto" | "manual" | "hint" | undefined; resource?: string | undefined; ... 273 more ...; shouldScaleBackground: boolean; }' is not assignable to type '{ activeSnapPoint?: string | number | null | undefined; setActiveSnapPoint?: ((snapPoint: string | number | null) => void) | undefined; children?: ReactNode; open?: boolean | undefined; ... 22 more ...; autoFocus?: boolean | undefined; }'.
    Types of property 'onDrag' are incompatible.
      Type 'DragEventHandler<HTMLDivElement> | undefined' is not assignable to type '((event: PointerEvent<HTMLDivElement>, percentageDragged: number) => void) | undefined'.
        Type 'DragEventHandler<HTMLDivElement>' is not assignable to type '(event: PointerEvent<HTMLDivElement>, percentageDragged: number) => void'.
          Types of parameters 'event' and 'event' are incompatible.
            Property 'dataTransfer' is missing in type 'PointerEvent<HTMLDivElement>' but required in type 'DragEvent<HTMLDivElement>'.
components/ui/menubar.tsx(24,6): error TS2322: Type '{ prefix?: string | undefined; translate?: "yes" | "no" | undefined; content?: string | undefined; popover?: "" | "auto" | "manual" | "hint" | undefined; resource?: string | undefined; ... 273 more ...; className: string; }' is not assignable to type 'MenubarProps'.
  Types of property 'defaultValue' are incompatible.
    Type 'string | number | readonly string[] | undefined' is not assignable to type 'string | undefined'.
      Type 'number' is not assignable to type 'string'.
components/ui/menubar.tsx(59,7): error TS2322: Type 'ForwardedRef<HTMLButtonElement>' is not assignable to type 'LegacyRef<HTMLDivElement> | undefined'.
  Type '(instance: HTMLButtonElement | null) => void' is not assignable to type 'LegacyRef<HTMLDivElement> | undefined'.
    Type '(instance: HTMLButtonElement | null) => void' is not assignable to type '(instance: HTMLDivElement | null) => void | (() => VoidOrUndefinedOnly)'.
      Types of parameters 'instance' and 'instance' are incompatible.
        Type 'HTMLDivElement | null' is not assignable to type 'HTMLButtonElement | null'.
          Type 'HTMLDivElement' is missing the following properties from type 'HTMLButtonElement': disabled, form, formAction, formEnctype, and 15 more.
components/ui/menubar.tsx(128,6): error TS2322: Type '{ prefix?: string | undefined; translate?: "yes" | "no" | undefined; content?: string | undefined; popover?: "" | "auto" | "manual" | "hint" | undefined; resource?: string | undefined; ... 273 more ...; className: string; }' is not assignable to type 'MenubarItemProps'.
  Types of property 'onSelect' are incompatible.
    Type 'ReactEventHandler<HTMLDivElement> | undefined' is not assignable to type '((event: Event) => void) | undefined'.
      Type 'ReactEventHandler<HTMLDivElement>' is not assignable to type '(event: Event) => void'.
        Types of parameters 'event' and 'event' are incompatible.
          Type 'Event' is missing the following properties from type 'SyntheticEvent<HTMLDivElement, Event>': nativeEvent, isDefaultPrevented, isPropagationStopped, persist
components/ui/menubar.tsx(142,26): error TS2339: Property 'checked' does not exist on type 'Omit<DetailedHTMLProps<HTMLAttributes<HTMLDivElement>, HTMLDivElement>, "ref">'.
components/ui/menubar.tsx(146,6): error TS2322: Type '{ children: (Element | ReactNode)[]; prefix?: string | undefined; translate?: "yes" | "no" | undefined; content?: string | undefined; popover?: "" | "auto" | "manual" | "hint" | undefined; ... 274 more ...; checked: any; }' is not assignable to type 'MenubarCheckboxItemProps'.
  Types of property 'onSelect' are incompatible.
    Type 'ReactEventHandler<HTMLDivElement> | undefined' is not assignable to type '((event: Event) => void) | undefined'.
      Type 'ReactEventHandler<HTMLDivElement>' is not assignable to type '(event: Event) => void'.
        Types of parameters 'event' and 'event' are incompatible.
          Type 'Event' is missing the following properties from type 'SyntheticEvent<HTMLDivElement, Event>': nativeEvent, isDefaultPrevented, isPropagationStopped, persist
components/ui/menubar.tsx(171,6): error TS2741: Property 'value' is missing in type '{ children: (Element | ReactNode)[]; prefix?: string | undefined; translate?: "yes" | "no" | undefined; content?: string | undefined; popover?: "" | "auto" | "manual" | "hint" | undefined; ... 273 more ...; className: string; }' but required in type 'Omit<MenuRadioItemProps & RefAttributes<HTMLDivElement>, "ref">'.
components/ui/resizable.tsx(11,51): error TS2339: Property 'PanelGroup' does not exist on type 'typeof import("D:/Source/adpa/node_modules/.pnpm/react-resizable-panels@4.6._efdd54519f27a151ef5cac6d043e63c0/node_modules/react-resizable-panels/dist/react-resizable-panels")'.
components/ui/resizable.tsx(12,23): error TS2339: Property 'PanelGroup' does not exist on type 'typeof import("D:/Source/adpa/node_modules/.pnpm/react-resizable-panels@4.6._efdd54519f27a151ef5cac6d043e63c0/node_modules/react-resizable-panels/dist/react-resizable-panels")'.
components/ui/resizable.tsx(27,51): error TS2339: Property 'PanelResizeHandle' does not exist on type 'typeof import("D:/Source/adpa/node_modules/.pnpm/react-resizable-panels@4.6._efdd54519f27a151ef5cac6d043e63c0/node_modules/react-resizable-panels/dist/react-resizable-panels")'.
components/ui/resizable.tsx(30,23): error TS2339: Property 'PanelResizeHandle' does not exist on type 'typeof import("D:/Source/adpa/node_modules/.pnpm/react-resizable-panels@4.6._efdd54519f27a151ef5cac6d043e63c0/node_modules/react-resizable-panels/dist/react-resizable-panels")'.
components/ui/resizable.tsx(42,24): error TS2339: Property 'PanelResizeHandle' does not exist on type 'typeof import("D:/Source/adpa/node_modules/.pnpm/react-resizable-panels@4.6._efdd54519f27a151ef5cac6d043e63c0/node_modules/react-resizable-panels/dist/react-resizable-panels")'.
components/ui/separator.tsx(12,22): error TS2339: Property 'orientation' does not exist on type 'Omit<DetailedHTMLProps<HTMLAttributes<HTMLDivElement>, HTMLDivElement>, "ref">'.
components/ui/separator.tsx(12,50): error TS2339: Property 'decorative' does not exist on type 'Omit<DetailedHTMLProps<HTMLAttributes<HTMLDivElement>, HTMLDivElement>, "ref">'.
contexts/WebSocketContext.tsx(472,15): error TS2353: Object literal may only specify known properties, and 'id' does not exist in type 'ToastOptions'.
docs/examples/adpa-playbook-context-usage.ts(12,8): error TS2307: Cannot find module '../adpa-playbook-context-retrieval' or its corresponding type declarations.
docs/examples/clarity-tracking-examples.tsx(111,45): error TS2345: Argument of type '"started"' is not assignable to parameter of type '"failed" | "success"'.
docs/examples/manual-playbook-test.ts(213,37): error TS7006: Parameter 'index' implicitly has an 'any' type.
docs/examples/playbook-generation-demo.ts(6,70): error TS2307: Cannot find module '../server/src/modules/documentTemplates/playbookTemplate' or its corresponding type declarations.
docs/examples/playbook-generation-demo.ts(50,23): error TS18046: 'paragraph' is of type 'unknown'.
docs/roadmap/RiskStrategy.ts(1,37): error TS2307: Cannot find module '../interfaces/IExtractionStrategy' or its corresponding type declarations.
e2e/hello-world.spec.ts(1,9): error TS2451: Cannot redeclare block-scoped variable 'test'.
e2e/hello-world.spec.ts(1,15): error TS2451: Cannot redeclare block-scoped variable 'expect'.
e2e/hello-world.spec.ts(3,21): error TS2345: Argument of type '({ page }: DoneCallback) => Promise<void>' is not assignable to parameter of type 'ProvidesCallback | undefined'.
  Type '({ page }: DoneCallback) => Promise<void>' is not assignable to type '(cb: DoneCallback) => void | undefined'.
    Type 'Promise<void>' is not assignable to type 'void'.
e2e/hello-world.spec.ts(3,30): error TS2339: Property 'page' does not exist on type 'DoneCallback'.
e2e/starter-login.spec.ts(7,29): error TS7006: Parameter 'page' implicitly has an 'any' type.
e2e/starter-navigation.spec.ts(3,22): error TS7006: Parameter 'page' implicitly has an 'any' type.
e2e/starter-navigation.spec.ts(12,34): error TS7006: Parameter 'page' implicitly has an 'any' type.
hooks/use-document-regeneration.ts(81,13): error TS2322: Type 'string | undefined' is not assignable to type 'string'.
  Type 'undefined' is not assignable to type 'string'.
hooks/use-document-regeneration.ts(82,32): error TS2339: Property 'version_number' does not exist on type 'JobResponse'.
hooks/use-drift-detection.ts(102,32): error TS2339: Property 'error' does not exist on type '{ success: boolean; resolvedContent: string; originalContent: string; driftPoints: any[]; majorChanges: any[]; requiresApproval: boolean; strategy: string; previewHtml?: string | undefined; }'.
hooks/use-drift-detection.ts(111,9): error TS2322: Type 'string' is not assignable to type '"conservative" | "balanced" | "permissive"'.
hooks/use-drift-detection.ts(144,32): error TS2339: Property 'error' does not exist on type '{ success: boolean; message: string; changeRequestCreated?: boolean | undefined; changeRequestId?: string | undefined; }'.
hooks/use-task-filters.ts(71,33): error TS18048: 'task.task_name' is possibly 'undefined'.
hooks/use-task-filters.ts(72,35): error TS18048: 'task.task_number' is possibly 'undefined'.
hooks/use-tasks.ts(148,61): error TS2339: Property 'response' does not exist on type 'Error'.
lib/db.ts(166,24): error TS2344: Type 'T' does not satisfy the constraint 'QueryResultRow'.
lib/db.ts(172,9): error TS2322: Type 'QueryResult<QueryResultRow>' is not assignable to type 'QueryResult<T>'.
  Types of property 'rows' are incompatible.
    Type 'QueryResultRow[]' is not assignable to type 'T[]'.
      Type 'QueryResultRow' is not assignable to type 'T'.
        'T' could be instantiated with an arbitrary type which could be unrelated to 'QueryResultRow'.
lib/db.ts(174,9): error TS2322: Type 'QueryResult<QueryResultRow>' is not assignable to type 'QueryResult<T>'.
  Types of property 'rows' are incompatible.
    Type 'QueryResultRow[]' is not assignable to type 'T[]'.
      Type 'QueryResultRow' is not assignable to type 'T'.
        'T' could be instantiated with an arbitrary type which could be unrelated to 'QueryResultRow'.
lib/morphic/types/ai.ts(53,24): error TS2344: Type 'Tool<never, { state: "fetching"; url: any; error?: undefined; } | { images: SearchResultImage[]; results: SearchResultItem[]; videos?: SerperSearchResultItem[] | undefined; ... 6 more ...; error?: undefined; } | { ...; }>' does not satisfy the constraint 'Tool'.
  Type '{ description?: string | undefined; title?: string | undefined; providerOptions?: SharedV3ProviderOptions | undefined; inputSchema: any; inputExamples?: { ...; }[] | undefined; ... 4 more ...; onInputAvailable?: ((options: { ...; } & ToolExecutionOptions) => void | PromiseLike<...>) | undefined; } & { ...; } & { ......' is not assignable to type 'Tool'.
    Type '{ description?: string | undefined; title?: string | undefined; providerOptions?: SharedV3ProviderOptions | undefined; inputSchema: any; inputExamples?: { ...; }[] | undefined; ... 4 more ...; onInputAvailable?: ((options: { ...; } & ToolExecutionOptions) => void | PromiseLike<...>) | undefined; } & { ...; } & { ......' is not assignable to type '({ description?: string | undefined; title?: string | undefined; providerOptions?: SharedV3ProviderOptions | undefined; inputSchema: any; inputExamples?: { ...; }[] | undefined; ... 4 more ...; onInputAvailable?: ((options: { ...; } & ToolExecutionOptions) => void | PromiseLike<...>) | undefined; } & Partial<...> & ...'.
      Type '{ description?: string | undefined; title?: string | undefined; providerOptions?: SharedV3ProviderOptions | undefined; inputSchema: any; inputExamples?: { ...; }[] | undefined; ... 4 more ...; onInputAvailable?: ((options: { ...; } & ToolExecutionOptions) => void | PromiseLike<...>) | undefined; } & { ...; } & { ......' is not assignable to type '{ description?: string | undefined; title?: string | undefined; providerOptions?: SharedV3ProviderOptions | undefined; inputSchema: any; inputExamples?: { ...; }[] | undefined; ... 4 more ...; onInputAvailable?: ((options: { ...; } & ToolExecutionOptions) => void | PromiseLike<...>) | undefined; } & Partial<...> & {...'.
        Type '{ description?: string | undefined; title?: string | undefined; providerOptions?: SharedV3ProviderOptions | undefined; inputSchema: any; inputExamples?: { ...; }[] | undefined; ... 4 more ...; onInputAvailable?: ((options: { ...; } & ToolExecutionOptions) => void | PromiseLike<...>) | undefined; } & { ...; } & { ......' is not assignable to type 'Partial<{ outputSchema: any; execute?: undefined; }>'.
          Types of property 'execute' are incompatible.
            Type 'ToolExecuteFunction<never, { state: "fetching"; url: any; error?: undefined; } | { images: SearchResultImage[]; results: SearchResultItem[]; videos?: SerperSearchResultItem[] | undefined; ... 6 more ...; error?: undefined; } | { ...; }>' is not assignable to type 'undefined'.
lib/morphic/types/ai.ts(55,28): error TS2344: Type 'Tool<never, { state: string; progressMessage: any; success?: undefined; message?: undefined; completedCount?: undefined; totalCount?: undefined; todos?: undefined; } | { state: string; success: boolean; ... 4 more ...; progressMessage?: undefined; }>' does not satisfy the constraint 'Tool'.
  Type '{ description?: string | undefined; title?: string | undefined; providerOptions?: SharedV3ProviderOptions | undefined; inputSchema: any; inputExamples?: { ...; }[] | undefined; ... 4 more ...; onInputAvailable?: ((options: { ...; } & ToolExecutionOptions) => void | PromiseLike<...>) | undefined; } & { ...; } & { ......' is not assignable to type 'Tool'.
    Type '{ description?: string | undefined; title?: string | undefined; providerOptions?: SharedV3ProviderOptions | undefined; inputSchema: any; inputExamples?: { ...; }[] | undefined; ... 4 more ...; onInputAvailable?: ((options: { ...; } & ToolExecutionOptions) => void | PromiseLike<...>) | undefined; } & { ...; } & { ......' is not assignable to type '({ description?: string | undefined; title?: string | undefined; providerOptions?: SharedV3ProviderOptions | undefined; inputSchema: any; inputExamples?: { ...; }[] | undefined; ... 4 more ...; onInputAvailable?: ((options: { ...; } & ToolExecutionOptions) => void | PromiseLike<...>) | undefined; } & Partial<...> & ...'.
      Type '{ description?: string | undefined; title?: string | undefined; providerOptions?: SharedV3ProviderOptions | undefined; inputSchema: any; inputExamples?: { ...; }[] | undefined; ... 4 more ...; onInputAvailable?: ((options: { ...; } & ToolExecutionOptions) => void | PromiseLike<...>) | undefined; } & { ...; } & { ......' is not assignable to type '{ description?: string | undefined; title?: string | undefined; providerOptions?: SharedV3ProviderOptions | undefined; inputSchema: any; inputExamples?: { ...; }[] | undefined; ... 4 more ...; onInputAvailable?: ((options: { ...; } & ToolExecutionOptions) => void | PromiseLike<...>) | undefined; } & Partial<...> & {...'.
        Type '{ description?: string | undefined; title?: string | undefined; providerOptions?: SharedV3ProviderOptions | undefined; inputSchema: any; inputExamples?: { ...; }[] | undefined; ... 4 more ...; onInputAvailable?: ((options: { ...; } & ToolExecutionOptions) => void | PromiseLike<...>) | undefined; } & { ...; } & { ......' is not assignable to type 'Partial<{ outputSchema: any; execute?: undefined; }>'.
          Types of property 'execute' are incompatible.
            Type 'ToolExecuteFunction<never, { state: string; progressMessage: any; success?: undefined; message?: undefined; completedCount?: undefined; totalCount?: undefined; todos?: undefined; } | { state: string; success: boolean; ... 4 more ...; progressMessage?: undefined; }>' is not assignable to type 'undefined'.
lib/morphic/types/ai.ts(56,28): error TS2344: Type 'Tool<never, { state: "searching"; query: any; error?: undefined; results?: undefined; } | { state: "output-error"; error: string; query?: undefined; results?: undefined; } | { state: "complete"; query: any; results: { ...; }[]; error?: undefined; }>' does not satisfy the constraint 'Tool'.
  Type '{ description?: string | undefined; title?: string | undefined; providerOptions?: SharedV3ProviderOptions | undefined; inputSchema: any; inputExamples?: { ...; }[] | undefined; ... 4 more ...; onInputAvailable?: ((options: { ...; } & ToolExecutionOptions) => void | PromiseLike<...>) | undefined; } & { ...; } & { ......' is not assignable to type 'Tool'.
    Type '{ description?: string | undefined; title?: string | undefined; providerOptions?: SharedV3ProviderOptions | undefined; inputSchema: any; inputExamples?: { ...; }[] | undefined; ... 4 more ...; onInputAvailable?: ((options: { ...; } & ToolExecutionOptions) => void | PromiseLike<...>) | undefined; } & { ...; } & { ......' is not assignable to type '({ description?: string | undefined; title?: string | undefined; providerOptions?: SharedV3ProviderOptions | undefined; inputSchema: any; inputExamples?: { ...; }[] | undefined; ... 4 more ...; onInputAvailable?: ((options: { ...; } & ToolExecutionOptions) => void | PromiseLike<...>) | undefined; } & Partial<...> & ...'.
      Type '{ description?: string | undefined; title?: string | undefined; providerOptions?: SharedV3ProviderOptions | undefined; inputSchema: any; inputExamples?: { ...; }[] | undefined; ... 4 more ...; onInputAvailable?: ((options: { ...; } & ToolExecutionOptions) => void | PromiseLike<...>) | undefined; } & { ...; } & { ......' is not assignable to type '{ description?: string | undefined; title?: string | undefined; providerOptions?: SharedV3ProviderOptions | undefined; inputSchema: any; inputExamples?: { ...; }[] | undefined; ... 4 more ...; onInputAvailable?: ((options: { ...; } & ToolExecutionOptions) => void | PromiseLike<...>) | undefined; } & Partial<...> & {...'.
        Type '{ description?: string | undefined; title?: string | undefined; providerOptions?: SharedV3ProviderOptions | undefined; inputSchema: any; inputExamples?: { ...; }[] | undefined; ... 4 more ...; onInputAvailable?: ((options: { ...; } & ToolExecutionOptions) => void | PromiseLike<...>) | undefined; } & { ...; } & { ......' is not assignable to type 'Partial<{ outputSchema: any; execute?: undefined; }>'.
          Types of property 'execute' are incompatible.
            Type 'ToolExecuteFunction<never, { state: "searching"; query: any; error?: undefined; results?: undefined; } | { state: "output-error"; error: string; query?: undefined; results?: undefined; } | { state: "complete"; query: any; results: { ...; }[]; error?: undefined; }>' is not assignable to type 'undefined'.
lib/morphic/types/ai.ts(57,26): error TS2344: Type 'Tool<never, { state: "querying"; sqlQuery: any; error?: undefined; } | { state: "output-error"; error: string; sqlQuery?: undefined; } | { query: any; rowCount: number | null; results: Record<string, unknown>[]; state: "complete"; sqlQuery?: undefined; error?: undefined; }>' does not satisfy the constraint 'Tool'.
  Type '{ description?: string | undefined; title?: string | undefined; providerOptions?: SharedV3ProviderOptions | undefined; inputSchema: any; inputExamples?: { ...; }[] | undefined; ... 4 more ...; onInputAvailable?: ((options: { ...; } & ToolExecutionOptions) => void | PromiseLike<...>) | undefined; } & { ...; } & { ......' is not assignable to type 'Tool'.
    Type '{ description?: string | undefined; title?: string | undefined; providerOptions?: SharedV3ProviderOptions | undefined; inputSchema: any; inputExamples?: { ...; }[] | undefined; ... 4 more ...; onInputAvailable?: ((options: { ...; } & ToolExecutionOptions) => void | PromiseLike<...>) | undefined; } & { ...; } & { ......' is not assignable to type '({ description?: string | undefined; title?: string | undefined; providerOptions?: SharedV3ProviderOptions | undefined; inputSchema: any; inputExamples?: { ...; }[] | undefined; ... 4 more ...; onInputAvailable?: ((options: { ...; } & ToolExecutionOptions) => void | PromiseLike<...>) | undefined; } & Partial<...> & ...'.
      Type '{ description?: string | undefined; title?: string | undefined; providerOptions?: SharedV3ProviderOptions | undefined; inputSchema: any; inputExamples?: { ...; }[] | undefined; ... 4 more ...; onInputAvailable?: ((options: { ...; } & ToolExecutionOptions) => void | PromiseLike<...>) | undefined; } & { ...; } & { ......' is not assignable to type '{ description?: string | undefined; title?: string | undefined; providerOptions?: SharedV3ProviderOptions | undefined; inputSchema: any; inputExamples?: { ...; }[] | undefined; ... 4 more ...; onInputAvailable?: ((options: { ...; } & ToolExecutionOptions) => void | PromiseLike<...>) | undefined; } & Partial<...> & {...'.
        Type '{ description?: string | undefined; title?: string | undefined; providerOptions?: SharedV3ProviderOptions | undefined; inputSchema: any; inputExamples?: { ...; }[] | undefined; ... 4 more ...; onInputAvailable?: ((options: { ...; } & ToolExecutionOptions) => void | PromiseLike<...>) | undefined; } & { ...; } & { ......' is not assignable to type 'Partial<{ outputSchema: any; execute?: undefined; }>'.
          Types of property 'execute' are incompatible.
            Type 'ToolExecuteFunction<never, { state: "querying"; sqlQuery: any; error?: undefined; } | { state: "output-error"; error: string; sqlQuery?: undefined; } | { query: any; rowCount: number | null; results: Record<string, unknown>[]; state: "complete"; sqlQuery?: undefined; error?: undefined; }>' is not assignable to type 'undefined'.
scripts/adpa-playbook-context-retrieval.ts(7,39): error TS2307: Cannot find module './server/src/services/gkg/gkgContextService' or its corresponding type declarations.
scripts/check-job-queues.ts(6,19): error TS2307: Cannot find module 'bull' or its corresponding type declarations.
scripts/check-schema-root.ts(1,22): error TS2307: Cannot find module './server/src/database/connection' or its corresponding type declarations.
scripts/check-schema-root.ts(14,33): error TS7006: Parameter 'r' implicitly has an 'any' type.
scripts/clear-failed-jobs.ts(6,19): error TS2307: Cannot find module 'bull' or its corresponding type declarations.
scripts/fix-implicit-any.ts(8,22): error TS2307: Cannot find module 'glob' or its corresponding type declarations.
scripts/gemini-cli.ts(7,25): error TS2307: Cannot find module 'commander' or its corresponding type declarations.
scripts/gemini-cli.ts(20,18): error TS7006: Parameter 'featureName' implicitly has an 'any' type.
scripts/gemini-cli.ts(27,18): error TS7006: Parameter 'task' implicitly has an 'any' type.
scripts/inspect-queues.ts(8,23): error TS2307: Cannot find module 'bull' or its corresponding type declarations.
scripts/inspect-queues.ts(90,20): error TS7006: Parameter 'job' implicitly has an 'any' type.
scripts/rovo.ts(7,25): error TS2307: Cannot find module 'commander' or its corresponding type declarations.
scripts/rovo.ts(20,18): error TS7006: Parameter 'goal' implicitly has an 'any' type.
scripts/rovo.ts(27,18): error TS7006: Parameter 'goal' implicitly has an 'any' type.
scripts/test-ai-search-rls.ts(31,13): error TS2561: Object literal may only specify known properties, but 'messages' does not exist in type 'BaseStreamConfig'. Did you mean to write 'message'?
scripts/test-artifacts/test-vercel-kv.ts(15,34): error TS2307: Cannot find module './lib/kv' or its corresponding type declarations.
scripts/test-gemini-langsmith.ts(9,5): error TS2353: Object literal may only specify known properties, and 'tracing_extra' does not exist in type 'Partial<RunTreeConfig & { runName: string; }>'.
scripts/test-phase-3-1-prompts.ts(14,19): error TS7016: Could not find a declaration file for module 'node-fetch'. 'D:/Source/adpa/node_modules/.pnpm/node-fetch@2.7.0/node_modules/node-fetch/lib/index.js' implicitly has an 'any' type.
  Try `npm i --save-dev @types/node-fetch` if it exists or add a new declaration (.d.ts) file containing `declare module 'node-fetch';`
scripts/test-providers.ts(1,20): error TS2307: Cannot find module './server/src/db/index' or its corresponding type declarations.
scripts/test-providers.ts(2,29): error TS2307: Cannot find module './server/src/db/schema' or its corresponding type declarations.
scripts/test-registry.ts(2,26): error TS2307: Cannot find module './lib/morphic/utils/registry' or its corresponding type declarations.
scripts/validate_governance_workflow.ts(6,55): error TS2345: Argument of type '{ enableParallelProcessing: false; enableQualityGates: true; enableMonitoring: true; maxProcessingTime: number; defaultRetryAttempts: number; }' is not assignable to parameter of type 'MultiStageDocumentProcessorConfig'.
  Type '{ enableParallelProcessing: false; enableQualityGates: true; enableMonitoring: true; maxProcessingTime: number; defaultRetryAttempts: number; }' is missing the following properties from type 'MultiStageDocumentProcessorConfig': jobTimeout, maxConcurrentJobs, enableMetricsCollection, enableErrorTracking
scripts/validate_governance_workflow.ts(54,51): error TS2339: Property 'substring' does not exist on type 'DocumentContent'.
server/docs/ingest-for-rag-voyage.ts(10,30): error TS2307: Cannot find module 'npm:@supabase/supabase-js@2.46.2' or its corresponding type declarations.
server/docs/ingest-for-rag-voyage.ts(42,20): error TS2304: Cannot find name 'Deno'.
server/docs/ingest-for-rag-voyage.ts(69,1): error TS2304: Cannot find name 'Deno'.
server/docs/ingest-for-rag-voyage.ts(94,13): error TS2304: Cannot find name 'Deno'.
server/docs/ingest-for-rag-voyage.ts(95,13): error TS2304: Cannot find name 'Deno'.
server/migrations/archive/run-schema-fix.ts(6,22): error TS2307: Cannot find module '../src/database/connection' or its corresponding type declarations.
server/scripts/aggressive-queue-cleanup.ts(8,18): error TS2307: Cannot find module 'bull' or its corresponding type declarations.
server/scripts/applyRagMigrations.ts(1,22): error TS2307: Cannot find module './src/database/connection' or its corresponding type declarations.
server/scripts/capture-extraction-baseline.ts(109,21): error TS2322: Type 'string | undefined' is not assignable to type 'string'.
  Type 'undefined' is not assignable to type 'string'.
server/scripts/capture-extraction-baseline.ts(110,21): error TS2322: Type 'string | undefined' is not assignable to type 'string'.
  Type 'undefined' is not assignable to type 'string'.
server/scripts/check-admin-user.ts(37,31): error TS7006: Parameter 'user' implicitly has an 'any' type.
server/scripts/check-admin-user.ts(37,37): error TS7006: Parameter 'idx' implicitly has an 'any' type.
server/scripts/check-ai-providers.ts(36,28): error TS7006: Parameter 'provider' implicitly has an 'any' type.
server/scripts/check-ai-providers.ts(36,38): error TS7006: Parameter 'idx' implicitly has an 'any' type.
server/scripts/check-ai-providers.ts(50,39): error TS7006: Parameter 'p' implicitly has an 'any' type.
server/scripts/check-ai-providers.ts(51,41): error TS7006: Parameter 'p' implicitly has an 'any' type.
server/scripts/check-all-extraction-table-schemas.ts(43,24): error TS7053: Element implicitly has an 'any' type because expression of type 'any' can't be used to index type '{ p: string; f: string; u: string; c: string; }'.
server/scripts/check-and-fix-ai-providers.ts(58,26): error TS7006: Parameter 'row' implicitly has an 'any' type.
server/scripts/check-assessment-schema.ts(20,25): error TS7006: Parameter 'col' implicitly has an 'any' type.
server/scripts/check-document-content.ts(30,24): error TS7006: Parameter 'doc' implicitly has an 'any' type.
server/scripts/check-document-content.ts(30,29): error TS7006: Parameter 'idx' implicitly has an 'any' type.
server/scripts/check-document-counts.ts(60,30): error TS7006: Parameter 'doc' implicitly has an 'any' type.
server/scripts/check-document-counts.ts(60,35): error TS7006: Parameter 'index' implicitly has an 'any' type.
server/scripts/check-document-counts.ts(85,31): error TS7006: Parameter 'row' implicitly has an 'any' type.
server/scripts/check-documents-schema.ts(27,28): error TS7006: Parameter 'col' implicitly has an 'any' type.
server/scripts/check-extraction-jobs-simple.ts(8,22): error TS2307: Cannot find module '../database/connection' or its corresponding type declarations.
server/scripts/check-extraction-jobs-simple.ts(9,24): error TS2307: Cannot find module '../utils/logger' or its corresponding type declarations.
server/scripts/check-extraction-jobs-simple.ts(88,30): error TS7006: Parameter 'row' implicitly has an 'any' type.
server/scripts/check-extraction-jobs-simple.ts(88,35): error TS7006: Parameter 'index' implicitly has an 'any' type.
server/scripts/check-extraction-jobs.ts(12,22): error TS2307: Cannot find module '../database/connection' or its corresponding type declarations.
server/scripts/check-extraction-jobs.ts(13,38): error TS2307: Cannot find module '../services/queueService' or its corresponding type declarations.
server/scripts/check-extraction-jobs.ts(14,24): error TS2307: Cannot find module '../utils/logger' or its corresponding type declarations.
server/scripts/check-extraction-jobs.ts(170,58): error TS7006: Parameter 'row' implicitly has an 'any' type.
server/scripts/check-extraction-jobs.ts(171,55): error TS7006: Parameter 'row' implicitly has an 'any' type.
server/scripts/check-extraction-jobs.ts(177,21): error TS7006: Parameter 'row' implicitly has an 'any' type.
server/scripts/check-extraction-jobs.ts(178,18): error TS7006: Parameter 'row' implicitly has an 'any' type.
server/scripts/check-groq.ts(27,27): error TS7006: Parameter 'provider' implicitly has an 'any' type.
server/scripts/check-groq.ts(46,31): error TS7006: Parameter 'provider' implicitly has an 'any' type.
server/scripts/check-ideation-suggestions.ts(20,26): error TS7006: Parameter 'row' implicitly has an 'any' type.
server/scripts/check-ideation-suggestions.ts(20,31): error TS7006: Parameter 'i' implicitly has an 'any' type.
server/scripts/check-ideation-suggestions.ts(50,29): error TS7006: Parameter 'row' implicitly has an 'any' type.
server/scripts/check-ideation-suggestions.ts(50,34): error TS7006: Parameter 'i' implicitly has an 'any' type.
server/scripts/check-migrations.ts(53,61): error TS7006: Parameter 'r' implicitly has an 'any' type.
server/scripts/check-migrations.ts(63,46): error TS7006: Parameter 'row' implicitly has an 'any' type.
server/scripts/check-optimization-ready.ts(62,28): error TS7006: Parameter 'a' implicitly has an 'any' type.
server/scripts/check-optimization-ready.ts(62,31): error TS7006: Parameter 'idx' implicitly has an 'any' type.
server/scripts/check-project-tasks-constraint.ts(41,27): error TS7006: Parameter 'row' implicitly has an 'any' type.
server/scripts/check-project-tasks-constraint.ts(63,35): error TS7006: Parameter 'row' implicitly has an 'any' type.
server/scripts/check-project-tasks-constraint.ts(64,22): error TS7053: Element implicitly has an 'any' type because expression of type 'any' can't be used to index type '{ c: string; f: string; p: string; u: string; }'.
server/scripts/check-project-tasks-constraint.ts(114,33): error TS7006: Parameter 'row' implicitly has an 'any' type.
server/scripts/check-project-tasks-constraint.ts(135,37): error TS7006: Parameter 'row' implicitly has an 'any' type.
server/scripts/check-quality-audit-analytics.ts(49,34): error TS7006: Parameter 'audit' implicitly has an 'any' type.
server/scripts/check-quality-audit-analytics.ts(49,41): error TS7006: Parameter 'i' implicitly has an 'any' type.
server/scripts/check-quality-audit-analytics.ts(72,39): error TS7006: Parameter 'sug' implicitly has an 'any' type.
server/scripts/check-quality-audit-analytics.ts(72,44): error TS7006: Parameter 'i' implicitly has an 'any' type.
server/scripts/check-quality-audit-analytics.ts(79,58): error TS7006: Parameter 'a' implicitly has an 'any' type.
server/scripts/check-quality-audit-analytics.ts(80,59): error TS7006: Parameter 's' implicitly has an 'any' type.
server/scripts/check-recent-batch.ts(50,24): error TS7006: Parameter 'doc' implicitly has an 'any' type.
server/scripts/check-recent-batch.ts(50,29): error TS7006: Parameter 'idx' implicitly has an 'any' type.
server/scripts/check-running-jobs.ts(34,32): error TS7006: Parameter 'job' implicitly has an 'any' type.
server/scripts/check-running-jobs.ts(34,37): error TS7006: Parameter 'i' implicitly has an 'any' type.
server/scripts/check-running-jobs.ts(60,37): error TS7006: Parameter 'job' implicitly has an 'any' type.
server/scripts/check-running-jobs.ts(89,36): error TS7006: Parameter 'pipe' implicitly has an 'any' type.
server/scripts/check-running-jobs.ts(89,42): error TS7006: Parameter 'i' implicitly has an 'any' type.
server/scripts/check-template-analysis.ts(37,26): error TS7006: Parameter 'audit' implicitly has an 'any' type.
server/scripts/check-template-analysis.ts(37,33): error TS7006: Parameter 'index' implicitly has an 'any' type.
server/scripts/check-template-analysis.ts(102,33): error TS7006: Parameter 'sug' implicitly has an 'any' type.
server/scripts/check-template-analysis.ts(102,38): error TS7006: Parameter 'index' implicitly has an 'any' type.
server/scripts/check-upload-status.ts(10,20): error TS2552: Cannot find name 'Pool'. Did you mean 'pool'?
server/scripts/check-upload-status.ts(39,29): error TS7006: Parameter 'b' implicitly has an 'any' type.
server/scripts/check-upload-status.ts(39,32): error TS7006: Parameter 'i' implicitly has an 'any' type.
server/scripts/check-upload-status.ts(70,33): error TS7006: Parameter 'a' implicitly has an 'any' type.
server/scripts/check-upload-status.ts(70,36): error TS7006: Parameter 'i' implicitly has an 'any' type.
server/scripts/check-upload-status.ts(101,26): error TS7006: Parameter 'd' implicitly has an 'any' type.
server/scripts/check-upload-status.ts(101,29): error TS7006: Parameter 'i' implicitly has an 'any' type.
server/scripts/check-users.ts(26,24): error TS7006: Parameter 'u' implicitly has an 'any' type.
server/scripts/check-version-columns.ts(13,20): error TS2552: Cannot find name 'Pool'. Did you mean 'pool'?
server/scripts/check-version-columns.ts(31,25): error TS7006: Parameter 'row' implicitly has an 'any' type.
server/scripts/check-version-history.ts(13,20): error TS2552: Cannot find name 'Pool'. Did you mean 'pool'?
server/scripts/check-version-history.ts(51,30): error TS7006: Parameter 'v' implicitly has an 'any' type.
server/scripts/check-version-history.ts(51,33): error TS7006: Parameter 'i' implicitly has an 'any' type.
server/scripts/check_jobs_schema.ts(1,39): error TS2307: Cannot find module './src/database/connection' or its corresponding type declarations.
server/scripts/check_jobs_schema.ts(12,29): error TS7006: Parameter 'row' implicitly has an 'any' type.
server/scripts/cleanup-all-queues.ts(16,18): error TS2307: Cannot find module 'bull' or its corresponding type declarations.
server/scripts/cleanup-all-queues.ts(341,9): error TS18047: 'inconsistentResult.rowCount' is possibly 'null'.
server/scripts/cleanup-all-queues.ts(361,9): error TS18047: 'stuckResult.rowCount' is possibly 'null'.
server/scripts/cleanup-all-queues.ts(376,9): error TS18047: 'deleteResult.rowCount' is possibly 'null'.
server/scripts/cleanup-all-stuck-jobs.ts(13,18): error TS2307: Cannot find module 'bull' or its corresponding type declarations.
server/scripts/cleanup-duplicate-documents.ts(7,18): error TS2552: Cannot find name 'Pool'. Did you mean 'pool'?
server/scripts/cleanup-duplicate-documents.ts(50,26): error TS7006: Parameter 'doc' implicitly has an 'any' type.
server/scripts/cleanup-duplicate-documents.ts(50,31): error TS7006: Parameter 'index' implicitly has an 'any' type.
server/scripts/cleanup-duplicate-documents.ts(98,35): error TS7006: Parameter 'doc' implicitly has an 'any' type.
server/scripts/cleanup-duplicate-documents.ts(98,40): error TS7006: Parameter 'index' implicitly has an 'any' type.
server/scripts/cleanup-orphaned-regenerations.ts(7,20): error TS2304: Cannot find name 'Pool'.
server/scripts/cleanup-orphaned-regenerations.ts(31,32): error TS7006: Parameter 'doc' implicitly has an 'any' type.
server/scripts/cleanup-orphaned-regenerations.ts(31,37): error TS7006: Parameter 'idx' implicitly has an 'any' type.
server/scripts/cleanup-orphaned-regenerations.ts(72,32): error TS7006: Parameter 'doc' implicitly has an 'any' type.
server/scripts/cleanup-orphaned-regenerations.ts(72,37): error TS7006: Parameter 'idx' implicitly has an 'any' type.
server/scripts/clear-adpa-drifts.ts(73,26): error TS7006: Parameter 'drift' implicitly has an 'any' type.
server/scripts/clear-adpa-drifts.ts(73,33): error TS7006: Parameter 'i' implicitly has an 'any' type.
server/scripts/clear-failed-jobs.ts(9,19): error TS2307: Cannot find module 'bull' or its corresponding type declarations.
server/scripts/create-admin-user.ts(19,8): error TS2300: Duplicate identifier 'dotenv'.
server/scripts/create-admin-user.ts(23,13): error TS2300: Duplicate identifier 'dotenv'.
server/scripts/create-document-versions-table.ts(38,15): error TS2304: Cannot find name 'client'.
server/scripts/create-document-versions-table.ts(166,25): error TS7006: Parameter 'row' implicitly has an 'any' type.
server/scripts/create-pinecone-integration.ts(1,9): error TS2451: Cannot redeclare block-scoped variable 'pool'.
server/scripts/create-test-baseline.ts(133,51): error TS2345: Argument of type 'string | undefined' is not assignable to parameter of type 'string'.
  Type 'undefined' is not assignable to type 'string'.
server/scripts/create-test-optimization.ts(8,20): error TS2304: Cannot find name 'Pool'.
server/scripts/create-unicorn-coas-project.ts(11,18): error TS2304: Cannot find name 'Pool'.
server/scripts/create-upload-batches-table.ts(29,20): error TS2304: Cannot find name 'Pool'.
server/scripts/create-upload-batches-table.ts(64,25): error TS7006: Parameter 'row' implicitly has an 'any' type.
server/scripts/create-version-function.ts(110,20): error TS2304: Cannot find name 'Pool'.
server/scripts/debug-migration.ts(8,18): error TS2304: Cannot find name 'Pool'.
server/scripts/delete-corrupt-documents.ts(8,18): error TS2304: Cannot find name 'Pool'.
server/scripts/delete-corrupt-documents.ts(27,32): error TS7006: Parameter 'doc' implicitly has an 'any' type.
server/scripts/delete-corrupt-documents.ts(27,37): error TS7006: Parameter 'idx' implicitly has an 'any' type.
server/scripts/delete-guest-user.ts(84,9): error TS18047: 'deleteResult.rowCount' is possibly 'null'.
server/scripts/diagnose-pending-jobs.ts(106,47): error TS7006: Parameter 'j' implicitly has an 'any' type.
server/scripts/diagnose-template-usage.ts(23,18): error TS2304: Cannot find name 'Pool'.
server/scripts/diagnose-template-usage.ts(130,43): error TS18046: 'error' is of type 'unknown'.
server/scripts/diagnose-template-usage.ts(147,37): error TS7006: Parameter 'row' implicitly has an 'any' type.
server/scripts/examples-task-cost.ts(9,19): error TS7016: Could not find a declaration file for module 'node-fetch'. 'D:/Source/adpa/node_modules/.pnpm/node-fetch@2.7.0/node_modules/node-fetch/lib/index.js' implicitly has an 'any' type.
  Try `npm i --save-dev @types/node-fetch` if it exists or add a new declaration (.d.ts) file containing `declare module 'node-fetch';`
server/scripts/find-competitive-template.ts(6,18): error TS2304: Cannot find name 'Pool'.
server/scripts/find-competitive-template.ts(29,28): error TS7006: Parameter 't' implicitly has an 'any' type.
server/scripts/find-competitive-template.ts(29,31): error TS7006: Parameter 'i' implicitly has an 'any' type.
server/scripts/find-competitive-template.ts(48,32): error TS7006: Parameter 't' implicitly has an 'any' type.
server/scripts/find-competitive-template.ts(48,35): error TS7006: Parameter 'i' implicitly has an 'any' type.
server/scripts/find-unicorn-project.ts(8,18): error TS2304: Cannot find name 'Pool'.
server/scripts/find-unicorn-project.ts(31,30): error TS7006: Parameter 'p' implicitly has an 'any' type.
server/scripts/find-unicorn-project.ts(31,33): error TS7006: Parameter 'idx' implicitly has an 'any' type.
server/scripts/find-unicorn-project.ts(41,44): error TS7006: Parameter 'p' implicitly has an 'any' type.
server/scripts/find-unicorn-project.ts(59,31): error TS7006: Parameter 'b' implicitly has an 'any' type.
server/scripts/find-unicorn-project.ts(59,34): error TS7006: Parameter 'idx' implicitly has an 'any' type.
server/scripts/fix-actual-costs.ts(12,18): error TS2304: Cannot find name 'Pool'.
server/scripts/fix-all-extraction-methods-strict.ts(16,385): error TS1501: This regular expression flag is only available when targeting 'es2018' or later.
server/scripts/fix-encryption-migration.ts(49,18): error TS2304: Cannot find name 'Pool'.
server/scripts/fix-encryption-migration.ts(99,27): error TS7006: Parameter 'row' implicitly has an 'any' type.
server/scripts/fix-encryption-migration.ts(113,25): error TS7006: Parameter 'row' implicitly has an 'any' type.
server/scripts/fix-task-status-constraint.ts(13,18): error TS2304: Cannot find name 'Pool'.
server/scripts/fix-task-status-constraint.ts(78,31): error TS7006: Parameter 'row' implicitly has an 'any' type.
server/scripts/fix-template-usage-counters.ts(27,18): error TS2304: Cannot find name 'Pool'.
server/scripts/fix-template-usage-counters.ts(138,57): error TS18046: 'error' is of type 'unknown'.
server/scripts/force-cleanup-stuck-jobs.ts(15,18): error TS2307: Cannot find module 'bull' or its corresponding type declarations.
server/scripts/generate-embeddings.ts(56,19): error TS2322: Type 'null' is not assignable to type 'Condition<number[]> | undefined'.
server/scripts/generate-embeddings.ts(83,27): error TS2769: No overload matches this call.
  Overload 1 of 3, '(filter: Filter<DocumentChunk>, options?: (FindOptions & Abortable) | undefined): FindCursor<WithId<DocumentChunk>>', gave the following error.
    Type 'null' is not assignable to type 'Condition<number[]> | undefined'.
  Overload 2 of 3, '(filter: Filter<DocumentChunk>, options?: (FindOptions & Abortable) | undefined): FindCursor<Document>', gave the following error.
    Type 'null' is not assignable to type 'Condition<number[]> | undefined'.
server/scripts/get-ideation-template-id.ts(7,18): error TS2304: Cannot find name 'Pool'.
server/scripts/get-project-ids.ts(8,18): error TS2304: Cannot find name 'Pool'.
server/scripts/init-migration-tracking.ts(20,18): error TS2304: Cannot find name 'Pool'.
server/scripts/init-qdrant-collection.ts(56,49): error TS2339: Property 'vectors_count' does not exist on type '{ status: "green" | "red" | "yellow" | "grey"; optimizer_status: "ok" | { error: string; }; warnings?: { message: string; }[] | undefined; indexed_vectors_count?: number | null | undefined; points_count?: number | ... 1 more ... | undefined; segments_count: number; config: { ...; }; payload_schema: { ...; }; }'.
server/scripts/init-qdrant-collection.ts(73,11): error TS2322: Type 'number' is not assignable to type '{ size: number; distance: "Cosine" | "Dot" | "Euclid" | "Manhattan"; hnsw_config?: Record<string, unknown> | { m?: number | null | undefined; ef_construct?: number | null | undefined; ... 4 more ...; inline_storage?: boolean | ... 1 more ... | undefined; } | null | undefined; quantization_config?: Record<...> | ... ...'.
server/scripts/init-qdrant-collection.ts(74,11): error TS2322: Type '"Cosine" | "Euclidean" | "Dot"' is not assignable to type '{ size: number; distance: "Cosine" | "Dot" | "Euclid" | "Manhattan"; hnsw_config?: Record<string, unknown> | { m?: number | null | undefined; ef_construct?: number | null | undefined; ... 4 more ...; inline_storage?: boolean | ... 1 more ... | undefined; } | null | undefined; quantization_config?: Record<...> | ... ...'.
  Type 'string' is not assignable to type '{ size: number; distance: "Cosine" | "Dot" | "Euclid" | "Manhattan"; hnsw_config?: Record<string, unknown> | { m?: number | null | undefined; ef_construct?: number | null | undefined; ... 4 more ...; inline_storage?: boolean | ... 1 more ... | undefined; } | null | undefined; quantization_config?: Record<...> | ... ...'.
server/scripts/install-agent3-tables.ts(14,18): error TS2304: Cannot find name 'Pool'.
server/scripts/install-agent3-tables.ts(58,31): error TS7006: Parameter 'row' implicitly has an 'any' type.
server/scripts/list-analytics-tables.ts(8,18): error TS2304: Cannot find name 'Pool'.
server/scripts/list-analytics-tables.ts(39,27): error TS7006: Parameter 'row' implicitly has an 'any' type.
server/scripts/list-users.ts(7,18): error TS2304: Cannot find name 'Pool'.
server/scripts/list-users.ts(25,28): error TS7006: Parameter 'user' implicitly has an 'any' type.
server/scripts/list-users.ts(25,34): error TS7006: Parameter 'index' implicitly has an 'any' type.
server/scripts/migrate-208.ts(40,24): error TS2304: Cannot find name 'Pool'.
server/scripts/migrate-208.ts(43,16): error TS2304: Cannot find name 'Pool'.
server/scripts/migrate-208.ts(53,14): error TS2304: Cannot find name 'Pool'.
server/scripts/migrate-208.ts(69,35): error TS2304: Cannot find name 'Pool'.
server/scripts/migrate-208.ts(249,38): error TS2304: Cannot find name 'Pool'.
server/scripts/migrate-208.ts(311,13): error TS2304: Cannot find name 'Pool'.
server/scripts/monitor-new-upload.ts(8,18): error TS2304: Cannot find name 'Pool'.
server/scripts/monitor-new-upload.ts(73,24): error TS7006: Parameter 'doc' implicitly has an 'any' type.
server/scripts/monitor-new-upload.ts(105,44): error TS7006: Parameter 'd' implicitly has an 'any' type.
server/scripts/monitor-new-upload.ts(106,41): error TS7006: Parameter 'd' implicitly has an 'any' type.
server/scripts/monitor-new-upload.ts(115,29): error TS7006: Parameter 'doc' implicitly has an 'any' type.
server/scripts/monitor-upload-live.ts(8,18): error TS2304: Cannot find name 'Pool'.
server/scripts/monitor-upload-live.ts(63,24): error TS7006: Parameter 'doc' implicitly has an 'any' type.
server/scripts/monitor-upload-live.ts(94,44): error TS7006: Parameter 'd' implicitly has an 'any' type.
server/scripts/monitor-upload-live.ts(95,41): error TS7006: Parameter 'd' implicitly has an 'any' type.
server/scripts/purge-extraction-dlq.ts(20,27): error TS2339: Property 'connect' does not exist on type '{ default: typeof import("amqplib"); }'.
server/scripts/remove-jobs-from-all-queues.ts(9,18): error TS2307: Cannot find module 'bull' or its corresponding type declarations.
server/scripts/replace-fictional-stakeholders.ts(8,18): error TS2304: Cannot find name 'Pool'.
server/scripts/requeue-rabbitmq.ts(7,50): error TS2307: Cannot find module './src/database/connection' or its corresponding type declarations.
server/scripts/requeue-rabbitmq.ts(8,30): error TS2307: Cannot find module './src/utils/redis' or its corresponding type declarations.
server/scripts/requeue-rabbitmq.ts(9,24): error TS2307: Cannot find module './src/utils/logger' or its corresponding type declarations.
server/scripts/requeue-rabbitmq.ts(19,8): error TS2307: Cannot find module './src/services/queueService' or its corresponding type declarations.
server/scripts/reset-failed-batches.ts(15,20): error TS2304: Cannot find name 'Pool'.
server/scripts/reset-failed-batches.ts(48,33): error TS7006: Parameter 'b' implicitly has an 'any' type.
server/scripts/retrigger_pending_jobs.ts(1,42): error TS2307: Cannot find module './src/services/queueService' or its corresponding type declarations.
server/scripts/run-financial-migrations.ts(61,51): error TS2304: Cannot find name 'Pool'.
server/scripts/run-financial-migrations.ts(80,41): error TS2304: Cannot find name 'Pool'.
server/scripts/run-financial-migrations.ts(89,9): error TS2304: Cannot find name 'Pool'.
server/scripts/run-financial-migrations.ts(103,9): error TS2304: Cannot find name 'Pool'.
server/scripts/run-financial-migrations.ts(177,39): error TS2304: Cannot find name 'Pool'.
server/scripts/run-financial-migrations.ts(320,20): error TS2304: Cannot find name 'Pool'.
server/scripts/run-migration-051.ts(9,18): error TS2304: Cannot find name 'Pool'.
server/scripts/run-migration-051.ts(51,36): error TS7006: Parameter 'row' implicitly has an 'any' type.
server/scripts/run-migration-052.ts(9,18): error TS2304: Cannot find name 'Pool'.
server/scripts/run-migration-052.ts(41,34): error TS7006: Parameter 'row' implicitly has an 'any' type.
server/scripts/run-migration-052.ts(41,39): error TS7006: Parameter 'idx' implicitly has an 'any' type.
server/scripts/run-migration-100.ts(174,20): error TS2304: Cannot find name 'Pool'.
server/scripts/run-migration-348.ts(23,18): error TS2304: Cannot find name 'Pool'.
server/scripts/run-migration-352.ts(27,20): error TS2304: Cannot find name 'Pool'.
server/scripts/run-migration-352.ts(29,10): error TS18048: 'DATABASE_URL' is possibly 'undefined'.
server/scripts/run-migration-352.ts(29,54): error TS18048: 'DATABASE_URL' is possibly 'undefined'.
server/scripts/run-migration-353.ts(29,20): error TS2304: Cannot find name 'Pool'.
server/scripts/run-migration-353.ts(31,10): error TS18048: 'DATABASE_URL' is possibly 'undefined'.
server/scripts/run-migration-353.ts(31,54): error TS18048: 'DATABASE_URL' is possibly 'undefined'.
server/scripts/run-migration-354.ts(36,20): error TS2304: Cannot find name 'Pool'.
server/scripts/run-migration-354.ts(38,10): error TS18048: 'DATABASE_URL' is possibly 'undefined'.
server/scripts/run-migration-354.ts(38,54): error TS18048: 'DATABASE_URL' is possibly 'undefined'.
server/scripts/run-migration-361.ts(37,18): error TS2304: Cannot find name 'Pool'.
server/scripts/run-migration-400.ts(27,18): error TS2304: Cannot find name 'Pool'.
server/scripts/run-migration-400.ts(116,32): error TS7006: Parameter 'row' implicitly has an 'any' type.
server/scripts/run-migration-660.ts(33,18): error TS2304: Cannot find name 'Pool'.
server/scripts/run-migrations.ts(131,19): error TS18046: 'error' is of type 'unknown'.
server/scripts/run-missing-migrations.ts(21,20): error TS2304: Cannot find name 'Pool'.
server/scripts/run-missing-migrations.ts(63,25): error TS7006: Parameter 'row' implicitly has an 'any' type.
server/scripts/run-missing-migrations.ts(78,26): error TS7006: Parameter 'row' implicitly has an 'any' type.
server/scripts/run-specific-migrations.ts(17,18): error TS2304: Cannot find name 'Pool'.
server/scripts/seed-baseline-data.ts(5,10): error TS2440: Import declaration conflicts with local declaration of 'pool'.
server/scripts/seed-baseline-data.ts(116,18): error TS2304: Cannot find name 'Pool'.
server/scripts/seed-baseline-data.ts(253,63): error TS18046: 'err' is of type 'unknown'.
server/scripts/seed-baseline-data.ts(306,69): error TS18046: 'err' is of type 'unknown'.
server/scripts/seed-financial-test-data.ts(131,20): error TS2304: Cannot find name 'Pool'.
server/scripts/seed-langfuse-adpa-rich.ts(530,53): error TS2353: Object literal may only specify known properties, and 'name' does not exist in type 'Omit<{ page?: number | null | undefined; limit?: number | null | undefined; fromTimestamp?: Date | null | undefined; toTimestamp?: Date | null | undefined; environment?: (string | null)[] | undefined; }, "externalId" | "traceIdType">'.
server/scripts/semantic-search-init.ts(51,101): error TS18046: 'err' is of type 'unknown'.
server/scripts/semantic-search-init.ts(119,67): error TS18046: 'error' is of type 'unknown'.
server/scripts/semantic-search-init.ts(120,18): error TS18046: 'error' is of type 'unknown'.
server/scripts/show-admin-credentials.ts(13,18): error TS2304: Cannot find name 'Pool'.
server/scripts/test-confluence-publishing.ts(102,7): error TS2554: Expected 2-3 arguments, but got 4.
server/scripts/test-development-approach-extraction.ts(154,7): error TS2345: Argument of type 'string | undefined' is not assignable to parameter of type 'string'.
  Type 'undefined' is not assignable to type 'string'.
server/scripts/test-development-approach-extraction.ts(210,9): error TS2345: Argument of type 'string | undefined' is not assignable to parameter of type 'string'.
  Type 'undefined' is not assignable to type 'string'.
server/scripts/test-drift-detection-fix.ts(98,67): error TS2345: Argument of type 'string | null' is not assignable to parameter of type 'string'.
  Type 'null' is not assignable to type 'string'.
server/scripts/test-drift-detection-fix.ts(123,67): error TS2345: Argument of type 'string | null' is not assignable to parameter of type 'string'.
  Type 'null' is not assignable to type 'string'.
server/scripts/test-drift-detection-fix.ts(156,67): error TS2345: Argument of type 'string | null' is not assignable to parameter of type 'string'.
  Type 'null' is not assignable to type 'string'.
server/scripts/test-drift-detection-fix.ts(190,67): error TS2345: Argument of type 'string | null' is not assignable to parameter of type 'string'.
  Type 'null' is not assignable to type 'string'.
server/scripts/test-emergency-meeting-integration.ts(31,7): error TS2345: Argument of type 'null' is not assignable to parameter of type 'string | undefined'.
server/scripts/test-emergency-meeting-integration.ts(55,7): error TS2345: Argument of type 'null' is not assignable to parameter of type 'string | undefined'.
server/scripts/test-emergency-meeting-integration.ts(79,7): error TS2345: Argument of type 'null' is not assignable to parameter of type 'string | undefined'.
server/scripts/test-playbook-matching.ts(1,39): error TS2307: Cannot find module './src/services/playbookService' or its corresponding type declarations.
server/scripts/test-playbook-matching.ts(2,33): error TS2307: Cannot find module './src/database/connection' or its corresponding type declarations.
server/scripts/test-playbook-matching.ts(23,26): error TS7006: Parameter 'playbook' implicitly has an 'any' type.
server/scripts/test-playbook-matching.ts(23,36): error TS7006: Parameter 'index' implicitly has an 'any' type.
server/scripts/test-portfolio-financial.ts(10,19): error TS7016: Could not find a declaration file for module 'node-fetch'. 'D:/Source/adpa/node_modules/.pnpm/node-fetch@2.7.0/node_modules/node-fetch/lib/index.js' implicitly has an 'any' type.
  Try `npm i --save-dev @types/node-fetch` if it exists or add a new declaration (.d.ts) file containing `declare module 'node-fetch';`
server/scripts/test-redis-diagnostic.ts(45,18): error TS2769: No overload matches this call.
  Overload 1 of 3, '(msg: string, ...args: any[]): void', gave the following error.
    Argument of type 'unknown' is not assignable to parameter of type 'string'.
  Overload 2 of 3, '(obj: object, msg?: string | undefined, ...args: any[]): void', gave the following error.
    Argument of type 'unknown' is not assignable to parameter of type 'object'.
  Overload 3 of 3, '(msg: string, obj: object, ...args: any[]): void', gave the following error.
    Argument of type 'unknown' is not assignable to parameter of type 'string'.
server/scripts/test-strategic-drift.ts(8,18): error TS2304: Cannot find name 'Pool'.
server/scripts/test-strategic-drift.ts(38,30): error TS7006: Parameter 'doc' implicitly has an 'any' type.
server/scripts/test-strategic-drift.ts(38,35): error TS7006: Parameter 'idx' implicitly has an 'any' type.
server/scripts/test-strategic-drift.ts(90,49): error TS18048: 'dp.entityType' is possibly 'undefined'.
server/scripts/test-strategic-drift.ts(93,48): error TS2339: Property 'impact' does not exist on type 'DriftPoint'.
server/scripts/test-strategic-drift.ts(112,52): error TS2339: Property 'status' does not exist on type '{ id: string; drift_severity: DriftSeverity; }'.
server/scripts/test-strategic-drift.ts(115,60): error TS2367: This comparison appears to be unintentional because the types '"info" | "warning"' and '"high"' have no overlap.
server/scripts/test-strategic-drift.ts(152,31): error TS7006: Parameter 'drift' implicitly has an 'any' type.
server/scripts/test-strategic-drift.ts(152,38): error TS7006: Parameter 'idx' implicitly has an 'any' type.
server/scripts/test-technical-matching.ts(1,39): error TS2307: Cannot find module './src/services/playbookService' or its corresponding type declarations.
server/scripts/test-technical-matching.ts(2,33): error TS2307: Cannot find module './src/database/connection' or its corresponding type declarations.
server/scripts/test-technical-matching.ts(22,26): error TS7006: Parameter 'playbook' implicitly has an 'any' type.
server/scripts/test-technical-matching.ts(22,36): error TS7006: Parameter 'index' implicitly has an 'any' type.
server/scripts/test-template-optimization-apply.ts(24,18): error TS2304: Cannot find name 'Pool'.
server/scripts/test-template-optimization-apply.ts(222,36): error TS7006: Parameter 'version' implicitly has an 'any' type.
server/scripts/test-template-optimization-apply.ts(222,45): error TS7006: Parameter 'idx' implicitly has an 'any' type.
server/scripts/test-template-optimization-direct.ts(17,18): error TS2304: Cannot find name 'Pool'.
server/scripts/test-template-optimization-direct.ts(255,30): error TS7006: Parameter 'row' implicitly has an 'any' type.
server/scripts/trigger-drift-detection.ts(9,18): error TS2304: Cannot find name 'Pool'.
server/scripts/trigger-drift-detection.ts(32,30): error TS7006: Parameter 'doc' implicitly has an 'any' type.
server/scripts/trigger-drift-detection.ts(32,35): error TS7006: Parameter 'idx' implicitly has an 'any' type.
server/scripts/trigger-drift-detection.ts(39,50): error TS7006: Parameter 'd' implicitly has an 'any' type.
server/scripts/trigger-drift-via-api.ts(5,19): error TS7016: Could not find a declaration file for module 'node-fetch'. 'D:/Source/adpa/node_modules/.pnpm/node-fetch@2.7.0/node_modules/node-fetch/lib/index.js' implicitly has an 'any' type.
  Try `npm i --save-dev @types/node-fetch` if it exists or add a new declaration (.d.ts) file containing `declare module 'node-fetch';`
server/scripts/trigger-drift-via-api.ts(9,18): error TS2304: Cannot find name 'Pool'.
server/scripts/trigger-optimization-manually.ts(7,20): error TS2304: Cannot find name 'Pool'.
server/scripts/trigger-test-quality-audit.ts(11,18): error TS2304: Cannot find name 'Pool'.
server/scripts/update-extraction-methods-strict.ts(19,358): error TS1501: This regular expression flag is only available when targeting 'es2018' or later.
server/scripts/update-risk-registry-view.ts(20,20): error TS2304: Cannot find name 'Pool'.
server/scripts/update-risk-registry-view.ts(65,33): error TS7006: Parameter 'row' implicitly has an 'any' type.
server/scripts/validate-governance-workflow.ts(78,55): error TS2339: Property 'substring' does not exist on type 'DocumentContent'.
server/scripts/verify-ai-analytics-integration.ts(10,18): error TS2304: Cannot find name 'Pool'.
server/scripts/verify-ai-analytics-integration.ts(40,34): error TS7006: Parameter 'audit' implicitly has an 'any' type.
server/scripts/verify-ai-analytics-integration.ts(40,41): error TS7006: Parameter 'idx' implicitly has an 'any' type.
server/scripts/verify-ai-analytics-integration.ts(74,39): error TS7006: Parameter 'suggestion' implicitly has an 'any' type.
server/scripts/verify-ai-analytics-integration.ts(74,51): error TS7006: Parameter 'idx' implicitly has an 'any' type.
server/scripts/verify-ai-analytics-integration.ts(105,33): error TS7006: Parameter 'usage' implicitly has an 'any' type.
server/scripts/verify-ai-analytics-integration.ts(105,40): error TS7006: Parameter 'idx' implicitly has an 'any' type.
server/scripts/verify-ai-analytics-integration.ts(115,49): error TS7006: Parameter 'a' implicitly has an 'any' type.
server/scripts/verify-ai-analytics-integration.ts(116,47): error TS7006: Parameter 'a' implicitly has an 'any' type.
server/scripts/verify-ai-analytics-integration.ts(117,58): error TS7006: Parameter 's' implicitly has an 'any' type.
server/scripts/verify-ai-analytics-integration.ts(118,56): error TS7006: Parameter 's' implicitly has an 'any' type.
server/scripts/verify-batch-complete.ts(8,18): error TS2304: Cannot find name 'Pool'.
server/scripts/verify-batch-complete.ts(47,24): error TS7006: Parameter 'doc' implicitly has an 'any' type.
server/scripts/verify-batch-complete.ts(47,29): error TS7006: Parameter 'idx' implicitly has an 'any' type.
server/scripts/verify-batch-complete.ts(97,41): error TS7006: Parameter 'd' implicitly has an 'any' type.
server/scripts/verify-confluence-integration.ts(16,13): error TS2339: Property 'PublishToConfluenceJobData' does not exist on type 'typeof import("D:/Source/adpa/server/src/services/jobs/types")'.
server/scripts/verify-confluence-integration.ts(39,45): error TS18046: 'error' is of type 'unknown'.
server/scripts/verify-confluence-integration.ts(50,25): error TS2339: Property 'name' does not exist on type 'RabbitQueueAdapter'.
server/scripts/verify-confluence-integration.ts(51,92): error TS2339: Property 'name' does not exist on type 'RabbitQueueAdapter'.
server/scripts/verify-cost-columns.ts(23,18): error TS2304: Cannot find name 'Pool'.
server/scripts/verify-heartbeats.ts(8,18): error TS2304: Cannot find name 'Pool'.
server/scripts/verify-heartbeats.ts(18,26): error TS7006: Parameter 'row' implicitly has an 'any' type.
server/scripts/verify-lessons-learned-enhancement.ts(5,10): error TS2305: Module '"../src/database/connection"' has no exported member 'initDb'.
server/scripts/verify-lessons-learned-enhancement.ts(44,21): error TS2339: Property 'status' does not exist on type 'LessonsLearned'.
server/scripts/verify-lessons-learned-enhancement.ts(44,56): error TS2339: Property 'severity' does not exist on type 'LessonsLearned'.
server/scripts/verify-lessons-learned-enhancement.ts(44,91): error TS2339: Property 'phase' does not exist on type 'LessonsLearned'.
server/scripts/verify-lessons-learned-enhancement.ts(63,21): error TS2339: Property 'status' does not exist on type 'LessonsLearned'.
server/scripts/verify-lessons-learned-enhancement.ts(63,56): error TS2339: Property 'phase' does not exist on type 'LessonsLearned'.
server/scripts/verify-migration-400.ts(19,18): error TS2304: Cannot find name 'Pool'.
server/scripts/verify-migration-400.ts(98,30): error TS7006: Parameter 'col' implicitly has an 'any' type.
server/scripts/verify-migration-400.ts(121,26): error TS7006: Parameter 'row' implicitly has an 'any' type.
server/scripts/verify-pipeline-ready.ts(8,19): error TS7016: Could not find a declaration file for module 'node-fetch'. 'D:/Source/adpa/node_modules/.pnpm/node-fetch@2.7.0/node_modules/node-fetch/lib/index.js' implicitly has an 'any' type.
  Try `npm i --save-dev @types/node-fetch` if it exists or add a new declaration (.d.ts) file containing `declare module 'node-fetch';`
server/scripts/verify-quality-analytics-integration.ts(8,18): error TS2304: Cannot find name 'Pool'.
server/scripts/verify-quality-analytics-integration.ts(36,34): error TS7006: Parameter 'audit' implicitly has an 'any' type.
server/scripts/verify-quality-analytics-integration.ts(36,41): error TS7006: Parameter 'i' implicitly has an 'any' type.
server/scripts/verify-quality-analytics-integration.ts(65,53): error TS7006: Parameter 'sum' implicitly has an 'any' type.
server/scripts/verify-quality-analytics-integration.ts(65,58): error TS7006: Parameter 'a' implicitly has an 'any' type.
server/scripts/verify-template-version.ts(7,18): error TS2304: Cannot find name 'Pool'.
server/scripts/view-ideation-suggestion.ts(7,18): error TS2304: Cannot find name 'Pool'.
server/src/__tests__/contextOrchestrator.test.ts(72,15): error TS2322: Type '"database"' is not assignable to type 'ContextSourceType'.
server/src/__tests__/contextOrchestrator.test.ts(172,15): error TS2322: Type '"database"' is not assignable to type 'ContextSourceType'.
server/src/__tests__/contextOrchestrator.test.ts(230,11): error TS2353: Object literal may only specify known properties, and 'enable_rag_integration' does not exist in type 'ContextGatheringConfig'.
server/src/__tests__/contextOrchestrator.test.ts(285,11): error TS2353: Object literal may only specify known properties, and 'enable_rag_integration' does not exist in type 'ContextGatheringConfig'.
server/src/__tests__/contextOrchestrator.test.ts(336,11): error TS2353: Object literal may only specify known properties, and 'enable_rag_integration' does not exist in type 'ContextGatheringConfig'.
server/src/__tests__/contexts/adapters/confluenceAdapter.test.ts(54,46): error TS2345: Argument of type '{ data: { results: { id: string; title: string; space: { key: string; }; body: { storage: { value: string; }; }; }[]; }; }' is not assignable to parameter of type 'never'.
server/src/__tests__/contexts/adapters/confluenceAdapter.test.ts(95,34): error TS2345: Argument of type '{ data: { results: { id: string; title: string; space: { key: string; }; body: { storage: { value: string; }; }; }[]; }; }' is not assignable to parameter of type 'never'.
server/src/__tests__/contexts/adapters/confluenceAdapter.test.ts(105,34): error TS2345: Argument of type '{ data: { results: { id: string; title: string; space: { key: string; }; body: { storage: { value: string; }; }; }[]; }; }' is not assignable to parameter of type 'never'.
server/src/__tests__/contexts/adapters/confluenceAdapter.test.ts(142,46): error TS2345: Argument of type '{ data: { results: { id: string; title: string; space: { key: string; }; body: { storage: { value: string; }; }; version: { when: string; }; }[]; }; }' is not assignable to parameter of type 'never'.
server/src/__tests__/contexts/adapters/confluenceAdapter.test.ts(186,46): error TS2345: Argument of type '{ data: { id: string; title: string; space: { key: string; }; body: { storage: { value: string; }; }; version: { when: string; }; }; }' is not assignable to parameter of type 'never'.
server/src/__tests__/contexts/adapters/confluenceAdapter.test.ts(221,46): error TS2345: Argument of type '{ response: { status: number; }; }' is not assignable to parameter of type 'never'.
server/src/__tests__/contexts/adapters/jiraAdapter.test.ts(54,46): error TS2345: Argument of type '{ data: { issues: { key: string; fields: { summary: string; description: string; updated: string; status: { name: string; }; }; }[]; }; }' is not assignable to parameter of type 'never'.
server/src/__tests__/contexts/adapters/jiraAdapter.test.ts(97,46): error TS2345: Argument of type '{ data: { issues: { key: string; fields: { summary: string; description: string; updated: string; status: { name: string; }; }; }[]; }; }' is not assignable to parameter of type 'never'.
server/src/__tests__/contexts/adapters/jiraAdapter.test.ts(143,46): error TS2345: Argument of type '{ data: { key: string; fields: { summary: string; description: string; updated: string; status: { name: string; }; }; }; }' is not assignable to parameter of type 'never'.
server/src/__tests__/contexts/adapters/jiraAdapter.test.ts(180,46): error TS2345: Argument of type '{ response: { status: number; }; }' is not assignable to parameter of type 'never'.
server/src/__tests__/database/team-agreements-schema.test.ts(19,13): error TS2304: Cannot find name 'Pool'.
server/src/__tests__/database/team-agreements-schema.test.ts(22,16): error TS2304: Cannot find name 'Pool'.
server/src/__tests__/database/team-agreements-schema.test.ts(53,39): error TS7006: Parameter 'r' implicitly has an 'any' type.
server/src/__tests__/database/team-agreements-schema.test.ts(217,39): error TS7006: Parameter 'r' implicitly has an 'any' type.
server/src/__tests__/database/team-agreements-schema.test.ts(260,39): error TS7006: Parameter 'r' implicitly has an 'any' type.
server/src/__tests__/database/team-agreements-schema.test.ts(262,27): error TS7006: Parameter 'idx' implicitly has an 'any' type.
server/src/__tests__/database/team-agreements-schema.test.ts(263,27): error TS7006: Parameter 'idx' implicitly has an 'any' type.
server/src/__tests__/database/team-agreements-schema.test.ts(264,27): error TS7006: Parameter 'idx' implicitly has an 'any' type.
server/src/__tests__/database/team-agreements-schema.test.ts(275,39): error TS7006: Parameter 'r' implicitly has an 'any' type.
server/src/__tests__/database/team-agreements-schema.test.ts(277,27): error TS7006: Parameter 'idx' implicitly has an 'any' type.
server/src/__tests__/database/team-agreements-schema.test.ts(278,27): error TS7006: Parameter 'idx' implicitly has an 'any' type.
server/src/__tests__/integration/ai-provider-failover.test.ts(763,47): error TS2341: Property 'getActiveProviders' is private and only accessible within class 'AIService'.
server/src/__tests__/integration/ai-provider-failover.test.ts(769,58): error TS2339: Property 'type' does not exist on type 'string'.
server/src/__tests__/integration/ai-provider-failover.test.ts(770,30): error TS2339: Property 'type' does not exist on type 'string'.
server/src/__tests__/integration/ai-provider-failover.test.ts(779,38): error TS2339: Property 'type' does not exist on type 'string'.
server/src/__tests__/integration/documentExport.test.ts(28,37): error TS2345: Argument of type 'any' is not assignable to parameter of type 'never'.
server/src/__tests__/integration/documentExport.test.ts(62,57): error TS2345: Argument of type 'any' is not assignable to parameter of type 'never'.
server/src/__tests__/integration/drift-auto-resolution-e2e.test.ts(156,26): error TS2339: Property 'status' does not exist on type '{ id: string; drift_severity: DriftSeverity; }'.
server/src/__tests__/integration/drift-escalation-integration.test.ts(93,9): error TS2322: Type '{ entityType: string; driftType: "modified"; baselineValue: number; currentValue: number; variance: number; description: string; requiresApproval: boolean; }[]' is not assignable to type 'DriftPoint[]'.
  Type '{ entityType: string; driftType: "modified"; baselineValue: number; currentValue: number; variance: number; description: string; requiresApproval: boolean; }' is missing the following properties from type 'DriftPoint': drift_type, drift_severity
server/src/__tests__/integration/drift-escalation-integration.test.ts(102,74): error TS2345: Argument of type '{ entityType: string; driftType: "modified"; baselineValue: number; currentValue: number; variance: number; description: string; requiresApproval: boolean; }[]' is not assignable to parameter of type 'DriftPoint[]'.
  Type '{ entityType: string; driftType: "modified"; baselineValue: number; currentValue: number; variance: number; description: string; requiresApproval: boolean; }' is missing the following properties from type 'DriftPoint': drift_type, drift_severity
server/src/__tests__/integration/drift-escalation-integration.test.ts(155,9): error TS2322: Type '{ entityType: string; driftType: "modified"; baselineValue: number; currentValue: number; variance: number; description: string; requiresApproval: boolean; }[]' is not assignable to type 'DriftPoint[]'.
  Type '{ entityType: string; driftType: "modified"; baselineValue: number; currentValue: number; variance: number; description: string; requiresApproval: boolean; }' is missing the following properties from type 'DriftPoint': drift_type, drift_severity
server/src/__tests__/integration/drift-escalation-integration.test.ts(160,74): error TS2345: Argument of type '{ entityType: string; driftType: "modified"; baselineValue: number; currentValue: number; variance: number; description: string; requiresApproval: boolean; }[]' is not assignable to parameter of type 'DriftPoint[]'.
  Type '{ entityType: string; driftType: "modified"; baselineValue: number; currentValue: number; variance: number; description: string; requiresApproval: boolean; }' is missing the following properties from type 'DriftPoint': drift_type, drift_severity
server/src/__tests__/integration/drift-escalation-integration.test.ts(216,9): error TS2322: Type '{ entityType: string; driftType: "added"; baselineValue: null; currentValue: string; description: string; requiresApproval: boolean; }[]' is not assignable to type 'DriftPoint[]'.
  Type '{ entityType: string; driftType: "added"; baselineValue: null; currentValue: string; description: string; requiresApproval: boolean; }' is missing the following properties from type 'DriftPoint': drift_type, drift_severity
server/src/__tests__/integration/drift-escalation-integration.test.ts(217,9): error TS2322: Type '"high"' is not assignable to type 'DriftSeverity'.
server/src/__tests__/integration/drift-escalation-integration.test.ts(221,74): error TS2345: Argument of type '{ entityType: string; driftType: "added"; baselineValue: null; currentValue: string; description: string; requiresApproval: boolean; }[]' is not assignable to parameter of type 'DriftPoint[]'.
  Type '{ entityType: string; driftType: "added"; baselineValue: null; currentValue: string; description: string; requiresApproval: boolean; }' is missing the following properties from type 'DriftPoint': drift_type, drift_severity
server/src/__tests__/integration/drift-escalation-integration.test.ts(261,9): error TS2322: Type '{ entityType: string; driftType: "modified"; baselineValue: number; currentValue: number; variance: number; description: string; requiresApproval: boolean; }[]' is not assignable to type 'DriftPoint[]'.
  Type '{ entityType: string; driftType: "modified"; baselineValue: number; currentValue: number; variance: number; description: string; requiresApproval: boolean; }' is missing the following properties from type 'DriftPoint': drift_type, drift_severity
server/src/__tests__/integration/drift-escalation-integration.test.ts(262,9): error TS2322: Type '"low"' is not assignable to type 'DriftSeverity'.
server/src/__tests__/integration/drift-escalation-integration.test.ts(266,74): error TS2345: Argument of type '{ entityType: string; driftType: "modified"; baselineValue: number; currentValue: number; variance: number; description: string; requiresApproval: boolean; }[]' is not assignable to parameter of type 'DriftPoint[]'.
  Type '{ entityType: string; driftType: "modified"; baselineValue: number; currentValue: number; variance: number; description: string; requiresApproval: boolean; }' is missing the following properties from type 'DriftPoint': drift_type, drift_severity
server/src/__tests__/integration/openai-integration.test.ts(21,13): error TS2339: Property 'default' does not exist on type 'typeof import("D:/Source/adpa/server/src/server")'.
server/src/__tests__/integration/openai-integration.test.ts(71,45): error TS2345: Argument of type '{ data: never[]; }' is not assignable to parameter of type 'never'.
server/src/__tests__/integration/openai-integration.test.ts(111,49): error TS2345: Argument of type '{ id: string; object: string; created: number; model: string; choices: { index: number; message: { role: string; content: string; }; finish_reason: string; }[]; usage: { prompt_tokens: number; completion_tokens: number; total_tokens: number; }; }' is not assignable to parameter of type 'never'.
server/src/__tests__/integration/openai-integration.test.ts(190,45): error TS2345: Argument of type '{ data: never[]; }' is not assignable to parameter of type 'never'.
server/src/__tests__/integration/openai-integration.test.ts(212,45): error TS2345: Argument of type '{ data: { id: string; object: string; }[]; }' is not assignable to parameter of type 'never'.
server/src/__tests__/integration/openai-integration.test.ts(227,66): error TS2345: Argument of type '{ id: string; choices: { message: { content: string; }; }[]; model: string; usage: { prompt_tokens: number; completion_tokens: number; total_tokens: number; }; provider: string; }' is not assignable to parameter of type 'never'.
server/src/__tests__/integration/openai-integration.test.ts(274,62): error TS2345: Argument of type 'true' is not assignable to parameter of type 'never'.
server/src/__tests__/integration/openai-integration.test.ts(314,66): error TS2345: Argument of type 'string[]' is not assignable to parameter of type 'never'.
server/src/__tests__/integration/openai-integration.test.ts(332,59): error TS2345: Argument of type '{ content: string; provider: string; model: string; usage: { total_tokens: number; }; }' is not assignable to parameter of type 'AIGenerateResponse'.
  Types of property 'usage' are incompatible.
    Type '{ total_tokens: number; }' is missing the following properties from type '{ prompt_tokens: number; completion_tokens: number; total_tokens: number; totalTokens?: number | undefined; promptTokens?: number | undefined; completionTokens?: number | undefined; }': prompt_tokens, completion_tokens
server/src/__tests__/integration/openai-integration.test.ts(357,59): error TS2345: Argument of type '{ content: string; provider: string; model: string; usage: { total_tokens: number; }; }' is not assignable to parameter of type 'AIGenerateResponse'.
  Types of property 'usage' are incompatible.
    Type '{ total_tokens: number; }' is missing the following properties from type '{ prompt_tokens: number; completion_tokens: number; total_tokens: number; totalTokens?: number | undefined; promptTokens?: number | undefined; completionTokens?: number | undefined; }': prompt_tokens, completion_tokens
server/src/__tests__/integration/openai-integration.test.ts(415,49): error TS2345: Argument of type '{ status: number; message: string; headers: { 'retry-after': string; }; }' is not assignable to parameter of type 'never'.
server/src/__tests__/integration/openai-integration.test.ts(449,49): error TS2345: Argument of type '{ code: string; message: string; }' is not assignable to parameter of type 'never'.
server/src/__tests__/integration/pmbok8-domain-extraction.test.ts(33,13): error TS2339: Property 'default' does not exist on type 'typeof import("D:/Source/adpa/server/src/server")'.
server/src/__tests__/integration/pmbok8-domain-extraction.test.ts(116,30): error TS2345: Argument of type 'string' is not assignable to parameter of type 'number'.
server/src/__tests__/integration/pmbok8-domain-extraction.test.ts(117,30): error TS2345: Argument of type 'string' is not assignable to parameter of type 'number'.
server/src/__tests__/integration/pmbok8-domain-extraction.test.ts(167,15): error TS2339: Property 'registerDomainRuns' does not exist on type 'typeof import("D:/Source/adpa/server/src/services/queueService")'.
server/src/__tests__/integration/pmbok8-domain-extraction.test.ts(211,15): error TS2339: Property 'resolveEntityTypesForDomains' does not exist on type 'typeof import("D:/Source/adpa/server/src/services/queueService")'.
server/src/__tests__/integration/pmbok8-domain-extraction.test.ts(211,45): error TS2339: Property 'normalizeDomains' does not exist on type 'typeof import("D:/Source/adpa/server/src/services/queueService")'.
server/src/__tests__/notificationService.test.ts(7,10): error TS2724: '"../services/notificationService"' has no exported member named 'NotificationService'. Did you mean 'notificationService'?
server/src/__tests__/notificationService.test.ts(14,15): error TS2304: Cannot find name 'Pool'.
server/src/__tests__/pipeline-e2e.test.ts(123,13): error TS2353: Object literal may only specify known properties, and 'structure_quality' does not exist in type 'QualityThresholds'.
server/src/__tests__/pipeline-e2e.test.ts(139,11): error TS2353: Object literal may only specify known properties, and 'enable_structure_validation' does not exist in type 'QualityConfig'.
server/src/__tests__/pipeline-e2e.test.ts(181,40): error TS2339: Property 'total_processing_time' does not exist on type 'ProcessingMetrics'.
server/src/__tests__/pipeline-e2e.test.ts(188,67): error TS2339: Property 'total_processing_time' does not exist on type 'ProcessingMetrics'.
server/src/__tests__/pipeline-e2e.test.ts(206,13): error TS2353: Object literal may only specify known properties, and 'structure_quality' does not exist in type 'QualityThresholds'.
server/src/__tests__/pipeline-e2e.test.ts(222,11): error TS2353: Object literal may only specify known properties, and 'enable_structure_validation' does not exist in type 'QualityConfig'.
server/src/__tests__/pipeline-e2e.test.ts(296,13): error TS2353: Object literal may only specify known properties, and 'structure_quality' does not exist in type 'QualityThresholds'.
server/src/__tests__/pipeline-e2e.test.ts(312,11): error TS2353: Object literal may only specify known properties, and 'enable_structure_validation' does not exist in type 'QualityConfig'.
server/src/__tests__/pipeline-e2e.test.ts(329,23): error TS2352: Conversion of type 'DocumentContent' to type 'string' may be a mistake because neither type sufficiently overlaps with the other. If this was intentional, convert the expression to 'unknown' first.
server/src/__tests__/pipeline-e2e.test.ts(358,13): error TS2353: Object literal may only specify known properties, and 'structure_quality' does not exist in type 'QualityThresholds'.
server/src/__tests__/pipeline-e2e.test.ts(374,11): error TS2353: Object literal may only specify known properties, and 'enable_structure_validation' does not exist in type 'QualityConfig'.
server/src/__tests__/pipeline-e2e.test.ts(406,13): error TS2353: Object literal may only specify known properties, and 'structure_quality' does not exist in type 'QualityThresholds'.
server/src/__tests__/pipeline-e2e.test.ts(422,11): error TS2353: Object literal may only specify known properties, and 'enable_structure_validation' does not exist in type 'QualityConfig'.
server/src/__tests__/routes/document-entity-editing.test.ts(177,37): error TS7006: Parameter 'line' implicitly has an 'any' type.
server/src/__tests__/services/boardReportService.test.ts(34,29): error TS2304: Cannot find name 'Pool'.
server/src/__tests__/services/boardReportService.test.ts(42,22): error TS2304: Cannot find name 'Pool'.
server/src/__tests__/services/boardReportService.test.ts(108,17): error TS2551: Property 'generateText' does not exist on type 'Mocked<AIService>'. Did you mean 'generate'?
server/src/__tests__/services/boardReportService.test.ts(124,24): error TS2551: Property 'generateText' does not exist on type 'Mocked<AIService>'. Did you mean 'generate'?
server/src/__tests__/services/drift-record-marked-resolved.test.ts(244,13): error TS2304: Cannot find name 'resetDriftRecord'.
server/src/__tests__/services/drift-record-marked-resolved.test.ts(264,9): error TS2345: Argument of type '{ entityType: string; driftType: "modified"; description: string; baselineValue: number; currentValue: number; variance: number; requiresApproval: boolean; }[]' is not assignable to parameter of type 'DriftPoint[]'.
  Type '{ entityType: string; driftType: "modified"; description: string; baselineValue: number; currentValue: number; variance: number; requiresApproval: boolean; }' is missing the following properties from type 'DriftPoint': drift_type, drift_severity
server/src/__tests__/services/drift-record-marked-resolved.test.ts(278,13): error TS2304: Cannot find name 'resetDriftRecord'.
server/src/__tests__/services/drift-record-marked-resolved.test.ts(302,13): error TS2304: Cannot find name 'resetDriftRecord'.
server/src/__tests__/services/drift-resolution-change-request.test.ts(120,7): error TS2345: Argument of type '({ entityType: string; driftType: "modified"; description: string; baselineValue: { amount: number; currency: string; name?: undefined; date?: undefined; }; currentValue: { amount: number; currency: string; }; variance: number; requiresApproval: boolean; } | { ...; })[]' is not assignable to parameter of type 'DriftPoint[]'.
  Type '{ entityType: string; driftType: "modified"; description: string; baselineValue: { amount: number; currency: string; name?: undefined; date?: undefined; }; currentValue: { amount: number; currency: string; }; variance: number; requiresApproval: boolean; } | { ...; }' is not assignable to type 'DriftPoint'.
    Type '{ entityType: string; driftType: "modified"; description: string; baselineValue: { amount: number; currency: string; name?: undefined; date?: undefined; }; currentValue: { amount: number; currency: string; }; variance: number; requiresApproval: boolean; }' is missing the following properties from type 'DriftPoint': drift_type, drift_severity
server/src/__tests__/services/escalation.test.ts(156,20): error TS2339: Property 'dashboard_alert' does not exist on type 'EscalationAlert'.
server/src/__tests__/services/jiraLinkageService.test.ts(23,44): error TS2345: Argument of type 'any' is not assignable to parameter of type 'never'.
server/src/__tests__/services/jiraLinkageService.test.ts(34,44): error TS2345: Argument of type 'any' is not assignable to parameter of type 'never'.
server/src/__tests__/services/jiraLinkageService.test.ts(44,44): error TS2345: Argument of type 'any' is not assignable to parameter of type 'never'.
server/src/__tests__/services/jiraLinkageService.test.ts(54,44): error TS2345: Argument of type 'Error' is not assignable to parameter of type 'never'.
server/src/__tests__/services/jiraLinkageService.test.ts(64,44): error TS2345: Argument of type 'any' is not assignable to parameter of type 'never'.
server/src/__tests__/services/jiraLinkageService.test.ts(75,44): error TS2345: Argument of type 'any' is not assignable to parameter of type 'never'.
server/src/__tests__/services/jiraLinkageService.test.ts(88,44): error TS2345: Argument of type 'any' is not assignable to parameter of type 'never'.
server/src/__tests__/services/jiraLinkageService.test.ts(97,44): error TS2345: Argument of type 'any' is not assignable to parameter of type 'never'.
server/src/__tests__/services/jiraLinkageService.test.ts(110,44): error TS2345: Argument of type 'any' is not assignable to parameter of type 'never'.
server/src/__tests__/services/jiraLinkageService.test.ts(112,44): error TS2345: Argument of type 'any' is not assignable to parameter of type 'never'.
server/src/__tests__/services/jiraLinkageService.test.ts(114,44): error TS2345: Argument of type 'any' is not assignable to parameter of type 'never'.
server/src/__tests__/services/jiraLinkageService.test.ts(131,44): error TS2345: Argument of type 'any' is not assignable to parameter of type 'never'.
server/src/__tests__/services/jiraLinkageService.test.ts(135,44): error TS2345: Argument of type 'any' is not assignable to parameter of type 'never'.
server/src/__tests__/services/jiraLinkageService.test.ts(139,44): error TS2345: Argument of type 'any' is not assignable to parameter of type 'never'.
server/src/__tests__/services/jiraLinkageService.test.ts(163,44): error TS2345: Argument of type 'any' is not assignable to parameter of type 'never'.
server/src/__tests__/services/jiraLinkageService.test.ts(184,44): error TS2345: Argument of type 'any' is not assignable to parameter of type 'never'.
server/src/__tests__/services/jobs/queue/integration.test.ts(33,9): error TS2322: Type 'Mock<UnknownFunction>' is not assignable to type '(text: string, params?: any[] | undefined) => Promise<any>'.
  Type 'unknown' is not assignable to type 'Promise<any>'.
server/src/__tests__/services/jobs/queue/integration.test.ts(33,45): error TS2345: Argument of type '(query: string, params?: any[]) => Promise<{ rows: { count: string; }[]; rowCount: number; } | { rows: { id: any; status: string; type: string; data: {}; }[]; rowCount?: undefined; }>' is not assignable to parameter of type 'UnknownFunction'.
  Types of parameters 'query' and 'args' are incompatible.
    Type 'unknown' is not assignable to type 'string'.
server/src/__tests__/services/jobs/queue/integration.test.ts(54,9): error TS2322: Type 'Mock<UnknownFunction>' is not assignable to type '() => Promise<any>'.
  Type 'unknown' is not assignable to type 'Promise<any>'.
server/src/__tests__/services/jobs/queue/integration.test.ts(54,46): error TS2345: Argument of type '{}' is not assignable to parameter of type 'never'.
server/src/__tests__/services/jobs/queue/integration.test.ts(55,9): error TS2322: Type 'Mock<UnknownFunction>' is not assignable to type '() => Promise<void>'.
  Type 'unknown' is not assignable to type 'Promise<void>'.
server/src/__tests__/services/jobs/queue/integration.test.ts(55,42): error TS2345: Argument of type 'undefined' is not assignable to parameter of type 'never'.
server/src/__tests__/services/jobs/queue/integration.test.ts(58,9): error TS2322: Type 'Mock<UnknownFunction>' is not assignable to type '(key: string) => Promise<string | null>'.
  Type 'unknown' is not assignable to type 'Promise<string | null>'.
server/src/__tests__/services/jobs/queue/integration.test.ts(58,43): error TS2345: Argument of type '(key: string) => Promise<null>' is not assignable to parameter of type 'UnknownFunction'.
  Types of parameters 'key' and 'args' are incompatible.
    Type 'unknown' is not assignable to type 'string'.
server/src/__tests__/services/jobs/queue/integration.test.ts(62,9): error TS2322: Type 'Mock<UnknownFunction>' is not assignable to type '(key: string, value: string, ttl?: number | undefined) => Promise<void>'.
  Type 'unknown' is not assignable to type 'Promise<void>'.
server/src/__tests__/services/jobs/queue/integration.test.ts(62,43): error TS2345: Argument of type '(key: string, value: string, ttl?: number) => Promise<void>' is not assignable to parameter of type 'UnknownFunction'.
  Types of parameters 'key' and 'args' are incompatible.
    Type 'unknown' is not assignable to type 'string'.
server/src/__tests__/services/jobs/queue/integration.test.ts(65,9): error TS2322: Type 'Mock<UnknownFunction>' is not assignable to type '(key: string) => Promise<void>'.
  Type 'unknown' is not assignable to type 'Promise<void>'.
server/src/__tests__/services/jobs/queue/integration.test.ts(65,43): error TS2345: Argument of type '(key: string) => Promise<void>' is not assignable to parameter of type 'UnknownFunction'.
  Types of parameters 'key' and 'args' are incompatible.
    Type 'unknown' is not assignable to type 'string'.
server/src/__tests__/services/jobs/queue/integration.test.ts(68,9): error TS2322: Type 'Mock<UnknownFunction>' is not assignable to type '(key: string) => Promise<boolean>'.
  Type 'unknown' is not assignable to type 'Promise<boolean>'.
server/src/__tests__/services/jobs/queue/integration.test.ts(68,45): error TS2345: Argument of type 'false' is not assignable to parameter of type 'never'.
server/src/__tests__/services/jobs/queue/integration.test.ts(77,9): error TS2322: Type 'Mock<UnknownFunction>' is not assignable to type '(event: string, ...args: any[]) => boolean'.
  Type 'unknown' is not assignable to type 'boolean'.
server/src/__tests__/services/jobs/queue/integration.test.ts(78,9): error TS2322: Type 'Mock<UnknownFunction>' is not assignable to type '(room: string) => { emit(event: string, ...args: any[]): boolean; }'.
  Type 'unknown' is not assignable to type '{ emit(event: string, ...args: any[]): boolean; }'.
server/src/__tests__/services/jobs/queue/integration.test.ts(82,7): error TS2741: Property 'generateText' is missing in type '{}' but required in type 'IAIService'.
server/src/__tests__/services/jobs/queue/integration.test.ts(89,43): error TS2345: Argument of type 'undefined' is not assignable to parameter of type 'never'.
server/src/__tests__/services/jobs/queue/integration.test.ts(90,45): error TS2345: Argument of type '"waiting"' is not assignable to parameter of type 'never'.
server/src/__tests__/services/jobs/queue/integration.test.ts(94,40): error TS2345: Argument of type 'any' is not assignable to parameter of type 'never'.
server/src/__tests__/services/jobs/queue/integration.test.ts(95,43): error TS2345: Argument of type 'any' is not assignable to parameter of type 'never'.
server/src/__tests__/services/jobs/queue/integration.test.ts(96,43): error TS2345: Argument of type 'undefined' is not assignable to parameter of type 'never'.
server/src/__tests__/services/jobs/queue/integration.test.ts(98,44): error TS2345: Argument of type 'never[]' is not assignable to parameter of type 'never'.
server/src/__tests__/services/jobs/queue/integration.test.ts(99,42): error TS2345: Argument of type 'never[]' is not assignable to parameter of type 'never'.
server/src/__tests__/services/jobs/queue/integration.test.ts(155,70): error TS2345: Argument of type '(key: string) => Promise<"Cached Project Name" | null>' is not assignable to parameter of type 'UnknownFunction'.
  Types of parameters 'key' and 'args' are incompatible.
    Type 'unknown' is not assignable to type 'string'.
server/src/__tests__/services/jobs/queue/integration.test.ts(179,9): error TS2345: Argument of type 'Error' is not assignable to parameter of type 'never'.
server/src/__tests__/services/jobs/queue/integration.test.ts(196,59): error TS2345: Argument of type 'Error' is not assignable to parameter of type 'never'.
server/src/__tests__/services/jobs/queue/integration.test.ts(281,50): error TS2345: Argument of type 'undefined' is not assignable to parameter of type 'never'.
server/src/__tests__/services/jobs/queue/integration.test.ts(282,47): error TS2345: Argument of type 'undefined' is not assignable to parameter of type 'never'.
server/src/__tests__/services/jobs/queue/integration.test.ts(287,50): error TS2345: Argument of type 'undefined' is not assignable to parameter of type 'never'.
server/src/__tests__/services/jobs/queue/integration.test.ts(288,49): error TS2345: Argument of type '{ messageCount: number; }' is not assignable to parameter of type 'never'.
server/src/__tests__/services/jobs/queue/integration.test.ts(289,42): error TS2345: Argument of type 'undefined' is not assignable to parameter of type 'never'.
server/src/__tests__/services/jobs/queue/integration.test.ts(290,45): error TS2345: Argument of type 'undefined' is not assignable to parameter of type 'never'.
server/src/__tests__/services/jobs/queue/integration.test.ts(295,50): error TS2345: Argument of type 'undefined' is not assignable to parameter of type 'never'.
server/src/__tests__/services/jobs/queue/performance.benchmark.ts(77,7): error TS2741: Property 'generateText' is missing in type '{}' but required in type 'IAIService'.
server/src/__tests__/services/jobs/queue/QueueService.test.ts(56,43): error TS2345: Argument of type 'undefined' is not assignable to parameter of type 'never'.
server/src/__tests__/services/jobs/queue/QueueService.test.ts(57,45): error TS2345: Argument of type '"waiting"' is not assignable to parameter of type 'never'.
server/src/__tests__/services/jobs/queue/QueueService.test.ts(58,49): error TS2345: Argument of type 'undefined' is not assignable to parameter of type 'never'.
server/src/__tests__/services/jobs/queue/QueueService.test.ts(63,40): error TS2345: Argument of type 'IQueueJob<JobData>' is not assignable to parameter of type 'never'.
server/src/__tests__/services/jobs/queue/QueueService.test.ts(64,43): error TS2345: Argument of type 'IQueueJob<JobData>' is not assignable to parameter of type 'never'.
server/src/__tests__/services/jobs/queue/QueueService.test.ts(65,43): error TS2345: Argument of type 'undefined' is not assignable to parameter of type 'never'.
server/src/__tests__/services/jobs/queue/QueueService.test.ts(67,44): error TS2345: Argument of type 'never[]' is not assignable to parameter of type 'never'.
server/src/__tests__/services/jobs/queue/QueueService.test.ts(68,42): error TS2345: Argument of type 'never[]' is not assignable to parameter of type 'never'.
server/src/__tests__/services/jobs/queue/QueueService.test.ts(74,9): error TS2322: Type 'Mock<UnknownFunction>' is not assignable to type '(text: string, params?: any[] | undefined) => Promise<any>'.
  Type 'unknown' is not assignable to type 'Promise<any>'.
server/src/__tests__/services/jobs/queue/QueueService.test.ts(74,44): error TS2345: Argument of type '{ rows: never[]; rowCount: number; }' is not assignable to parameter of type 'never'.
server/src/__tests__/services/jobs/queue/QueueService.test.ts(75,9): error TS2322: Type 'Mock<UnknownFunction>' is not assignable to type '() => Promise<any>'.
  Type 'unknown' is not assignable to type 'Promise<any>'.
server/src/__tests__/services/jobs/queue/QueueService.test.ts(75,46): error TS2345: Argument of type '{}' is not assignable to parameter of type 'never'.
server/src/__tests__/services/jobs/queue/QueueService.test.ts(76,9): error TS2322: Type 'Mock<UnknownFunction>' is not assignable to type '() => Promise<void>'.
  Type 'unknown' is not assignable to type 'Promise<void>'.
server/src/__tests__/services/jobs/queue/QueueService.test.ts(76,42): error TS2345: Argument of type 'undefined' is not assignable to parameter of type 'never'.
server/src/__tests__/services/jobs/queue/QueueService.test.ts(79,9): error TS2322: Type 'Mock<UnknownFunction>' is not assignable to type '(event: string, ...args: any[]) => boolean'.
  Type 'unknown' is not assignable to type 'boolean'.
server/src/__tests__/services/jobs/queue/QueueService.test.ts(80,9): error TS2322: Type 'Mock<UnknownFunction>' is not assignable to type '(room: string) => { emit(event: string, ...args: any[]): boolean; }'.
  Type 'unknown' is not assignable to type '{ emit(event: string, ...args: any[]): boolean; }'.
server/src/__tests__/services/jobs/queue/QueueService.test.ts(85,9): error TS2322: Type 'Mock<UnknownFunction>' is not assignable to type '(key: string) => Promise<string | null>'.
  Type 'unknown' is not assignable to type 'Promise<string | null>'.
server/src/__tests__/services/jobs/queue/QueueService.test.ts(85,42): error TS2345: Argument of type 'null' is not assignable to parameter of type 'never'.
server/src/__tests__/services/jobs/queue/QueueService.test.ts(86,9): error TS2322: Type 'Mock<UnknownFunction>' is not assignable to type '(key: string, value: string, ttl?: number | undefined) => Promise<void>'.
  Type 'unknown' is not assignable to type 'Promise<void>'.
server/src/__tests__/services/jobs/queue/QueueService.test.ts(86,42): error TS2345: Argument of type 'undefined' is not assignable to parameter of type 'never'.
server/src/__tests__/services/jobs/queue/QueueService.test.ts(87,9): error TS2322: Type 'Mock<UnknownFunction>' is not assignable to type '(key: string) => Promise<void>'.
  Type 'unknown' is not assignable to type 'Promise<void>'.
server/src/__tests__/services/jobs/queue/QueueService.test.ts(87,42): error TS2345: Argument of type 'undefined' is not assignable to parameter of type 'never'.
server/src/__tests__/services/jobs/queue/QueueService.test.ts(88,9): error TS2322: Type 'Mock<UnknownFunction>' is not assignable to type '(key: string) => Promise<boolean>'.
  Type 'unknown' is not assignable to type 'Promise<boolean>'.
server/src/__tests__/services/jobs/queue/QueueService.test.ts(88,45): error TS2345: Argument of type 'false' is not assignable to parameter of type 'never'.
server/src/__tests__/services/jobs/queue/QueueService.test.ts(96,7): error TS2741: Property 'generateText' is missing in type '{}' but required in type 'IAIService'.
server/src/__tests__/services/jobs/queue/QueueService.test.ts(135,75): error TS2345: Argument of type '(query: string) => Promise<{ rows: { count: string; }[]; rowCount: number; } | { rows: { project_name: null; template_name: null; document_name: null; }[]; rowCount?: undefined; }>' is not assignable to parameter of type 'UnknownFunction'.
  Types of parameters 'query' and 'args' are incompatible.
    Type 'unknown' is not assignable to type 'string'.
server/src/__tests__/services/jobs/queue/QueueService.test.ts(177,28): error TS2339: Property 'includes' does not exist on type '{}'.
server/src/__tests__/services/jobs/queue/QueueService.test.ts(177,68): error TS2339: Property 'includes' does not exist on type '{}'.
server/src/__tests__/services/jobs/queue/QueueService.test.ts(192,28): error TS2339: Property 'includes' does not exist on type '{}'.
server/src/__tests__/services/jobs/queue/QueueService.test.ts(205,75): error TS2345: Argument of type '(query: string) => Promise<{ rows: { count: string; }[]; rowCount: number; }>' is not assignable to parameter of type 'UnknownFunction'.
  Types of parameters 'query' and 'args' are incompatible.
    Type 'unknown' is not assignable to type 'string'.
server/src/__tests__/services/jobs/queue/QueueService.test.ts(232,69): error TS2345: Argument of type '"Cached Project Name"' is not assignable to parameter of type 'never'.
server/src/__tests__/services/jobs/queue/QueueService.test.ts(240,69): error TS2345: Argument of type 'null' is not assignable to parameter of type 'never'.
server/src/__tests__/services/jobs/queue/QueueService.test.ts(241,78): error TS2345: Argument of type '{ rows: { count: string; }[]; }' is not assignable to parameter of type 'never'.
server/src/__tests__/services/jobs/queue/QueueService.test.ts(244,78): error TS2345: Argument of type '{ rows: { project_name: string; template_name: null; document_name: null; }[]; }' is not assignable to parameter of type 'never'.
server/src/__tests__/services/jobs/queue/QueueService.test.ts(263,75): error TS2345: Argument of type '(query: string, params?: any[]) => Promise<{ rows: { count: string; }[]; rowCount: number; } | { rows: { project_name: null; template_name: null; document_name: null; }[]; rowCount?: undefined; }>' is not assignable to parameter of type 'UnknownFunction'.
  Types of parameters 'query' and 'args' are incompatible.
    Type 'unknown' is not assignable to type 'string'.
server/src/__tests__/services/jobs/queue/QueueService.test.ts(290,59): error TS2345: Argument of type 'Error' is not assignable to parameter of type 'never'.
server/src/__tests__/services/jobs/queue/QueueService.test.ts(334,75): error TS2345: Argument of type '(query: string) => Promise<{ rows: { count: string; }[]; rowCount: number; } | { rows: { project_name: null; template_name: null; document_name: null; }[]; rowCount?: undefined; }>' is not assignable to parameter of type 'UnknownFunction'.
  Types of parameters 'query' and 'args' are incompatible.
    Type 'unknown' is not assignable to type 'string'.
server/src/__tests__/services/jobs/queue/QueueService.test.ts(368,78): error TS2345: Argument of type '{ rows: { id: string; status: string; type: string; }[]; }' is not assignable to parameter of type 'never'.
server/src/__tests__/services/jobs/queue/QueueService.test.ts(382,78): error TS2345: Argument of type '{ rows: never[]; }' is not assignable to parameter of type 'never'.
server/src/__tests__/services/jobs/queue/QueueService.test.ts(393,9): error TS2345: Argument of type 'Error' is not assignable to parameter of type 'never'.
server/src/__tests__/services/jobs/queue/QueueService.test.ts(466,9): error TS2345: Argument of type 'Error' is not assignable to parameter of type 'never'.
server/src/__tests__/services/jobs/queue/QueueService.test.ts(492,62): error TS2345: Argument of type 'null' is not assignable to parameter of type 'never'.
server/src/__tests__/services/jobs/queue/QueueService.test.ts(504,9): error TS2345: Argument of type 'Error' is not assignable to parameter of type 'never'.
server/src/__tests__/services/jobs/queue/RabbitQueueAdapter.test.ts(14,44): error TS2556: A spread argument must either have a tuple type or be passed to a rest parameter.
server/src/__tests__/services/jobs/queue/RabbitQueueAdapter.test.ts(20,46): error TS2345: Argument of type 'undefined' is not assignable to parameter of type 'never'.
server/src/__tests__/services/jobs/queue/RabbitQueueAdapter.test.ts(21,43): error TS2345: Argument of type 'undefined' is not assignable to parameter of type 'never'.
server/src/__tests__/services/jobs/queue/RabbitQueueAdapter.test.ts(27,45): error TS2345: Argument of type '{ messageCount: number; }' is not assignable to parameter of type 'never'.
server/src/__tests__/services/jobs/queue/RabbitQueueAdapter.test.ts(29,41): error TS2345: Argument of type 'undefined' is not assignable to parameter of type 'never'.
server/src/__tests__/services/jobs/queue/RabbitQueueAdapter.test.ts(36,46): error TS2345: Argument of type 'undefined' is not assignable to parameter of type 'never'.
server/src/__tests__/services/jobs/queue/RabbitQueueAdapter.test.ts(38,41): error TS2345: Argument of type 'undefined' is not assignable to parameter of type 'never'.
server/src/__tests__/services/jobs/queue/RabbitQueueAdapter.test.ts(39,40): error TS2345: Argument of type 'undefined' is not assignable to parameter of type 'never'.
server/src/__tests__/services/jobs/queue/RabbitQueueAdapter.test.ts(104,36): error TS2493: Tuple type '[]' of length '0' has no element at index '0'.
server/src/__tests__/services/jobs/queue/RabbitQueueAdapter.test.ts(104,40): error TS2339: Property 'data' does not exist on type 'never'.
server/src/__tests__/services/positive-drift-cr-generation.test.ts(80,9): error TS2739: Type '{ entityType: string; driftType: string; description: string; baselineValue: { amount: number; currency: string; }; currentValue: { amount: number; currency: string; }; variance: number; requiresApproval: false; }' is missing the following properties from type 'DriftPoint': drift_type, drift_severity
server/src/__tests__/services/positive-drift-cr-generation.test.ts(104,9): error TS2739: Type '{ entityType: string; driftType: string; description: string; baselineValue: { date: string; }; currentValue: { date: string; }; requiresApproval: false; }' is missing the following properties from type 'DriftPoint': drift_type, drift_severity
server/src/__tests__/services/positive-drift-cr-generation.test.ts(123,9): error TS2739: Type '{ entityType: string; driftType: string; description: string; baselineValue: { provider: string; cost_per_call: number; }; currentValue: { provider: string; cost_per_call: number; }; requiresApproval: false; }' is missing the following properties from type 'DriftPoint': drift_type, drift_severity
server/src/__tests__/services/positive-drift-cr-generation.test.ts(141,9): error TS2739: Type '{ entityType: string; driftType: string; description: string; baselineValue: { amount: number; currency: string; }; currentValue: { amount: number; currency: string; }; variance: number; requiresApproval: true; }' is missing the following properties from type 'DriftPoint': drift_type, drift_severity
server/src/__tests__/services/positive-drift-cr-generation.test.ts(162,9): error TS2739: Type '{ entityType: string; driftType: string; description: string; baselineValue: { amount: number; currency: string; }; currentValue: { amount: number; currency: string; }; variance: number; requiresApproval: false; }' is missing the following properties from type 'DriftPoint': drift_type, drift_severity
server/src/__tests__/services/positive-drift-cr-generation.test.ts(247,9): error TS2739: Type '{ entityType: string; driftType: string; description: string; baselineValue: { date: string; name: string; }; currentValue: { date: string; name: string; }; requiresApproval: false; }' is missing the following properties from type 'DriftPoint': drift_type, drift_severity
server/src/__tests__/services/positive-drift-cr-generation.test.ts(294,9): error TS2739: Type '{ entityType: string; driftType: string; description: string; baselineValue: { amount: number; currency: string; }; currentValue: { amount: number; currency: string; }; variance: number; requiresApproval: false; }' is missing the following properties from type 'DriftPoint': drift_type, drift_severity
server/src/__tests__/services/positive-drift-cr-generation.test.ts(339,9): error TS2739: Type '{ entityType: string; driftType: string; description: string; baselineValue: { amount: number; currency: string; }; currentValue: { amount: number; currency: string; }; variance: number; requiresApproval: false; }' is missing the following properties from type 'DriftPoint': drift_type, drift_severity
server/src/__tests__/services/programMetricsService.test.ts(46,44): error TS2345: Argument of type 'any' is not assignable to parameter of type 'never'.
server/src/__tests__/services/programMetricsService.test.ts(70,44): error TS2345: Argument of type 'any' is not assignable to parameter of type 'never'.
server/src/__tests__/services/programMetricsService.test.ts(89,44): error TS2345: Argument of type 'any' is not assignable to parameter of type 'never'.
server/src/__tests__/services/programMetricsService.test.ts(99,21): error TS2339: Property 'percentSpent' does not exist on type '{ planned: number; actual: number; forecast: number; variance: number; timeline: { month: string; planned: number; actual: number; forecast?: number | undefined; }[]; }'.
server/src/__tests__/services/programMetricsService.test.ts(108,44): error TS2345: Argument of type 'any' is not assignable to parameter of type 'never'.
server/src/__tests__/services/programMetricsService.test.ts(126,44): error TS2345: Argument of type 'any' is not assignable to parameter of type 'never'.
server/src/__tests__/services/programMetricsService.test.ts(146,44): error TS2345: Argument of type 'any' is not assignable to parameter of type 'never'.
server/src/__tests__/services/programMetricsService.test.ts(171,44): error TS2345: Argument of type 'any' is not assignable to parameter of type 'never'.
server/src/__tests__/services/programMetricsService.test.ts(222,44): error TS2345: Argument of type 'any' is not assignable to parameter of type 'never'.
server/src/__tests__/services/programMetricsService.test.ts(245,44): error TS2345: Argument of type 'any' is not assignable to parameter of type 'never'.
server/src/__tests__/services/programMetricsService.test.ts(267,44): error TS2345: Argument of type 'any' is not assignable to parameter of type 'never'.
server/src/__tests__/services/programMetricsService.test.ts(296,44): error TS2345: Argument of type 'any' is not assignable to parameter of type 'never'.
server/src/__tests__/services/programMetricsService.test.ts(305,44): error TS2345: Argument of type 'any' is not assignable to parameter of type 'never'.
server/src/__tests__/services/programMetricsService.test.ts(316,44): error TS2345: Argument of type 'any' is not assignable to parameter of type 'never'.
server/src/__tests__/services/programMetricsService.test.ts(328,44): error TS2345: Argument of type 'any' is not assignable to parameter of type 'never'.
server/src/__tests__/services/programMetricsService.test.ts(340,44): error TS2345: Argument of type 'any' is not assignable to parameter of type 'never'.
server/src/__tests__/services/programMetricsService.test.ts(400,44): error TS2345: Argument of type 'any' is not assignable to parameter of type 'never'.
server/src/__tests__/services/programMetricsService.test.ts(408,44): error TS2345: Argument of type 'any' is not assignable to parameter of type 'never'.
server/src/__tests__/services/programMetricsService.test.ts(416,44): error TS2345: Argument of type 'any' is not assignable to parameter of type 'never'.
server/src/__tests__/services/programMetricsService.test.ts(424,44): error TS2345: Argument of type 'any' is not assignable to parameter of type 'never'.
server/src/__tests__/services/programMetricsService.test.ts(432,44): error TS2345: Argument of type 'any' is not assignable to parameter of type 'never'.
server/src/__tests__/services/projectSimilarity.test.ts(177,21): error TS2551: Property 'replication_status' does not exist on type 'EfficiencyImprovementReplication'. Did you mean 'replicationStatus'?
server/src/__tests__/setup.ts(9,13): error TS2540: Cannot assign to 'NODE_ENV' because it is a read-only property.
server/src/__tests__/testServer.ts(18,21): error TS2769: No overload matches this call.
  The last overload gave the following error.
    Argument of type '(req: AuthRequest, res: Response, next: NextFunction) => Promise<Response<any, Record<string, any>> | undefined>' is not assignable to parameter of type 'RequestHandlerParams<ParamsDictionary, any, any, ParsedQs, Record<string, any>>'.
      Type '(req: AuthRequest, res: Response, next: NextFunction) => Promise<Response<any, Record<string, any>> | undefined>' is not assignable to type 'RequestHandler<ParamsDictionary, any, any, ParsedQs, Record<string, any>>'.
        Types of parameters 'req' and 'req' are incompatible.
          Type 'Request<ParamsDictionary, any, any, ParsedQs, Record<string, any>>' is not assignable to type 'AuthRequest'.
            Types of property 'user' are incompatible.
              Type '{ id: string; email: string; role: string; name?: string | undefined; permissions?: string[] | undefined; } | undefined' is not assignable to type '{ id: string; email: string; role: string; permissions: any; } | undefined'.
                Type '{ id: string; email: string; role: string; name?: string | undefined; permissions?: string[] | undefined; }' is not assignable to type '{ id: string; email: string; role: string; permissions: any; }'.
                  Property 'permissions' is optional in type '{ id: string; email: string; role: string; name?: string | undefined; permissions?: string[] | undefined; }' but required in type '{ id: string; email: string; role: string; permissions: any; }'.
server/src/__tests__/testServer.ts(19,26): error TS2769: No overload matches this call.
  The last overload gave the following error.
    Argument of type '(req: AuthRequest, res: Response, next: NextFunction) => Promise<Response<any, Record<string, any>> | undefined>' is not assignable to parameter of type 'RequestHandlerParams<ParamsDictionary, any, any, ParsedQs, Record<string, any>>'.
      Type '(req: AuthRequest, res: Response, next: NextFunction) => Promise<Response<any, Record<string, any>> | undefined>' is not assignable to type 'RequestHandler<ParamsDictionary, any, any, ParsedQs, Record<string, any>>'.
        Types of parameters 'req' and 'req' are incompatible.
          Type 'Request<ParamsDictionary, any, any, ParsedQs, Record<string, any>>' is not assignable to type 'AuthRequest'.
            Types of property 'user' are incompatible.
              Type '{ id: string; email: string; role: string; name?: string | undefined; permissions?: string[] | undefined; } | undefined' is not assignable to type '{ id: string; email: string; role: string; permissions: any; } | undefined'.
                Type '{ id: string; email: string; role: string; name?: string | undefined; permissions?: string[] | undefined; }' is not assignable to type '{ id: string; email: string; role: string; permissions: any; }'.
                  Property 'permissions' is optional in type '{ id: string; email: string; role: string; name?: string | undefined; permissions?: string[] | undefined; }' but required in type '{ id: string; email: string; role: string; permissions: any; }'.
server/src/__tests__/testServer.ts(20,27): error TS2769: No overload matches this call.
  The last overload gave the following error.
    Argument of type '(req: AuthRequest, res: Response, next: NextFunction) => Promise<Response<any, Record<string, any>> | undefined>' is not assignable to parameter of type 'RequestHandlerParams<ParamsDictionary, any, any, ParsedQs, Record<string, any>>'.
      Type '(req: AuthRequest, res: Response, next: NextFunction) => Promise<Response<any, Record<string, any>> | undefined>' is not assignable to type 'RequestHandler<ParamsDictionary, any, any, ParsedQs, Record<string, any>>'.
        Types of parameters 'req' and 'req' are incompatible.
          Type 'Request<ParamsDictionary, any, any, ParsedQs, Record<string, any>>' is not assignable to type 'AuthRequest'.
            Types of property 'user' are incompatible.
              Type '{ id: string; email: string; role: string; name?: string | undefined; permissions?: string[] | undefined; } | undefined' is not assignable to type '{ id: string; email: string; role: string; permissions: any; } | undefined'.
                Type '{ id: string; email: string; role: string; name?: string | undefined; permissions?: string[] | undefined; }' is not assignable to type '{ id: string; email: string; role: string; permissions: any; }'.
                  Property 'permissions' is optional in type '{ id: string; email: string; role: string; name?: string | undefined; permissions?: string[] | undefined; }' but required in type '{ id: string; email: string; role: string; permissions: any; }'.
server/src/components/SemanticRAGOptimization.tsx(12,8): error TS2307: Cannot find module '@heroicons/react/24/outline' or its corresponding type declarations.
server/src/components/SemanticRAGOptimization.tsx(13,83): error TS2307: Cannot find module '@/hooks/useSemanticRAGMetrics' or its corresponding type declarations.
server/src/database/connection.ts(468,18): error TS18046: 'error' is of type 'unknown'.
server/src/database/connection.ts(469,17): error TS18046: 'error' is of type 'unknown'.
server/src/database/connection.ts(470,18): error TS18046: 'error' is of type 'unknown'.
server/src/database/connection.ts(471,20): error TS18046: 'error' is of type 'unknown'.
server/src/debug/dead-letter-cli.ts(165,51): error TS18048: 'f.status' is possibly 'undefined'.
server/src/demo/adobe-pdf-demo.ts(370,53): error TS18046: 'error' is of type 'unknown'.
server/src/demo/adobe-pdf-demo.ts(401,54): error TS18046: 'error' is of type 'unknown'.
server/src/demo/adobe-pdf-demo.ts(424,52): error TS18046: 'error' is of type 'unknown'.
server/src/examples/multi-format-output-example.ts(144,74): error TS18046: 'error' is of type 'unknown'.
server/src/examples/multi-format-output-example.ts(168,52): error TS18046: 'error' is of type 'unknown'.
server/src/examples/multi-format-output-example.ts(192,53): error TS18046: 'error' is of type 'unknown'.
server/src/examples/multi-format-output-example.ts(206,40): error TS18046: 'error' is of type 'unknown'.
server/src/examples/multi-format-output-example.ts(220,46): error TS18046: 'error' is of type 'unknown'.
server/src/examples/multi-format-output-example.ts(221,71): error TS18046: 'error' is of type 'unknown'.
server/src/integrations/github.ts(111,48): error TS18046: 'error' is of type 'unknown'.
server/src/integrations/github.ts(158,41): error TS18046: 'error' is of type 'unknown'.
server/src/integrations/github.ts(190,56): error TS18046: 'error' is of type 'unknown'.
server/src/integrations/github.ts(202,55): error TS18046: 'error' is of type 'unknown'.
server/src/integrations/github.ts(214,48): error TS18046: 'error' is of type 'unknown'.
server/src/integrations/github.ts(228,47): error TS18046: 'error' is of type 'unknown'.
server/src/integrations/github.ts(304,51): error TS18046: 'error' is of type 'unknown'.
server/src/integrations/github.ts(408,49): error TS18046: 'error' is of type 'unknown'.
server/src/integrations/github.ts(428,60): error TS18046: 'error' is of type 'unknown'.
server/src/integrations/sharepoint.ts(213,49): error TS18046: 'error' is of type 'unknown'.
server/src/integrations/sharepoint.ts(213,92): error TS18046: 'error' is of type 'unknown'.
server/src/integrations/sharepoint.ts(254,47): error TS18046: 'error' is of type 'unknown'.
server/src/integrations/sharepoint.ts(254,87): error TS18046: 'error' is of type 'unknown'.
server/src/integrations/sharepoint.ts(267,46): error TS18046: 'error' is of type 'unknown'.
server/src/integrations/sharepoint.ts(267,86): error TS18046: 'error' is of type 'unknown'.
server/src/integrations/sharepoint.ts(280,48): error TS18046: 'error' is of type 'unknown'.
server/src/integrations/sharepoint.ts(280,88): error TS18046: 'error' is of type 'unknown'.
server/src/integrations/sharepoint.ts(299,47): error TS18046: 'error' is of type 'unknown'.
server/src/integrations/sharepoint.ts(299,87): error TS18046: 'error' is of type 'unknown'.
server/src/integrations/sharepoint.ts(314,51): error TS18046: 'error' is of type 'unknown'.
server/src/integrations/sharepoint.ts(314,91): error TS18046: 'error' is of type 'unknown'.
server/src/integrations/sharepoint.ts(345,49): error TS18046: 'error' is of type 'unknown'.
server/src/integrations/sharepoint.ts(345,89): error TS18046: 'error' is of type 'unknown'.
server/src/integrations/sharepoint.ts(393,55): error TS18046: 'error' is of type 'unknown'.
server/src/integrations/sharepoint.ts(393,95): error TS18046: 'error' is of type 'unknown'.
server/src/integrations/sharepoint.ts(406,53): error TS18046: 'error' is of type 'unknown'.
server/src/integrations/sharepoint.ts(406,93): error TS18046: 'error' is of type 'unknown'.
server/src/integrations/sharepoint.ts(439,50): error TS18046: 'error' is of type 'unknown'.
server/src/integrations/sharepoint.ts(439,90): error TS18046: 'error' is of type 'unknown'.
server/src/integrations/sharepoint.ts(452,50): error TS18046: 'error' is of type 'unknown'.
server/src/integrations/sharepoint.ts(452,90): error TS18046: 'error' is of type 'unknown'.
server/src/integrations/sharepoint.ts(467,56): error TS18046: 'error' is of type 'unknown'.
server/src/integrations/sharepoint.ts(467,96): error TS18046: 'error' is of type 'unknown'.
server/src/lib/documenso/signing/helpers/update-signing-placeholder.test.ts(1,38): error TS2307: Cannot find module 'vitest' or its corresponding type declarations.
server/src/modules/ai/__tests__/fallback.test.ts(2,32): error TS2307: Cannot find module '../AIModelService' or its corresponding type declarations.
server/src/modules/ai/__tests__/fallback.test.ts(3,68): error TS2307: Cannot find module './testUtils' or its corresponding type declarations.
server/src/modules/ai/__tests__/fallback.test.ts(18,24): error TS2554: Expected 1 arguments, but got 0.
server/src/modules/ai/__tests__/fallback.test.ts(29,84): error TS2554: Expected 2 arguments, but got 3.
server/src/modules/ai/__tests__/fallback.test.ts(39,67): error TS2554: Expected 2 arguments, but got 3.
server/src/modules/ai/__tests__/fallback.test.ts(42,22): error TS7006: Parameter 'log' implicitly has an 'any' type.
server/src/modules/ai/__tests__/fallback.test.ts(67,84): error TS2554: Expected 2 arguments, but got 3.
server/src/modules/ai/__tests__/google.test.ts(43,44): error TS2345: Argument of type 'any' is not assignable to parameter of type 'never'.
server/src/modules/ai/__tests__/google.test.ts(48,56): error TS2345: Argument of type '{ response: { text: () => string; candidates: { finishReason: string; }[]; usageMetadata: { promptTokenCount: number; candidatesTokenCount: number; totalTokenCount: number; }; }; }' is not assignable to parameter of type 'never'.
server/src/modules/ai/__tests__/google.test.ts(73,44): error TS2345: Argument of type 'Error' is not assignable to parameter of type 'never'.
server/src/modules/ai/__tests__/google.test.ts(130,54): error TS2345: Argument of type '{ response: { text: () => string; candidates: { finishReason: string; safetyRatings: never[]; }[]; usageMetadata: { promptTokenCount: number; candidatesTokenCount: number; totalTokenCount: number; }; }; }' is not assignable to parameter of type 'never'.
server/src/modules/ai/__tests__/google.test.ts(143,44): error TS2345: Argument of type 'any' is not assignable to parameter of type 'never'.
server/src/modules/ai/__tests__/google.test.ts(207,54): error TS2345: Argument of type '{ status: number; message: string; }' is not assignable to parameter of type 'never'.
server/src/modules/ai/__tests__/google.test.ts(211,54): error TS2345: Argument of type '{ response: { text: () => string; candidates: { finishReason: string; }[]; usageMetadata: { totalTokenCount: number; }; }; }' is not assignable to parameter of type 'never'.
server/src/modules/ai/__tests__/google.test.ts(235,40): error TS2345: Argument of type 'any' is not assignable to parameter of type 'never'.
server/src/modules/ai/__tests__/google.test.ts(290,54): error TS2345: Argument of type '{ response: { text: () => string; }; }' is not assignable to parameter of type 'never'.
server/src/modules/ai/__tests__/google.test.ts(313,54): error TS2345: Argument of type 'Error' is not assignable to parameter of type 'never'.
server/src/modules/ai/__tests__/openai.test.ts(55,44): error TS2345: Argument of type 'any' is not assignable to parameter of type 'never'.
server/src/modules/ai/__tests__/openai.test.ts(60,45): error TS2345: Argument of type '{ data: never[]; }' is not assignable to parameter of type 'never'.
server/src/modules/ai/__tests__/openai.test.ts(158,45): error TS2345: Argument of type '{ data: { id: string; object: string; }[]; }' is not assignable to parameter of type 'never'.
server/src/modules/ai/azure.ts(216,9): error TS2322: Type '{ promptTokens: any; completionTokens: any; totalTokens: number | undefined; } | undefined' is not assignable to type '{ promptTokens: number; completionTokens: number; totalTokens: number; } | undefined'.
  Type '{ promptTokens: any; completionTokens: any; totalTokens: number | undefined; }' is not assignable to type '{ promptTokens: number; completionTokens: number; totalTokens: number; }'.
    Types of property 'totalTokens' are incompatible.
      Type 'number | undefined' is not assignable to type 'number'.
        Type 'undefined' is not assignable to type 'number'.
server/src/modules/ai/models/__tests__/ModelRepository.test.ts(1,33): error TS2307: Cannot find module './ModelRepository' or its corresponding type declarations.
server/src/modules/ai/models/__tests__/ModelRepository.test.ts(25,21): error TS7006: Parameter 'm' implicitly has an 'any' type.
server/src/modules/ai/openai.ts(215,11): error TS2322: Type 'number | undefined' is not assignable to type 'string | number | boolean | string[] | null'.
  Type 'undefined' is not assignable to type 'string | number | boolean | string[] | null'.
server/src/modules/ai/openai.ts(216,11): error TS2322: Type 'number | undefined' is not assignable to type 'string | number | boolean | string[] | null'.
  Type 'undefined' is not assignable to type 'string | number | boolean | string[] | null'.
server/src/modules/ai/openai.ts(217,11): error TS2322: Type 'number | undefined' is not assignable to type 'string | number | boolean | string[] | null'.
  Type 'undefined' is not assignable to type 'string | number | boolean | string[] | null'.
server/src/modules/ai/test-ollama.ts(63,36): error TS18046: 'error' is of type 'unknown'.
server/src/modules/analysis/AnalysisRepository.ts(27,26): error TS18048: 'client' is possibly 'undefined'.
server/src/modules/analysis/AnalysisRepository.ts(70,26): error TS18048: 'client' is possibly 'undefined'.
server/src/modules/analysis/AnalysisRepository.ts(153,12): error TS18047: 'result.rowCount' is possibly 'null'.
server/src/modules/analysis/routes.ts(10,26): error TS2769: No overload matches this call.
  The last overload gave the following error.
    Argument of type '(req: AuthRequest, res: Response, next: NextFunction) => Promise<Response<any, Record<string, any>> | undefined>' is not assignable to parameter of type 'RequestHandlerParams<ParamsDictionary, any, any, ParsedQs, Record<string, any>>'.
      Type '(req: AuthRequest, res: Response, next: NextFunction) => Promise<Response<any, Record<string, any>> | undefined>' is not assignable to type 'RequestHandler<ParamsDictionary, any, any, ParsedQs, Record<string, any>>'.
        Types of parameters 'req' and 'req' are incompatible.
          Type 'Request<ParamsDictionary, any, any, ParsedQs, Record<string, any>>' is not assignable to type 'AuthRequest'.
            Types of property 'user' are incompatible.
              Type '{ id: string; email: string; role: string; name?: string | undefined; permissions?: string[] | undefined; } | undefined' is not assignable to type '{ id: string; email: string; role: string; permissions: any; } | undefined'.
                Type '{ id: string; email: string; role: string; name?: string | undefined; permissions?: string[] | undefined; }' is not assignable to type '{ id: string; email: string; role: string; permissions: any; }'.
                  Property 'permissions' is optional in type '{ id: string; email: string; role: string; name?: string | undefined; permissions?: string[] | undefined; }' but required in type '{ id: string; email: string; role: string; permissions: any; }'.
server/src/modules/analysis/routes.ts(11,38): error TS2769: No overload matches this call.
  The last overload gave the following error.
    Argument of type '(req: AuthRequest, res: Response, next: NextFunction) => Promise<Response<any, Record<string, any>> | undefined>' is not assignable to parameter of type 'RequestHandlerParams<ParamsDictionary, any, any, ParsedQs, Record<string, any>>'.
      Type '(req: AuthRequest, res: Response, next: NextFunction) => Promise<Response<any, Record<string, any>> | undefined>' is not assignable to type 'RequestHandler<ParamsDictionary, any, any, ParsedQs, Record<string, any>>'.
        Types of parameters 'req' and 'req' are incompatible.
          Type 'Request<ParamsDictionary, any, any, ParsedQs, Record<string, any>>' is not assignable to type 'AuthRequest'.
            Types of property 'user' are incompatible.
              Type '{ id: string; email: string; role: string; name?: string | undefined; permissions?: string[] | undefined; } | undefined' is not assignable to type '{ id: string; email: string; role: string; permissions: any; } | undefined'.
                Type '{ id: string; email: string; role: string; name?: string | undefined; permissions?: string[] | undefined; }' is not assignable to type '{ id: string; email: string; role: string; permissions: any; }'.
                  Property 'permissions' is optional in type '{ id: string; email: string; role: string; name?: string | undefined; permissions?: string[] | undefined; }' but required in type '{ id: string; email: string; role: string; permissions: any; }'.
server/src/modules/analysis/routes.ts(12,37): error TS2769: No overload matches this call.
  The last overload gave the following error.
    Argument of type '(req: AuthRequest, res: Response, next: NextFunction) => Promise<Response<any, Record<string, any>> | undefined>' is not assignable to parameter of type 'RequestHandlerParams<ParamsDictionary, any, any, ParsedQs, Record<string, any>>'.
      Type '(req: AuthRequest, res: Response, next: NextFunction) => Promise<Response<any, Record<string, any>> | undefined>' is not assignable to type 'RequestHandler<ParamsDictionary, any, any, ParsedQs, Record<string, any>>'.
        Types of parameters 'req' and 'req' are incompatible.
          Type 'Request<ParamsDictionary, any, any, ParsedQs, Record<string, any>>' is not assignable to type 'AuthRequest'.
            Types of property 'user' are incompatible.
              Type '{ id: string; email: string; role: string; name?: string | undefined; permissions?: string[] | undefined; } | undefined' is not assignable to type '{ id: string; email: string; role: string; permissions: any; } | undefined'.
                Type '{ id: string; email: string; role: string; name?: string | undefined; permissions?: string[] | undefined; }' is not assignable to type '{ id: string; email: string; role: string; permissions: any; }'.
                  Property 'permissions' is optional in type '{ id: string; email: string; role: string; name?: string | undefined; permissions?: string[] | undefined; }' but required in type '{ id: string; email: string; role: string; permissions: any; }'.
server/src/modules/analysis/routes.ts(15,26): error TS2769: No overload matches this call.
  The last overload gave the following error.
    Argument of type '(req: AuthRequest, res: Response, next: NextFunction) => Promise<Response<any, Record<string, any>> | undefined>' is not assignable to parameter of type 'RequestHandlerParams<ParamsDictionary, any, any, ParsedQs, Record<string, any>>'.
      Type '(req: AuthRequest, res: Response, next: NextFunction) => Promise<Response<any, Record<string, any>> | undefined>' is not assignable to type 'RequestHandler<ParamsDictionary, any, any, ParsedQs, Record<string, any>>'.
        Types of parameters 'req' and 'req' are incompatible.
          Type 'Request<ParamsDictionary, any, any, ParsedQs, Record<string, any>>' is not assignable to type 'AuthRequest'.
            Types of property 'user' are incompatible.
              Type '{ id: string; email: string; role: string; name?: string | undefined; permissions?: string[] | undefined; } | undefined' is not assignable to type '{ id: string; email: string; role: string; permissions: any; } | undefined'.
                Type '{ id: string; email: string; role: string; name?: string | undefined; permissions?: string[] | undefined; }' is not assignable to type '{ id: string; email: string; role: string; permissions: any; }'.
                  Property 'permissions' is optional in type '{ id: string; email: string; role: string; name?: string | undefined; permissions?: string[] | undefined; }' but required in type '{ id: string; email: string; role: string; permissions: any; }'.
server/src/modules/analysis/routes.ts(16,35): error TS2769: No overload matches this call.
  The last overload gave the following error.
    Argument of type '(req: AuthRequest, res: Response, next: NextFunction) => Promise<Response<any, Record<string, any>> | undefined>' is not assignable to parameter of type 'RequestHandlerParams<ParamsDictionary, any, any, ParsedQs, Record<string, any>>'.
      Type '(req: AuthRequest, res: Response, next: NextFunction) => Promise<Response<any, Record<string, any>> | undefined>' is not assignable to type 'RequestHandler<ParamsDictionary, any, any, ParsedQs, Record<string, any>>'.
        Types of parameters 'req' and 'req' are incompatible.
          Type 'Request<ParamsDictionary, any, any, ParsedQs, Record<string, any>>' is not assignable to type 'AuthRequest'.
            Types of property 'user' are incompatible.
              Type '{ id: string; email: string; role: string; name?: string | undefined; permissions?: string[] | undefined; } | undefined' is not assignable to type '{ id: string; email: string; role: string; permissions: any; } | undefined'.
                Type '{ id: string; email: string; role: string; name?: string | undefined; permissions?: string[] | undefined; }' is not assignable to type '{ id: string; email: string; role: string; permissions: any; }'.
                  Property 'permissions' is optional in type '{ id: string; email: string; role: string; name?: string | undefined; permissions?: string[] | undefined; }' but required in type '{ id: string; email: string; role: string; permissions: any; }'.
server/src/modules/analysis/routes.ts(19,24): error TS2769: No overload matches this call.
  The last overload gave the following error.
    Argument of type '(req: AuthRequest, res: Response, next: NextFunction) => Promise<Response<any, Record<string, any>> | undefined>' is not assignable to parameter of type 'RequestHandlerParams<ParamsDictionary, any, any, ParsedQs, Record<string, any>>'.
      Type '(req: AuthRequest, res: Response, next: NextFunction) => Promise<Response<any, Record<string, any>> | undefined>' is not assignable to type 'RequestHandler<ParamsDictionary, any, any, ParsedQs, Record<string, any>>'.
        Types of parameters 'req' and 'req' are incompatible.
          Type 'Request<ParamsDictionary, any, any, ParsedQs, Record<string, any>>' is not assignable to type 'AuthRequest'.
            Types of property 'user' are incompatible.
              Type '{ id: string; email: string; role: string; name?: string | undefined; permissions?: string[] | undefined; } | undefined' is not assignable to type '{ id: string; email: string; role: string; permissions: any; } | undefined'.
                Type '{ id: string; email: string; role: string; name?: string | undefined; permissions?: string[] | undefined; }' is not assignable to type '{ id: string; email: string; role: string; permissions: any; }'.
                  Property 'permissions' is optional in type '{ id: string; email: string; role: string; name?: string | undefined; permissions?: string[] | undefined; }' but required in type '{ id: string; email: string; role: string; permissions: any; }'.
server/src/modules/analysis/routes.ts(22,25): error TS2769: No overload matches this call.
  The last overload gave the following error.
    Argument of type '(req: AuthRequest, res: Response, next: NextFunction) => Promise<Response<any, Record<string, any>> | undefined>' is not assignable to parameter of type 'RequestHandlerParams<ParamsDictionary, any, any, ParsedQs, Record<string, any>>'.
      Type '(req: AuthRequest, res: Response, next: NextFunction) => Promise<Response<any, Record<string, any>> | undefined>' is not assignable to type 'RequestHandler<ParamsDictionary, any, any, ParsedQs, Record<string, any>>'.
        Types of parameters 'req' and 'req' are incompatible.
          Type 'Request<ParamsDictionary, any, any, ParsedQs, Record<string, any>>' is not assignable to type 'AuthRequest'.
            Types of property 'user' are incompatible.
              Type '{ id: string; email: string; role: string; name?: string | undefined; permissions?: string[] | undefined; } | undefined' is not assignable to type '{ id: string; email: string; role: string; permissions: any; } | undefined'.
                Type '{ id: string; email: string; role: string; name?: string | undefined; permissions?: string[] | undefined; }' is not assignable to type '{ id: string; email: string; role: string; permissions: any; }'.
                  Property 'permissions' is optional in type '{ id: string; email: string; role: string; name?: string | undefined; permissions?: string[] | undefined; }' but required in type '{ id: string; email: string; role: string; permissions: any; }'.
server/src/modules/analysis/routes.ts(23,30): error TS2769: No overload matches this call.
  The last overload gave the following error.
    Argument of type '(req: AuthRequest, res: Response, next: NextFunction) => Promise<Response<any, Record<string, any>> | undefined>' is not assignable to parameter of type 'RequestHandlerParams<ParamsDictionary, any, any, ParsedQs, Record<string, any>>'.
      Type '(req: AuthRequest, res: Response, next: NextFunction) => Promise<Response<any, Record<string, any>> | undefined>' is not assignable to type 'RequestHandler<ParamsDictionary, any, any, ParsedQs, Record<string, any>>'.
        Types of parameters 'req' and 'req' are incompatible.
          Type 'Request<ParamsDictionary, any, any, ParsedQs, Record<string, any>>' is not assignable to type 'AuthRequest'.
            Types of property 'user' are incompatible.
              Type '{ id: string; email: string; role: string; name?: string | undefined; permissions?: string[] | undefined; } | undefined' is not assignable to type '{ id: string; email: string; role: string; permissions: any; } | undefined'.
                Type '{ id: string; email: string; role: string; name?: string | undefined; permissions?: string[] | undefined; }' is not assignable to type '{ id: string; email: string; role: string; permissions: any; }'.
                  Property 'permissions' is optional in type '{ id: string; email: string; role: string; name?: string | undefined; permissions?: string[] | undefined; }' but required in type '{ id: string; email: string; role: string; permissions: any; }'.
server/src/modules/analysis/routes.ts(24,35): error TS2769: No overload matches this call.
  The last overload gave the following error.
    Argument of type '(req: AuthRequest, res: Response, next: NextFunction) => Promise<Response<any, Record<string, any>> | undefined>' is not assignable to parameter of type 'RequestHandlerParams<ParamsDictionary, any, any, ParsedQs, Record<string, any>>'.
      Type '(req: AuthRequest, res: Response, next: NextFunction) => Promise<Response<any, Record<string, any>> | undefined>' is not assignable to type 'RequestHandler<ParamsDictionary, any, any, ParsedQs, Record<string, any>>'.
        Types of parameters 'req' and 'req' are incompatible.
          Type 'Request<ParamsDictionary, any, any, ParsedQs, Record<string, any>>' is not assignable to type 'AuthRequest'.
            Types of property 'user' are incompatible.
              Type '{ id: string; email: string; role: string; name?: string | undefined; permissions?: string[] | undefined; } | undefined' is not assignable to type '{ id: string; email: string; role: string; permissions: any; } | undefined'.
                Type '{ id: string; email: string; role: string; name?: string | undefined; permissions?: string[] | undefined; }' is not assignable to type '{ id: string; email: string; role: string; permissions: any; }'.
                  Property 'permissions' is optional in type '{ id: string; email: string; role: string; name?: string | undefined; permissions?: string[] | undefined; }' but required in type '{ id: string; email: string; role: string; permissions: any; }'.
server/src/modules/analysis/routes.ts(25,34): error TS2769: No overload matches this call.
  The last overload gave the following error.
    Argument of type '(req: AuthRequest, res: Response, next: NextFunction) => Promise<Response<any, Record<string, any>> | undefined>' is not assignable to parameter of type 'RequestHandlerParams<ParamsDictionary, any, any, ParsedQs, Record<string, any>>'.
      Type '(req: AuthRequest, res: Response, next: NextFunction) => Promise<Response<any, Record<string, any>> | undefined>' is not assignable to type 'RequestHandler<ParamsDictionary, any, any, ParsedQs, Record<string, any>>'.
        Types of parameters 'req' and 'req' are incompatible.
          Type 'Request<ParamsDictionary, any, any, ParsedQs, Record<string, any>>' is not assignable to type 'AuthRequest'.
            Types of property 'user' are incompatible.
              Type '{ id: string; email: string; role: string; name?: string | undefined; permissions?: string[] | undefined; } | undefined' is not assignable to type '{ id: string; email: string; role: string; permissions: any; } | undefined'.
                Type '{ id: string; email: string; role: string; name?: string | undefined; permissions?: string[] | undefined; }' is not assignable to type '{ id: string; email: string; role: string; permissions: any; }'.
                  Property 'permissions' is optional in type '{ id: string; email: string; role: string; name?: string | undefined; permissions?: string[] | undefined; }' but required in type '{ id: string; email: string; role: string; permissions: any; }'.
server/src/modules/auth/routes.ts(19,19): error TS2769: No overload matches this call.
  The last overload gave the following error.
    Argument of type '(req: AuthRequest, res: Response, next: NextFunction) => Promise<Response<any, Record<string, any>> | undefined>' is not assignable to parameter of type 'RequestHandlerParams<ParamsDictionary, any, any, ParsedQs, Record<string, any>>'.
      Type '(req: AuthRequest, res: Response, next: NextFunction) => Promise<Response<any, Record<string, any>> | undefined>' is not assignable to type 'RequestHandler<ParamsDictionary, any, any, ParsedQs, Record<string, any>>'.
        Types of parameters 'req' and 'req' are incompatible.
          Type 'Request<ParamsDictionary, any, any, ParsedQs, Record<string, any>>' is not assignable to type 'AuthRequest'.
            Types of property 'user' are incompatible.
              Type '{ id: string; email: string; role: string; name?: string | undefined; permissions?: string[] | undefined; } | undefined' is not assignable to type '{ id: string; email: string; role: string; permissions: any; } | undefined'.
                Type '{ id: string; email: string; role: string; name?: string | undefined; permissions?: string[] | undefined; }' is not assignable to type '{ id: string; email: string; role: string; permissions: any; }'.
                  Property 'permissions' is optional in type '{ id: string; email: string; role: string; name?: string | undefined; permissions?: string[] | undefined; }' but required in type '{ id: string; email: string; role: string; permissions: any; }'.
server/src/modules/auth/routes.ts(20,24): error TS2769: No overload matches this call.
  The last overload gave the following error.
    Argument of type '(req: AuthRequest, res: Response, next: NextFunction) => Promise<Response<any, Record<string, any>> | undefined>' is not assignable to parameter of type 'RequestHandlerParams<ParamsDictionary, any, any, ParsedQs, Record<string, any>>'.
      Type '(req: AuthRequest, res: Response, next: NextFunction) => Promise<Response<any, Record<string, any>> | undefined>' is not assignable to type 'RequestHandler<ParamsDictionary, any, any, ParsedQs, Record<string, any>>'.
        Types of parameters 'req' and 'req' are incompatible.
          Type 'Request<ParamsDictionary, any, any, ParsedQs, Record<string, any>>' is not assignable to type 'AuthRequest'.
            Types of property 'user' are incompatible.
              Type '{ id: string; email: string; role: string; name?: string | undefined; permissions?: string[] | undefined; } | undefined' is not assignable to type '{ id: string; email: string; role: string; permissions: any; } | undefined'.
                Type '{ id: string; email: string; role: string; name?: string | undefined; permissions?: string[] | undefined; }' is not assignable to type '{ id: string; email: string; role: string; permissions: any; }'.
                  Property 'permissions' is optional in type '{ id: string; email: string; role: string; name?: string | undefined; permissions?: string[] | undefined; }' but required in type '{ id: string; email: string; role: string; permissions: any; }'.
server/src/modules/auth/routes.ts(21,25): error TS2769: No overload matches this call.
  The last overload gave the following error.
    Argument of type '(req: AuthRequest, res: Response, next: NextFunction) => Promise<Response<any, Record<string, any>> | undefined>' is not assignable to parameter of type 'RequestHandlerParams<ParamsDictionary, any, any, ParsedQs, Record<string, any>>'.
      Type '(req: AuthRequest, res: Response, next: NextFunction) => Promise<Response<any, Record<string, any>> | undefined>' is not assignable to type 'RequestHandler<ParamsDictionary, any, any, ParsedQs, Record<string, any>>'.
        Types of parameters 'req' and 'req' are incompatible.
          Type 'Request<ParamsDictionary, any, any, ParsedQs, Record<string, any>>' is not assignable to type 'AuthRequest'.
            Types of property 'user' are incompatible.
              Type '{ id: string; email: string; role: string; name?: string | undefined; permissions?: string[] | undefined; } | undefined' is not assignable to type '{ id: string; email: string; role: string; permissions: any; } | undefined'.
                Type '{ id: string; email: string; role: string; name?: string | undefined; permissions?: string[] | undefined; }' is not assignable to type '{ id: string; email: string; role: string; permissions: any; }'.
                  Property 'permissions' is optional in type '{ id: string; email: string; role: string; name?: string | undefined; permissions?: string[] | undefined; }' but required in type '{ id: string; email: string; role: string; permissions: any; }'.
server/src/modules/auth/routes.ts(22,33): error TS2769: No overload matches this call.
  The last overload gave the following error.
    Argument of type '(req: AuthRequest, res: Response, next: NextFunction) => Promise<Response<any, Record<string, any>> | undefined>' is not assignable to parameter of type 'RequestHandlerParams<ParamsDictionary, any, any, ParsedQs, Record<string, any>>'.
      Type '(req: AuthRequest, res: Response, next: NextFunction) => Promise<Response<any, Record<string, any>> | undefined>' is not assignable to type 'RequestHandler<ParamsDictionary, any, any, ParsedQs, Record<string, any>>'.
        Types of parameters 'req' and 'req' are incompatible.
          Type 'Request<ParamsDictionary, any, any, ParsedQs, Record<string, any>>' is not assignable to type 'AuthRequest'.
            Types of property 'user' are incompatible.
              Type '{ id: string; email: string; role: string; name?: string | undefined; permissions?: string[] | undefined; } | undefined' is not assignable to type '{ id: string; email: string; role: string; permissions: any; } | undefined'.
                Type '{ id: string; email: string; role: string; name?: string | undefined; permissions?: string[] | undefined; }' is not assignable to type '{ id: string; email: string; role: string; permissions: any; }'.
                  Property 'permissions' is optional in type '{ id: string; email: string; role: string; name?: string | undefined; permissions?: string[] | undefined; }' but required in type '{ id: string; email: string; role: string; permissions: any; }'.
server/src/modules/context/demo.ts(36,61): error TS18046: 'error' is of type 'unknown'.
server/src/modules/context/demo.ts(83,61): error TS18046: 'error' is of type 'unknown'.
server/src/modules/context/examples.ts(229,16): error TS18046: 'error' is of type 'unknown'.
server/src/modules/context/examples.ts(266,47): error TS18046: 'error' is of type 'unknown'.
server/src/modules/context/index.ts(10,3): error TS1205: Re-exporting a type when 'isolatedModules' is enabled requires using 'export type'.
server/src/modules/context/index.ts(11,3): error TS1205: Re-exporting a type when 'isolatedModules' is enabled requires using 'export type'.
server/src/modules/context/index.ts(12,3): error TS1205: Re-exporting a type when 'isolatedModules' is enabled requires using 'export type'.
server/src/modules/context/index.ts(13,3): error TS1205: Re-exporting a type when 'isolatedModules' is enabled requires using 'export type'.
server/src/modules/context/index.ts(14,3): error TS1205: Re-exporting a type when 'isolatedModules' is enabled requires using 'export type'.
server/src/modules/context/index.ts(27,3): error TS1205: Re-exporting a type when 'isolatedModules' is enabled requires using 'export type'.
server/src/modules/context/index.ts(28,3): error TS1205: Re-exporting a type when 'isolatedModules' is enabled requires using 'export type'.
server/src/modules/context/injector.ts(171,9): error TS2322: Type 'ProjectContext | null' is not assignable to type 'ProjectContext | undefined'.
  Type 'null' is not assignable to type 'ProjectContext | undefined'.
server/src/modules/context/injector.ts(214,7): error TS2322: Type 'UserContext | null' is not assignable to type 'UserContext | undefined'.
  Type 'null' is not assignable to type 'UserContext | undefined'.
server/src/modules/context/integration.ts(126,58): error TS18046: 'error' is of type 'unknown'.
server/src/modules/context/integration.ts(135,50): error TS18046: 'fallbackError' is of type 'unknown'.
server/src/modules/context/integration.ts(178,50): error TS18046: 'error' is of type 'unknown'.
server/src/modules/context/integration.ts(216,53): error TS18046: 'error' is of type 'unknown'.
server/src/modules/context/integration.ts(236,11): error TS2322: Type 'undefined' is not assignable to type '{ prompt_tokens: number; completion_tokens: number; total_tokens: number; totalTokens?: number | undefined; promptTokens?: number | undefined; completionTokens?: number | undefined; }'.
server/src/modules/context/integration.ts(237,30): error TS18046: 'error' is of type 'unknown'.
server/src/modules/context/integration.ts(239,30): error TS18046: 'error' is of type 'unknown'.
server/src/modules/context/prioritizer.ts(45,68): error TS2345: Argument of type 'ContextPriority | undefined' is not assignable to parameter of type 'ContextPriority'.
  Type 'undefined' is not assignable to type 'ContextPriority'.
server/src/modules/context/prioritizer.ts(49,75): error TS2345: Argument of type 'ContextPriority | undefined' is not assignable to parameter of type 'ContextPriority'.
  Type 'undefined' is not assignable to type 'ContextPriority'.
server/src/modules/context/prioritizer.ts(53,75): error TS2345: Argument of type 'ContextPriority | undefined' is not assignable to parameter of type 'ContextPriority'.
  Type 'undefined' is not assignable to type 'ContextPriority'.
server/src/modules/context/prioritizer.ts(57,62): error TS2345: Argument of type 'ContextPriority | undefined' is not assignable to parameter of type 'ContextPriority'.
  Type 'undefined' is not assignable to type 'ContextPriority'.
server/src/modules/context/prioritizer.ts(61,81): error TS2345: Argument of type 'ContextPriority | undefined' is not assignable to parameter of type 'ContextPriority'.
  Type 'undefined' is not assignable to type 'ContextPriority'.
server/src/modules/context/prioritizer.ts(65,65): error TS2345: Argument of type 'ContextPriority | undefined' is not assignable to parameter of type 'ContextPriority'.
  Type 'undefined' is not assignable to type 'ContextPriority'.
server/src/modules/contextAccessControl/contextAccessControlManager.ts(124,16): error TS18046: 'error' is of type 'unknown'.
server/src/modules/contextAccessControl/contextAccessControlManager.ts(162,16): error TS18046: 'error' is of type 'unknown'.
server/src/modules/contextAccessControl/contextAccessControlManager.ts(197,16): error TS18046: 'error' is of type 'unknown'.
server/src/modules/contextAccessControl/contextAccessControlManager.ts(227,16): error TS18046: 'error' is of type 'unknown'.
server/src/modules/contextAccessControl/contextAccessControlManager.ts(262,16): error TS18046: 'error' is of type 'unknown'.
server/src/modules/contextAccessControl/contextAccessControlManager.ts(292,16): error TS18046: 'error' is of type 'unknown'.
server/src/modules/contextAccessControl/contextAccessControlManager.ts(322,16): error TS18046: 'error' is of type 'unknown'.
server/src/modules/contextAccessControl/contextAccessControlManager.ts(346,16): error TS18046: 'error' is of type 'unknown'.
server/src/modules/contextAccessControl/contextAccessControlManager.ts(368,16): error TS18046: 'error' is of type 'unknown'.
server/src/modules/contextAccessControl/contextAccessControlManager.ts(399,16): error TS18046: 'error' is of type 'unknown'.
server/src/modules/contextAccessControl/contextAccessControlManager.ts(427,16): error TS18046: 'error' is of type 'unknown'.
server/src/modules/contextAccessControl/contextAccessControlManager.ts(452,16): error TS18046: 'error' is of type 'unknown'.
server/src/modules/contextAccessControl/contextAccessControlManager.ts(474,16): error TS18046: 'error' is of type 'unknown'.
server/src/modules/contextAccessControl/contextAccessControlManager.ts(502,16): error TS18046: 'error' is of type 'unknown'.
server/src/modules/contextAccessControl/contextAccessControlManager.ts(524,16): error TS18046: 'error' is of type 'unknown'.
server/src/modules/contextAccessControl/contextAccessControlManager.ts(550,16): error TS18046: 'error' is of type 'unknown'.
server/src/modules/contextAccessControl/contextAccessControlManager.ts(576,16): error TS18046: 'error' is of type 'unknown'.
server/src/modules/contextAccessControl/contextAccessControlManager.ts(598,16): error TS18046: 'error' is of type 'unknown'.
server/src/modules/contextAccessControl/contextAccessControlManager.ts(621,16): error TS18046: 'error' is of type 'unknown'.
server/src/modules/contextAccessControl/contextAccessControlManager.ts(644,16): error TS18046: 'error' is of type 'unknown'.
server/src/modules/contextAccessControl/contextAccessControlManager.ts(677,16): error TS18046: 'error' is of type 'unknown'.
server/src/modules/contextAccessControl/contextAccessControlManager.ts(707,16): error TS18046: 'error' is of type 'unknown'.
server/src/modules/contextAccessControl/services/accessControlEngine.ts(132,16): error TS18046: 'error' is of type 'unknown'.
server/src/modules/contextAccessControl/services/accessControlEngine.ts(191,16): error TS18046: 'error' is of type 'unknown'.
server/src/modules/contextAccessControl/services/accessControlEngine.ts(246,16): error TS18046: 'error' is of type 'unknown'.
server/src/modules/contextAccessControl/services/accessControlEngine.ts(316,16): error TS18046: 'error' is of type 'unknown'.
server/src/modules/contextAccessControl/services/accessControlEngine.ts(373,16): error TS18046: 'error' is of type 'unknown'.
server/src/modules/contextAccessControl/services/accessControlEngine.ts(425,16): error TS18046: 'error' is of type 'unknown'.
server/src/modules/contextAccessControl/services/auditManager.ts(62,16): error TS18046: 'error' is of type 'unknown'.
server/src/modules/contextAccessControl/services/auditManager.ts(180,16): error TS18046: 'error' is of type 'unknown'.
server/src/modules/contextAccessControl/services/auditManager.ts(261,16): error TS18046: 'error' is of type 'unknown'.
server/src/modules/contextAccessControl/services/auditManager.ts(322,16): error TS18046: 'error' is of type 'unknown'.
server/src/modules/contextAccessControl/services/auditManager.ts(351,16): error TS18046: 'error' is of type 'unknown'.
server/src/modules/contextAccessControl/services/auditManager.ts(378,16): error TS18046: 'error' is of type 'unknown'.
server/src/modules/contextAccessControl/services/auditManager.ts(405,16): error TS18046: 'error' is of type 'unknown'.
server/src/modules/contextAccessControl/services/auditManager.ts(432,16): error TS18046: 'error' is of type 'unknown'.
server/src/modules/contextAccessControl/services/auditManager.ts(459,16): error TS18046: 'error' is of type 'unknown'.
server/src/modules/contextAccessControl/services/auditManager.ts(484,16): error TS18046: 'error' is of type 'unknown'.
server/src/modules/contextAccessControl/services/auditManager.ts(509,16): error TS18046: 'error' is of type 'unknown'.
server/src/modules/contextAccessControl/services/auditManager.ts(533,16): error TS18046: 'error' is of type 'unknown'.
server/src/modules/contextAccessControl/services/auditManager.ts(559,16): error TS18046: 'error' is of type 'unknown'.
server/src/modules/contextAccessControl/services/auditManager.ts(592,16): error TS18046: 'error' is of type 'unknown'.
server/src/modules/contextAccessControl/services/auditManager.ts(611,16): error TS18046: 'error' is of type 'unknown'.
server/src/modules/contextAccessControl/services/auditManager.ts(631,16): error TS18046: 'error' is of type 'unknown'.
server/src/modules/contextAccessControl/services/auditManager.ts(1044,16): error TS18046: 'error' is of type 'unknown'.
server/src/modules/contextAccessControl/services/auditManager.ts(1082,16): error TS18046: 'error' is of type 'unknown'.
server/src/modules/contextAccessControl/services/auditManager.ts(1114,16): error TS18046: 'error' is of type 'unknown'.
server/src/modules/contextAccessControl/services/permissionManager.ts(66,16): error TS18046: 'error' is of type 'unknown'.
server/src/modules/contextAccessControl/services/permissionManager.ts(130,16): error TS18046: 'error' is of type 'unknown'.
server/src/modules/contextAccessControl/services/permissionManager.ts(158,16): error TS18046: 'error' is of type 'unknown'.
server/src/modules/contextAccessControl/services/permissionManager.ts(227,16): error TS18046: 'error' is of type 'unknown'.
server/src/modules/contextAccessControl/services/permissionManager.ts(270,16): error TS18046: 'error' is of type 'unknown'.
server/src/modules/contextAccessControl/services/permissionManager.ts(298,16): error TS18046: 'error' is of type 'unknown'.
server/src/modules/contextAccessControl/services/permissionManager.ts(328,16): error TS18046: 'error' is of type 'unknown'.
server/src/modules/contextAccessControl/services/permissionManager.ts(384,16): error TS18046: 'error' is of type 'unknown'.
server/src/modules/contextAccessControl/services/permissionManager.ts(417,16): error TS18046: 'error' is of type 'unknown'.
server/src/modules/contextAccessControl/services/permissionManager.ts(468,16): error TS18046: 'error' is of type 'unknown'.
server/src/modules/contextAccessControl/services/roleManager.ts(48,16): error TS18046: 'error' is of type 'unknown'.
server/src/modules/contextAccessControl/services/roleManager.ts(75,16): error TS18046: 'error' is of type 'unknown'.
server/src/modules/contextAccessControl/services/roleManager.ts(150,16): error TS18046: 'error' is of type 'unknown'.
server/src/modules/contextAccessControl/services/roleManager.ts(196,16): error TS18046: 'error' is of type 'unknown'.
server/src/modules/contextAccessControl/services/roleManager.ts(250,16): error TS18046: 'error' is of type 'unknown'.
server/src/modules/contextAccessControl/services/roleManager.ts(308,16): error TS18046: 'error' is of type 'unknown'.
server/src/modules/contextAccessControl/services/roleManager.ts(336,16): error TS18046: 'error' is of type 'unknown'.
server/src/modules/contextAccessControl/services/roleManager.ts(391,16): error TS18046: 'error' is of type 'unknown'.
server/src/modules/contextAccessControl/services/roleManager.ts(423,16): error TS18046: 'error' is of type 'unknown'.
server/src/modules/contextAccessControl/services/roleManager.ts(480,16): error TS18046: 'error' is of type 'unknown'.
server/src/modules/contextAccessControl/services/securityManager.ts(50,16): error TS18046: 'error' is of type 'unknown'.
server/src/modules/contextAccessControl/services/securityManager.ts(81,16): error TS18046: 'error' is of type 'unknown'.
server/src/modules/contextAccessControl/services/securityManager.ts(146,16): error TS18046: 'error' is of type 'unknown'.
server/src/modules/contextAccessControl/services/securityManager.ts(189,16): error TS18046: 'error' is of type 'unknown'.
server/src/modules/contextAccessControl/services/securityManager.ts(245,16): error TS18046: 'error' is of type 'unknown'.
server/src/modules/contextAccessControl/services/securityManager.ts(306,16): error TS18046: 'error' is of type 'unknown'.
server/src/modules/contextAccessControl/services/securityManager.ts(324,16): error TS18046: 'error' is of type 'unknown'.
server/src/modules/contextBundle/contextBundle.ts(90,16): error TS18046: 'error' is of type 'unknown'.
server/src/modules/contextBundle/contextBundle.ts(129,16): error TS18046: 'error' is of type 'unknown'.
server/src/modules/contextBundle/contextBundle.ts(150,16): error TS18046: 'error' is of type 'unknown'.
server/src/modules/contextBundle/contextBundle.ts(176,16): error TS18046: 'error' is of type 'unknown'.
server/src/modules/contextBundle/contextBundle.ts(245,16): error TS18046: 'error' is of type 'unknown'.
server/src/modules/contextBundle/contextBundle.ts(267,16): error TS18046: 'error' is of type 'unknown'.
server/src/modules/contextBundle/contextBundle.ts(289,16): error TS18046: 'error' is of type 'unknown'.
server/src/modules/contextBundle/contextBundle.ts(310,16): error TS18046: 'error' is of type 'unknown'.
server/src/modules/contextBundle/contextBundle.ts(332,16): error TS18046: 'error' is of type 'unknown'.
server/src/modules/contextBundle/contextBundle.ts(399,16): error TS18046: 'error' is of type 'unknown'.
server/src/modules/contextBundle/contextBundle.ts(435,16): error TS18046: 'error' is of type 'unknown'.
server/src/modules/contextBundle/contextBundle.ts(465,16): error TS18046: 'error' is of type 'unknown'.
server/src/modules/contextBundle/contextBundle.ts(494,16): error TS18046: 'error' is of type 'unknown'.
server/src/modules/contextBundle/contextBundle.ts(515,16): error TS18046: 'error' is of type 'unknown'.
server/src/modules/contextBundle/contextBundle.ts(537,16): error TS18046: 'error' is of type 'unknown'.
server/src/modules/contextBundle/contextBundle.ts(550,16): error TS18046: 'error' is of type 'unknown'.
server/src/modules/contextBundle/contextBundle.ts(572,16): error TS18046: 'error' is of type 'unknown'.
server/src/modules/contextBundle/contextBundle.ts(715,16): error TS18046: 'error' is of type 'unknown'.
server/src/modules/contextBundle/contextBundle.ts(749,16): error TS18046: 'error' is of type 'unknown'.
server/src/modules/contextBundle/contextBundle.ts(786,16): error TS18046: 'error' is of type 'unknown'.
server/src/modules/contextBundle/contextBundle.ts(823,16): error TS18046: 'error' is of type 'unknown'.
server/src/modules/contextBundle/contextBundle.ts(848,16): error TS18046: 'error' is of type 'unknown'.
server/src/modules/contextBundle/contextBundle.ts(877,16): error TS18046: 'error' is of type 'unknown'.
server/src/modules/contextBundle/services/contextAggregator.ts(45,16): error TS18046: 'error' is of type 'unknown'.
server/src/modules/contextBundle/services/contextAggregator.ts(96,16): error TS18046: 'error' is of type 'unknown'.
server/src/modules/contextBundle/services/contextAggregator.ts(136,16): error TS18046: 'error' is of type 'unknown'.
server/src/modules/contextBundle/services/contextAggregator.ts(195,16): error TS18046: 'error' is of type 'unknown'.
server/src/modules/contextBundle/services/contextAggregator.ts(226,16): error TS18046: 'error' is of type 'unknown'.
server/src/modules/contextBundle/services/contextAggregator.ts(260,16): error TS18046: 'error' is of type 'unknown'.
server/src/modules/contextBundle/services/contextAggregator.ts(292,16): error TS18046: 'error' is of type 'unknown'.
server/src/modules/contextBundle/services/contextAggregator.ts(324,16): error TS18046: 'error' is of type 'unknown'.
server/src/modules/contextBundle/services/contextOptimizer.ts(67,16): error TS18046: 'error' is of type 'unknown'.
server/src/modules/contextBundle/services/contextOrganizer.ts(59,16): error TS18046: 'error' is of type 'unknown'.
server/src/modules/contextBundle/services/contextOrganizer.ts(98,16): error TS18046: 'error' is of type 'unknown'.
server/src/modules/contextBundle/services/contextOrganizer.ts(138,16): error TS18046: 'error' is of type 'unknown'.
server/src/modules/contextBundle/services/contextOrganizer.ts(168,16): error TS18046: 'error' is of type 'unknown'.
server/src/modules/contextBundle/services/contextOrganizer.ts(198,16): error TS18046: 'error' is of type 'unknown'.
server/src/modules/contextBundle/services/contextOrganizer.ts(228,16): error TS18046: 'error' is of type 'unknown'.
server/src/modules/contextBundle/services/contextOrganizer.ts(258,16): error TS18046: 'error' is of type 'unknown'.
server/src/modules/contextBundle/services/contextOrganizer.ts(278,16): error TS18046: 'error' is of type 'unknown'.
server/src/modules/contextBundle/services/contextValidator.ts(62,16): error TS18046: 'error' is of type 'unknown'.
server/src/modules/contextFreshness/contextFreshnessManager.ts(90,16): error TS18046: 'error' is of type 'unknown'.
server/src/modules/contextFreshness/contextFreshnessManager.ts(124,16): error TS18046: 'error' is of type 'unknown'.
server/src/modules/contextFreshness/contextFreshnessManager.ts(137,16): error TS18046: 'error' is of type 'unknown'.
server/src/modules/contextFreshness/contextFreshnessManager.ts(150,16): error TS18046: 'error' is of type 'unknown'.
server/src/modules/contextFreshness/contextFreshnessManager.ts(172,16): error TS18046: 'error' is of type 'unknown'.
server/src/modules/contextFreshness/contextFreshnessManager.ts(194,16): error TS18046: 'error' is of type 'unknown'.
server/src/modules/contextFreshness/contextFreshnessManager.ts(216,16): error TS18046: 'error' is of type 'unknown'.
server/src/modules/contextFreshness/contextFreshnessManager.ts(238,16): error TS18046: 'error' is of type 'unknown'.
server/src/modules/contextFreshness/contextFreshnessManager.ts(271,16): error TS18046: 'error' is of type 'unknown'.
server/src/modules/contextFreshness/contextFreshnessManager.ts(306,16): error TS18046: 'error' is of type 'unknown'.
server/src/modules/contextFreshness/contextFreshnessManager.ts(323,16): error TS18046: 'error' is of type 'unknown'.
server/src/modules/contextFreshness/contextFreshnessManager.ts(340,16): error TS18046: 'error' is of type 'unknown'.
server/src/modules/contextFreshness/contextFreshnessManager.ts(361,16): error TS18046: 'error' is of type 'unknown'.
server/src/modules/contextFreshness/contextFreshnessManager.ts(379,16): error TS18046: 'error' is of type 'unknown'.
server/src/modules/contextFreshness/contextFreshnessManager.ts(396,16): error TS18046: 'error' is of type 'unknown'.
server/src/modules/contextFreshness/contextFreshnessManager.ts(418,16): error TS18046: 'error' is of type 'unknown'.
server/src/modules/contextFreshness/contextFreshnessManager.ts(445,16): error TS18046: 'error' is of type 'unknown'.
server/src/modules/contextFreshness/contextFreshnessManager.ts(505,16): error TS18046: 'error' is of type 'unknown'.
server/src/modules/contextFreshness/contextFreshnessManager.ts(524,16): error TS18046: 'error' is of type 'unknown'.
server/src/modules/contextFreshness/contextFreshnessManager.ts(547,16): error TS18046: 'error' is of type 'unknown'.
server/src/modules/contextFreshness/contextFreshnessManager.ts(571,16): error TS18046: 'error' is of type 'unknown'.
server/src/modules/contextFreshness/contextFreshnessManager.ts(592,16): error TS18046: 'error' is of type 'unknown'.
server/src/modules/contextFreshness/contextFreshnessManager.ts(613,16): error TS18046: 'error' is of type 'unknown'.
server/src/modules/contextFreshness/contextFreshnessManager.ts(629,16): error TS18046: 'error' is of type 'unknown'.
server/src/modules/contextFreshness/contextFreshnessManager.ts(661,16): error TS18046: 'error' is of type 'unknown'.
server/src/modules/contextFreshness/contextFreshnessManager.ts(691,16): error TS18046: 'error' is of type 'unknown'.
server/src/modules/contextFreshness/contextFreshnessManager.ts(721,16): error TS18046: 'error' is of type 'unknown'.
server/src/modules/contextFreshness/contextFreshnessManager.ts(752,16): error TS18046: 'error' is of type 'unknown'.
server/src/modules/contextFreshness/services/freshnessAnalytics.ts(41,16): error TS18046: 'error' is of type 'unknown'.
server/src/modules/contextFreshness/services/freshnessAnalytics.ts(71,16): error TS18046: 'error' is of type 'unknown'.
server/src/modules/contextFreshness/services/freshnessAnalytics.ts(100,16): error TS18046: 'error' is of type 'unknown'.
server/src/modules/contextFreshness/services/freshnessAnalytics.ts(127,16): error TS18046: 'error' is of type 'unknown'.
server/src/modules/contextFreshness/services/freshnessAnalytics.ts(154,16): error TS18046: 'error' is of type 'unknown'.
server/src/modules/contextFreshness/services/freshnessAnalytics.ts(181,16): error TS18046: 'error' is of type 'unknown'.
server/src/modules/contextFreshness/services/freshnessAnalytics.ts(204,16): error TS18046: 'error' is of type 'unknown'.
server/src/modules/contextFreshness/services/freshnessAnalytics.ts(227,16): error TS18046: 'error' is of type 'unknown'.
server/src/modules/contextFreshness/services/freshnessAnalytics.ts(250,16): error TS18046: 'error' is of type 'unknown'.
server/src/modules/contextFreshness/services/freshnessAnalytics.ts(274,16): error TS18046: 'error' is of type 'unknown'.
server/src/modules/contextFreshness/services/freshnessAnalytics.ts(298,16): error TS18046: 'error' is of type 'unknown'.
server/src/modules/contextFreshness/services/freshnessAnalytics.ts(322,16): error TS18046: 'error' is of type 'unknown'.
server/src/modules/contextFreshness/services/freshnessAnalytics.ts(347,69): error TS18046: 'error' is of type 'unknown'.
server/src/modules/contextFreshness/services/freshnessAnalytics.ts(368,67): error TS18046: 'error' is of type 'unknown'.
server/src/modules/contextFreshness/services/freshnessAnalytics.ts(414,70): error TS18046: 'error' is of type 'unknown'.
server/src/modules/contextFreshness/services/freshnessAnalytics.ts(467,77): error TS18046: 'error' is of type 'unknown'.
server/src/modules/contextFreshness/services/freshnessAnalytics.ts(674,20): error TS2538: Type 'undefined' cannot be used as an index type.
server/src/modules/contextFreshness/services/freshnessAnalytics.ts(674,59): error TS2538: Type 'undefined' cannot be used as an index type.
server/src/modules/contextFreshness/services/freshnessAssessor.ts(67,16): error TS18046: 'error' is of type 'unknown'.
server/src/modules/contextFreshness/services/freshnessAssessor.ts(105,16): error TS18046: 'error' is of type 'unknown'.
server/src/modules/contextFreshness/services/freshnessAssessor.ts(134,16): error TS18046: 'error' is of type 'unknown'.
server/src/modules/contextFreshness/services/freshnessPolicyEngine.ts(34,16): error TS18046: 'error' is of type 'unknown'.
server/src/modules/contextFreshness/services/freshnessPolicyEngine.ts(58,16): error TS18046: 'error' is of type 'unknown'.
server/src/modules/contextFreshness/services/freshnessPolicyEngine.ts(81,16): error TS18046: 'error' is of type 'unknown'.
server/src/modules/contextFreshness/services/freshnessPolicyEngine.ts(104,16): error TS18046: 'error' is of type 'unknown'.
server/src/modules/contextFreshness/services/freshnessPolicyEngine.ts(121,16): error TS18046: 'error' is of type 'unknown'.
server/src/modules/contextFreshness/services/freshnessPolicyEngine.ts(149,16): error TS18046: 'error' is of type 'unknown'.
server/src/modules/contextFreshness/services/freshnessPolicyEngine.ts(168,20): error TS18046: 'error' is of type 'unknown'.
server/src/modules/contextFreshness/services/freshnessPolicyEngine.ts(182,16): error TS18046: 'error' is of type 'unknown'.
server/src/modules/contextFreshness/services/freshnessPolicyEngine.ts(207,16): error TS18046: 'error' is of type 'unknown'.
server/src/modules/contextFreshness/services/freshnessPolicyEngine.ts(230,16): error TS18046: 'error' is of type 'unknown'.
server/src/modules/contextFreshness/services/freshnessPolicyEngine.ts(253,16): error TS18046: 'error' is of type 'unknown'.
server/src/modules/contextFreshness/services/freshnessPolicyEngine.ts(336,16): error TS18046: 'error' is of type 'unknown'.
server/src/modules/contextFreshness/services/freshnessPolicyEngine.ts(355,11): error TS18048: 'metrics.refresh_success_rate' is possibly 'undefined'.
server/src/modules/contextFreshness/services/freshnessPolicyEngine.ts(363,11): error TS18048: 'metrics.average_quality_score' is possibly 'undefined'.
server/src/modules/contextFreshness/services/freshnessPolicyEngine.ts(378,16): error TS18046: 'error' is of type 'unknown'.
server/src/modules/contextFreshness/services/freshnessPolicyEngine.ts(427,16): error TS18046: 'error' is of type 'unknown'.
server/src/modules/contextFreshness/services/freshnessPolicyEngine.ts(442,22): error TS18048: 'metrics.average_quality_score' is possibly 'undefined'.
server/src/modules/contextFreshness/services/freshnessPolicyEngine.ts(443,22): error TS18048: 'metrics.refresh_success_rate' is possibly 'undefined'.
server/src/modules/contextFreshness/services/freshnessPolicyEngine.ts(444,22): error TS18048: 'metrics.policy_compliance_rate' is possibly 'undefined'.
server/src/modules/contextFreshness/services/freshnessPolicyEngine.ts(450,11): error TS18048: 'metrics.average_quality_score' is possibly 'undefined'.
server/src/modules/contextFreshness/services/freshnessPolicyEngine.ts(453,11): error TS18048: 'metrics.refresh_success_rate' is possibly 'undefined'.
server/src/modules/contextFreshness/services/freshnessPolicyEngine.ts(456,11): error TS18048: 'metrics.policy_compliance_rate' is possibly 'undefined'.
server/src/modules/contextFreshness/services/freshnessPolicyEngine.ts(479,16): error TS18046: 'error' is of type 'unknown'.
server/src/modules/contextFreshness/services/freshnessPolicyEngine.ts(575,16): error TS18046: 'error' is of type 'unknown'.
server/src/modules/contextFreshness/services/freshnessPolicyEngine.ts(641,94): error TS18046: 'error' is of type 'unknown'.
server/src/modules/contextFreshness/services/freshnessPolicyEngine.ts(662,58): error TS18046: 'error' is of type 'unknown'.
server/src/modules/contextFreshness/services/refreshScheduler.ts(63,16): error TS18046: 'error' is of type 'unknown'.
server/src/modules/contextFreshness/services/refreshScheduler.ts(74,24): error TS18046: 'error' is of type 'unknown'.
server/src/modules/contextFreshness/services/refreshScheduler.ts(140,16): error TS18046: 'error' is of type 'unknown'.
server/src/modules/contextFreshness/services/refreshScheduler.ts(165,16): error TS18046: 'error' is of type 'unknown'.
server/src/modules/contextFreshness/services/refreshScheduler.ts(223,16): error TS18046: 'error' is of type 'unknown'.
server/src/modules/contextFreshness/services/refreshScheduler.ts(263,16): error TS18046: 'error' is of type 'unknown'.
server/src/modules/contextFreshness/services/refreshScheduler.ts(292,20): error TS18046: 'error' is of type 'unknown'.
server/src/modules/contextFreshness/services/refreshScheduler.ts(303,16): error TS18046: 'error' is of type 'unknown'.
server/src/modules/contextFreshness/services/refreshScheduler.ts(376,16): error TS18046: 'error' is of type 'unknown'.
server/src/modules/contextFreshness/services/refreshScheduler.ts(391,16): error TS18046: 'error' is of type 'unknown'.
server/src/modules/contextFreshness/services/stalenessManager.ts(66,16): error TS18046: 'error' is of type 'unknown'.
server/src/modules/contextFreshness/services/stalenessManager.ts(102,16): error TS18046: 'error' is of type 'unknown'.
server/src/modules/contextFreshness/services/stalenessManager.ts(137,16): error TS18046: 'error' is of type 'unknown'.
server/src/modules/contextFreshness/services/stalenessManager.ts(215,28): error TS18046: 'error' is of type 'unknown'.
server/src/modules/contextFreshness/services/stalenessManager.ts(221,20): error TS18046: 'error' is of type 'unknown'.
server/src/modules/contextFreshness/services/stalenessManager.ts(271,16): error TS18046: 'error' is of type 'unknown'.
server/src/modules/contextFreshness/services/stalenessManager.ts(307,16): error TS18046: 'error' is of type 'unknown'.
server/src/modules/contextFreshness/services/stalenessManager.ts(518,16): error TS18046: 'error' is of type 'unknown'.
server/src/modules/contextFreshness/services/timeBasedPrioritizer.ts(62,16): error TS18046: 'error' is of type 'unknown'.
server/src/modules/contextFreshness/services/timeBasedPrioritizer.ts(116,16): error TS18046: 'error' is of type 'unknown'.
server/src/modules/contextFreshness/services/timeBasedPrioritizer.ts(172,16): error TS18046: 'error' is of type 'unknown'.
server/src/modules/contextFreshness/services/timeBasedPrioritizer.ts(226,16): error TS18046: 'error' is of type 'unknown'.
server/src/modules/contextGathering/analyzers/documentHistoryAnalyzer.ts(139,16): error TS18046: 'error' is of type 'unknown'.
server/src/modules/contextGathering/analyzers/documentHistoryAnalyzer.ts(174,16): error TS18046: 'error' is of type 'unknown'.
server/src/modules/contextGathering/analyzers/documentHistoryAnalyzer.ts(212,16): error TS18046: 'error' is of type 'unknown'.
server/src/modules/contextGathering/analyzers/documentHistoryAnalyzer.ts(256,16): error TS18046: 'error' is of type 'unknown'.
server/src/modules/contextGathering/analyzers/documentHistoryAnalyzer.ts(288,16): error TS18046: 'error' is of type 'unknown'.
server/src/modules/contextGathering/analyzers/documentHistoryAnalyzer.ts(320,16): error TS18046: 'error' is of type 'unknown'.
server/src/modules/contextGathering/analyzers/documentHistoryAnalyzer.ts(371,16): error TS18046: 'error' is of type 'unknown'.
server/src/modules/contextGathering/analyzers/documentHistoryAnalyzer.ts(418,16): error TS18046: 'error' is of type 'unknown'.
server/src/modules/contextGathering/analyzers/documentHistoryAnalyzer.ts(456,16): error TS18046: 'error' is of type 'unknown'.
server/src/modules/contextGathering/analyzers/documentHistoryAnalyzer.ts(510,16): error TS18046: 'error' is of type 'unknown'.
server/src/modules/contextGathering/analyzers/documentHistoryAnalyzer.ts(521,18): error TS18046: 'error' is of type 'unknown'.
server/src/modules/contextGathering/analyzers/documentHistoryAnalyzer.ts(575,16): error TS18046: 'error' is of type 'unknown'.
server/src/modules/contextGathering/analyzers/documentHistoryAnalyzer.ts(585,18): error TS18046: 'error' is of type 'unknown'.
server/src/modules/contextGathering/analyzers/externalContextAnalyzer.ts(123,16): error TS18046: 'error' is of type 'unknown'.
server/src/modules/contextGathering/analyzers/externalContextAnalyzer.ts(145,16): error TS18046: 'error' is of type 'unknown'.
server/src/modules/contextGathering/analyzers/externalContextAnalyzer.ts(171,22): error TS18046: 'error' is of type 'unknown'.
server/src/modules/contextGathering/analyzers/externalContextAnalyzer.ts(181,16): error TS18046: 'error' is of type 'unknown'.
server/src/modules/contextGathering/analyzers/externalContextAnalyzer.ts(207,22): error TS18046: 'error' is of type 'unknown'.
server/src/modules/contextGathering/analyzers/externalContextAnalyzer.ts(217,16): error TS18046: 'error' is of type 'unknown'.
server/src/modules/contextGathering/analyzers/externalContextAnalyzer.ts(243,22): error TS18046: 'error' is of type 'unknown'.
server/src/modules/contextGathering/analyzers/externalContextAnalyzer.ts(253,16): error TS18046: 'error' is of type 'unknown'.
server/src/modules/contextGathering/analyzers/externalContextAnalyzer.ts(278,22): error TS18046: 'error' is of type 'unknown'.
server/src/modules/contextGathering/analyzers/externalContextAnalyzer.ts(288,16): error TS18046: 'error' is of type 'unknown'.
server/src/modules/contextGathering/analyzers/externalContextAnalyzer.ts(313,22): error TS18046: 'error' is of type 'unknown'.
server/src/modules/contextGathering/analyzers/externalContextAnalyzer.ts(323,16): error TS18046: 'error' is of type 'unknown'.
server/src/modules/contextGathering/analyzers/externalContextAnalyzer.ts(348,22): error TS18046: 'error' is of type 'unknown'.
server/src/modules/contextGathering/analyzers/externalContextAnalyzer.ts(358,16): error TS18046: 'error' is of type 'unknown'.
server/src/modules/contextGathering/analyzers/externalContextAnalyzer.ts(381,16): error TS18046: 'error' is of type 'unknown'.
server/src/modules/contextGathering/analyzers/externalContextAnalyzer.ts(392,28): error TS18046: 'error' is of type 'unknown'.
server/src/modules/contextGathering/analyzers/externalContextAnalyzer.ts(415,16): error TS18046: 'error' is of type 'unknown'.
server/src/modules/contextGathering/analyzers/externalContextAnalyzer.ts(439,16): error TS18046: 'error' is of type 'unknown'.
server/src/modules/contextGathering/analyzers/externalContextAnalyzer.ts(462,16): error TS18046: 'error' is of type 'unknown'.
server/src/modules/contextGathering/analyzers/externalContextAnalyzer.ts(473,28): error TS18046: 'error' is of type 'unknown'.
server/src/modules/contextGathering/analyzers/externalContextAnalyzer.ts(496,16): error TS18046: 'error' is of type 'unknown'.
server/src/modules/contextGathering/analyzers/externalContextAnalyzer.ts(522,16): error TS18046: 'error' is of type 'unknown'.
server/src/modules/contextGathering/analyzers/externalContextAnalyzer.ts(547,16): error TS18046: 'error' is of type 'unknown'.
server/src/modules/contextGathering/analyzers/externalContextAnalyzer.ts(569,16): error TS18046: 'error' is of type 'unknown'.
server/src/modules/contextGathering/analyzers/externalContextAnalyzer.ts(579,28): error TS18046: 'error' is of type 'unknown'.
server/src/modules/contextGathering/analyzers/projectContextAnalyzer.ts(132,16): error TS18046: 'error' is of type 'unknown'.
server/src/modules/contextGathering/analyzers/projectContextAnalyzer.ts(235,16): error TS18046: 'error' is of type 'unknown'.
server/src/modules/contextGathering/analyzers/projectContextAnalyzer.ts(269,16): error TS18046: 'error' is of type 'unknown'.
server/src/modules/contextGathering/analyzers/projectContextAnalyzer.ts(303,16): error TS18046: 'error' is of type 'unknown'.
server/src/modules/contextGathering/analyzers/projectContextAnalyzer.ts(334,16): error TS18046: 'error' is of type 'unknown'.
server/src/modules/contextGathering/analyzers/projectContextAnalyzer.ts(367,16): error TS18046: 'error' is of type 'unknown'.
server/src/modules/contextGathering/analyzers/projectContextAnalyzer.ts(400,16): error TS18046: 'error' is of type 'unknown'.
server/src/modules/contextGathering/analyzers/projectContextAnalyzer.ts(433,16): error TS18046: 'error' is of type 'unknown'.
server/src/modules/contextGathering/analyzers/projectContextAnalyzer.ts(465,16): error TS18046: 'error' is of type 'unknown'.
server/src/modules/contextGathering/analyzers/projectContextAnalyzer.ts(493,16): error TS18046: 'error' is of type 'unknown'.
server/src/modules/contextGathering/analyzers/projectContextAnalyzer.ts(506,18): error TS18046: 'error' is of type 'unknown'.
server/src/modules/contextGathering/analyzers/projectContextAnalyzer.ts(535,16): error TS18046: 'error' is of type 'unknown'.
server/src/modules/contextGathering/analyzers/projectContextAnalyzer.ts(564,16): error TS18046: 'error' is of type 'unknown'.
server/src/modules/contextGathering/analyzers/templateContextAnalyzer.ts(127,16): error TS18046: 'error' is of type 'unknown'.
server/src/modules/contextGathering/analyzers/templateContextAnalyzer.ts(149,16): error TS18046: 'error' is of type 'unknown'.
server/src/modules/contextGathering/analyzers/templateContextAnalyzer.ts(175,16): error TS18046: 'error' is of type 'unknown'.
server/src/modules/contextGathering/analyzers/templateContextAnalyzer.ts(218,16): error TS18046: 'error' is of type 'unknown'.
server/src/modules/contextGathering/analyzers/templateContextAnalyzer.ts(256,16): error TS18046: 'error' is of type 'unknown'.
server/src/modules/contextGathering/analyzers/templateContextAnalyzer.ts(316,16): error TS18046: 'error' is of type 'unknown'.
server/src/modules/contextGathering/analyzers/templateContextAnalyzer.ts(386,16): error TS18046: 'error' is of type 'unknown'.
server/src/modules/contextGathering/analyzers/templateContextAnalyzer.ts(451,16): error TS18046: 'error' is of type 'unknown'.
server/src/modules/contextGathering/analyzers/templateContextAnalyzer.ts(488,16): error TS18046: 'error' is of type 'unknown'.
server/src/modules/contextGathering/analyzers/templateContextAnalyzer.ts(516,16): error TS18046: 'error' is of type 'unknown'.
server/src/modules/contextGathering/analyzers/templateContextAnalyzer.ts(542,16): error TS18046: 'error' is of type 'unknown'.
server/src/modules/contextGathering/analyzers/templateContextAnalyzer.ts(569,16): error TS18046: 'error' is of type 'unknown'.
server/src/modules/contextGathering/analyzers/templateContextAnalyzer.ts(596,16): error TS18046: 'error' is of type 'unknown'.
server/src/modules/contextGathering/analyzers/templateContextAnalyzer.ts(622,16): error TS18046: 'error' is of type 'unknown'.
server/src/modules/contextGathering/analyzers/templateContextAnalyzer.ts(651,16): error TS18046: 'error' is of type 'unknown'.
server/src/modules/contextGathering/analyzers/templateContextAnalyzer.ts(685,16): error TS18046: 'error' is of type 'unknown'.
server/src/modules/contextGathering/analyzers/templateContextAnalyzer.ts(711,16): error TS18046: 'error' is of type 'unknown'.
server/src/modules/contextGathering/analyzers/userProfileAnalyzer.ts(117,16): error TS18046: 'error' is of type 'unknown'.
server/src/modules/contextGathering/analyzers/userProfileAnalyzer.ts(153,16): error TS18046: 'error' is of type 'unknown'.
server/src/modules/contextGathering/analyzers/userProfileAnalyzer.ts(179,16): error TS18046: 'error' is of type 'unknown'.
server/src/modules/contextGathering/analyzers/userProfileAnalyzer.ts(206,16): error TS18046: 'error' is of type 'unknown'.
server/src/modules/contextGathering/analyzers/userProfileAnalyzer.ts(251,16): error TS18046: 'error' is of type 'unknown'.
server/src/modules/contextGathering/analyzers/userProfileAnalyzer.ts(283,16): error TS18046: 'error' is of type 'unknown'.
server/src/modules/contextGathering/analyzers/userProfileAnalyzer.ts(307,16): error TS18046: 'error' is of type 'unknown'.
server/src/modules/contextGathering/analyzers/userProfileAnalyzer.ts(337,16): error TS18046: 'error' is of type 'unknown'.
server/src/modules/contextGathering/analyzers/userProfileAnalyzer.ts(352,18): error TS18046: 'error' is of type 'unknown'.
server/src/modules/contextGathering/analyzers/userProfileAnalyzer.ts(382,16): error TS18046: 'error' is of type 'unknown'.
server/src/modules/contextGathering/analyzers/userProfileAnalyzer.ts(408,16): error TS18046: 'error' is of type 'unknown'.
server/src/modules/contextGathering/assessors/contextQualityAssessor.ts(72,16): error TS18046: 'error' is of type 'unknown'.
server/src/modules/contextGathering/assessors/contextQualityAssessor.ts(98,16): error TS18046: 'error' is of type 'unknown'.
server/src/modules/contextGathering/contextGatheringStage.ts(157,9): error TS2322: Type '{ markdown: string; unitsCount: number; documentsCount: number; entityTypes: string[]; } | null' is not assignable to type '{ markdown: string; unitsCount: number; documentsCount: number; entityTypes: string[]; } | undefined'.
  Type 'null' is not assignable to type '{ markdown: string; unitsCount: number; documentsCount: number; entityTypes: string[]; } | undefined'.
server/src/modules/contextGathering/contextGatheringStage.ts(247,16): error TS18046: 'error' is of type 'unknown'.
server/src/modules/contextGathering/contextGatheringStage.ts(274,16): error TS18046: 'error' is of type 'unknown'.
server/src/modules/contextGathering/contextGatheringStage.ts(305,16): error TS18046: 'error' is of type 'unknown'.
server/src/modules/contextGathering/contextGatheringStage.ts(335,16): error TS18046: 'error' is of type 'unknown'.
server/src/modules/contextGathering/contextGatheringStage.ts(362,16): error TS18046: 'error' is of type 'unknown'.
server/src/modules/contextGathering/contextGatheringStage.ts(384,16): error TS18046: 'error' is of type 'unknown'.
server/src/modules/contextGathering/contextGatheringStage.ts(405,16): error TS18046: 'error' is of type 'unknown'.
server/src/modules/contextGathering/contextGatheringStage.ts(426,16): error TS18046: 'error' is of type 'unknown'.
server/src/modules/contextGathering/contextGatheringStage.ts(447,16): error TS18046: 'error' is of type 'unknown'.
server/src/modules/contextGathering/contextGatheringStage.ts(469,16): error TS18046: 'error' is of type 'unknown'.
server/src/modules/contextGathering/contextGatheringStage.ts(491,16): error TS18046: 'error' is of type 'unknown'.
server/src/modules/contextGathering/integrators/contextIntegrator.ts(96,16): error TS18046: 'error' is of type 'unknown'.
server/src/modules/contextGathering/integrators/contextIntegrator.ts(185,16): error TS18046: 'error' is of type 'unknown'.
server/src/modules/contextGathering/integrators/contextIntegrator.ts(241,16): error TS18046: 'error' is of type 'unknown'.
server/src/modules/contextGathering/integrators/contextIntegrator.ts(297,16): error TS18046: 'error' is of type 'unknown'.
server/src/modules/contextGathering/integrators/contextIntegrator.ts(358,16): error TS18046: 'error' is of type 'unknown'.
server/src/modules/contextGathering/integrators/contextIntegrator.ts(413,16): error TS18046: 'error' is of type 'unknown'.
server/src/modules/contextGathering/integrators/contextIntegrator.ts(459,16): error TS18046: 'error' is of type 'unknown'.
server/src/modules/contextGathering/integrators/contextIntegrator.ts(503,16): error TS18046: 'error' is of type 'unknown'.
server/src/modules/contextGathering/integrators/contextIntegrator.ts(532,16): error TS18046: 'error' is of type 'unknown'.
server/src/modules/contextGathering/integrators/contextIntegrator.ts(562,16): error TS18046: 'error' is of type 'unknown'.
server/src/modules/contextGathering/integrators/contextIntegrator.ts(592,16): error TS18046: 'error' is of type 'unknown'.
server/src/modules/contextGathering/integrators/contextIntegrator.ts(621,16): error TS18046: 'error' is of type 'unknown'.
server/src/modules/contextGathering/integrators/contextIntegrator.ts(650,16): error TS18046: 'error' is of type 'unknown'.
server/src/modules/contextGathering/integrators/contextIntegrator.ts(691,16): error TS18046: 'error' is of type 'unknown'.
server/src/modules/contextGathering/integrators/contextIntegrator.ts(719,16): error TS18046: 'error' is of type 'unknown'.
server/src/modules/contextGathering/optimizers/contextOptimizer.ts(98,16): error TS18046: 'error' is of type 'unknown'.
server/src/modules/contextGathering/optimizers/contextOptimizer.ts(143,16): error TS18046: 'error' is of type 'unknown'.
server/src/modules/contextGathering/optimizers/contextOptimizer.ts(165,16): error TS18046: 'error' is of type 'unknown'.
server/src/modules/contextGathering/optimizers/contextOptimizer.ts(209,16): error TS18046: 'error' is of type 'unknown'.
server/src/modules/contextGathering/optimizers/contextOptimizer.ts(237,16): error TS18046: 'error' is of type 'unknown'.
server/src/modules/contextGathering/optimizers/contextOptimizer.ts(280,16): error TS18046: 'error' is of type 'unknown'.
server/src/modules/contextGathering/optimizers/contextOptimizer.ts(308,16): error TS18046: 'error' is of type 'unknown'.
server/src/modules/contextGathering/optimizers/contextOptimizer.ts(337,16): error TS18046: 'error' is of type 'unknown'.
server/src/modules/contextGathering/optimizers/contextOptimizer.ts(359,16): error TS18046: 'error' is of type 'unknown'.
server/src/modules/contextGathering/optimizers/contextOptimizer.ts(381,16): error TS18046: 'error' is of type 'unknown'.
server/src/modules/contextGathering/optimizers/contextOptimizer.ts(429,16): error TS18046: 'error' is of type 'unknown'.
server/src/modules/contextGathering/optimizers/contextOptimizer.ts(477,16): error TS18046: 'error' is of type 'unknown'.
server/src/modules/contextGathering/optimizers/contextOptimizer.ts(507,16): error TS18046: 'error' is of type 'unknown'.
server/src/modules/contextGathering/optimizers/contextOptimizer.ts(538,16): error TS18046: 'error' is of type 'unknown'.
server/src/modules/contextGathering/optimizers/contextOptimizer.ts(567,16): error TS18046: 'error' is of type 'unknown'.
server/src/modules/contextGathering/optimizers/contextOptimizer.ts(596,16): error TS18046: 'error' is of type 'unknown'.
server/src/modules/contextGathering/optimizers/contextOptimizer.ts(627,16): error TS18046: 'error' is of type 'unknown'.
server/src/modules/contextGathering/validators/contextValidator.ts(116,16): error TS18046: 'error' is of type 'unknown'.
server/src/modules/contextGathering/validators/contextValidator.ts(248,16): error TS18046: 'error' is of type 'unknown'.
server/src/modules/contextInjection/cache/contextCache.ts(40,64): error TS18046: 'error' is of type 'unknown'.
server/src/modules/contextInjection/cache/contextCache.ts(71,64): error TS18046: 'error' is of type 'unknown'.
server/src/modules/contextInjection/cache/contextCache.ts(80,67): error TS18046: 'error' is of type 'unknown'.
server/src/modules/contextInjection/cache/contextCache.ts(90,61): error TS18046: 'error' is of type 'unknown'.
server/src/modules/contextInjection/cache/contextCache.ts(148,54): error TS18046: 'error' is of type 'unknown'.
server/src/modules/contextInjection/cache/contextCache.ts(169,53): error TS18046: 'error' is of type 'unknown'.
server/src/modules/contextInjection/metrics/contextMetrics.ts(42,16): error TS18046: 'error' is of type 'unknown'.
server/src/modules/contextInjection/metrics/contextMetrics.ts(72,16): error TS18046: 'error' is of type 'unknown'.
server/src/modules/contextInjection/metrics/contextMetrics.ts(97,75): error TS18046: 'error' is of type 'unknown'.
server/src/modules/contextInjection/metrics/contextMetrics.ts(167,62): error TS18046: 'error' is of type 'unknown'.
server/src/modules/contextInjection/metrics/contextMetrics.ts(182,77): error TS18046: 'error' is of type 'unknown'.
server/src/modules/contextInjection/retrievers/base.ts(61,16): error TS18046: 'error' is of type 'unknown'.
server/src/modules/contextInjection/retrievers/base.ts(62,16): error TS18046: 'error' is of type 'unknown'.
server/src/modules/contextInjection/retrievers/databaseQuery.ts(31,48): error TS2345: Argument of type 'string | undefined' is not assignable to parameter of type 'string'.
  Type 'undefined' is not assignable to type 'string'.
server/src/modules/contextInjection/retrievers/databaseQuery.ts(52,16): error TS18046: 'error' is of type 'unknown'.
server/src/modules/contextInjection/retrievers/documentHistory.ts(51,16): error TS18046: 'error' is of type 'unknown'.
server/src/modules/contextInjection/retrievers/externalApi.ts(30,33): error TS2345: Argument of type 'string | undefined' is not assignable to parameter of type 'string'.
  Type 'undefined' is not assignable to type 'string'.
server/src/modules/contextInjection/retrievers/externalApi.ts(50,16): error TS18046: 'error' is of type 'unknown'.
server/src/modules/contextInjection/retrievers/externalApi.ts(174,11): error TS18046: 'error' is of type 'unknown'.
server/src/modules/contextInjection/retrievers/fileContent.ts(54,16): error TS18046: 'error' is of type 'unknown'.
server/src/modules/contextInjection/retrievers/fileContent.ts(111,69): error TS18046: 'error' is of type 'unknown'.
server/src/modules/contextInjection/retrievers/projectData.ts(54,16): error TS18046: 'error' is of type 'unknown'.
server/src/modules/contextInjection/retrievers/userPreferences.ts(54,16): error TS18046: 'error' is of type 'unknown'.
server/src/modules/contextInjection/service.ts(141,16): error TS18046: 'error' is of type 'unknown'.
server/src/modules/contextInjection/service.ts(142,16): error TS18046: 'error' is of type 'unknown'.
server/src/modules/contextInjection/service.ts(148,18): error TS18046: 'error' is of type 'unknown'.
server/src/modules/contextInjection/service.ts(260,60): error TS18046: 'error' is of type 'unknown'.
server/src/modules/contextInjection/service.ts(320,87): error TS18046: 'error' is of type 'unknown'.
server/src/modules/contextInjection/service.ts(385,16): error TS18046: 'error' is of type 'unknown'.
server/src/modules/contextInjection/service.ts(414,82): error TS18046: 'error' is of type 'unknown'.
server/src/modules/contextInjection/transformers/contextTransformer.ts(59,16): error TS18046: 'error' is of type 'unknown'.
server/src/modules/contextInjection/validators/contextValidator.ts(35,16): error TS18046: 'error' is of type 'unknown'.
server/src/modules/contextInjection/validators/contextValidator.ts(159,73): error TS18046: 'error' is of type 'unknown'.
server/src/modules/contextRepository/contextRepository.ts(94,16): error TS18046: 'error' is of type 'unknown'.
server/src/modules/contextRepository/contextRepository.ts(167,16): error TS18046: 'error' is of type 'unknown'.
server/src/modules/contextRepository/contextRepository.ts(230,16): error TS18046: 'error' is of type 'unknown'.
server/src/modules/contextRepository/contextRepository.ts(280,16): error TS18046: 'error' is of type 'unknown'.
server/src/modules/contextRepository/contextRepository.ts(344,16): error TS18046: 'error' is of type 'unknown'.
server/src/modules/contextRepository/contextRepository.ts(385,16): error TS18046: 'error' is of type 'unknown'.
server/src/modules/contextRepository/stores/documentHistoryStore.ts(105,16): error TS18046: 'error' is of type 'unknown'.
server/src/modules/contextRepository/stores/documentHistoryStore.ts(189,16): error TS18046: 'error' is of type 'unknown'.
server/src/modules/contextRepository/stores/documentHistoryStore.ts(264,16): error TS18046: 'error' is of type 'unknown'.
server/src/modules/contextRepository/stores/documentHistoryStore.ts(339,16): error TS18046: 'error' is of type 'unknown'.
server/src/modules/contextRepository/stores/documentHistoryStore.ts(414,16): error TS18046: 'error' is of type 'unknown'.
server/src/modules/contextRepository/stores/documentHistoryStore.ts(489,16): error TS18046: 'error' is of type 'unknown'.
server/src/modules/contextRepository/stores/documentHistoryStore.ts(623,16): error TS18046: 'error' is of type 'unknown'.
server/src/modules/contextRepository/stores/documentHistoryStore.ts(666,16): error TS18046: 'error' is of type 'unknown'.
server/src/modules/contextRepository/stores/documentHistoryStore.ts(723,16): error TS18046: 'error' is of type 'unknown'.
server/src/modules/contextRepository/stores/documentHistoryStore.ts(763,16): error TS18046: 'error' is of type 'unknown'.
server/src/modules/contextRepository/stores/documentHistoryStore.ts(786,16): error TS18046: 'error' is of type 'unknown'.
server/src/modules/contextRepository/stores/documentHistoryStore.ts(833,16): error TS18046: 'error' is of type 'unknown'.
server/src/modules/contextRepository/stores/projectContextStore.ts(106,16): error TS18046: 'error' is of type 'unknown'.
server/src/modules/contextRepository/stores/projectContextStore.ts(156,16): error TS18046: 'error' is of type 'unknown'.
server/src/modules/contextRepository/stores/projectContextStore.ts(202,16): error TS18046: 'error' is of type 'unknown'.
server/src/modules/contextRepository/stores/projectContextStore.ts(240,16): error TS18046: 'error' is of type 'unknown'.
server/src/modules/contextRepository/stores/projectContextStore.ts(295,16): error TS18046: 'error' is of type 'unknown'.
server/src/modules/contextRepository/stores/projectContextStore.ts(343,16): error TS18046: 'error' is of type 'unknown'.
server/src/modules/contextRepository/stores/projectContextStore.ts(385,16): error TS18046: 'error' is of type 'unknown'.
server/src/modules/contextRepository/stores/projectContextStore.ts(506,16): error TS18046: 'error' is of type 'unknown'.
server/src/modules/contextRepository/stores/projectContextStore.ts(592,16): error TS18046: 'error' is of type 'unknown'.
server/src/modules/contextRepository/stores/projectContextStore.ts(632,16): error TS18046: 'error' is of type 'unknown'.
server/src/modules/contextRepository/stores/projectContextStore.ts(672,16): error TS18046: 'error' is of type 'unknown'.
server/src/modules/contextRepository/stores/userProfileStore.ts(95,16): error TS18046: 'error' is of type 'unknown'.
server/src/modules/contextRepository/stores/userProfileStore.ts(140,16): error TS18046: 'error' is of type 'unknown'.
server/src/modules/contextRepository/stores/userProfileStore.ts(185,16): error TS18046: 'error' is of type 'unknown'.
server/src/modules/contextRepository/stores/userProfileStore.ts(226,16): error TS18046: 'error' is of type 'unknown'.
server/src/modules/contextRepository/stores/userProfileStore.ts(271,16): error TS18046: 'error' is of type 'unknown'.
server/src/modules/contextRepository/stores/userProfileStore.ts(312,16): error TS18046: 'error' is of type 'unknown'.
server/src/modules/contextRepository/stores/userProfileStore.ts(375,16): error TS18046: 'error' is of type 'unknown'.
server/src/modules/contextRepository/stores/userProfileStore.ts(468,16): error TS18046: 'error' is of type 'unknown'.
server/src/modules/contextRepository/stores/userProfileStore.ts(536,16): error TS18046: 'error' is of type 'unknown'.
server/src/modules/contextRetrieval/contextRetrievalService.ts(205,11): error TS2322: Type 'ContextFilters | undefined' is not assignable to type 'ContextFilters'.
  Type 'undefined' is not assignable to type 'ContextFilters'.
server/src/modules/contextRetrieval/contextRetrievalService.ts(228,11): error TS2322: Type 'ContextFilters | undefined' is not assignable to type 'ContextFilters'.
  Type 'undefined' is not assignable to type 'ContextFilters'.
server/src/modules/contextRetrieval/contextRetrievalService.ts(238,16): error TS18046: 'error' is of type 'unknown'.
server/src/modules/contextRetrieval/contextRetrievalService.ts(261,16): error TS18046: 'error' is of type 'unknown'.
server/src/modules/contextRetrieval/contextRetrievalService.ts(382,16): error TS18046: 'error' is of type 'unknown'.
server/src/modules/contextRetrieval/contextRetrievalService.ts(398,16): error TS18046: 'error' is of type 'unknown'.
server/src/modules/contextRetrieval/contextRetrievalService.ts(411,16): error TS18046: 'error' is of type 'unknown'.
server/src/modules/contextRetrieval/contextRetrievalService.ts(424,16): error TS18046: 'error' is of type 'unknown'.
server/src/modules/contextRetrieval/contextRetrievalService.ts(437,16): error TS18046: 'error' is of type 'unknown'.
server/src/modules/contextRetrieval/contextRetrievalService.ts(451,16): error TS18046: 'error' is of type 'unknown'.
server/src/modules/contextRetrieval/contextRetrievalService.ts(465,16): error TS18046: 'error' is of type 'unknown'.
server/src/modules/contextRetrieval/contextRetrievalService.ts(565,16): error TS18046: 'error' is of type 'unknown'.
server/src/modules/contextRetrieval/contextRetrievalService.ts(600,16): error TS18046: 'error' is of type 'unknown'.
server/src/modules/contextRetrieval/contextRetrievalService.ts(630,16): error TS18046: 'error' is of type 'unknown'.
server/src/modules/contextRetrieval/contextRetrievalService.ts(677,16): error TS18046: 'error' is of type 'unknown'.
server/src/modules/contextRetrieval/contextRetrievalService.ts(728,16): error TS18046: 'error' is of type 'unknown'.
server/src/modules/contextRetrieval/contextRetrievalService.ts(753,16): error TS18046: 'error' is of type 'unknown'.
server/src/modules/contextRetrieval/contextRetrievalService.ts(768,16): error TS18046: 'error' is of type 'unknown'.
server/src/modules/contextRetrieval/contextRetrievalService.ts(784,16): error TS18046: 'error' is of type 'unknown'.
server/src/modules/contextRetrieval/contextRetrievalService.ts(824,16): error TS18046: 'error' is of type 'unknown'.
server/src/modules/contextRetrieval/contextRetrievalService.ts(916,16): error TS18046: 'error' is of type 'unknown'.
server/src/modules/contextRetrieval/engines/keywordSearchEngine.ts(51,16): error TS18046: 'error' is of type 'unknown'.
server/src/modules/contextRetrieval/engines/keywordSearchEngine.ts(75,16): error TS18046: 'error' is of type 'unknown'.
server/src/modules/contextRetrieval/engines/keywordSearchEngine.ts(113,16): error TS18046: 'error' is of type 'unknown'.
server/src/modules/contextRetrieval/engines/keywordSearchEngine.ts(188,16): error TS18046: 'error' is of type 'unknown'.
server/src/modules/contextRetrieval/engines/keywordSearchEngine.ts(276,16): error TS18046: 'error' is of type 'unknown'.
server/src/modules/contextRetrieval/engines/keywordSearchEngine.ts(408,16): error TS18046: 'error' is of type 'unknown'.
server/src/modules/contextRetrieval/engines/keywordSearchEngine.ts(466,16): error TS18046: 'error' is of type 'unknown'.
server/src/modules/contextRetrieval/engines/relevanceScoringEngine.ts(83,16): error TS18046: 'error' is of type 'unknown'.
server/src/modules/contextRetrieval/engines/relevanceScoringEngine.ts(124,16): error TS18046: 'error' is of type 'unknown'.
server/src/modules/contextRetrieval/engines/relevanceScoringEngine.ts(161,16): error TS18046: 'error' is of type 'unknown'.
server/src/modules/contextRetrieval/engines/relevanceScoringEngine.ts(179,16): error TS18046: 'error' is of type 'unknown'.
server/src/modules/contextRetrieval/engines/relevanceScoringEngine.ts(214,16): error TS18046: 'error' is of type 'unknown'.
server/src/modules/contextRetrieval/engines/relevanceScoringEngine.ts(242,16): error TS18046: 'error' is of type 'unknown'.
server/src/modules/contextRetrieval/engines/relevanceScoringEngine.ts(302,16): error TS18046: 'error' is of type 'unknown'.
server/src/modules/contextRetrieval/engines/relevanceScoringEngine.ts(347,16): error TS18046: 'error' is of type 'unknown'.
server/src/modules/contextRetrieval/engines/relevanceScoringEngine.ts(491,16): error TS18046: 'error' is of type 'unknown'.
server/src/modules/contextRetrieval/engines/semanticSearchEngine.ts(65,16): error TS18046: 'error' is of type 'unknown'.
server/src/modules/contextRetrieval/engines/semanticSearchEngine.ts(79,16): error TS18046: 'error' is of type 'unknown'.
server/src/modules/contextRetrieval/engines/semanticSearchEngine.ts(91,16): error TS18046: 'error' is of type 'unknown'.
server/src/modules/contextRetrieval/engines/semanticSearchEngine.ts(124,16): error TS18046: 'error' is of type 'unknown'.
server/src/modules/contextRetrieval/engines/semanticSearchEngine.ts(165,16): error TS18046: 'error' is of type 'unknown'.
server/src/modules/contextRetrieval/engines/semanticSearchEngine.ts(185,16): error TS18046: 'error' is of type 'unknown'.
server/src/modules/contextRetrieval/services/multiProviderEmbeddingsService.ts(136,20): error TS18046: 'error' is of type 'unknown'.
server/src/modules/contextRetrieval/services/multiProviderEmbeddingsService.ts(138,11): error TS2322: Type 'unknown' is not assignable to type 'Error | null'.
server/src/modules/contextRetrieval/services/multiProviderEmbeddingsService.ts(147,16): error TS18046: 'error' is of type 'unknown'.
server/src/modules/contextRetrieval/services/multiProviderEmbeddingsService.ts(180,16): error TS18046: 'error' is of type 'unknown'.
server/src/modules/contextRetrieval/services/multiProviderEmbeddingsService.ts(233,63): error TS18046: 'error' is of type 'unknown'.
server/src/modules/contextRetrieval/services/multiProviderEmbeddingsService.ts(276,20): error TS18046: 'error' is of type 'unknown'.
server/src/modules/contextRetrieval/services/multiProviderEmbeddingsService.ts(292,66): error TS18046: 'error' is of type 'unknown'.
server/src/modules/contextRetrieval/services/multiProviderEmbeddingsService.ts(307,64): error TS18046: 'error' is of type 'unknown'.
server/src/modules/contextRetrieval/services/multiProviderEmbeddingsService.ts(319,73): error TS18046: 'error' is of type 'unknown'.
server/src/modules/contextRetrieval/services/multiProviderEmbeddingsService.ts(334,79): error TS18046: 'error' is of type 'unknown'.
server/src/modules/contextRetrieval/services/multiProviderEmbeddingsService.ts(355,68): error TS18046: 'error' is of type 'unknown'.
server/src/modules/contextRetrieval/services/multiProviderEmbeddingsService.ts(367,69): error TS18046: 'error' is of type 'unknown'.
server/src/modules/contextRetrieval/services/multiProviderEmbeddingsService.ts(411,54): error TS18046: 'error' is of type 'unknown'.
server/src/modules/contextRetrieval/services/multiProviderEmbeddingsService.ts(421,54): error TS18046: 'error' is of type 'unknown'.
server/src/modules/contextRetrieval/services/openaiEmbeddingsService.ts(93,16): error TS18046: 'error' is of type 'unknown'.
server/src/modules/contextRetrieval/services/openaiEmbeddingsService.ts(144,16): error TS18046: 'error' is of type 'unknown'.
server/src/modules/contextRetrieval/services/openaiEmbeddingsService.ts(182,16): error TS18046: 'error' is of type 'unknown'.
server/src/modules/contextRetrieval/services/openaiEmbeddingsService.ts(227,16): error TS18046: 'error' is of type 'unknown'.
server/src/modules/contextRetrieval/services/openaiEmbeddingsService.ts(265,16): error TS18046: 'error' is of type 'unknown'.
server/src/modules/contextRetrieval/services/openaiEmbeddingsService.ts(304,16): error TS18046: 'error' is of type 'unknown'.
server/src/modules/contextRetrieval/services/openaiEmbeddingsService.ts(321,16): error TS18046: 'error' is of type 'unknown'.
server/src/modules/contextRetrieval/services/openaiEmbeddingsService.ts(353,16): error TS18046: 'error' is of type 'unknown'.
server/src/modules/contextRetrieval/services/openaiEmbeddingsService.ts(486,16): error TS18046: 'error' is of type 'unknown'.
server/src/modules/contextRetrieval/services/semanticSearchIntegrationService.ts(63,16): error TS18046: 'error' is of type 'unknown'.
server/src/modules/contextRetrieval/services/semanticSearchIntegrationService.ts(127,16): error TS18046: 'error' is of type 'unknown'.
server/src/modules/contextRetrieval/services/semanticSearchIntegrationService.ts(173,16): error TS18046: 'error' is of type 'unknown'.
server/src/modules/contextRetrieval/services/semanticSearchIntegrationService.ts(219,16): error TS18046: 'error' is of type 'unknown'.
server/src/modules/contextRetrieval/services/semanticSearchIntegrationService.ts(278,16): error TS18046: 'error' is of type 'unknown'.
server/src/modules/contextRetrieval/services/semanticSearchIntegrationService.ts(323,16): error TS18046: 'error' is of type 'unknown'.
server/src/modules/contextRetrieval/services/semanticSearchIntegrationService.ts(337,16): error TS18046: 'error' is of type 'unknown'.
server/src/modules/contextRetrieval/services/semanticSearchIntegrationService.ts(381,16): error TS18046: 'error' is of type 'unknown'.
server/src/modules/contextRetrieval/services/semanticSearchIntegrationService.ts(452,16): error TS18046: 'error' is of type 'unknown'.
server/src/modules/contextRetrieval/services/semanticSearchIntegrationService.ts(483,16): error TS18046: 'error' is of type 'unknown'.
server/src/modules/developmentApproach/extractionService.ts(109,46): error TS2345: Argument of type 'DevelopmentApproach | null' is not assignable to parameter of type 'Partial<DevelopmentApproach>'.
  Type 'null' is not assignable to type 'Partial<DevelopmentApproach>'.
server/src/modules/developmentApproach/routes.ts(22,27): error TS2769: No overload matches this call.
  The last overload gave the following error.
    Argument of type '(req: AuthRequest, res: Response, next: NextFunction) => Promise<Response<any, Record<string, any>> | undefined>' is not assignable to parameter of type 'RequestHandlerParams<ParamsDictionary, any, any, ParsedQs, Record<string, any>>'.
      Type '(req: AuthRequest, res: Response, next: NextFunction) => Promise<Response<any, Record<string, any>> | undefined>' is not assignable to type 'RequestHandler<ParamsDictionary, any, any, ParsedQs, Record<string, any>>'.
        Types of parameters 'req' and 'req' are incompatible.
          Type 'Request<ParamsDictionary, any, any, ParsedQs, Record<string, any>>' is not assignable to type 'AuthRequest'.
            Types of property 'user' are incompatible.
              Type '{ id: string; email: string; role: string; name?: string | undefined; permissions?: string[] | undefined; } | undefined' is not assignable to type '{ id: string; email: string; role: string; permissions: any; } | undefined'.
                Type '{ id: string; email: string; role: string; name?: string | undefined; permissions?: string[] | undefined; }' is not assignable to type '{ id: string; email: string; role: string; permissions: any; }'.
                  Property 'permissions' is optional in type '{ id: string; email: string; role: string; name?: string | undefined; permissions?: string[] | undefined; }' but required in type '{ id: string; email: string; role: string; permissions: any; }'.
server/src/modules/developmentApproach/routes.ts(43,28): error TS2769: No overload matches this call.
  The last overload gave the following error.
    Argument of type '(req: AuthRequest, res: Response, next: NextFunction) => Promise<Response<any, Record<string, any>> | undefined>' is not assignable to parameter of type 'RequestHandlerParams<ParamsDictionary, any, any, ParsedQs, Record<string, any>>'.
      Type '(req: AuthRequest, res: Response, next: NextFunction) => Promise<Response<any, Record<string, any>> | undefined>' is not assignable to type 'RequestHandler<ParamsDictionary, any, any, ParsedQs, Record<string, any>>'.
        Types of parameters 'req' and 'req' are incompatible.
          Type 'Request<ParamsDictionary, any, any, ParsedQs, Record<string, any>>' is not assignable to type 'AuthRequest'.
            Types of property 'user' are incompatible.
              Type '{ id: string; email: string; role: string; name?: string | undefined; permissions?: string[] | undefined; } | undefined' is not assignable to type '{ id: string; email: string; role: string; permissions: any; } | undefined'.
                Type '{ id: string; email: string; role: string; name?: string | undefined; permissions?: string[] | undefined; }' is not assignable to type '{ id: string; email: string; role: string; permissions: any; }'.
                  Property 'permissions' is optional in type '{ id: string; email: string; role: string; name?: string | undefined; permissions?: string[] | undefined; }' but required in type '{ id: string; email: string; role: string; permissions: any; }'.
server/src/modules/developmentApproach/routes.ts(74,30): error TS2769: No overload matches this call.
  The last overload gave the following error.
    Argument of type '(req: AuthRequest, res: Response, next: NextFunction) => Promise<Response<any, Record<string, any>> | undefined>' is not assignable to parameter of type 'RequestHandlerParams<ParamsDictionary, any, any, ParsedQs, Record<string, any>>'.
      Type '(req: AuthRequest, res: Response, next: NextFunction) => Promise<Response<any, Record<string, any>> | undefined>' is not assignable to type 'RequestHandler<ParamsDictionary, any, any, ParsedQs, Record<string, any>>'.
        Types of parameters 'req' and 'req' are incompatible.
          Type 'Request<ParamsDictionary, any, any, ParsedQs, Record<string, any>>' is not assignable to type 'AuthRequest'.
            Types of property 'user' are incompatible.
              Type '{ id: string; email: string; role: string; name?: string | undefined; permissions?: string[] | undefined; } | undefined' is not assignable to type '{ id: string; email: string; role: string; permissions: any; } | undefined'.
                Type '{ id: string; email: string; role: string; name?: string | undefined; permissions?: string[] | undefined; }' is not assignable to type '{ id: string; email: string; role: string; permissions: any; }'.
                  Property 'permissions' is optional in type '{ id: string; email: string; role: string; name?: string | undefined; permissions?: string[] | undefined; }' but required in type '{ id: string; email: string; role: string; permissions: any; }'.
server/src/modules/developmentApproach/routes.ts(96,17): error TS2769: No overload matches this call.
  The last overload gave the following error.
    Argument of type '(req: AuthRequest, res: Response, next: NextFunction) => Promise<Response<any, Record<string, any>> | undefined>' is not assignable to parameter of type 'RequestHandlerParams<ParamsDictionary, any, any, ParsedQs, Record<string, any>>'.
      Type '(req: AuthRequest, res: Response, next: NextFunction) => Promise<Response<any, Record<string, any>> | undefined>' is not assignable to type 'RequestHandler<ParamsDictionary, any, any, ParsedQs, Record<string, any>>'.
        Types of parameters 'req' and 'req' are incompatible.
          Type 'Request<ParamsDictionary, any, any, ParsedQs, Record<string, any>>' is not assignable to type 'AuthRequest'.
            Types of property 'user' are incompatible.
              Type '{ id: string; email: string; role: string; name?: string | undefined; permissions?: string[] | undefined; } | undefined' is not assignable to type '{ id: string; email: string; role: string; permissions: any; } | undefined'.
                Type '{ id: string; email: string; role: string; name?: string | undefined; permissions?: string[] | undefined; }' is not assignable to type '{ id: string; email: string; role: string; permissions: any; }'.
                  Property 'permissions' is optional in type '{ id: string; email: string; role: string; name?: string | undefined; permissions?: string[] | undefined; }' but required in type '{ id: string; email: string; role: string; permissions: any; }'.
server/src/modules/developmentApproach/routes.ts(119,27): error TS2769: No overload matches this call.
  The last overload gave the following error.
    Argument of type '(req: AuthRequest, res: Response, next: NextFunction) => Promise<Response<any, Record<string, any>> | undefined>' is not assignable to parameter of type 'RequestHandlerParams<ParamsDictionary, any, any, ParsedQs, Record<string, any>>'.
      Type '(req: AuthRequest, res: Response, next: NextFunction) => Promise<Response<any, Record<string, any>> | undefined>' is not assignable to type 'RequestHandler<ParamsDictionary, any, any, ParsedQs, Record<string, any>>'.
        Types of parameters 'req' and 'req' are incompatible.
          Type 'Request<ParamsDictionary, any, any, ParsedQs, Record<string, any>>' is not assignable to type 'AuthRequest'.
            Types of property 'user' are incompatible.
              Type '{ id: string; email: string; role: string; name?: string | undefined; permissions?: string[] | undefined; } | undefined' is not assignable to type '{ id: string; email: string; role: string; permissions: any; } | undefined'.
                Type '{ id: string; email: string; role: string; name?: string | undefined; permissions?: string[] | undefined; }' is not assignable to type '{ id: string; email: string; role: string; permissions: any; }'.
                  Property 'permissions' is optional in type '{ id: string; email: string; role: string; name?: string | undefined; permissions?: string[] | undefined; }' but required in type '{ id: string; email: string; role: string; permissions: any; }'.
server/src/modules/documentGenerator/__tests__/integration.test.ts(257,13): error TS2339: Property 'code' does not exist on type 'Error'.
server/src/modules/documentGenerator/controller.ts(62,16): error TS18046: 'error' is of type 'unknown'.
server/src/modules/documentGenerator/controller.ts(63,16): error TS18046: 'error' is of type 'unknown'.
server/src/modules/documentGenerator/controller.ts(68,11): error TS18046: 'error' is of type 'unknown'.
server/src/modules/documentGenerator/controller.ts(71,17): error TS18046: 'error' is of type 'unknown'.
server/src/modules/documentGenerator/controller.ts(76,11): error TS18046: 'error' is of type 'unknown'.
server/src/modules/documentGenerator/controller.ts(78,18): error TS18046: 'error' is of type 'unknown'.
server/src/modules/documentGenerator/controller.ts(79,17): error TS18046: 'error' is of type 'unknown'.
server/src/modules/documentGenerator/controller.ts(80,20): error TS18046: 'error' is of type 'unknown'.
server/src/modules/documentGenerator/controller.ts(88,18): error TS18046: 'error' is of type 'unknown'.
server/src/modules/documentGenerator/controller.ts(126,16): error TS18046: 'error' is of type 'unknown'.
server/src/modules/documentGenerator/controller.ts(153,16): error TS18046: 'error' is of type 'unknown'.
server/src/modules/documentGenerator/controller.ts(234,16): error TS18046: 'error' is of type 'unknown'.
server/src/modules/documentGenerator/controller.ts(308,16): error TS18046: 'error' is of type 'unknown'.
server/src/modules/documentGenerator/examples/basic-usage.ts(50,60): error TS18046: 'error' is of type 'unknown'.
server/src/modules/documentGenerator/examples/basic-usage.ts(80,7): error TS2322: Type '"A4"' is not assignable to type 'PageSize | undefined'.
server/src/modules/documentGenerator/examples/basic-usage.ts(81,7): error TS2322: Type '"portrait"' is not assignable to type 'PageOrientation | undefined'.
server/src/modules/documentGenerator/examples/basic-usage.ts(136,55): error TS18046: 'error' is of type 'unknown'.
server/src/modules/documentGenerator/examples/basic-usage.ts(176,7): error TS2322: Type '"Letter"' is not assignable to type 'PageSize | undefined'.
server/src/modules/documentGenerator/examples/basic-usage.ts(177,7): error TS2322: Type '"portrait"' is not assignable to type 'PageOrientation | undefined'.
server/src/modules/documentGenerator/examples/basic-usage.ts(186,56): error TS18046: 'error' is of type 'unknown'.
server/src/modules/documentGenerator/examples/basic-usage.ts(282,56): error TS18046: 'error' is of type 'unknown'.
server/src/modules/documentGenerator/examples/basic-usage.ts(326,56): error TS18046: 'error' is of type 'unknown'.
server/src/modules/documentGenerator/examples/basic-usage.ts(361,40): error TS18046: 'error' is of type 'unknown'.
server/src/modules/documentGenerator/examples/basic-usage.ts(381,43): error TS18046: 'error' is of type 'unknown'.
server/src/modules/documentGenerator/routes.ts(21,12): error TS2769: No overload matches this call.
  The last overload gave the following error.
    Argument of type '(req: AuthRequest, res: Response, next: NextFunction) => Promise<Response<any, Record<string, any>> | undefined>' is not assignable to parameter of type 'PathParams'.
server/src/modules/documentGenerator/service.ts(184,16): error TS18046: 'error' is of type 'unknown'.
server/src/modules/documentGenerator/service.ts(190,88): error TS18046: 'error' is of type 'unknown'.
server/src/modules/documentGenerator/service.ts(276,40): error TS18046: 'error' is of type 'unknown'.
server/src/modules/documentGenerator/service.ts(786,49): error TS2769: No overload matches this call.
  Overload 1 of 3, '(path: PathLike | FileHandle, options?: ({ encoding?: null | undefined; flag?: OpenMode | undefined; } & Abortable) | null | undefined): Promise<...>', gave the following error.
    Argument of type 'string | undefined' is not assignable to parameter of type 'PathLike | FileHandle'.
      Type 'undefined' is not assignable to type 'PathLike | FileHandle'.
  Overload 2 of 3, '(path: PathLike | FileHandle, options: BufferEncoding | ({ encoding: BufferEncoding; flag?: OpenMode | undefined; } & Abortable)): Promise<...>', gave the following error.
    Argument of type 'string | undefined' is not assignable to parameter of type 'PathLike | FileHandle'.
      Type 'undefined' is not assignable to type 'PathLike | FileHandle'.
  Overload 3 of 3, '(path: PathLike | FileHandle, options?: BufferEncoding | (ObjectEncodingOptions & Abortable & { flag?: OpenMode | undefined; }) | null | undefined): Promise<...>', gave the following error.
    Argument of type 'string | undefined' is not assignable to parameter of type 'PathLike | FileHandle'.
      Type 'undefined' is not assignable to type 'PathLike | FileHandle'.
server/src/modules/documentGenerator/service.ts(824,16): error TS18046: 'error' is of type 'unknown'.
server/src/modules/documentGenerator/service.ts(878,16): error TS18046: 'error' is of type 'unknown'.
server/src/modules/documentGenerator/types.ts(152,40): error TS2307: Cannot find module '@root-types/adpa' or its corresponding type declarations.
server/src/modules/documents/routes.ts(9,35): error TS2769: No overload matches this call.
  The last overload gave the following error.
    Argument of type '(req: AuthRequest, res: Response, next: NextFunction) => Promise<Response<any, Record<string, any>> | undefined>' is not assignable to parameter of type 'RequestHandlerParams<ParamsDictionary, any, any, ParsedQs, Record<string, any>>'.
      Type '(req: AuthRequest, res: Response, next: NextFunction) => Promise<Response<any, Record<string, any>> | undefined>' is not assignable to type 'RequestHandler<ParamsDictionary, any, any, ParsedQs, Record<string, any>>'.
        Types of parameters 'req' and 'req' are incompatible.
          Type 'Request<ParamsDictionary, any, any, ParsedQs, Record<string, any>>' is not assignable to type 'AuthRequest'.
            Types of property 'user' are incompatible.
              Type '{ id: string; email: string; role: string; name?: string | undefined; permissions?: string[] | undefined; } | undefined' is not assignable to type '{ id: string; email: string; role: string; permissions: any; } | undefined'.
                Type '{ id: string; email: string; role: string; name?: string | undefined; permissions?: string[] | undefined; }' is not assignable to type '{ id: string; email: string; role: string; permissions: any; }'.
                  Property 'permissions' is optional in type '{ id: string; email: string; role: string; name?: string | undefined; permissions?: string[] | undefined; }' but required in type '{ id: string; email: string; role: string; permissions: any; }'.
server/src/modules/documents/routes.ts(10,41): error TS2769: No overload matches this call.
  The last overload gave the following error.
    Argument of type '(req: AuthRequest, res: Response, next: NextFunction) => Promise<Response<any, Record<string, any>> | undefined>' is not assignable to parameter of type 'RequestHandlerParams<ParamsDictionary, any, any, ParsedQs, Record<string, any>>'.
      Type '(req: AuthRequest, res: Response, next: NextFunction) => Promise<Response<any, Record<string, any>> | undefined>' is not assignable to type 'RequestHandler<ParamsDictionary, any, any, ParsedQs, Record<string, any>>'.
        Types of parameters 'req' and 'req' are incompatible.
          Type 'Request<ParamsDictionary, any, any, ParsedQs, Record<string, any>>' is not assignable to type 'AuthRequest'.
            Types of property 'user' are incompatible.
              Type '{ id: string; email: string; role: string; name?: string | undefined; permissions?: string[] | undefined; } | undefined' is not assignable to type '{ id: string; email: string; role: string; permissions: any; } | undefined'.
                Type '{ id: string; email: string; role: string; name?: string | undefined; permissions?: string[] | undefined; }' is not assignable to type '{ id: string; email: string; role: string; permissions: any; }'.
                  Property 'permissions' is optional in type '{ id: string; email: string; role: string; name?: string | undefined; permissions?: string[] | undefined; }' but required in type '{ id: string; email: string; role: string; permissions: any; }'.
server/src/modules/documents/routes.ts(11,43): error TS2769: No overload matches this call.
  The last overload gave the following error.
    Argument of type '(req: AuthRequest, res: Response, next: NextFunction) => Promise<Response<any, Record<string, any>> | undefined>' is not assignable to parameter of type 'RequestHandlerParams<ParamsDictionary, any, any, ParsedQs, Record<string, any>>'.
      Type '(req: AuthRequest, res: Response, next: NextFunction) => Promise<Response<any, Record<string, any>> | undefined>' is not assignable to type 'RequestHandler<ParamsDictionary, any, any, ParsedQs, Record<string, any>>'.
        Types of parameters 'req' and 'req' are incompatible.
          Type 'Request<ParamsDictionary, any, any, ParsedQs, Record<string, any>>' is not assignable to type 'AuthRequest'.
            Types of property 'user' are incompatible.
              Type '{ id: string; email: string; role: string; name?: string | undefined; permissions?: string[] | undefined; } | undefined' is not assignable to type '{ id: string; email: string; role: string; permissions: any; } | undefined'.
                Type '{ id: string; email: string; role: string; name?: string | undefined; permissions?: string[] | undefined; }' is not assignable to type '{ id: string; email: string; role: string; permissions: any; }'.
                  Property 'permissions' is optional in type '{ id: string; email: string; role: string; name?: string | undefined; permissions?: string[] | undefined; }' but required in type '{ id: string; email: string; role: string; permissions: any; }'.
server/src/modules/documents/routes.ts(12,20): error TS2769: No overload matches this call.
  The last overload gave the following error.
    Argument of type '(req: AuthRequest, res: Response, next: NextFunction) => Promise<Response<any, Record<string, any>> | undefined>' is not assignable to parameter of type 'RequestHandlerParams<ParamsDictionary, any, any, ParsedQs, Record<string, any>>'.
      Type '(req: AuthRequest, res: Response, next: NextFunction) => Promise<Response<any, Record<string, any>> | undefined>' is not assignable to type 'RequestHandler<ParamsDictionary, any, any, ParsedQs, Record<string, any>>'.
        Types of parameters 'req' and 'req' are incompatible.
          Type 'Request<ParamsDictionary, any, any, ParsedQs, Record<string, any>>' is not assignable to type 'AuthRequest'.
            Types of property 'user' are incompatible.
              Type '{ id: string; email: string; role: string; name?: string | undefined; permissions?: string[] | undefined; } | undefined' is not assignable to type '{ id: string; email: string; role: string; permissions: any; } | undefined'.
                Type '{ id: string; email: string; role: string; name?: string | undefined; permissions?: string[] | undefined; }' is not assignable to type '{ id: string; email: string; role: string; permissions: any; }'.
                  Property 'permissions' is optional in type '{ id: string; email: string; role: string; name?: string | undefined; permissions?: string[] | undefined; }' but required in type '{ id: string; email: string; role: string; permissions: any; }'.
server/src/modules/documents/routes.ts(13,32): error TS2769: No overload matches this call.
  The last overload gave the following error.
    Argument of type '(req: AuthRequest, res: Response, next: NextFunction) => Promise<Response<any, Record<string, any>> | undefined>' is not assignable to parameter of type 'RequestHandlerParams<ParamsDictionary, any, any, ParsedQs, Record<string, any>>'.
      Type '(req: AuthRequest, res: Response, next: NextFunction) => Promise<Response<any, Record<string, any>> | undefined>' is not assignable to type 'RequestHandler<ParamsDictionary, any, any, ParsedQs, Record<string, any>>'.
        Types of parameters 'req' and 'req' are incompatible.
          Type 'Request<ParamsDictionary, any, any, ParsedQs, Record<string, any>>' is not assignable to type 'AuthRequest'.
            Types of property 'user' are incompatible.
              Type '{ id: string; email: string; role: string; name?: string | undefined; permissions?: string[] | undefined; } | undefined' is not assignable to type '{ id: string; email: string; role: string; permissions: any; } | undefined'.
                Type '{ id: string; email: string; role: string; name?: string | undefined; permissions?: string[] | undefined; }' is not assignable to type '{ id: string; email: string; role: string; permissions: any; }'.
                  Property 'permissions' is optional in type '{ id: string; email: string; role: string; name?: string | undefined; permissions?: string[] | undefined; }' but required in type '{ id: string; email: string; role: string; permissions: any; }'.
server/src/modules/documents/routes.ts(14,29): error TS2769: No overload matches this call.
  The last overload gave the following error.
    Argument of type '(req: AuthRequest, res: Response, next: NextFunction) => Promise<Response<any, Record<string, any>> | undefined>' is not assignable to parameter of type 'RequestHandlerParams<ParamsDictionary, any, any, ParsedQs, Record<string, any>>'.
      Type '(req: AuthRequest, res: Response, next: NextFunction) => Promise<Response<any, Record<string, any>> | undefined>' is not assignable to type 'RequestHandler<ParamsDictionary, any, any, ParsedQs, Record<string, any>>'.
        Types of parameters 'req' and 'req' are incompatible.
          Type 'Request<ParamsDictionary, any, any, ParsedQs, Record<string, any>>' is not assignable to type 'AuthRequest'.
            Types of property 'user' are incompatible.
              Type '{ id: string; email: string; role: string; name?: string | undefined; permissions?: string[] | undefined; } | undefined' is not assignable to type '{ id: string; email: string; role: string; permissions: any; } | undefined'.
                Type '{ id: string; email: string; role: string; name?: string | undefined; permissions?: string[] | undefined; }' is not assignable to type '{ id: string; email: string; role: string; permissions: any; }'.
                  Property 'permissions' is optional in type '{ id: string; email: string; role: string; name?: string | undefined; permissions?: string[] | undefined; }' but required in type '{ id: string; email: string; role: string; permissions: any; }'.
server/src/modules/documents/routes.ts(15,34): error TS2769: No overload matches this call.
  The last overload gave the following error.
    Argument of type '(req: AuthRequest, res: Response, next: NextFunction) => Promise<Response<any, Record<string, any>> | undefined>' is not assignable to parameter of type 'RequestHandlerParams<ParamsDictionary, any, any, ParsedQs, Record<string, any>>'.
      Type '(req: AuthRequest, res: Response, next: NextFunction) => Promise<Response<any, Record<string, any>> | undefined>' is not assignable to type 'RequestHandler<ParamsDictionary, any, any, ParsedQs, Record<string, any>>'.
        Types of parameters 'req' and 'req' are incompatible.
          Type 'Request<ParamsDictionary, any, any, ParsedQs, Record<string, any>>' is not assignable to type 'AuthRequest'.
            Types of property 'user' are incompatible.
              Type '{ id: string; email: string; role: string; name?: string | undefined; permissions?: string[] | undefined; } | undefined' is not assignable to type '{ id: string; email: string; role: string; permissions: any; } | undefined'.
                Type '{ id: string; email: string; role: string; name?: string | undefined; permissions?: string[] | undefined; }' is not assignable to type '{ id: string; email: string; role: string; permissions: any; }'.
                  Property 'permissions' is optional in type '{ id: string; email: string; role: string; name?: string | undefined; permissions?: string[] | undefined; }' but required in type '{ id: string; email: string; role: string; permissions: any; }'.
server/src/modules/documents/routes.ts(18,36): error TS2769: No overload matches this call.
  The last overload gave the following error.
    Argument of type '(req: AuthRequest, res: Response, next: NextFunction) => Promise<Response<any, Record<string, any>> | undefined>' is not assignable to parameter of type 'RequestHandlerParams<ParamsDictionary, any, any, ParsedQs, Record<string, any>>'.
      Type '(req: AuthRequest, res: Response, next: NextFunction) => Promise<Response<any, Record<string, any>> | undefined>' is not assignable to type 'RequestHandler<ParamsDictionary, any, any, ParsedQs, Record<string, any>>'.
        Types of parameters 'req' and 'req' are incompatible.
          Type 'Request<ParamsDictionary, any, any, ParsedQs, Record<string, any>>' is not assignable to type 'AuthRequest'.
            Types of property 'user' are incompatible.
              Type '{ id: string; email: string; role: string; name?: string | undefined; permissions?: string[] | undefined; } | undefined' is not assignable to type '{ id: string; email: string; role: string; permissions: any; } | undefined'.
                Type '{ id: string; email: string; role: string; name?: string | undefined; permissions?: string[] | undefined; }' is not assignable to type '{ id: string; email: string; role: string; permissions: any; }'.
                  Property 'permissions' is optional in type '{ id: string; email: string; role: string; name?: string | undefined; permissions?: string[] | undefined; }' but required in type '{ id: string; email: string; role: string; permissions: any; }'.
server/src/modules/documents/routes.ts(19,20): error TS2769: No overload matches this call.
  The last overload gave the following error.
    Argument of type '(req: AuthRequest, res: Response, next: NextFunction) => Promise<Response<any, Record<string, any>> | undefined>' is not assignable to parameter of type 'RequestHandlerParams<ParamsDictionary, any, any, ParsedQs, Record<string, any>>'.
      Type '(req: AuthRequest, res: Response, next: NextFunction) => Promise<Response<any, Record<string, any>> | undefined>' is not assignable to type 'RequestHandler<ParamsDictionary, any, any, ParsedQs, Record<string, any>>'.
        Types of parameters 'req' and 'req' are incompatible.
          Type 'Request<ParamsDictionary, any, any, ParsedQs, Record<string, any>>' is not assignable to type 'AuthRequest'.
            Types of property 'user' are incompatible.
              Type '{ id: string; email: string; role: string; name?: string | undefined; permissions?: string[] | undefined; } | undefined' is not assignable to type '{ id: string; email: string; role: string; permissions: any; } | undefined'.
                Type '{ id: string; email: string; role: string; name?: string | undefined; permissions?: string[] | undefined; }' is not assignable to type '{ id: string; email: string; role: string; permissions: any; }'.
                  Property 'permissions' is optional in type '{ id: string; email: string; role: string; name?: string | undefined; permissions?: string[] | undefined; }' but required in type '{ id: string; email: string; role: string; permissions: any; }'.
server/src/modules/documents/routes.ts(20,23): error TS2769: No overload matches this call.
  The last overload gave the following error.
    Argument of type '(req: AuthRequest, res: Response, next: NextFunction) => Promise<Response<any, Record<string, any>> | undefined>' is not assignable to parameter of type 'RequestHandlerParams<ParamsDictionary, any, any, ParsedQs, Record<string, any>>'.
      Type '(req: AuthRequest, res: Response, next: NextFunction) => Promise<Response<any, Record<string, any>> | undefined>' is not assignable to type 'RequestHandler<ParamsDictionary, any, any, ParsedQs, Record<string, any>>'.
        Types of parameters 'req' and 'req' are incompatible.
          Type 'Request<ParamsDictionary, any, any, ParsedQs, Record<string, any>>' is not assignable to type 'AuthRequest'.
            Types of property 'user' are incompatible.
              Type '{ id: string; email: string; role: string; name?: string | undefined; permissions?: string[] | undefined; } | undefined' is not assignable to type '{ id: string; email: string; role: string; permissions: any; } | undefined'.
                Type '{ id: string; email: string; role: string; name?: string | undefined; permissions?: string[] | undefined; }' is not assignable to type '{ id: string; email: string; role: string; permissions: any; }'.
                  Property 'permissions' is optional in type '{ id: string; email: string; role: string; name?: string | undefined; permissions?: string[] | undefined; }' but required in type '{ id: string; email: string; role: string; permissions: any; }'.
server/src/modules/documents/routes.ts(21,29): error TS2769: No overload matches this call.
  The last overload gave the following error.
    Argument of type '(req: AuthRequest, res: Response, next: NextFunction) => Promise<Response<any, Record<string, any>> | undefined>' is not assignable to parameter of type 'RequestHandlerParams<ParamsDictionary, any, any, ParsedQs, Record<string, any>>'.
      Type '(req: AuthRequest, res: Response, next: NextFunction) => Promise<Response<any, Record<string, any>> | undefined>' is not assignable to type 'RequestHandler<ParamsDictionary, any, any, ParsedQs, Record<string, any>>'.
        Types of parameters 'req' and 'req' are incompatible.
          Type 'Request<ParamsDictionary, any, any, ParsedQs, Record<string, any>>' is not assignable to type 'AuthRequest'.
            Types of property 'user' are incompatible.
              Type '{ id: string; email: string; role: string; name?: string | undefined; permissions?: string[] | undefined; } | undefined' is not assignable to type '{ id: string; email: string; role: string; permissions: any; } | undefined'.
                Type '{ id: string; email: string; role: string; name?: string | undefined; permissions?: string[] | undefined; }' is not assignable to type '{ id: string; email: string; role: string; permissions: any; }'.
                  Property 'permissions' is optional in type '{ id: string; email: string; role: string; name?: string | undefined; permissions?: string[] | undefined; }' but required in type '{ id: string; email: string; role: string; permissions: any; }'.
server/src/modules/documents/routes.ts(24,30): error TS2769: No overload matches this call.
  The last overload gave the following error.
    Argument of type '(req: AuthRequest, res: Response, next: NextFunction) => Promise<Response<any, Record<string, any>> | undefined>' is not assignable to parameter of type 'RequestHandlerParams<ParamsDictionary, any, any, ParsedQs, Record<string, any>>'.
      Type '(req: AuthRequest, res: Response, next: NextFunction) => Promise<Response<any, Record<string, any>> | undefined>' is not assignable to type 'RequestHandler<ParamsDictionary, any, any, ParsedQs, Record<string, any>>'.
        Types of parameters 'req' and 'req' are incompatible.
          Type 'Request<ParamsDictionary, any, any, ParsedQs, Record<string, any>>' is not assignable to type 'AuthRequest'.
            Types of property 'user' are incompatible.
              Type '{ id: string; email: string; role: string; name?: string | undefined; permissions?: string[] | undefined; } | undefined' is not assignable to type '{ id: string; email: string; role: string; permissions: any; } | undefined'.
                Type '{ id: string; email: string; role: string; name?: string | undefined; permissions?: string[] | undefined; }' is not assignable to type '{ id: string; email: string; role: string; permissions: any; }'.
                  Property 'permissions' is optional in type '{ id: string; email: string; role: string; name?: string | undefined; permissions?: string[] | undefined; }' but required in type '{ id: string; email: string; role: string; permissions: any; }'.
server/src/modules/documents/routes.ts(27,31): error TS2769: No overload matches this call.
  The last overload gave the following error.
    Argument of type '(req: AuthRequest, res: Response, next: NextFunction) => Promise<Response<any, Record<string, any>> | undefined>' is not assignable to parameter of type 'RequestHandlerParams<ParamsDictionary, any, any, ParsedQs, Record<string, any>>'.
      Type '(req: AuthRequest, res: Response, next: NextFunction) => Promise<Response<any, Record<string, any>> | undefined>' is not assignable to type 'RequestHandler<ParamsDictionary, any, any, ParsedQs, Record<string, any>>'.
        Types of parameters 'req' and 'req' are incompatible.
          Type 'Request<ParamsDictionary, any, any, ParsedQs, Record<string, any>>' is not assignable to type 'AuthRequest'.
            Types of property 'user' are incompatible.
              Type '{ id: string; email: string; role: string; name?: string | undefined; permissions?: string[] | undefined; } | undefined' is not assignable to type '{ id: string; email: string; role: string; permissions: any; } | undefined'.
                Type '{ id: string; email: string; role: string; name?: string | undefined; permissions?: string[] | undefined; }' is not assignable to type '{ id: string; email: string; role: string; permissions: any; }'.
                  Property 'permissions' is optional in type '{ id: string; email: string; role: string; name?: string | undefined; permissions?: string[] | undefined; }' but required in type '{ id: string; email: string; role: string; permissions: any; }'.
server/src/modules/documents/routes.ts(28,33): error TS2769: No overload matches this call.
  The last overload gave the following error.
    Argument of type '(req: AuthRequest, res: Response, next: NextFunction) => Promise<Response<any, Record<string, any>> | undefined>' is not assignable to parameter of type 'RequestHandlerParams<ParamsDictionary, any, any, ParsedQs, Record<string, any>>'.
      Type '(req: AuthRequest, res: Response, next: NextFunction) => Promise<Response<any, Record<string, any>> | undefined>' is not assignable to type 'RequestHandler<ParamsDictionary, any, any, ParsedQs, Record<string, any>>'.
        Types of parameters 'req' and 'req' are incompatible.
          Type 'Request<ParamsDictionary, any, any, ParsedQs, Record<string, any>>' is not assignable to type 'AuthRequest'.
            Types of property 'user' are incompatible.
              Type '{ id: string; email: string; role: string; name?: string | undefined; permissions?: string[] | undefined; } | undefined' is not assignable to type '{ id: string; email: string; role: string; permissions: any; } | undefined'.
                Type '{ id: string; email: string; role: string; name?: string | undefined; permissions?: string[] | undefined; }' is not assignable to type '{ id: string; email: string; role: string; permissions: any; }'.
                  Property 'permissions' is optional in type '{ id: string; email: string; role: string; name?: string | undefined; permissions?: string[] | undefined; }' but required in type '{ id: string; email: string; role: string; permissions: any; }'.
server/src/modules/documentTemplates/__tests__/routes.test.ts(50,38): error TS2345: Argument of type 'any' is not assignable to parameter of type 'never'.
server/src/modules/documentTemplates/__tests__/routes.test.ts(93,50): error TS2345: Argument of type '{ templates: { id: string; name: string; framework: string; content: {}; variables: never[]; is_public: boolean; created_by: string; usage_count: number; created_at: Date; updated_at: Date; }[]; pagination: { ...; }; }' is not assignable to parameter of type 'TemplateListResponse | Promise<TemplateListResponse>'.
  Type '{ templates: { id: string; name: string; framework: string; content: {}; variables: never[]; is_public: boolean; created_by: string; usage_count: number; created_at: Date; updated_at: Date; }[]; pagination: { ...; }; }' is not assignable to type 'TemplateListResponse'.
    Types of property 'templates' are incompatible.
      Type '{ id: string; name: string; framework: string; content: {}; variables: never[]; is_public: boolean; created_by: string; usage_count: number; created_at: Date; updated_at: Date; }[]' is not assignable to type 'DocumentTemplate[]'.
        Type '{ id: string; name: string; framework: string; content: {}; variables: never[]; is_public: boolean; created_by: string; usage_count: number; created_at: Date; updated_at: Date; }' is not assignable to type 'DocumentTemplate'.
          Types of property 'framework' are incompatible.
            Type 'string' is not assignable to type '"Custom" | "TOGAF" | "SABSA" | "COBIT" | "ITIL"'.
server/src/modules/documentTemplates/__tests__/routes.test.ts(164,53): error TS2345: Argument of type '{ id: string; name: string; framework: string; content: {}; variables: never[]; is_public: boolean; created_by: string; usage_count: number; created_at: Date; updated_at: Date; }' is not assignable to parameter of type 'DocumentTemplate | Promise<DocumentTemplate | null> | null'.
  Type '{ id: string; name: string; framework: string; content: {}; variables: never[]; is_public: boolean; created_by: string; usage_count: number; created_at: Date; updated_at: Date; }' is not assignable to type 'DocumentTemplate'.
    Types of property 'framework' are incompatible.
      Type 'string' is not assignable to type '"Custom" | "TOGAF" | "SABSA" | "COBIT" | "ITIL"'.
server/src/modules/documentTemplates/__tests__/routes.test.ts(215,52): error TS2345: Argument of type '{ created_by: string; usage_count: number; created_at: Date; updated_at: Date; name: string; description: string; framework: string; category: string; content: { sections: never[]; }; variables: never[]; is_public: boolean; id: string; }' is not assignable to parameter of type 'DocumentTemplate | Promise<DocumentTemplate>'.
  Type '{ created_by: string; usage_count: number; created_at: Date; updated_at: Date; name: string; description: string; framework: string; category: string; content: { sections: never[]; }; variables: never[]; is_public: boolean; id: string; }' is not assignable to type 'DocumentTemplate'.
    Types of property 'framework' are incompatible.
      Type 'string' is not assignable to type '"Custom" | "TOGAF" | "SABSA" | "COBIT" | "ITIL"'.
server/src/modules/documentTemplates/__tests__/routes.test.ts(265,52): error TS2345: Argument of type '{ id: string; name: string; description: string; framework: string; content: {}; variables: never[]; is_public: boolean; created_by: string; usage_count: number; created_at: Date; updated_at: Date; }' is not assignable to parameter of type 'DocumentTemplate | Promise<DocumentTemplate | null> | null'.
  Type '{ id: string; name: string; description: string; framework: string; content: {}; variables: never[]; is_public: boolean; created_by: string; usage_count: number; created_at: Date; updated_at: Date; }' is not assignable to type 'DocumentTemplate'.
    Types of property 'framework' are incompatible.
      Type 'string' is not assignable to type '"Custom" | "TOGAF" | "SABSA" | "COBIT" | "ITIL"'.
server/src/modules/documentTemplates/__tests__/routes.test.ts(335,51): error TS2345: Argument of type '{ id: string; name: string; description: string; framework: string; content: {}; variables: never[]; is_public: boolean; created_by: string; usage_count: number; created_at: Date; updated_at: Date; }' is not assignable to parameter of type 'DocumentTemplate | Promise<DocumentTemplate | null> | null'.
  Type '{ id: string; name: string; description: string; framework: string; content: {}; variables: never[]; is_public: boolean; created_by: string; usage_count: number; created_at: Date; updated_at: Date; }' is not assignable to type 'DocumentTemplate'.
    Types of property 'framework' are incompatible.
      Type 'string' is not assignable to type '"Custom" | "TOGAF" | "SABSA" | "COBIT" | "ITIL"'.
server/src/modules/documentTemplates/__tests__/routes.test.ts(385,57): error TS2345: Argument of type '{ templates: { id: string; name: string; deleted_at: Date; deleted_by: string; }[]; pagination: { page: number; limit: number; total: number; pages: number; }; }' is not assignable to parameter of type 'TemplateListResponse | Promise<TemplateListResponse>'.
  Type '{ templates: { id: string; name: string; deleted_at: Date; deleted_by: string; }[]; pagination: { page: number; limit: number; total: number; pages: number; }; }' is not assignable to type 'TemplateListResponse'.
    Types of property 'templates' are incompatible.
      Type '{ id: string; name: string; deleted_at: Date; deleted_by: string; }[]' is not assignable to type 'DocumentTemplate[]'.
        Type '{ id: string; name: string; deleted_at: Date; deleted_by: string; }' is missing the following properties from type 'DocumentTemplate': framework, content, variables, is_public, and 4 more.
server/src/modules/documentTemplates/__tests__/routes.test.ts(405,53): error TS2345: Argument of type '{ id: string; name: string; deleted_at: null; deleted_by: null; }' is not assignable to parameter of type 'DocumentTemplate | Promise<DocumentTemplate | null> | null'.
  Type '{ id: string; name: string; deleted_at: null; deleted_by: null; }' is missing the following properties from type 'DocumentTemplate': framework, content, variables, is_public, and 4 more.
server/src/modules/documentTemplates/__tests__/service.test.ts(57,32): error TS2345: Argument of type 'any' is not assignable to parameter of type 'never'.
server/src/modules/documentTemplates/__tests__/service.test.ts(58,32): error TS2345: Argument of type 'any' is not assignable to parameter of type 'never'.
server/src/modules/documentTemplates/__tests__/service.test.ts(77,32): error TS2345: Argument of type 'any' is not assignable to parameter of type 'never'.
server/src/modules/documentTemplates/__tests__/service.test.ts(78,32): error TS2345: Argument of type 'any' is not assignable to parameter of type 'never'.
server/src/modules/documentTemplates/__tests__/service.test.ts(113,40): error TS2345: Argument of type 'any' is not assignable to parameter of type 'never'.
server/src/modules/documentTemplates/__tests__/service.test.ts(123,40): error TS2345: Argument of type 'any' is not assignable to parameter of type 'never'.
server/src/modules/documentTemplates/__tests__/service.test.ts(152,40): error TS2345: Argument of type 'any' is not assignable to parameter of type 'never'.
server/src/modules/documentTemplates/__tests__/service.test.ts(197,32): error TS2345: Argument of type 'any' is not assignable to parameter of type 'never'.
server/src/modules/documentTemplates/__tests__/service.test.ts(198,32): error TS2345: Argument of type 'any' is not assignable to parameter of type 'never'.
server/src/modules/documentTemplates/__tests__/service.test.ts(208,40): error TS2345: Argument of type 'any' is not assignable to parameter of type 'never'.
server/src/modules/documentTemplates/__tests__/service.test.ts(216,40): error TS2345: Argument of type 'any' is not assignable to parameter of type 'never'.
server/src/modules/documentTemplates/__tests__/service.test.ts(227,32): error TS2345: Argument of type 'any' is not assignable to parameter of type 'never'.
server/src/modules/documentTemplates/__tests__/service.test.ts(228,32): error TS2345: Argument of type 'any' is not assignable to parameter of type 'never'.
server/src/modules/documentTemplates/__tests__/service.test.ts(239,32): error TS2345: Argument of type 'any' is not assignable to parameter of type 'never'.
server/src/modules/documentTemplates/__tests__/service.test.ts(240,32): error TS2345: Argument of type 'any' is not assignable to parameter of type 'never'.
server/src/modules/documentTemplates/__tests__/service.test.ts(241,32): error TS2345: Argument of type 'any' is not assignable to parameter of type 'never'.
server/src/modules/documentTemplates/__tests__/service.test.ts(255,40): error TS2345: Argument of type 'any' is not assignable to parameter of type 'never'.
server/src/modules/documentTemplates/__tests__/service.test.ts(264,32): error TS2345: Argument of type 'any' is not assignable to parameter of type 'never'.
server/src/modules/documentTemplates/__tests__/service.test.ts(265,32): error TS2345: Argument of type 'any' is not assignable to parameter of type 'never'.
server/src/modules/documentTemplates/__tests__/service.test.ts(304,32): error TS2345: Argument of type 'any' is not assignable to parameter of type 'never'.
server/src/modules/documentTemplates/__tests__/service.test.ts(305,32): error TS2345: Argument of type 'any' is not assignable to parameter of type 'never'.
server/src/modules/documentTemplates/__tests__/service.test.ts(314,40): error TS2345: Argument of type 'any' is not assignable to parameter of type 'never'.
server/src/modules/documentTemplates/__tests__/service.test.ts(324,40): error TS2345: Argument of type 'any' is not assignable to parameter of type 'never'.
server/src/modules/documentTemplates/__tests__/service.test.ts(333,40): error TS2345: Argument of type 'any' is not assignable to parameter of type 'never'.
server/src/modules/documentTemplates/routes.ts(80,3): error TS2769: No overload matches this call.
  The last overload gave the following error.
    Argument of type '(req: AuthRequest, res: Response, next: NextFunction) => Promise<Response<any, Record<string, any>> | undefined>' is not assignable to parameter of type 'RequestHandlerParams<ParamsDictionary, any, any, ParsedQs, Record<string, any>>'.
      Type '(req: AuthRequest, res: Response, next: NextFunction) => Promise<Response<any, Record<string, any>> | undefined>' is not assignable to type 'RequestHandler<ParamsDictionary, any, any, ParsedQs, Record<string, any>>'.
        Types of parameters 'req' and 'req' are incompatible.
          Type 'Request<ParamsDictionary, any, any, ParsedQs, Record<string, any>>' is not assignable to type 'AuthRequest'.
            Types of property 'user' are incompatible.
              Type '{ id: string; email: string; role: string; name?: string | undefined; permissions?: string[] | undefined; } | undefined' is not assignable to type '{ id: string; email: string; role: string; permissions: any; } | undefined'.
                Type '{ id: string; email: string; role: string; name?: string | undefined; permissions?: string[] | undefined; }' is not assignable to type '{ id: string; email: string; role: string; permissions: any; }'.
                  Property 'permissions' is optional in type '{ id: string; email: string; role: string; name?: string | undefined; permissions?: string[] | undefined; }' but required in type '{ id: string; email: string; role: string; permissions: any; }'.
server/src/modules/documentTemplates/routes.ts(125,3): error TS2769: No overload matches this call.
  The last overload gave the following error.
    Argument of type '(req: AuthRequest, res: Response, next: NextFunction) => Promise<Response<any, Record<string, any>> | undefined>' is not assignable to parameter of type 'RequestHandlerParams<ParamsDictionary, any, any, ParsedQs, Record<string, any>>'.
      Type '(req: AuthRequest, res: Response, next: NextFunction) => Promise<Response<any, Record<string, any>> | undefined>' is not assignable to type 'RequestHandler<ParamsDictionary, any, any, ParsedQs, Record<string, any>>'.
        Types of parameters 'req' and 'req' are incompatible.
          Type 'Request<ParamsDictionary, any, any, ParsedQs, Record<string, any>>' is not assignable to type 'AuthRequest'.
            Types of property 'user' are incompatible.
              Type '{ id: string; email: string; role: string; name?: string | undefined; permissions?: string[] | undefined; } | undefined' is not assignable to type '{ id: string; email: string; role: string; permissions: any; } | undefined'.
                Type '{ id: string; email: string; role: string; name?: string | undefined; permissions?: string[] | undefined; }' is not assignable to type '{ id: string; email: string; role: string; permissions: any; }'.
                  Property 'permissions' is optional in type '{ id: string; email: string; role: string; name?: string | undefined; permissions?: string[] | undefined; }' but required in type '{ id: string; email: string; role: string; permissions: any; }'.
server/src/modules/documentTemplates/routes.ts(163,3): error TS2769: No overload matches this call.
  The last overload gave the following error.
    Argument of type '(req: AuthRequest, res: Response, next: NextFunction) => Promise<Response<any, Record<string, any>> | undefined>' is not assignable to parameter of type 'RequestHandlerParams<ParamsDictionary, any, any, ParsedQs, Record<string, any>>'.
      Type '(req: AuthRequest, res: Response, next: NextFunction) => Promise<Response<any, Record<string, any>> | undefined>' is not assignable to type 'RequestHandler<ParamsDictionary, any, any, ParsedQs, Record<string, any>>'.
        Types of parameters 'req' and 'req' are incompatible.
          Type 'Request<ParamsDictionary, any, any, ParsedQs, Record<string, any>>' is not assignable to type 'AuthRequest'.
            Types of property 'user' are incompatible.
              Type '{ id: string; email: string; role: string; name?: string | undefined; permissions?: string[] | undefined; } | undefined' is not assignable to type '{ id: string; email: string; role: string; permissions: any; } | undefined'.
                Type '{ id: string; email: string; role: string; name?: string | undefined; permissions?: string[] | undefined; }' is not assignable to type '{ id: string; email: string; role: string; permissions: any; }'.
                  Property 'permissions' is optional in type '{ id: string; email: string; role: string; name?: string | undefined; permissions?: string[] | undefined; }' but required in type '{ id: string; email: string; role: string; permissions: any; }'.
server/src/modules/documentTemplates/routes.ts(200,3): error TS2769: No overload matches this call.
  The last overload gave the following error.
    Argument of type '(req: AuthRequest, res: Response, next: NextFunction) => Promise<Response<any, Record<string, any>> | undefined>' is not assignable to parameter of type 'RequestHandlerParams<ParamsDictionary, any, any, ParsedQs, Record<string, any>>'.
      Type '(req: AuthRequest, res: Response, next: NextFunction) => Promise<Response<any, Record<string, any>> | undefined>' is not assignable to type 'RequestHandler<ParamsDictionary, any, any, ParsedQs, Record<string, any>>'.
        Types of parameters 'req' and 'req' are incompatible.
          Type 'Request<ParamsDictionary, any, any, ParsedQs, Record<string, any>>' is not assignable to type 'AuthRequest'.
            Types of property 'user' are incompatible.
              Type '{ id: string; email: string; role: string; name?: string | undefined; permissions?: string[] | undefined; } | undefined' is not assignable to type '{ id: string; email: string; role: string; permissions: any; } | undefined'.
                Type '{ id: string; email: string; role: string; name?: string | undefined; permissions?: string[] | undefined; }' is not assignable to type '{ id: string; email: string; role: string; permissions: any; }'.
                  Property 'permissions' is optional in type '{ id: string; email: string; role: string; name?: string | undefined; permissions?: string[] | undefined; }' but required in type '{ id: string; email: string; role: string; permissions: any; }'.
server/src/modules/documentTemplates/routes.ts(248,3): error TS2769: No overload matches this call.
  The last overload gave the following error.
    Argument of type '(req: AuthRequest, res: Response, next: NextFunction) => Promise<Response<any, Record<string, any>> | undefined>' is not assignable to parameter of type 'RequestHandlerParams<ParamsDictionary, any, any, ParsedQs, Record<string, any>>'.
      Type '(req: AuthRequest, res: Response, next: NextFunction) => Promise<Response<any, Record<string, any>> | undefined>' is not assignable to type 'RequestHandler<ParamsDictionary, any, any, ParsedQs, Record<string, any>>'.
        Types of parameters 'req' and 'req' are incompatible.
          Type 'Request<ParamsDictionary, any, any, ParsedQs, Record<string, any>>' is not assignable to type 'AuthRequest'.
            Types of property 'user' are incompatible.
              Type '{ id: string; email: string; role: string; name?: string | undefined; permissions?: string[] | undefined; } | undefined' is not assignable to type '{ id: string; email: string; role: string; permissions: any; } | undefined'.
                Type '{ id: string; email: string; role: string; name?: string | undefined; permissions?: string[] | undefined; }' is not assignable to type '{ id: string; email: string; role: string; permissions: any; }'.
                  Property 'permissions' is optional in type '{ id: string; email: string; role: string; name?: string | undefined; permissions?: string[] | undefined; }' but required in type '{ id: string; email: string; role: string; permissions: any; }'.
server/src/modules/documentTemplates/routes.ts(301,3): error TS2769: No overload matches this call.
  The last overload gave the following error.
    Argument of type '(req: AuthRequest, res: Response, next: NextFunction) => Promise<Response<any, Record<string, any>> | undefined>' is not assignable to parameter of type 'RequestHandlerParams<ParamsDictionary, any, any, ParsedQs, Record<string, any>>'.
      Type '(req: AuthRequest, res: Response, next: NextFunction) => Promise<Response<any, Record<string, any>> | undefined>' is not assignable to type 'RequestHandler<ParamsDictionary, any, any, ParsedQs, Record<string, any>>'.
        Types of parameters 'req' and 'req' are incompatible.
          Type 'Request<ParamsDictionary, any, any, ParsedQs, Record<string, any>>' is not assignable to type 'AuthRequest'.
            Types of property 'user' are incompatible.
              Type '{ id: string; email: string; role: string; name?: string | undefined; permissions?: string[] | undefined; } | undefined' is not assignable to type '{ id: string; email: string; role: string; permissions: any; } | undefined'.
                Type '{ id: string; email: string; role: string; name?: string | undefined; permissions?: string[] | undefined; }' is not assignable to type '{ id: string; email: string; role: string; permissions: any; }'.
                  Property 'permissions' is optional in type '{ id: string; email: string; role: string; name?: string | undefined; permissions?: string[] | undefined; }' but required in type '{ id: string; email: string; role: string; permissions: any; }'.
server/src/modules/documentTemplates/routes.ts(349,3): error TS2769: No overload matches this call.
  The last overload gave the following error.
    Argument of type '(req: AuthRequest, res: Response, next: NextFunction) => Promise<Response<any, Record<string, any>> | undefined>' is not assignable to parameter of type 'RequestHandlerParams<ParamsDictionary, any, any, ParsedQs, Record<string, any>>'.
      Type '(req: AuthRequest, res: Response, next: NextFunction) => Promise<Response<any, Record<string, any>> | undefined>' is not assignable to type 'RequestHandler<ParamsDictionary, any, any, ParsedQs, Record<string, any>>'.
        Types of parameters 'req' and 'req' are incompatible.
          Type 'Request<ParamsDictionary, any, any, ParsedQs, Record<string, any>>' is not assignable to type 'AuthRequest'.
            Types of property 'user' are incompatible.
              Type '{ id: string; email: string; role: string; name?: string | undefined; permissions?: string[] | undefined; } | undefined' is not assignable to type '{ id: string; email: string; role: string; permissions: any; } | undefined'.
                Type '{ id: string; email: string; role: string; name?: string | undefined; permissions?: string[] | undefined; }' is not assignable to type '{ id: string; email: string; role: string; permissions: any; }'.
                  Property 'permissions' is optional in type '{ id: string; email: string; role: string; name?: string | undefined; permissions?: string[] | undefined; }' but required in type '{ id: string; email: string; role: string; permissions: any; }'.
server/src/modules/documentTemplates/routes.ts(388,3): error TS2769: No overload matches this call.
  The last overload gave the following error.
    Argument of type '(req: AuthRequest, res: Response, next: NextFunction) => Promise<Response<any, Record<string, any>> | undefined>' is not assignable to parameter of type 'RequestHandlerParams<ParamsDictionary, any, any, ParsedQs, Record<string, any>>'.
      Type '(req: AuthRequest, res: Response, next: NextFunction) => Promise<Response<any, Record<string, any>> | undefined>' is not assignable to type 'RequestHandler<ParamsDictionary, any, any, ParsedQs, Record<string, any>>'.
        Types of parameters 'req' and 'req' are incompatible.
          Type 'Request<ParamsDictionary, any, any, ParsedQs, Record<string, any>>' is not assignable to type 'AuthRequest'.
            Types of property 'user' are incompatible.
              Type '{ id: string; email: string; role: string; name?: string | undefined; permissions?: string[] | undefined; } | undefined' is not assignable to type '{ id: string; email: string; role: string; permissions: any; } | undefined'.
                Type '{ id: string; email: string; role: string; name?: string | undefined; permissions?: string[] | undefined; }' is not assignable to type '{ id: string; email: string; role: string; permissions: any; }'.
                  Property 'permissions' is optional in type '{ id: string; email: string; role: string; name?: string | undefined; permissions?: string[] | undefined; }' but required in type '{ id: string; email: string; role: string; permissions: any; }'.
server/src/modules/documentTemplates/routes.ts(427,3): error TS2769: No overload matches this call.
  The last overload gave the following error.
    Argument of type '(req: AuthRequest, res: Response, next: NextFunction) => Promise<Response<any, Record<string, any>> | undefined>' is not assignable to parameter of type 'RequestHandlerParams<ParamsDictionary, any, any, ParsedQs, Record<string, any>>'.
      Type '(req: AuthRequest, res: Response, next: NextFunction) => Promise<Response<any, Record<string, any>> | undefined>' is not assignable to type 'RequestHandler<ParamsDictionary, any, any, ParsedQs, Record<string, any>>'.
        Types of parameters 'req' and 'req' are incompatible.
          Type 'Request<ParamsDictionary, any, any, ParsedQs, Record<string, any>>' is not assignable to type 'AuthRequest'.
            Types of property 'user' are incompatible.
              Type '{ id: string; email: string; role: string; name?: string | undefined; permissions?: string[] | undefined; } | undefined' is not assignable to type '{ id: string; email: string; role: string; permissions: any; } | undefined'.
                Type '{ id: string; email: string; role: string; name?: string | undefined; permissions?: string[] | undefined; }' is not assignable to type '{ id: string; email: string; role: string; permissions: any; }'.
                  Property 'permissions' is optional in type '{ id: string; email: string; role: string; name?: string | undefined; permissions?: string[] | undefined; }' but required in type '{ id: string; email: string; role: string; permissions: any; }'.
server/src/modules/documentTemplates/routes.ts(470,3): error TS2769: No overload matches this call.
  The last overload gave the following error.
    Argument of type '(req: AuthRequest, res: Response, next: NextFunction) => Promise<Response<any, Record<string, any>> | undefined>' is not assignable to parameter of type 'RequestHandlerParams<ParamsDictionary, any, any, ParsedQs, Record<string, any>>'.
      Type '(req: AuthRequest, res: Response, next: NextFunction) => Promise<Response<any, Record<string, any>> | undefined>' is not assignable to type 'RequestHandler<ParamsDictionary, any, any, ParsedQs, Record<string, any>>'.
        Types of parameters 'req' and 'req' are incompatible.
          Type 'Request<ParamsDictionary, any, any, ParsedQs, Record<string, any>>' is not assignable to type 'AuthRequest'.
            Types of property 'user' are incompatible.
              Type '{ id: string; email: string; role: string; name?: string | undefined; permissions?: string[] | undefined; } | undefined' is not assignable to type '{ id: string; email: string; role: string; permissions: any; } | undefined'.
                Type '{ id: string; email: string; role: string; name?: string | undefined; permissions?: string[] | undefined; }' is not assignable to type '{ id: string; email: string; role: string; permissions: any; }'.
                  Property 'permissions' is optional in type '{ id: string; email: string; role: string; name?: string | undefined; permissions?: string[] | undefined; }' but required in type '{ id: string; email: string; role: string; permissions: any; }'.
server/src/modules/enhancedTemplateProcessor/engines/aiInsightsEngine.ts(37,16): error TS18046: 'error' is of type 'unknown'.
server/src/modules/enhancedTemplateProcessor/engines/aiInsightsEngine.ts(68,16): error TS18046: 'error' is of type 'unknown'.
server/src/modules/enhancedTemplateProcessor/engines/aiInsightsEngine.ts(102,16): error TS18046: 'error' is of type 'unknown'.
server/src/modules/enhancedTemplateProcessor/engines/methodologyAlignmentEngine.ts(39,16): error TS18046: 'error' is of type 'unknown'.
server/src/modules/enhancedTemplateProcessor/engines/methodologyAlignmentEngine.ts(72,16): error TS18046: 'error' is of type 'unknown'.
server/src/modules/enhancedTemplateProcessor/engines/methodologyAlignmentEngine.ts(109,16): error TS18046: 'error' is of type 'unknown'.
server/src/modules/enhancedTemplateProcessor/engines/methodologyAlignmentEngine.ts(153,16): error TS18046: 'error' is of type 'unknown'.
server/src/modules/enhancedTemplateProcessor/engines/templateOptimizationEngine.ts(60,16): error TS18046: 'error' is of type 'unknown'.
server/src/modules/enhancedTemplateProcessor/engines/templateQualityEngine.ts(57,16): error TS18046: 'error' is of type 'unknown'.
server/src/modules/enhancedTemplateProcessor/engines/templateQualityEngine.ts(100,16): error TS18046: 'error' is of type 'unknown'.
server/src/modules/enhancedTemplateProcessor/engines/variableResolutionEngine.ts(33,16): error TS18046: 'error' is of type 'unknown'.
server/src/modules/enhancedTemplateProcessor/enhancedTemplateProcessor.ts(158,16): error TS18046: 'error' is of type 'unknown'.
server/src/modules/enhancedTemplateProcessor/enhancedTemplateProcessor.ts(203,16): error TS18046: 'error' is of type 'unknown'.
server/src/modules/enhancedTemplateProcessor/enhancedTemplateProcessor.ts(245,16): error TS18046: 'error' is of type 'unknown'.
server/src/modules/enhancedTemplateProcessor/enhancedTemplateProcessor.ts(300,16): error TS18046: 'error' is of type 'unknown'.
server/src/modules/enhancedTemplateProcessor/enhancedTemplateProcessor.ts(384,16): error TS18046: 'error' is of type 'unknown'.
server/src/modules/enhancedTemplateProcessor/enhancedTemplateProcessor.ts(426,16): error TS18046: 'error' is of type 'unknown'.
server/src/modules/enhancedTemplateProcessor/enhancedTemplateProcessor.ts(455,16): error TS18046: 'error' is of type 'unknown'.
server/src/modules/enhancedTemplateProcessor/enhancedTemplateProcessor.ts(479,16): error TS18046: 'error' is of type 'unknown'.
server/src/modules/enhancedTemplateProcessor/enhancedTemplateProcessor.ts(508,16): error TS18046: 'error' is of type 'unknown'.
server/src/modules/enhancedTemplateProcessor/enhancedTemplateProcessor.ts(595,16): error TS18046: 'error' is of type 'unknown'.
server/src/modules/enhancedTemplateProcessor/enhancedTemplateProcessor.ts(643,16): error TS18046: 'error' is of type 'unknown'.
server/src/modules/enhancedTemplateProcessor/enhancedTemplateProcessor.ts(671,16): error TS18046: 'error' is of type 'unknown'.
server/src/modules/enhancedTemplateProcessor/enhancedTemplateProcessor.ts(692,16): error TS18046: 'error' is of type 'unknown'.
server/src/modules/enhancedTemplateProcessor/enhancedTemplateProcessor.ts(717,16): error TS18046: 'error' is of type 'unknown'.
server/src/modules/enhancedTemplateProcessor/enhancedTemplateProcessor.ts(736,16): error TS18046: 'error' is of type 'unknown'.
server/src/modules/enhancedTemplateProcessor/enhancedTemplateProcessor.ts(762,16): error TS18046: 'err' is of type 'unknown'.
server/src/modules/execution/routes.ts(21,35): error TS2769: No overload matches this call.
  The last overload gave the following error.
    Argument of type '(req: AuthRequest, res: Response, next: NextFunction) => Promise<Response<any, Record<string, any>> | undefined>' is not assignable to parameter of type 'RequestHandlerParams<ParamsDictionary, any, any, ParsedQs, Record<string, any>>'.
      Type '(req: AuthRequest, res: Response, next: NextFunction) => Promise<Response<any, Record<string, any>> | undefined>' is not assignable to type 'RequestHandler<ParamsDictionary, any, any, ParsedQs, Record<string, any>>'.
        Types of parameters 'req' and 'req' are incompatible.
          Type 'Request<ParamsDictionary, any, any, ParsedQs, Record<string, any>>' is not assignable to type 'AuthRequest'.
            Types of property 'user' are incompatible.
              Type '{ id: string; email: string; role: string; name?: string | undefined; permissions?: string[] | undefined; } | undefined' is not assignable to type '{ id: string; email: string; role: string; permissions: any; } | undefined'.
                Type '{ id: string; email: string; role: string; name?: string | undefined; permissions?: string[] | undefined; }' is not assignable to type '{ id: string; email: string; role: string; permissions: any; }'.
                  Property 'permissions' is optional in type '{ id: string; email: string; role: string; name?: string | undefined; permissions?: string[] | undefined; }' but required in type '{ id: string; email: string; role: string; permissions: any; }'.
server/src/modules/execution/routes.ts(22,59): error TS2769: No overload matches this call.
  The last overload gave the following error.
    Argument of type '(req: AuthRequest, res: Response, next: NextFunction) => Promise<Response<any, Record<string, any>> | undefined>' is not assignable to parameter of type 'RequestHandlerParams<ParamsDictionary, any, any, ParsedQs, Record<string, any>>'.
      Type '(req: AuthRequest, res: Response, next: NextFunction) => Promise<Response<any, Record<string, any>> | undefined>' is not assignable to type 'RequestHandler<ParamsDictionary, any, any, ParsedQs, Record<string, any>>'.
        Types of parameters 'req' and 'req' are incompatible.
          Type 'Request<ParamsDictionary, any, any, ParsedQs, Record<string, any>>' is not assignable to type 'AuthRequest'.
            Types of property 'user' are incompatible.
              Type '{ id: string; email: string; role: string; name?: string | undefined; permissions?: string[] | undefined; } | undefined' is not assignable to type '{ id: string; email: string; role: string; permissions: any; } | undefined'.
                Type '{ id: string; email: string; role: string; name?: string | undefined; permissions?: string[] | undefined; }' is not assignable to type '{ id: string; email: string; role: string; permissions: any; }'.
                  Property 'permissions' is optional in type '{ id: string; email: string; role: string; name?: string | undefined; permissions?: string[] | undefined; }' but required in type '{ id: string; email: string; role: string; permissions: any; }'.
server/src/modules/execution/routes.ts(23,48): error TS2769: No overload matches this call.
  The last overload gave the following error.
    Argument of type '(req: AuthRequest, res: Response, next: NextFunction) => Promise<Response<any, Record<string, any>> | undefined>' is not assignable to parameter of type 'RequestHandlerParams<ParamsDictionary, any, any, ParsedQs, Record<string, any>>'.
      Type '(req: AuthRequest, res: Response, next: NextFunction) => Promise<Response<any, Record<string, any>> | undefined>' is not assignable to type 'RequestHandler<ParamsDictionary, any, any, ParsedQs, Record<string, any>>'.
        Types of parameters 'req' and 'req' are incompatible.
          Type 'Request<ParamsDictionary, any, any, ParsedQs, Record<string, any>>' is not assignable to type 'AuthRequest'.
            Types of property 'user' are incompatible.
              Type '{ id: string; email: string; role: string; name?: string | undefined; permissions?: string[] | undefined; } | undefined' is not assignable to type '{ id: string; email: string; role: string; permissions: any; } | undefined'.
                Type '{ id: string; email: string; role: string; name?: string | undefined; permissions?: string[] | undefined; }' is not assignable to type '{ id: string; email: string; role: string; permissions: any; }'.
                  Property 'permissions' is optional in type '{ id: string; email: string; role: string; name?: string | undefined; permissions?: string[] | undefined; }' but required in type '{ id: string; email: string; role: string; permissions: any; }'.
server/src/modules/execution/routes.ts(24,67): error TS2769: No overload matches this call.
  The last overload gave the following error.
    Argument of type '(req: AuthRequest, res: Response, next: NextFunction) => Promise<Response<any, Record<string, any>> | undefined>' is not assignable to parameter of type 'RequestHandlerParams<ParamsDictionary, any, any, ParsedQs, Record<string, any>>'.
      Type '(req: AuthRequest, res: Response, next: NextFunction) => Promise<Response<any, Record<string, any>> | undefined>' is not assignable to type 'RequestHandler<ParamsDictionary, any, any, ParsedQs, Record<string, any>>'.
        Types of parameters 'req' and 'req' are incompatible.
          Type 'Request<ParamsDictionary, any, any, ParsedQs, Record<string, any>>' is not assignable to type 'AuthRequest'.
            Types of property 'user' are incompatible.
              Type '{ id: string; email: string; role: string; name?: string | undefined; permissions?: string[] | undefined; } | undefined' is not assignable to type '{ id: string; email: string; role: string; permissions: any; } | undefined'.
                Type '{ id: string; email: string; role: string; name?: string | undefined; permissions?: string[] | undefined; }' is not assignable to type '{ id: string; email: string; role: string; permissions: any; }'.
                  Property 'permissions' is optional in type '{ id: string; email: string; role: string; name?: string | undefined; permissions?: string[] | undefined; }' but required in type '{ id: string; email: string; role: string; permissions: any; }'.
server/src/modules/execution/routes.ts(25,41): error TS2769: No overload matches this call.
  The last overload gave the following error.
    Argument of type '(req: AuthRequest, res: Response, next: NextFunction) => Promise<Response<any, Record<string, any>> | undefined>' is not assignable to parameter of type 'RequestHandlerParams<ParamsDictionary, any, any, ParsedQs, Record<string, any>>'.
      Type '(req: AuthRequest, res: Response, next: NextFunction) => Promise<Response<any, Record<string, any>> | undefined>' is not assignable to type 'RequestHandler<ParamsDictionary, any, any, ParsedQs, Record<string, any>>'.
        Types of parameters 'req' and 'req' are incompatible.
          Type 'Request<ParamsDictionary, any, any, ParsedQs, Record<string, any>>' is not assignable to type 'AuthRequest'.
            Types of property 'user' are incompatible.
              Type '{ id: string; email: string; role: string; name?: string | undefined; permissions?: string[] | undefined; } | undefined' is not assignable to type '{ id: string; email: string; role: string; permissions: any; } | undefined'.
                Type '{ id: string; email: string; role: string; name?: string | undefined; permissions?: string[] | undefined; }' is not assignable to type '{ id: string; email: string; role: string; permissions: any; }'.
                  Property 'permissions' is optional in type '{ id: string; email: string; role: string; name?: string | undefined; permissions?: string[] | undefined; }' but required in type '{ id: string; email: string; role: string; permissions: any; }'.
server/src/modules/execution/routes.ts(28,23): error TS2769: No overload matches this call.
  The last overload gave the following error.
    Argument of type '(req: AuthRequest, res: Response, next: NextFunction) => Promise<Response<any, Record<string, any>> | undefined>' is not assignable to parameter of type 'RequestHandlerParams<ParamsDictionary, any, any, ParsedQs, Record<string, any>>'.
      Type '(req: AuthRequest, res: Response, next: NextFunction) => Promise<Response<any, Record<string, any>> | undefined>' is not assignable to type 'RequestHandler<ParamsDictionary, any, any, ParsedQs, Record<string, any>>'.
        Types of parameters 'req' and 'req' are incompatible.
          Type 'Request<ParamsDictionary, any, any, ParsedQs, Record<string, any>>' is not assignable to type 'AuthRequest'.
            Types of property 'user' are incompatible.
              Type '{ id: string; email: string; role: string; name?: string | undefined; permissions?: string[] | undefined; } | undefined' is not assignable to type '{ id: string; email: string; role: string; permissions: any; } | undefined'.
                Type '{ id: string; email: string; role: string; name?: string | undefined; permissions?: string[] | undefined; }' is not assignable to type '{ id: string; email: string; role: string; permissions: any; }'.
                  Property 'permissions' is optional in type '{ id: string; email: string; role: string; name?: string | undefined; permissions?: string[] | undefined; }' but required in type '{ id: string; email: string; role: string; permissions: any; }'.
server/src/modules/execution/routes.ts(29,40): error TS2769: No overload matches this call.
  The last overload gave the following error.
    Argument of type '(req: AuthRequest, res: Response, next: NextFunction) => Promise<Response<any, Record<string, any>> | undefined>' is not assignable to parameter of type 'RequestHandlerParams<ParamsDictionary, any, any, ParsedQs, Record<string, any>>'.
      Type '(req: AuthRequest, res: Response, next: NextFunction) => Promise<Response<any, Record<string, any>> | undefined>' is not assignable to type 'RequestHandler<ParamsDictionary, any, any, ParsedQs, Record<string, any>>'.
        Types of parameters 'req' and 'req' are incompatible.
          Type 'Request<ParamsDictionary, any, any, ParsedQs, Record<string, any>>' is not assignable to type 'AuthRequest'.
            Types of property 'user' are incompatible.
              Type '{ id: string; email: string; role: string; name?: string | undefined; permissions?: string[] | undefined; } | undefined' is not assignable to type '{ id: string; email: string; role: string; permissions: any; } | undefined'.
                Type '{ id: string; email: string; role: string; name?: string | undefined; permissions?: string[] | undefined; }' is not assignable to type '{ id: string; email: string; role: string; permissions: any; }'.
                  Property 'permissions' is optional in type '{ id: string; email: string; role: string; name?: string | undefined; permissions?: string[] | undefined; }' but required in type '{ id: string; email: string; role: string; permissions: any; }'.
server/src/modules/execution/routes.ts(30,61): error TS2769: No overload matches this call.
  The last overload gave the following error.
    Argument of type '(req: AuthRequest, res: Response, next: NextFunction) => Promise<Response<any, Record<string, any>> | undefined>' is not assignable to parameter of type 'RequestHandlerParams<ParamsDictionary, any, any, ParsedQs, Record<string, any>>'.
      Type '(req: AuthRequest, res: Response, next: NextFunction) => Promise<Response<any, Record<string, any>> | undefined>' is not assignable to type 'RequestHandler<ParamsDictionary, any, any, ParsedQs, Record<string, any>>'.
        Types of parameters 'req' and 'req' are incompatible.
          Type 'Request<ParamsDictionary, any, any, ParsedQs, Record<string, any>>' is not assignable to type 'AuthRequest'.
            Types of property 'user' are incompatible.
              Type '{ id: string; email: string; role: string; name?: string | undefined; permissions?: string[] | undefined; } | undefined' is not assignable to type '{ id: string; email: string; role: string; permissions: any; } | undefined'.
                Type '{ id: string; email: string; role: string; name?: string | undefined; permissions?: string[] | undefined; }' is not assignable to type '{ id: string; email: string; role: string; permissions: any; }'.
                  Property 'permissions' is optional in type '{ id: string; email: string; role: string; name?: string | undefined; permissions?: string[] | undefined; }' but required in type '{ id: string; email: string; role: string; permissions: any; }'.
server/src/modules/execution/routes.ts(31,27): error TS2769: No overload matches this call.
  The last overload gave the following error.
    Argument of type '(req: AuthRequest, res: Response, next: NextFunction) => Promise<Response<any, Record<string, any>> | undefined>' is not assignable to parameter of type 'RequestHandlerParams<ParamsDictionary, any, any, ParsedQs, Record<string, any>>'.
      Type '(req: AuthRequest, res: Response, next: NextFunction) => Promise<Response<any, Record<string, any>> | undefined>' is not assignable to type 'RequestHandler<ParamsDictionary, any, any, ParsedQs, Record<string, any>>'.
        Types of parameters 'req' and 'req' are incompatible.
          Type 'Request<ParamsDictionary, any, any, ParsedQs, Record<string, any>>' is not assignable to type 'AuthRequest'.
            Types of property 'user' are incompatible.
              Type '{ id: string; email: string; role: string; name?: string | undefined; permissions?: string[] | undefined; } | undefined' is not assignable to type '{ id: string; email: string; role: string; permissions: any; } | undefined'.
                Type '{ id: string; email: string; role: string; name?: string | undefined; permissions?: string[] | undefined; }' is not assignable to type '{ id: string; email: string; role: string; permissions: any; }'.
                  Property 'permissions' is optional in type '{ id: string; email: string; role: string; name?: string | undefined; permissions?: string[] | undefined; }' but required in type '{ id: string; email: string; role: string; permissions: any; }'.
server/src/modules/execution/routes.ts(32,35): error TS2769: No overload matches this call.
  The last overload gave the following error.
    Argument of type '(req: AuthRequest, res: Response, next: NextFunction) => Promise<Response<any, Record<string, any>> | undefined>' is not assignable to parameter of type 'RequestHandlerParams<ParamsDictionary, any, any, ParsedQs, Record<string, any>>'.
      Type '(req: AuthRequest, res: Response, next: NextFunction) => Promise<Response<any, Record<string, any>> | undefined>' is not assignable to type 'RequestHandler<ParamsDictionary, any, any, ParsedQs, Record<string, any>>'.
        Types of parameters 'req' and 'req' are incompatible.
          Type 'Request<ParamsDictionary, any, any, ParsedQs, Record<string, any>>' is not assignable to type 'AuthRequest'.
            Types of property 'user' are incompatible.
              Type '{ id: string; email: string; role: string; name?: string | undefined; permissions?: string[] | undefined; } | undefined' is not assignable to type '{ id: string; email: string; role: string; permissions: any; } | undefined'.
                Type '{ id: string; email: string; role: string; name?: string | undefined; permissions?: string[] | undefined; }' is not assignable to type '{ id: string; email: string; role: string; permissions: any; }'.
                  Property 'permissions' is optional in type '{ id: string; email: string; role: string; name?: string | undefined; permissions?: string[] | undefined; }' but required in type '{ id: string; email: string; role: string; permissions: any; }'.
server/src/modules/execution/routes.ts(33,54): error TS2769: No overload matches this call.
  The last overload gave the following error.
    Argument of type '(req: AuthRequest, res: Response, next: NextFunction) => Promise<Response<any, Record<string, any>> | undefined>' is not assignable to parameter of type 'RequestHandlerParams<ParamsDictionary, any, any, ParsedQs, Record<string, any>>'.
      Type '(req: AuthRequest, res: Response, next: NextFunction) => Promise<Response<any, Record<string, any>> | undefined>' is not assignable to type 'RequestHandler<ParamsDictionary, any, any, ParsedQs, Record<string, any>>'.
        Types of parameters 'req' and 'req' are incompatible.
          Type 'Request<ParamsDictionary, any, any, ParsedQs, Record<string, any>>' is not assignable to type 'AuthRequest'.
            Types of property 'user' are incompatible.
              Type '{ id: string; email: string; role: string; name?: string | undefined; permissions?: string[] | undefined; } | undefined' is not assignable to type '{ id: string; email: string; role: string; permissions: any; } | undefined'.
                Type '{ id: string; email: string; role: string; name?: string | undefined; permissions?: string[] | undefined; }' is not assignable to type '{ id: string; email: string; role: string; permissions: any; }'.
                  Property 'permissions' is optional in type '{ id: string; email: string; role: string; name?: string | undefined; permissions?: string[] | undefined; }' but required in type '{ id: string; email: string; role: string; permissions: any; }'.
server/src/modules/execution/routes.ts(34,24): error TS2769: No overload matches this call.
  The last overload gave the following error.
    Argument of type '(req: AuthRequest, res: Response, next: NextFunction) => Promise<Response<any, Record<string, any>> | undefined>' is not assignable to parameter of type 'RequestHandlerParams<ParamsDictionary, any, any, ParsedQs, Record<string, any>>'.
      Type '(req: AuthRequest, res: Response, next: NextFunction) => Promise<Response<any, Record<string, any>> | undefined>' is not assignable to type 'RequestHandler<ParamsDictionary, any, any, ParsedQs, Record<string, any>>'.
        Types of parameters 'req' and 'req' are incompatible.
          Type 'Request<ParamsDictionary, any, any, ParsedQs, Record<string, any>>' is not assignable to type 'AuthRequest'.
            Types of property 'user' are incompatible.
              Type '{ id: string; email: string; role: string; name?: string | undefined; permissions?: string[] | undefined; } | undefined' is not assignable to type '{ id: string; email: string; role: string; permissions: any; } | undefined'.
                Type '{ id: string; email: string; role: string; name?: string | undefined; permissions?: string[] | undefined; }' is not assignable to type '{ id: string; email: string; role: string; permissions: any; }'.
                  Property 'permissions' is optional in type '{ id: string; email: string; role: string; name?: string | undefined; permissions?: string[] | undefined; }' but required in type '{ id: string; email: string; role: string; permissions: any; }'.
server/src/modules/execution/routes.ts(35,43): error TS2769: No overload matches this call.
  The last overload gave the following error.
    Argument of type '(req: AuthRequest, res: Response, next: NextFunction) => Promise<Response<any, Record<string, any>> | undefined>' is not assignable to parameter of type 'RequestHandlerParams<ParamsDictionary, any, any, ParsedQs, Record<string, any>>'.
      Type '(req: AuthRequest, res: Response, next: NextFunction) => Promise<Response<any, Record<string, any>> | undefined>' is not assignable to type 'RequestHandler<ParamsDictionary, any, any, ParsedQs, Record<string, any>>'.
        Types of parameters 'req' and 'req' are incompatible.
          Type 'Request<ParamsDictionary, any, any, ParsedQs, Record<string, any>>' is not assignable to type 'AuthRequest'.
            Types of property 'user' are incompatible.
              Type '{ id: string; email: string; role: string; name?: string | undefined; permissions?: string[] | undefined; } | undefined' is not assignable to type '{ id: string; email: string; role: string; permissions: any; } | undefined'.
                Type '{ id: string; email: string; role: string; name?: string | undefined; permissions?: string[] | undefined; }' is not assignable to type '{ id: string; email: string; role: string; permissions: any; }'.
                  Property 'permissions' is optional in type '{ id: string; email: string; role: string; name?: string | undefined; permissions?: string[] | undefined; }' but required in type '{ id: string; email: string; role: string; permissions: any; }'.
server/src/modules/execution/routes.ts(36,36): error TS2769: No overload matches this call.
  The last overload gave the following error.
    Argument of type '(req: AuthRequest, res: Response, next: NextFunction) => Promise<Response<any, Record<string, any>> | undefined>' is not assignable to parameter of type 'RequestHandlerParams<ParamsDictionary, any, any, ParsedQs, Record<string, any>>'.
      Type '(req: AuthRequest, res: Response, next: NextFunction) => Promise<Response<any, Record<string, any>> | undefined>' is not assignable to type 'RequestHandler<ParamsDictionary, any, any, ParsedQs, Record<string, any>>'.
        Types of parameters 'req' and 'req' are incompatible.
          Type 'Request<ParamsDictionary, any, any, ParsedQs, Record<string, any>>' is not assignable to type 'AuthRequest'.
            Types of property 'user' are incompatible.
              Type '{ id: string; email: string; role: string; name?: string | undefined; permissions?: string[] | undefined; } | undefined' is not assignable to type '{ id: string; email: string; role: string; permissions: any; } | undefined'.
                Type '{ id: string; email: string; role: string; name?: string | undefined; permissions?: string[] | undefined; }' is not assignable to type '{ id: string; email: string; role: string; permissions: any; }'.
                  Property 'permissions' is optional in type '{ id: string; email: string; role: string; name?: string | undefined; permissions?: string[] | undefined; }' but required in type '{ id: string; email: string; role: string; permissions: any; }'.
server/src/modules/execution/routes.ts(37,49): error TS2769: No overload matches this call.
  The last overload gave the following error.
    Argument of type '(req: AuthRequest, res: Response, next: NextFunction) => Promise<Response<any, Record<string, any>> | undefined>' is not assignable to parameter of type 'RequestHandlerParams<ParamsDictionary, any, any, ParsedQs, Record<string, any>>'.
      Type '(req: AuthRequest, res: Response, next: NextFunction) => Promise<Response<any, Record<string, any>> | undefined>' is not assignable to type 'RequestHandler<ParamsDictionary, any, any, ParsedQs, Record<string, any>>'.
        Types of parameters 'req' and 'req' are incompatible.
          Type 'Request<ParamsDictionary, any, any, ParsedQs, Record<string, any>>' is not assignable to type 'AuthRequest'.
            Types of property 'user' are incompatible.
              Type '{ id: string; email: string; role: string; name?: string | undefined; permissions?: string[] | undefined; } | undefined' is not assignable to type '{ id: string; email: string; role: string; permissions: any; } | undefined'.
                Type '{ id: string; email: string; role: string; name?: string | undefined; permissions?: string[] | undefined; }' is not assignable to type '{ id: string; email: string; role: string; permissions: any; }'.
                  Property 'permissions' is optional in type '{ id: string; email: string; role: string; name?: string | undefined; permissions?: string[] | undefined; }' but required in type '{ id: string; email: string; role: string; permissions: any; }'.
server/src/modules/execution/routes.ts(38,46): error TS2769: No overload matches this call.
  The last overload gave the following error.
    Argument of type '(req: AuthRequest, res: Response, next: NextFunction) => Promise<Response<any, Record<string, any>> | undefined>' is not assignable to parameter of type 'RequestHandlerParams<ParamsDictionary, any, any, ParsedQs, Record<string, any>>'.
      Type '(req: AuthRequest, res: Response, next: NextFunction) => Promise<Response<any, Record<string, any>> | undefined>' is not assignable to type 'RequestHandler<ParamsDictionary, any, any, ParsedQs, Record<string, any>>'.
        Types of parameters 'req' and 'req' are incompatible.
          Type 'Request<ParamsDictionary, any, any, ParsedQs, Record<string, any>>' is not assignable to type 'AuthRequest'.
            Types of property 'user' are incompatible.
              Type '{ id: string; email: string; role: string; name?: string | undefined; permissions?: string[] | undefined; } | undefined' is not assignable to type '{ id: string; email: string; role: string; permissions: any; } | undefined'.
                Type '{ id: string; email: string; role: string; name?: string | undefined; permissions?: string[] | undefined; }' is not assignable to type '{ id: string; email: string; role: string; permissions: any; }'.
                  Property 'permissions' is optional in type '{ id: string; email: string; role: string; name?: string | undefined; permissions?: string[] | undefined; }' but required in type '{ id: string; email: string; role: string; permissions: any; }'.
server/src/modules/execution/routes.ts(39,40): error TS2769: No overload matches this call.
  The last overload gave the following error.
    Argument of type '(req: AuthRequest, res: Response, next: NextFunction) => Promise<Response<any, Record<string, any>> | undefined>' is not assignable to parameter of type 'RequestHandlerParams<ParamsDictionary, any, any, ParsedQs, Record<string, any>>'.
      Type '(req: AuthRequest, res: Response, next: NextFunction) => Promise<Response<any, Record<string, any>> | undefined>' is not assignable to type 'RequestHandler<ParamsDictionary, any, any, ParsedQs, Record<string, any>>'.
        Types of parameters 'req' and 'req' are incompatible.
          Type 'Request<ParamsDictionary, any, any, ParsedQs, Record<string, any>>' is not assignable to type 'AuthRequest'.
            Types of property 'user' are incompatible.
              Type '{ id: string; email: string; role: string; name?: string | undefined; permissions?: string[] | undefined; } | undefined' is not assignable to type '{ id: string; email: string; role: string; permissions: any; } | undefined'.
                Type '{ id: string; email: string; role: string; name?: string | undefined; permissions?: string[] | undefined; }' is not assignable to type '{ id: string; email: string; role: string; permissions: any; }'.
                  Property 'permissions' is optional in type '{ id: string; email: string; role: string; name?: string | undefined; permissions?: string[] | undefined; }' but required in type '{ id: string; email: string; role: string; permissions: any; }'.
server/src/modules/execution/routes.ts(40,27): error TS2769: No overload matches this call.
  The last overload gave the following error.
    Argument of type '(req: AuthRequest, res: Response, next: NextFunction) => Promise<Response<any, Record<string, any>> | undefined>' is not assignable to parameter of type 'RequestHandlerParams<ParamsDictionary, any, any, ParsedQs, Record<string, any>>'.
      Type '(req: AuthRequest, res: Response, next: NextFunction) => Promise<Response<any, Record<string, any>> | undefined>' is not assignable to type 'RequestHandler<ParamsDictionary, any, any, ParsedQs, Record<string, any>>'.
        Types of parameters 'req' and 'req' are incompatible.
          Type 'Request<ParamsDictionary, any, any, ParsedQs, Record<string, any>>' is not assignable to type 'AuthRequest'.
            Types of property 'user' are incompatible.
              Type '{ id: string; email: string; role: string; name?: string | undefined; permissions?: string[] | undefined; } | undefined' is not assignable to type '{ id: string; email: string; role: string; permissions: any; } | undefined'.
                Type '{ id: string; email: string; role: string; name?: string | undefined; permissions?: string[] | undefined; }' is not assignable to type '{ id: string; email: string; role: string; permissions: any; }'.
                  Property 'permissions' is optional in type '{ id: string; email: string; role: string; name?: string | undefined; permissions?: string[] | undefined; }' but required in type '{ id: string; email: string; role: string; permissions: any; }'.
server/src/modules/execution/routes.ts(41,30): error TS2769: No overload matches this call.
  The last overload gave the following error.
    Argument of type '(req: AuthRequest, res: Response, next: NextFunction) => Promise<Response<any, Record<string, any>> | undefined>' is not assignable to parameter of type 'RequestHandlerParams<ParamsDictionary, any, any, ParsedQs, Record<string, any>>'.
      Type '(req: AuthRequest, res: Response, next: NextFunction) => Promise<Response<any, Record<string, any>> | undefined>' is not assignable to type 'RequestHandler<ParamsDictionary, any, any, ParsedQs, Record<string, any>>'.
        Types of parameters 'req' and 'req' are incompatible.
          Type 'Request<ParamsDictionary, any, any, ParsedQs, Record<string, any>>' is not assignable to type 'AuthRequest'.
            Types of property 'user' are incompatible.
              Type '{ id: string; email: string; role: string; name?: string | undefined; permissions?: string[] | undefined; } | undefined' is not assignable to type '{ id: string; email: string; role: string; permissions: any; } | undefined'.
                Type '{ id: string; email: string; role: string; name?: string | undefined; permissions?: string[] | undefined; }' is not assignable to type '{ id: string; email: string; role: string; permissions: any; }'.
                  Property 'permissions' is optional in type '{ id: string; email: string; role: string; name?: string | undefined; permissions?: string[] | undefined; }' but required in type '{ id: string; email: string; role: string; permissions: any; }'.
server/src/modules/execution/routes.ts(44,31): error TS2769: No overload matches this call.
  The last overload gave the following error.
    Argument of type '(req: AuthRequest, res: Response, next: NextFunction) => Promise<Response<any, Record<string, any>> | undefined>' is not assignable to parameter of type 'RequestHandlerParams<ParamsDictionary, any, any, ParsedQs, Record<string, any>>'.
      Type '(req: AuthRequest, res: Response, next: NextFunction) => Promise<Response<any, Record<string, any>> | undefined>' is not assignable to type 'RequestHandler<ParamsDictionary, any, any, ParsedQs, Record<string, any>>'.
        Types of parameters 'req' and 'req' are incompatible.
          Type 'Request<ParamsDictionary, any, any, ParsedQs, Record<string, any>>' is not assignable to type 'AuthRequest'.
            Types of property 'user' are incompatible.
              Type '{ id: string; email: string; role: string; name?: string | undefined; permissions?: string[] | undefined; } | undefined' is not assignable to type '{ id: string; email: string; role: string; permissions: any; } | undefined'.
                Type '{ id: string; email: string; role: string; name?: string | undefined; permissions?: string[] | undefined; }' is not assignable to type '{ id: string; email: string; role: string; permissions: any; }'.
                  Property 'permissions' is optional in type '{ id: string; email: string; role: string; name?: string | undefined; permissions?: string[] | undefined; }' but required in type '{ id: string; email: string; role: string; permissions: any; }'.
server/src/modules/execution/routes.ts(45,29): error TS2769: No overload matches this call.
  The last overload gave the following error.
    Argument of type '(req: AuthRequest, res: Response, next: NextFunction) => Promise<Response<any, Record<string, any>> | undefined>' is not assignable to parameter of type 'RequestHandlerParams<ParamsDictionary, any, any, ParsedQs, Record<string, any>>'.
      Type '(req: AuthRequest, res: Response, next: NextFunction) => Promise<Response<any, Record<string, any>> | undefined>' is not assignable to type 'RequestHandler<ParamsDictionary, any, any, ParsedQs, Record<string, any>>'.
        Types of parameters 'req' and 'req' are incompatible.
          Type 'Request<ParamsDictionary, any, any, ParsedQs, Record<string, any>>' is not assignable to type 'AuthRequest'.
            Types of property 'user' are incompatible.
              Type '{ id: string; email: string; role: string; name?: string | undefined; permissions?: string[] | undefined; } | undefined' is not assignable to type '{ id: string; email: string; role: string; permissions: any; } | undefined'.
                Type '{ id: string; email: string; role: string; name?: string | undefined; permissions?: string[] | undefined; }' is not assignable to type '{ id: string; email: string; role: string; permissions: any; }'.
                  Property 'permissions' is optional in type '{ id: string; email: string; role: string; name?: string | undefined; permissions?: string[] | undefined; }' but required in type '{ id: string; email: string; role: string; permissions: any; }'.
server/src/modules/execution/routes.ts(46,30): error TS2769: No overload matches this call.
  The last overload gave the following error.
    Argument of type '(req: AuthRequest, res: Response, next: NextFunction) => Promise<Response<any, Record<string, any>> | undefined>' is not assignable to parameter of type 'RequestHandlerParams<ParamsDictionary, any, any, ParsedQs, Record<string, any>>'.
      Type '(req: AuthRequest, res: Response, next: NextFunction) => Promise<Response<any, Record<string, any>> | undefined>' is not assignable to type 'RequestHandler<ParamsDictionary, any, any, ParsedQs, Record<string, any>>'.
        Types of parameters 'req' and 'req' are incompatible.
          Type 'Request<ParamsDictionary, any, any, ParsedQs, Record<string, any>>' is not assignable to type 'AuthRequest'.
            Types of property 'user' are incompatible.
              Type '{ id: string; email: string; role: string; name?: string | undefined; permissions?: string[] | undefined; } | undefined' is not assignable to type '{ id: string; email: string; role: string; permissions: any; } | undefined'.
                Type '{ id: string; email: string; role: string; name?: string | undefined; permissions?: string[] | undefined; }' is not assignable to type '{ id: string; email: string; role: string; permissions: any; }'.
                  Property 'permissions' is optional in type '{ id: string; email: string; role: string; name?: string | undefined; permissions?: string[] | undefined; }' but required in type '{ id: string; email: string; role: string; permissions: any; }'.
server/src/modules/execution/routes.ts(47,40): error TS2769: No overload matches this call.
  The last overload gave the following error.
    Argument of type '(req: AuthRequest, res: Response, next: NextFunction) => Promise<Response<any, Record<string, any>> | undefined>' is not assignable to parameter of type 'RequestHandlerParams<ParamsDictionary, any, any, ParsedQs, Record<string, any>>'.
      Type '(req: AuthRequest, res: Response, next: NextFunction) => Promise<Response<any, Record<string, any>> | undefined>' is not assignable to type 'RequestHandler<ParamsDictionary, any, any, ParsedQs, Record<string, any>>'.
        Types of parameters 'req' and 'req' are incompatible.
          Type 'Request<ParamsDictionary, any, any, ParsedQs, Record<string, any>>' is not assignable to type 'AuthRequest'.
            Types of property 'user' are incompatible.
              Type '{ id: string; email: string; role: string; name?: string | undefined; permissions?: string[] | undefined; } | undefined' is not assignable to type '{ id: string; email: string; role: string; permissions: any; } | undefined'.
                Type '{ id: string; email: string; role: string; name?: string | undefined; permissions?: string[] | undefined; }' is not assignable to type '{ id: string; email: string; role: string; permissions: any; }'.
                  Property 'permissions' is optional in type '{ id: string; email: string; role: string; name?: string | undefined; permissions?: string[] | undefined; }' but required in type '{ id: string; email: string; role: string; permissions: any; }'.
server/src/modules/execution/routes.ts(50,26): error TS2769: No overload matches this call.
  The last overload gave the following error.
    Argument of type '(req: AuthRequest, res: Response, next: NextFunction) => Promise<Response<any, Record<string, any>> | undefined>' is not assignable to parameter of type 'RequestHandlerParams<ParamsDictionary, any, any, ParsedQs, Record<string, any>>'.
      Type '(req: AuthRequest, res: Response, next: NextFunction) => Promise<Response<any, Record<string, any>> | undefined>' is not assignable to type 'RequestHandler<ParamsDictionary, any, any, ParsedQs, Record<string, any>>'.
        Types of parameters 'req' and 'req' are incompatible.
          Type 'Request<ParamsDictionary, any, any, ParsedQs, Record<string, any>>' is not assignable to type 'AuthRequest'.
            Types of property 'user' are incompatible.
              Type '{ id: string; email: string; role: string; name?: string | undefined; permissions?: string[] | undefined; } | undefined' is not assignable to type '{ id: string; email: string; role: string; permissions: any; } | undefined'.
                Type '{ id: string; email: string; role: string; name?: string | undefined; permissions?: string[] | undefined; }' is not assignable to type '{ id: string; email: string; role: string; permissions: any; }'.
                  Property 'permissions' is optional in type '{ id: string; email: string; role: string; name?: string | undefined; permissions?: string[] | undefined; }' but required in type '{ id: string; email: string; role: string; permissions: any; }'.
server/src/modules/execution/routes.ts(51,32): error TS2769: No overload matches this call.
  The last overload gave the following error.
    Argument of type '(req: AuthRequest, res: Response, next: NextFunction) => Promise<Response<any, Record<string, any>> | undefined>' is not assignable to parameter of type 'RequestHandlerParams<ParamsDictionary, any, any, ParsedQs, Record<string, any>>'.
      Type '(req: AuthRequest, res: Response, next: NextFunction) => Promise<Response<any, Record<string, any>> | undefined>' is not assignable to type 'RequestHandler<ParamsDictionary, any, any, ParsedQs, Record<string, any>>'.
        Types of parameters 'req' and 'req' are incompatible.
          Type 'Request<ParamsDictionary, any, any, ParsedQs, Record<string, any>>' is not assignable to type 'AuthRequest'.
            Types of property 'user' are incompatible.
              Type '{ id: string; email: string; role: string; name?: string | undefined; permissions?: string[] | undefined; } | undefined' is not assignable to type '{ id: string; email: string; role: string; permissions: any; } | undefined'.
                Type '{ id: string; email: string; role: string; name?: string | undefined; permissions?: string[] | undefined; }' is not assignable to type '{ id: string; email: string; role: string; permissions: any; }'.
                  Property 'permissions' is optional in type '{ id: string; email: string; role: string; name?: string | undefined; permissions?: string[] | undefined; }' but required in type '{ id: string; email: string; role: string; permissions: any; }'.
server/src/modules/execution/routes.ts(52,37): error TS2769: No overload matches this call.
  The last overload gave the following error.
    Argument of type '(req: AuthRequest, res: Response, next: NextFunction) => Promise<Response<any, Record<string, any>> | undefined>' is not assignable to parameter of type 'RequestHandlerParams<ParamsDictionary, any, any, ParsedQs, Record<string, any>>'.
      Type '(req: AuthRequest, res: Response, next: NextFunction) => Promise<Response<any, Record<string, any>> | undefined>' is not assignable to type 'RequestHandler<ParamsDictionary, any, any, ParsedQs, Record<string, any>>'.
        Types of parameters 'req' and 'req' are incompatible.
          Type 'Request<ParamsDictionary, any, any, ParsedQs, Record<string, any>>' is not assignable to type 'AuthRequest'.
            Types of property 'user' are incompatible.
              Type '{ id: string; email: string; role: string; name?: string | undefined; permissions?: string[] | undefined; } | undefined' is not assignable to type '{ id: string; email: string; role: string; permissions: any; } | undefined'.
                Type '{ id: string; email: string; role: string; name?: string | undefined; permissions?: string[] | undefined; }' is not assignable to type '{ id: string; email: string; role: string; permissions: any; }'.
                  Property 'permissions' is optional in type '{ id: string; email: string; role: string; name?: string | undefined; permissions?: string[] | undefined; }' but required in type '{ id: string; email: string; role: string; permissions: any; }'.
server/src/modules/execution/routes.ts(53,41): error TS2769: No overload matches this call.
  The last overload gave the following error.
    Argument of type '(req: AuthRequest, res: Response, next: NextFunction) => Promise<Response<any, Record<string, any>> | undefined>' is not assignable to parameter of type 'RequestHandlerParams<ParamsDictionary, any, any, ParsedQs, Record<string, any>>'.
      Type '(req: AuthRequest, res: Response, next: NextFunction) => Promise<Response<any, Record<string, any>> | undefined>' is not assignable to type 'RequestHandler<ParamsDictionary, any, any, ParsedQs, Record<string, any>>'.
        Types of parameters 'req' and 'req' are incompatible.
          Type 'Request<ParamsDictionary, any, any, ParsedQs, Record<string, any>>' is not assignable to type 'AuthRequest'.
            Types of property 'user' are incompatible.
              Type '{ id: string; email: string; role: string; name?: string | undefined; permissions?: string[] | undefined; } | undefined' is not assignable to type '{ id: string; email: string; role: string; permissions: any; } | undefined'.
                Type '{ id: string; email: string; role: string; name?: string | undefined; permissions?: string[] | undefined; }' is not assignable to type '{ id: string; email: string; role: string; permissions: any; }'.
                  Property 'permissions' is optional in type '{ id: string; email: string; role: string; name?: string | undefined; permissions?: string[] | undefined; }' but required in type '{ id: string; email: string; role: string; permissions: any; }'.
server/src/modules/execution/routes.ts(54,30): error TS2769: No overload matches this call.
  The last overload gave the following error.
    Argument of type '(req: AuthRequest, res: Response, next: NextFunction) => Promise<Response<any, Record<string, any>> | undefined>' is not assignable to parameter of type 'RequestHandlerParams<ParamsDictionary, any, any, ParsedQs, Record<string, any>>'.
      Type '(req: AuthRequest, res: Response, next: NextFunction) => Promise<Response<any, Record<string, any>> | undefined>' is not assignable to type 'RequestHandler<ParamsDictionary, any, any, ParsedQs, Record<string, any>>'.
        Types of parameters 'req' and 'req' are incompatible.
          Type 'Request<ParamsDictionary, any, any, ParsedQs, Record<string, any>>' is not assignable to type 'AuthRequest'.
            Types of property 'user' are incompatible.
              Type '{ id: string; email: string; role: string; name?: string | undefined; permissions?: string[] | undefined; } | undefined' is not assignable to type '{ id: string; email: string; role: string; permissions: any; } | undefined'.
                Type '{ id: string; email: string; role: string; name?: string | undefined; permissions?: string[] | undefined; }' is not assignable to type '{ id: string; email: string; role: string; permissions: any; }'.
                  Property 'permissions' is optional in type '{ id: string; email: string; role: string; name?: string | undefined; permissions?: string[] | undefined; }' but required in type '{ id: string; email: string; role: string; permissions: any; }'.
server/src/modules/execution/routes.ts(55,27): error TS2769: No overload matches this call.
  The last overload gave the following error.
    Argument of type '(req: AuthRequest, res: Response, next: NextFunction) => Promise<Response<any, Record<string, any>> | undefined>' is not assignable to parameter of type 'RequestHandlerParams<ParamsDictionary, any, any, ParsedQs, Record<string, any>>'.
      Type '(req: AuthRequest, res: Response, next: NextFunction) => Promise<Response<any, Record<string, any>> | undefined>' is not assignable to type 'RequestHandler<ParamsDictionary, any, any, ParsedQs, Record<string, any>>'.
        Types of parameters 'req' and 'req' are incompatible.
          Type 'Request<ParamsDictionary, any, any, ParsedQs, Record<string, any>>' is not assignable to type 'AuthRequest'.
            Types of property 'user' are incompatible.
              Type '{ id: string; email: string; role: string; name?: string | undefined; permissions?: string[] | undefined; } | undefined' is not assignable to type '{ id: string; email: string; role: string; permissions: any; } | undefined'.
                Type '{ id: string; email: string; role: string; name?: string | undefined; permissions?: string[] | undefined; }' is not assignable to type '{ id: string; email: string; role: string; permissions: any; }'.
                  Property 'permissions' is optional in type '{ id: string; email: string; role: string; name?: string | undefined; permissions?: string[] | undefined; }' but required in type '{ id: string; email: string; role: string; permissions: any; }'.
server/src/modules/execution/routes.ts(56,39): error TS2769: No overload matches this call.
  The last overload gave the following error.
    Argument of type '(req: AuthRequest, res: Response, next: NextFunction) => Promise<Response<any, Record<string, any>> | undefined>' is not assignable to parameter of type 'RequestHandlerParams<ParamsDictionary, any, any, ParsedQs, Record<string, any>>'.
      Type '(req: AuthRequest, res: Response, next: NextFunction) => Promise<Response<any, Record<string, any>> | undefined>' is not assignable to type 'RequestHandler<ParamsDictionary, any, any, ParsedQs, Record<string, any>>'.
        Types of parameters 'req' and 'req' are incompatible.
          Type 'Request<ParamsDictionary, any, any, ParsedQs, Record<string, any>>' is not assignable to type 'AuthRequest'.
            Types of property 'user' are incompatible.
              Type '{ id: string; email: string; role: string; name?: string | undefined; permissions?: string[] | undefined; } | undefined' is not assignable to type '{ id: string; email: string; role: string; permissions: any; } | undefined'.
                Type '{ id: string; email: string; role: string; name?: string | undefined; permissions?: string[] | undefined; }' is not assignable to type '{ id: string; email: string; role: string; permissions: any; }'.
                  Property 'permissions' is optional in type '{ id: string; email: string; role: string; name?: string | undefined; permissions?: string[] | undefined; }' but required in type '{ id: string; email: string; role: string; permissions: any; }'.
server/src/modules/execution/routes.ts(57,49): error TS2769: No overload matches this call.
  The last overload gave the following error.
    Argument of type '(req: AuthRequest, res: Response, next: NextFunction) => Promise<Response<any, Record<string, any>> | undefined>' is not assignable to parameter of type 'RequestHandlerParams<ParamsDictionary, any, any, ParsedQs, Record<string, any>>'.
      Type '(req: AuthRequest, res: Response, next: NextFunction) => Promise<Response<any, Record<string, any>> | undefined>' is not assignable to type 'RequestHandler<ParamsDictionary, any, any, ParsedQs, Record<string, any>>'.
        Types of parameters 'req' and 'req' are incompatible.
          Type 'Request<ParamsDictionary, any, any, ParsedQs, Record<string, any>>' is not assignable to type 'AuthRequest'.
            Types of property 'user' are incompatible.
              Type '{ id: string; email: string; role: string; name?: string | undefined; permissions?: string[] | undefined; } | undefined' is not assignable to type '{ id: string; email: string; role: string; permissions: any; } | undefined'.
                Type '{ id: string; email: string; role: string; name?: string | undefined; permissions?: string[] | undefined; }' is not assignable to type '{ id: string; email: string; role: string; permissions: any; }'.
                  Property 'permissions' is optional in type '{ id: string; email: string; role: string; name?: string | undefined; permissions?: string[] | undefined; }' but required in type '{ id: string; email: string; role: string; permissions: any; }'.
server/src/modules/execution/routes.ts(58,65): error TS2769: No overload matches this call.
  The last overload gave the following error.
    Argument of type '(req: AuthRequest, res: Response, next: NextFunction) => Promise<Response<any, Record<string, any>> | undefined>' is not assignable to parameter of type 'RequestHandlerParams<ParamsDictionary, any, any, ParsedQs, Record<string, any>>'.
      Type '(req: AuthRequest, res: Response, next: NextFunction) => Promise<Response<any, Record<string, any>> | undefined>' is not assignable to type 'RequestHandler<ParamsDictionary, any, any, ParsedQs, Record<string, any>>'.
        Types of parameters 'req' and 'req' are incompatible.
          Type 'Request<ParamsDictionary, any, any, ParsedQs, Record<string, any>>' is not assignable to type 'AuthRequest'.
            Types of property 'user' are incompatible.
              Type '{ id: string; email: string; role: string; name?: string | undefined; permissions?: string[] | undefined; } | undefined' is not assignable to type '{ id: string; email: string; role: string; permissions: any; } | undefined'.
                Type '{ id: string; email: string; role: string; name?: string | undefined; permissions?: string[] | undefined; }' is not assignable to type '{ id: string; email: string; role: string; permissions: any; }'.
                  Property 'permissions' is optional in type '{ id: string; email: string; role: string; name?: string | undefined; permissions?: string[] | undefined; }' but required in type '{ id: string; email: string; role: string; permissions: any; }'.
server/src/modules/execution/routes.ts(59,62): error TS2769: No overload matches this call.
  The last overload gave the following error.
    Argument of type '(req: AuthRequest, res: Response, next: NextFunction) => Promise<Response<any, Record<string, any>> | undefined>' is not assignable to parameter of type 'RequestHandlerParams<ParamsDictionary, any, any, ParsedQs, Record<string, any>>'.
      Type '(req: AuthRequest, res: Response, next: NextFunction) => Promise<Response<any, Record<string, any>> | undefined>' is not assignable to type 'RequestHandler<ParamsDictionary, any, any, ParsedQs, Record<string, any>>'.
        Types of parameters 'req' and 'req' are incompatible.
          Type 'Request<ParamsDictionary, any, any, ParsedQs, Record<string, any>>' is not assignable to type 'AuthRequest'.
            Types of property 'user' are incompatible.
              Type '{ id: string; email: string; role: string; name?: string | undefined; permissions?: string[] | undefined; } | undefined' is not assignable to type '{ id: string; email: string; role: string; permissions: any; } | undefined'.
                Type '{ id: string; email: string; role: string; name?: string | undefined; permissions?: string[] | undefined; }' is not assignable to type '{ id: string; email: string; role: string; permissions: any; }'.
                  Property 'permissions' is optional in type '{ id: string; email: string; role: string; name?: string | undefined; permissions?: string[] | undefined; }' but required in type '{ id: string; email: string; role: string; permissions: any; }'.
server/src/modules/execution/routes.ts(60,30): error TS2769: No overload matches this call.
  The last overload gave the following error.
    Argument of type '(req: AuthRequest, res: Response, next: NextFunction) => Promise<Response<any, Record<string, any>> | undefined>' is not assignable to parameter of type 'RequestHandlerParams<ParamsDictionary, any, any, ParsedQs, Record<string, any>>'.
      Type '(req: AuthRequest, res: Response, next: NextFunction) => Promise<Response<any, Record<string, any>> | undefined>' is not assignable to type 'RequestHandler<ParamsDictionary, any, any, ParsedQs, Record<string, any>>'.
        Types of parameters 'req' and 'req' are incompatible.
          Type 'Request<ParamsDictionary, any, any, ParsedQs, Record<string, any>>' is not assignable to type 'AuthRequest'.
            Types of property 'user' are incompatible.
              Type '{ id: string; email: string; role: string; name?: string | undefined; permissions?: string[] | undefined; } | undefined' is not assignable to type '{ id: string; email: string; role: string; permissions: any; } | undefined'.
                Type '{ id: string; email: string; role: string; name?: string | undefined; permissions?: string[] | undefined; }' is not assignable to type '{ id: string; email: string; role: string; permissions: any; }'.
                  Property 'permissions' is optional in type '{ id: string; email: string; role: string; name?: string | undefined; permissions?: string[] | undefined; }' but required in type '{ id: string; email: string; role: string; permissions: any; }'.
server/src/modules/execution/routes.ts(61,33): error TS2769: No overload matches this call.
  The last overload gave the following error.
    Argument of type '(req: AuthRequest, res: Response, next: NextFunction) => Promise<Response<any, Record<string, any>> | undefined>' is not assignable to parameter of type 'RequestHandlerParams<ParamsDictionary, any, any, ParsedQs, Record<string, any>>'.
      Type '(req: AuthRequest, res: Response, next: NextFunction) => Promise<Response<any, Record<string, any>> | undefined>' is not assignable to type 'RequestHandler<ParamsDictionary, any, any, ParsedQs, Record<string, any>>'.
        Types of parameters 'req' and 'req' are incompatible.
          Type 'Request<ParamsDictionary, any, any, ParsedQs, Record<string, any>>' is not assignable to type 'AuthRequest'.
            Types of property 'user' are incompatible.
              Type '{ id: string; email: string; role: string; name?: string | undefined; permissions?: string[] | undefined; } | undefined' is not assignable to type '{ id: string; email: string; role: string; permissions: any; } | undefined'.
                Type '{ id: string; email: string; role: string; name?: string | undefined; permissions?: string[] | undefined; }' is not assignable to type '{ id: string; email: string; role: string; permissions: any; }'.
                  Property 'permissions' is optional in type '{ id: string; email: string; role: string; name?: string | undefined; permissions?: string[] | undefined; }' but required in type '{ id: string; email: string; role: string; permissions: any; }'.
server/src/modules/historicalAnalysis/historicalAnalysisService.ts(69,16): error TS18046: 'error' is of type 'unknown'.
server/src/modules/historicalAnalysis/historicalAnalysisService.ts(92,16): error TS18046: 'error' is of type 'unknown'.
server/src/modules/historicalAnalysis/historicalAnalysisService.ts(114,16): error TS18046: 'error' is of type 'unknown'.
server/src/modules/historicalAnalysis/historicalAnalysisService.ts(193,16): error TS18046: 'error' is of type 'unknown'.
server/src/modules/historicalAnalysis/historicalAnalysisService.ts(220,16): error TS18046: 'error' is of type 'unknown'.
server/src/modules/historicalAnalysis/historicalAnalysisService.ts(276,16): error TS18046: 'error' is of type 'unknown'.
server/src/modules/historicalAnalysis/historicalAnalysisService.ts(329,16): error TS18046: 'error' is of type 'unknown'.
server/src/modules/historicalAnalysis/historicalAnalysisService.ts(382,16): error TS18046: 'error' is of type 'unknown'.
server/src/modules/historicalAnalysis/historicalAnalysisService.ts(414,16): error TS18046: 'error' is of type 'unknown'.
server/src/modules/historicalAnalysis/historicalAnalysisService.ts(440,16): error TS18046: 'error' is of type 'unknown'.
server/src/modules/historicalAnalysis/historicalAnalysisService.ts(470,16): error TS18046: 'error' is of type 'unknown'.
server/src/modules/historicalAnalysis/historicalAnalysisService.ts(487,16): error TS18046: 'error' is of type 'unknown'.
server/src/modules/historicalAnalysis/historicalAnalysisService.ts(503,16): error TS18046: 'error' is of type 'unknown'.
server/src/modules/historicalAnalysis/historicalAnalysisService.ts(529,16): error TS18046: 'error' is of type 'unknown'.
server/src/modules/historicalAnalysis/historicalAnalysisService.ts(552,16): error TS18046: 'error' is of type 'unknown'.
server/src/modules/historicalAnalysis/historicalAnalysisService.ts(592,16): error TS18046: 'error' is of type 'unknown'.
server/src/modules/historicalAnalysis/historicalAnalysisService.ts(650,16): error TS18046: 'error' is of type 'unknown'.
server/src/modules/historicalAnalysis/historicalAnalysisService.ts(713,16): error TS18046: 'error' is of type 'unknown'.
server/src/modules/historicalAnalysis/historicalAnalysisService.ts(738,16): error TS18046: 'error' is of type 'unknown'.
server/src/modules/historicalAnalysis/historicalAnalysisService.ts(761,16): error TS18046: 'error' is of type 'unknown'.
server/src/modules/historicalAnalysis/historicalAnalysisService.ts(810,16): error TS18046: 'error' is of type 'unknown'.
server/src/modules/historicalAnalysis/historicalAnalysisService.ts(849,16): error TS18046: 'error' is of type 'unknown'.
server/src/modules/historicalAnalysis/historicalAnalysisService.ts(874,16): error TS18046: 'error' is of type 'unknown'.
server/src/modules/historicalAnalysis/historicalAnalysisService.ts(918,16): error TS18046: 'error' is of type 'unknown'.
server/src/modules/historicalAnalysis/historicalAnalysisService.ts(943,16): error TS18046: 'error' is of type 'unknown'.
server/src/modules/historicalAnalysis/historicalAnalysisService.ts(966,16): error TS18046: 'error' is of type 'unknown'.
server/src/modules/historicalAnalysis/historicalAnalysisService.ts(1001,16): error TS18046: 'error' is of type 'unknown'.
server/src/modules/historicalAnalysis/historicalAnalysisService.ts(1158,16): error TS18046: 'error' is of type 'unknown'.
server/src/modules/historicalAnalysis/services/documentAnalyzer.ts(63,16): error TS18046: 'error' is of type 'unknown'.
server/src/modules/historicalAnalysis/services/documentAnalyzer.ts(110,16): error TS18046: 'error' is of type 'unknown'.
server/src/modules/historicalAnalysis/services/documentAnalyzer.ts(157,16): error TS18046: 'error' is of type 'unknown'.
server/src/modules/historicalAnalysis/services/documentAnalyzer.ts(196,16): error TS18046: 'error' is of type 'unknown'.
server/src/modules/historicalAnalysis/services/documentAnalyzer.ts(276,16): error TS18046: 'error' is of type 'unknown'.
server/src/modules/historicalAnalysis/services/documentAnalyzer.ts(324,16): error TS18046: 'error' is of type 'unknown'.
server/src/modules/historicalAnalysis/services/documentAnalyzer.ts(365,16): error TS18046: 'error' is of type 'unknown'.
server/src/modules/historicalAnalysis/services/documentAnalyzer.ts(380,16): error TS18046: 'error' is of type 'unknown'.
server/src/modules/historicalAnalysis/services/documentAnalyzer.ts(395,16): error TS18046: 'error' is of type 'unknown'.
server/src/modules/historicalAnalysis/services/documentAnalyzer.ts(410,16): error TS18046: 'error' is of type 'unknown'.
server/src/modules/historicalAnalysis/services/patternRecognitionService.ts(87,16): error TS18046: 'error' is of type 'unknown'.
server/src/modules/historicalAnalysis/services/patternRecognitionService.ts(136,16): error TS18046: 'error' is of type 'unknown'.
server/src/modules/historicalAnalysis/services/patternRecognitionService.ts(176,16): error TS18046: 'error' is of type 'unknown'.
server/src/modules/historicalAnalysis/services/patternRecognitionService.ts(223,16): error TS18046: 'error' is of type 'unknown'.
server/src/modules/historicalAnalysis/services/patternRecognitionService.ts(260,16): error TS18046: 'error' is of type 'unknown'.
server/src/modules/historicalAnalysis/services/patternRecognitionService.ts(289,16): error TS18046: 'error' is of type 'unknown'.
server/src/modules/historicalAnalysis/services/patternRecognitionService.ts(312,16): error TS18046: 'error' is of type 'unknown'.
server/src/modules/historicalAnalysis/services/patternRecognitionService.ts(533,16): error TS18046: 'error' is of type 'unknown'.
server/src/modules/historicalAnalysis/services/patternRecognitionService.ts(584,16): error TS18046: 'error' is of type 'unknown'.
server/src/modules/historicalAnalysis/services/patternRecognitionService.ts(605,16): error TS18046: 'error' is of type 'unknown'.
server/src/modules/historicalAnalysis/services/patternRecognitionService.ts(643,16): error TS18046: 'error' is of type 'unknown'.
server/src/modules/historicalAnalysis/services/patternRecognitionService.ts(692,16): error TS18046: 'error' is of type 'unknown'.
server/src/modules/historicalAnalysis/services/patternRecognitionService.ts(795,16): error TS18046: 'error' is of type 'unknown'.
server/src/modules/historicalAnalysis/services/patternRecognitionService.ts(862,16): error TS18046: 'error' is of type 'unknown'.
server/src/modules/historicalAnalysis/services/patternRecognitionService.ts(903,16): error TS18046: 'error' is of type 'unknown'.
server/src/modules/historicalAnalysis/services/patternRecognitionService.ts(924,16): error TS18046: 'error' is of type 'unknown'.
server/src/modules/identity/routes.ts(17,37): error TS2769: No overload matches this call.
  The last overload gave the following error.
    Argument of type '(req: AuthRequest, res: Response, next: NextFunction) => Promise<Response<any, Record<string, any>> | undefined>' is not assignable to parameter of type 'RequestHandlerParams<ParamsDictionary, any, any, ParsedQs, Record<string, any>>'.
      Type '(req: AuthRequest, res: Response, next: NextFunction) => Promise<Response<any, Record<string, any>> | undefined>' is not assignable to type 'RequestHandler<ParamsDictionary, any, any, ParsedQs, Record<string, any>>'.
        Types of parameters 'req' and 'req' are incompatible.
          Type 'Request<ParamsDictionary, any, any, ParsedQs, Record<string, any>>' is not assignable to type 'AuthRequest'.
            Types of property 'user' are incompatible.
              Type '{ id: string; email: string; role: string; name?: string | undefined; permissions?: string[] | undefined; } | undefined' is not assignable to type '{ id: string; email: string; role: string; permissions: any; } | undefined'.
                Type '{ id: string; email: string; role: string; name?: string | undefined; permissions?: string[] | undefined; }' is not assignable to type '{ id: string; email: string; role: string; permissions: any; }'.
                  Property 'permissions' is optional in type '{ id: string; email: string; role: string; name?: string | undefined; permissions?: string[] | undefined; }' but required in type '{ id: string; email: string; role: string; permissions: any; }'.
server/src/modules/identity/routes.ts(18,37): error TS2769: No overload matches this call.
  The last overload gave the following error.
    Argument of type '(req: AuthRequest, res: Response, next: NextFunction) => Promise<Response<any, Record<string, any>> | undefined>' is not assignable to parameter of type 'RequestHandlerParams<ParamsDictionary, any, any, ParsedQs, Record<string, any>>'.
      Type '(req: AuthRequest, res: Response, next: NextFunction) => Promise<Response<any, Record<string, any>> | undefined>' is not assignable to type 'RequestHandler<ParamsDictionary, any, any, ParsedQs, Record<string, any>>'.
        Types of parameters 'req' and 'req' are incompatible.
          Type 'Request<ParamsDictionary, any, any, ParsedQs, Record<string, any>>' is not assignable to type 'AuthRequest'.
            Types of property 'user' are incompatible.
              Type '{ id: string; email: string; role: string; name?: string | undefined; permissions?: string[] | undefined; } | undefined' is not assignable to type '{ id: string; email: string; role: string; permissions: any; } | undefined'.
                Type '{ id: string; email: string; role: string; name?: string | undefined; permissions?: string[] | undefined; }' is not assignable to type '{ id: string; email: string; role: string; permissions: any; }'.
                  Property 'permissions' is optional in type '{ id: string; email: string; role: string; name?: string | undefined; permissions?: string[] | undefined; }' but required in type '{ id: string; email: string; role: string; permissions: any; }'.
server/src/modules/identity/routes.ts(21,22): error TS2769: No overload matches this call.
  The last overload gave the following error.
    Argument of type '(req: AuthRequest, res: Response, next: NextFunction) => Promise<Response<any, Record<string, any>> | undefined>' is not assignable to parameter of type 'RequestHandlerParams<ParamsDictionary, any, any, ParsedQs, Record<string, any>>'.
      Type '(req: AuthRequest, res: Response, next: NextFunction) => Promise<Response<any, Record<string, any>> | undefined>' is not assignable to type 'RequestHandler<ParamsDictionary, any, any, ParsedQs, Record<string, any>>'.
        Types of parameters 'req' and 'req' are incompatible.
          Type 'Request<ParamsDictionary, any, any, ParsedQs, Record<string, any>>' is not assignable to type 'AuthRequest'.
            Types of property 'user' are incompatible.
              Type '{ id: string; email: string; role: string; name?: string | undefined; permissions?: string[] | undefined; } | undefined' is not assignable to type '{ id: string; email: string; role: string; permissions: any; } | undefined'.
                Type '{ id: string; email: string; role: string; name?: string | undefined; permissions?: string[] | undefined; }' is not assignable to type '{ id: string; email: string; role: string; permissions: any; }'.
                  Property 'permissions' is optional in type '{ id: string; email: string; role: string; name?: string | undefined; permissions?: string[] | undefined; }' but required in type '{ id: string; email: string; role: string; permissions: any; }'.
server/src/modules/identity/routes.ts(22,26): error TS2769: No overload matches this call.
  The last overload gave the following error.
    Argument of type '(req: AuthRequest, res: Response, next: NextFunction) => Promise<Response<any, Record<string, any>> | undefined>' is not assignable to parameter of type 'RequestHandlerParams<ParamsDictionary, any, any, ParsedQs, Record<string, any>>'.
      Type '(req: AuthRequest, res: Response, next: NextFunction) => Promise<Response<any, Record<string, any>> | undefined>' is not assignable to type 'RequestHandler<ParamsDictionary, any, any, ParsedQs, Record<string, any>>'.
        Types of parameters 'req' and 'req' are incompatible.
          Type 'Request<ParamsDictionary, any, any, ParsedQs, Record<string, any>>' is not assignable to type 'AuthRequest'.
            Types of property 'user' are incompatible.
              Type '{ id: string; email: string; role: string; name?: string | undefined; permissions?: string[] | undefined; } | undefined' is not assignable to type '{ id: string; email: string; role: string; permissions: any; } | undefined'.
                Type '{ id: string; email: string; role: string; name?: string | undefined; permissions?: string[] | undefined; }' is not assignable to type '{ id: string; email: string; role: string; permissions: any; }'.
                  Property 'permissions' is optional in type '{ id: string; email: string; role: string; name?: string | undefined; permissions?: string[] | undefined; }' but required in type '{ id: string; email: string; role: string; permissions: any; }'.
server/src/modules/identity/routes.ts(23,23): error TS2769: No overload matches this call.
  The last overload gave the following error.
    Argument of type '(req: AuthRequest, res: Response, next: NextFunction) => Promise<Response<any, Record<string, any>> | undefined>' is not assignable to parameter of type 'RequestHandlerParams<ParamsDictionary, any, any, ParsedQs, Record<string, any>>'.
      Type '(req: AuthRequest, res: Response, next: NextFunction) => Promise<Response<any, Record<string, any>> | undefined>' is not assignable to type 'RequestHandler<ParamsDictionary, any, any, ParsedQs, Record<string, any>>'.
        Types of parameters 'req' and 'req' are incompatible.
          Type 'Request<ParamsDictionary, any, any, ParsedQs, Record<string, any>>' is not assignable to type 'AuthRequest'.
            Types of property 'user' are incompatible.
              Type '{ id: string; email: string; role: string; name?: string | undefined; permissions?: string[] | undefined; } | undefined' is not assignable to type '{ id: string; email: string; role: string; permissions: any; } | undefined'.
                Type '{ id: string; email: string; role: string; name?: string | undefined; permissions?: string[] | undefined; }' is not assignable to type '{ id: string; email: string; role: string; permissions: any; }'.
                  Property 'permissions' is optional in type '{ id: string; email: string; role: string; name?: string | undefined; permissions?: string[] | undefined; }' but required in type '{ id: string; email: string; role: string; permissions: any; }'.
server/src/modules/identity/routes.ts(24,26): error TS2769: No overload matches this call.
  The last overload gave the following error.
    Argument of type '(req: AuthRequest, res: Response, next: NextFunction) => Promise<Response<any, Record<string, any>> | undefined>' is not assignable to parameter of type 'RequestHandlerParams<ParamsDictionary, any, any, ParsedQs, Record<string, any>>'.
      Type '(req: AuthRequest, res: Response, next: NextFunction) => Promise<Response<any, Record<string, any>> | undefined>' is not assignable to type 'RequestHandler<ParamsDictionary, any, any, ParsedQs, Record<string, any>>'.
        Types of parameters 'req' and 'req' are incompatible.
          Type 'Request<ParamsDictionary, any, any, ParsedQs, Record<string, any>>' is not assignable to type 'AuthRequest'.
            Types of property 'user' are incompatible.
              Type '{ id: string; email: string; role: string; name?: string | undefined; permissions?: string[] | undefined; } | undefined' is not assignable to type '{ id: string; email: string; role: string; permissions: any; } | undefined'.
                Type '{ id: string; email: string; role: string; name?: string | undefined; permissions?: string[] | undefined; }' is not assignable to type '{ id: string; email: string; role: string; permissions: any; }'.
                  Property 'permissions' is optional in type '{ id: string; email: string; role: string; name?: string | undefined; permissions?: string[] | undefined; }' but required in type '{ id: string; email: string; role: string; permissions: any; }'.
server/src/modules/identity/routes.ts(27,26): error TS2769: No overload matches this call.
  The last overload gave the following error.
    Argument of type '(req: AuthRequest, res: Response, next: NextFunction) => Promise<Response<any, Record<string, any>> | undefined>' is not assignable to parameter of type 'RequestHandlerParams<ParamsDictionary, any, any, ParsedQs, Record<string, any>>'.
      Type '(req: AuthRequest, res: Response, next: NextFunction) => Promise<Response<any, Record<string, any>> | undefined>' is not assignable to type 'RequestHandler<ParamsDictionary, any, any, ParsedQs, Record<string, any>>'.
        Types of parameters 'req' and 'req' are incompatible.
          Type 'Request<ParamsDictionary, any, any, ParsedQs, Record<string, any>>' is not assignable to type 'AuthRequest'.
            Types of property 'user' are incompatible.
              Type '{ id: string; email: string; role: string; name?: string | undefined; permissions?: string[] | undefined; } | undefined' is not assignable to type '{ id: string; email: string; role: string; permissions: any; } | undefined'.
                Type '{ id: string; email: string; role: string; name?: string | undefined; permissions?: string[] | undefined; }' is not assignable to type '{ id: string; email: string; role: string; permissions: any; }'.
                  Property 'permissions' is optional in type '{ id: string; email: string; role: string; name?: string | undefined; permissions?: string[] | undefined; }' but required in type '{ id: string; email: string; role: string; permissions: any; }'.
server/src/modules/identity/routes.ts(28,30): error TS2769: No overload matches this call.
  The last overload gave the following error.
    Argument of type '(req: AuthRequest, res: Response, next: NextFunction) => Promise<Response<any, Record<string, any>> | undefined>' is not assignable to parameter of type 'RequestHandlerParams<ParamsDictionary, any, any, ParsedQs, Record<string, any>>'.
      Type '(req: AuthRequest, res: Response, next: NextFunction) => Promise<Response<any, Record<string, any>> | undefined>' is not assignable to type 'RequestHandler<ParamsDictionary, any, any, ParsedQs, Record<string, any>>'.
        Types of parameters 'req' and 'req' are incompatible.
          Type 'Request<ParamsDictionary, any, any, ParsedQs, Record<string, any>>' is not assignable to type 'AuthRequest'.
            Types of property 'user' are incompatible.
              Type '{ id: string; email: string; role: string; name?: string | undefined; permissions?: string[] | undefined; } | undefined' is not assignable to type '{ id: string; email: string; role: string; permissions: any; } | undefined'.
                Type '{ id: string; email: string; role: string; name?: string | undefined; permissions?: string[] | undefined; }' is not assignable to type '{ id: string; email: string; role: string; permissions: any; }'.
                  Property 'permissions' is optional in type '{ id: string; email: string; role: string; name?: string | undefined; permissions?: string[] | undefined; }' but required in type '{ id: string; email: string; role: string; permissions: any; }'.
server/src/modules/identity/routes.ts(29,27): error TS2769: No overload matches this call.
  The last overload gave the following error.
    Argument of type '(req: AuthRequest, res: Response, next: NextFunction) => Promise<Response<any, Record<string, any>> | undefined>' is not assignable to parameter of type 'RequestHandlerParams<ParamsDictionary, any, any, ParsedQs, Record<string, any>>'.
      Type '(req: AuthRequest, res: Response, next: NextFunction) => Promise<Response<any, Record<string, any>> | undefined>' is not assignable to type 'RequestHandler<ParamsDictionary, any, any, ParsedQs, Record<string, any>>'.
        Types of parameters 'req' and 'req' are incompatible.
          Type 'Request<ParamsDictionary, any, any, ParsedQs, Record<string, any>>' is not assignable to type 'AuthRequest'.
            Types of property 'user' are incompatible.
              Type '{ id: string; email: string; role: string; name?: string | undefined; permissions?: string[] | undefined; } | undefined' is not assignable to type '{ id: string; email: string; role: string; permissions: any; } | undefined'.
                Type '{ id: string; email: string; role: string; name?: string | undefined; permissions?: string[] | undefined; }' is not assignable to type '{ id: string; email: string; role: string; permissions: any; }'.
                  Property 'permissions' is optional in type '{ id: string; email: string; role: string; name?: string | undefined; permissions?: string[] | undefined; }' but required in type '{ id: string; email: string; role: string; permissions: any; }'.
server/src/modules/identity/routes.ts(30,30): error TS2769: No overload matches this call.
  The last overload gave the following error.
    Argument of type '(req: AuthRequest, res: Response, next: NextFunction) => Promise<Response<any, Record<string, any>> | undefined>' is not assignable to parameter of type 'RequestHandlerParams<ParamsDictionary, any, any, ParsedQs, Record<string, any>>'.
      Type '(req: AuthRequest, res: Response, next: NextFunction) => Promise<Response<any, Record<string, any>> | undefined>' is not assignable to type 'RequestHandler<ParamsDictionary, any, any, ParsedQs, Record<string, any>>'.
        Types of parameters 'req' and 'req' are incompatible.
          Type 'Request<ParamsDictionary, any, any, ParsedQs, Record<string, any>>' is not assignable to type 'AuthRequest'.
            Types of property 'user' are incompatible.
              Type '{ id: string; email: string; role: string; name?: string | undefined; permissions?: string[] | undefined; } | undefined' is not assignable to type '{ id: string; email: string; role: string; permissions: any; } | undefined'.
                Type '{ id: string; email: string; role: string; name?: string | undefined; permissions?: string[] | undefined; }' is not assignable to type '{ id: string; email: string; role: string; permissions: any; }'.
                  Property 'permissions' is optional in type '{ id: string; email: string; role: string; name?: string | undefined; permissions?: string[] | undefined; }' but required in type '{ id: string; email: string; role: string; permissions: any; }'.
server/src/modules/identity/routes.ts(31,33): error TS2769: No overload matches this call.
  The last overload gave the following error.
    Argument of type '(req: AuthRequest, res: Response, next: NextFunction) => Promise<Response<any, Record<string, any>> | undefined>' is not assignable to parameter of type 'RequestHandlerParams<ParamsDictionary, any, any, ParsedQs, Record<string, any>>'.
      Type '(req: AuthRequest, res: Response, next: NextFunction) => Promise<Response<any, Record<string, any>> | undefined>' is not assignable to type 'RequestHandler<ParamsDictionary, any, any, ParsedQs, Record<string, any>>'.
        Types of parameters 'req' and 'req' are incompatible.
          Type 'Request<ParamsDictionary, any, any, ParsedQs, Record<string, any>>' is not assignable to type 'AuthRequest'.
            Types of property 'user' are incompatible.
              Type '{ id: string; email: string; role: string; name?: string | undefined; permissions?: string[] | undefined; } | undefined' is not assignable to type '{ id: string; email: string; role: string; permissions: any; } | undefined'.
                Type '{ id: string; email: string; role: string; name?: string | undefined; permissions?: string[] | undefined; }' is not assignable to type '{ id: string; email: string; role: string; permissions: any; }'.
                  Property 'permissions' is optional in type '{ id: string; email: string; role: string; name?: string | undefined; permissions?: string[] | undefined; }' but required in type '{ id: string; email: string; role: string; permissions: any; }'.
server/src/modules/ingestion/jobs/governanceDecisions.ts(99,15): error TS2322: Type 'null' is not assignable to type '"Approved" | "Rejected" | "Deferred" | undefined'.
server/src/modules/ingestion/jobs/governanceDecisions.ts(101,15): error TS2322: Type 'null' is not assignable to type 'string | undefined'.
server/src/modules/ingestion/jobs/governanceDecisions.ts(102,15): error TS2322: Type 'null' is not assignable to type 'string | undefined'.
server/src/modules/ingestion/jobs/governanceDecisions.ts(103,15): error TS2322: Type 'string | null' is not assignable to type 'string | undefined'.
  Type 'null' is not assignable to type 'string | undefined'.
server/src/modules/ingestion/jobs/governanceDecisions.ts(137,107): error TS2339: Property 'message' does not exist on type '{}'.
server/src/modules/ingestion/jobs/governanceDecisions.ts(149,100): error TS2339: Property 'message' does not exist on type '{}'.
server/src/modules/ingestion/jobs/governanceDecisions.ts(155,93): error TS2339: Property 'message' does not exist on type '{}'.
server/src/modules/integrations/routes.ts(14,17): error TS2769: No overload matches this call.
  The last overload gave the following error.
    Argument of type '(req: AuthRequest, res: Response, next: NextFunction) => Promise<Response<any, Record<string, any>> | undefined>' is not assignable to parameter of type 'RequestHandlerParams<ParamsDictionary, any, any, ParsedQs, Record<string, any>>'.
      Type '(req: AuthRequest, res: Response, next: NextFunction) => Promise<Response<any, Record<string, any>> | undefined>' is not assignable to type 'RequestHandler<ParamsDictionary, any, any, ParsedQs, Record<string, any>>'.
        Types of parameters 'req' and 'req' are incompatible.
          Type 'Request<ParamsDictionary, any, any, ParsedQs, Record<string, any>>' is not assignable to type 'AuthRequest'.
            Types of property 'user' are incompatible.
              Type '{ id: string; email: string; role: string; name?: string | undefined; permissions?: string[] | undefined; } | undefined' is not assignable to type '{ id: string; email: string; role: string; permissions: any; } | undefined'.
                Type '{ id: string; email: string; role: string; name?: string | undefined; permissions?: string[] | undefined; }' is not assignable to type '{ id: string; email: string; role: string; permissions: any; }'.
                  Property 'permissions' is optional in type '{ id: string; email: string; role: string; name?: string | undefined; permissions?: string[] | undefined; }' but required in type '{ id: string; email: string; role: string; permissions: any; }'.
server/src/modules/integrations/routes.ts(15,20): error TS2769: No overload matches this call.
  The last overload gave the following error.
    Argument of type '(req: AuthRequest, res: Response, next: NextFunction) => Promise<Response<any, Record<string, any>> | undefined>' is not assignable to parameter of type 'RequestHandlerParams<ParamsDictionary, any, any, ParsedQs, Record<string, any>>'.
      Type '(req: AuthRequest, res: Response, next: NextFunction) => Promise<Response<any, Record<string, any>> | undefined>' is not assignable to type 'RequestHandler<ParamsDictionary, any, any, ParsedQs, Record<string, any>>'.
        Types of parameters 'req' and 'req' are incompatible.
          Type 'Request<ParamsDictionary, any, any, ParsedQs, Record<string, any>>' is not assignable to type 'AuthRequest'.
            Types of property 'user' are incompatible.
              Type '{ id: string; email: string; role: string; name?: string | undefined; permissions?: string[] | undefined; } | undefined' is not assignable to type '{ id: string; email: string; role: string; permissions: any; } | undefined'.
                Type '{ id: string; email: string; role: string; name?: string | undefined; permissions?: string[] | undefined; }' is not assignable to type '{ id: string; email: string; role: string; permissions: any; }'.
                  Property 'permissions' is optional in type '{ id: string; email: string; role: string; name?: string | undefined; permissions?: string[] | undefined; }' but required in type '{ id: string; email: string; role: string; permissions: any; }'.
server/src/modules/integrations/routes.ts(16,18): error TS2769: No overload matches this call.
  The last overload gave the following error.
    Argument of type '(req: AuthRequest, res: Response, next: NextFunction) => Promise<Response<any, Record<string, any>> | undefined>' is not assignable to parameter of type 'RequestHandlerParams<ParamsDictionary, any, any, ParsedQs, Record<string, any>>'.
      Type '(req: AuthRequest, res: Response, next: NextFunction) => Promise<Response<any, Record<string, any>> | undefined>' is not assignable to type 'RequestHandler<ParamsDictionary, any, any, ParsedQs, Record<string, any>>'.
        Types of parameters 'req' and 'req' are incompatible.
          Type 'Request<ParamsDictionary, any, any, ParsedQs, Record<string, any>>' is not assignable to type 'AuthRequest'.
            Types of property 'user' are incompatible.
              Type '{ id: string; email: string; role: string; name?: string | undefined; permissions?: string[] | undefined; } | undefined' is not assignable to type '{ id: string; email: string; role: string; permissions: any; } | undefined'.
                Type '{ id: string; email: string; role: string; name?: string | undefined; permissions?: string[] | undefined; }' is not assignable to type '{ id: string; email: string; role: string; permissions: any; }'.
                  Property 'permissions' is optional in type '{ id: string; email: string; role: string; name?: string | undefined; permissions?: string[] | undefined; }' but required in type '{ id: string; email: string; role: string; permissions: any; }'.
server/src/modules/integrations/routes.ts(17,20): error TS2769: No overload matches this call.
  The last overload gave the following error.
    Argument of type '(req: AuthRequest, res: Response, next: NextFunction) => Promise<Response<any, Record<string, any>> | undefined>' is not assignable to parameter of type 'RequestHandlerParams<ParamsDictionary, any, any, ParsedQs, Record<string, any>>'.
      Type '(req: AuthRequest, res: Response, next: NextFunction) => Promise<Response<any, Record<string, any>> | undefined>' is not assignable to type 'RequestHandler<ParamsDictionary, any, any, ParsedQs, Record<string, any>>'.
        Types of parameters 'req' and 'req' are incompatible.
          Type 'Request<ParamsDictionary, any, any, ParsedQs, Record<string, any>>' is not assignable to type 'AuthRequest'.
            Types of property 'user' are incompatible.
              Type '{ id: string; email: string; role: string; name?: string | undefined; permissions?: string[] | undefined; } | undefined' is not assignable to type '{ id: string; email: string; role: string; permissions: any; } | undefined'.
                Type '{ id: string; email: string; role: string; name?: string | undefined; permissions?: string[] | undefined; }' is not assignable to type '{ id: string; email: string; role: string; permissions: any; }'.
                  Property 'permissions' is optional in type '{ id: string; email: string; role: string; name?: string | undefined; permissions?: string[] | undefined; }' but required in type '{ id: string; email: string; role: string; permissions: any; }'.
server/src/modules/integrations/routes.ts(18,23): error TS2769: No overload matches this call.
  The last overload gave the following error.
    Argument of type '(req: AuthRequest, res: Response, next: NextFunction) => Promise<Response<any, Record<string, any>> | undefined>' is not assignable to parameter of type 'RequestHandlerParams<ParamsDictionary, any, any, ParsedQs, Record<string, any>>'.
      Type '(req: AuthRequest, res: Response, next: NextFunction) => Promise<Response<any, Record<string, any>> | undefined>' is not assignable to type 'RequestHandler<ParamsDictionary, any, any, ParsedQs, Record<string, any>>'.
        Types of parameters 'req' and 'req' are incompatible.
          Type 'Request<ParamsDictionary, any, any, ParsedQs, Record<string, any>>' is not assignable to type 'AuthRequest'.
            Types of property 'user' are incompatible.
              Type '{ id: string; email: string; role: string; name?: string | undefined; permissions?: string[] | undefined; } | undefined' is not assignable to type '{ id: string; email: string; role: string; permissions: any; } | undefined'.
                Type '{ id: string; email: string; role: string; name?: string | undefined; permissions?: string[] | undefined; }' is not assignable to type '{ id: string; email: string; role: string; permissions: any; }'.
                  Property 'permissions' is optional in type '{ id: string; email: string; role: string; name?: string | undefined; permissions?: string[] | undefined; }' but required in type '{ id: string; email: string; role: string; permissions: any; }'.
server/src/modules/intelligence/routes.ts(14,26): error TS2769: No overload matches this call.
  The last overload gave the following error.
    Argument of type '(req: AuthRequest, res: Response, next: NextFunction) => Promise<Response<any, Record<string, any>> | undefined>' is not assignable to parameter of type 'RequestHandlerParams<ParamsDictionary, any, any, ParsedQs, Record<string, any>>'.
      Type '(req: AuthRequest, res: Response, next: NextFunction) => Promise<Response<any, Record<string, any>> | undefined>' is not assignable to type 'RequestHandler<ParamsDictionary, any, any, ParsedQs, Record<string, any>>'.
        Types of parameters 'req' and 'req' are incompatible.
          Type 'Request<ParamsDictionary, any, any, ParsedQs, Record<string, any>>' is not assignable to type 'AuthRequest'.
            Types of property 'user' are incompatible.
              Type '{ id: string; email: string; role: string; name?: string | undefined; permissions?: string[] | undefined; } | undefined' is not assignable to type '{ id: string; email: string; role: string; permissions: any; } | undefined'.
                Type '{ id: string; email: string; role: string; name?: string | undefined; permissions?: string[] | undefined; }' is not assignable to type '{ id: string; email: string; role: string; permissions: any; }'.
                  Property 'permissions' is optional in type '{ id: string; email: string; role: string; name?: string | undefined; permissions?: string[] | undefined; }' but required in type '{ id: string; email: string; role: string; permissions: any; }'.
server/src/modules/intelligence/routes.ts(15,23): error TS2769: No overload matches this call.
  The last overload gave the following error.
    Argument of type '(req: AuthRequest, res: Response, next: NextFunction) => Promise<Response<any, Record<string, any>> | undefined>' is not assignable to parameter of type 'RequestHandlerParams<ParamsDictionary, any, any, ParsedQs, Record<string, any>>'.
      Type '(req: AuthRequest, res: Response, next: NextFunction) => Promise<Response<any, Record<string, any>> | undefined>' is not assignable to type 'RequestHandler<ParamsDictionary, any, any, ParsedQs, Record<string, any>>'.
        Types of parameters 'req' and 'req' are incompatible.
          Type 'Request<ParamsDictionary, any, any, ParsedQs, Record<string, any>>' is not assignable to type 'AuthRequest'.
            Types of property 'user' are incompatible.
              Type '{ id: string; email: string; role: string; name?: string | undefined; permissions?: string[] | undefined; } | undefined' is not assignable to type '{ id: string; email: string; role: string; permissions: any; } | undefined'.
                Type '{ id: string; email: string; role: string; name?: string | undefined; permissions?: string[] | undefined; }' is not assignable to type '{ id: string; email: string; role: string; permissions: any; }'.
                  Property 'permissions' is optional in type '{ id: string; email: string; role: string; name?: string | undefined; permissions?: string[] | undefined; }' but required in type '{ id: string; email: string; role: string; permissions: any; }'.
server/src/modules/intelligence/routes.ts(16,24): error TS2769: No overload matches this call.
  The last overload gave the following error.
    Argument of type '(req: AuthRequest, res: Response, next: NextFunction) => Promise<Response<any, Record<string, any>> | undefined>' is not assignable to parameter of type 'RequestHandlerParams<ParamsDictionary, any, any, ParsedQs, Record<string, any>>'.
      Type '(req: AuthRequest, res: Response, next: NextFunction) => Promise<Response<any, Record<string, any>> | undefined>' is not assignable to type 'RequestHandler<ParamsDictionary, any, any, ParsedQs, Record<string, any>>'.
        Types of parameters 'req' and 'req' are incompatible.
          Type 'Request<ParamsDictionary, any, any, ParsedQs, Record<string, any>>' is not assignable to type 'AuthRequest'.
            Types of property 'user' are incompatible.
              Type '{ id: string; email: string; role: string; name?: string | undefined; permissions?: string[] | undefined; } | undefined' is not assignable to type '{ id: string; email: string; role: string; permissions: any; } | undefined'.
                Type '{ id: string; email: string; role: string; name?: string | undefined; permissions?: string[] | undefined; }' is not assignable to type '{ id: string; email: string; role: string; permissions: any; }'.
                  Property 'permissions' is optional in type '{ id: string; email: string; role: string; name?: string | undefined; permissions?: string[] | undefined; }' but required in type '{ id: string; email: string; role: string; permissions: any; }'.
server/src/modules/issuesLog/routes.ts(20,18): error TS2769: No overload matches this call.
  The last overload gave the following error.
    Argument of type '(req: AuthRequest, res: Response, next: NextFunction) => Promise<Response<any, Record<string, any>> | undefined>' is not assignable to parameter of type 'RequestHandlerParams<ParamsDictionary, any, any, ParsedQs, Record<string, any>>'.
      Type '(req: AuthRequest, res: Response, next: NextFunction) => Promise<Response<any, Record<string, any>> | undefined>' is not assignable to type 'RequestHandler<ParamsDictionary, any, any, ParsedQs, Record<string, any>>'.
        Types of parameters 'req' and 'req' are incompatible.
          Type 'Request<ParamsDictionary, any, any, ParsedQs, Record<string, any>>' is not assignable to type 'AuthRequest'.
            Types of property 'user' are incompatible.
              Type '{ id: string; email: string; role: string; name?: string | undefined; permissions?: string[] | undefined; } | undefined' is not assignable to type '{ id: string; email: string; role: string; permissions: any; } | undefined'.
                Type '{ id: string; email: string; role: string; name?: string | undefined; permissions?: string[] | undefined; }' is not assignable to type '{ id: string; email: string; role: string; permissions: any; }'.
                  Property 'permissions' is optional in type '{ id: string; email: string; role: string; name?: string | undefined; permissions?: string[] | undefined; }' but required in type '{ id: string; email: string; role: string; permissions: any; }'.
server/src/modules/issuesLog/routes.ts(46,25): error TS2769: No overload matches this call.
  The last overload gave the following error.
    Argument of type '(req: AuthRequest, res: Response, next: NextFunction) => Promise<Response<any, Record<string, any>> | undefined>' is not assignable to parameter of type 'RequestHandlerParams<ParamsDictionary, any, any, ParsedQs, Record<string, any>>'.
      Type '(req: AuthRequest, res: Response, next: NextFunction) => Promise<Response<any, Record<string, any>> | undefined>' is not assignable to type 'RequestHandler<ParamsDictionary, any, any, ParsedQs, Record<string, any>>'.
        Types of parameters 'req' and 'req' are incompatible.
          Type 'Request<ParamsDictionary, any, any, ParsedQs, Record<string, any>>' is not assignable to type 'AuthRequest'.
            Types of property 'user' are incompatible.
              Type '{ id: string; email: string; role: string; name?: string | undefined; permissions?: string[] | undefined; } | undefined' is not assignable to type '{ id: string; email: string; role: string; permissions: any; } | undefined'.
                Type '{ id: string; email: string; role: string; name?: string | undefined; permissions?: string[] | undefined; }' is not assignable to type '{ id: string; email: string; role: string; permissions: any; }'.
                  Property 'permissions' is optional in type '{ id: string; email: string; role: string; name?: string | undefined; permissions?: string[] | undefined; }' but required in type '{ id: string; email: string; role: string; permissions: any; }'.
server/src/modules/issuesLog/routes.ts(75,25): error TS2769: No overload matches this call.
  The last overload gave the following error.
    Argument of type '(req: AuthRequest, res: Response, next: NextFunction) => Promise<Response<any, Record<string, any>> | undefined>' is not assignable to parameter of type 'RequestHandlerParams<ParamsDictionary, any, any, ParsedQs, Record<string, any>>'.
      Type '(req: AuthRequest, res: Response, next: NextFunction) => Promise<Response<any, Record<string, any>> | undefined>' is not assignable to type 'RequestHandler<ParamsDictionary, any, any, ParsedQs, Record<string, any>>'.
        Types of parameters 'req' and 'req' are incompatible.
          Type 'Request<ParamsDictionary, any, any, ParsedQs, Record<string, any>>' is not assignable to type 'AuthRequest'.
            Types of property 'user' are incompatible.
              Type '{ id: string; email: string; role: string; name?: string | undefined; permissions?: string[] | undefined; } | undefined' is not assignable to type '{ id: string; email: string; role: string; permissions: any; } | undefined'.
                Type '{ id: string; email: string; role: string; name?: string | undefined; permissions?: string[] | undefined; }' is not assignable to type '{ id: string; email: string; role: string; permissions: any; }'.
                  Property 'permissions' is optional in type '{ id: string; email: string; role: string; name?: string | undefined; permissions?: string[] | undefined; }' but required in type '{ id: string; email: string; role: string; permissions: any; }'.
server/src/modules/issuesLog/routes.ts(109,28): error TS2769: No overload matches this call.
  The last overload gave the following error.
    Argument of type '(req: AuthRequest, res: Response, next: NextFunction) => Promise<Response<any, Record<string, any>> | undefined>' is not assignable to parameter of type 'RequestHandlerParams<ParamsDictionary, any, any, ParsedQs, Record<string, any>>'.
      Type '(req: AuthRequest, res: Response, next: NextFunction) => Promise<Response<any, Record<string, any>> | undefined>' is not assignable to type 'RequestHandler<ParamsDictionary, any, any, ParsedQs, Record<string, any>>'.
        Types of parameters 'req' and 'req' are incompatible.
          Type 'Request<ParamsDictionary, any, any, ParsedQs, Record<string, any>>' is not assignable to type 'AuthRequest'.
            Types of property 'user' are incompatible.
              Type '{ id: string; email: string; role: string; name?: string | undefined; permissions?: string[] | undefined; } | undefined' is not assignable to type '{ id: string; email: string; role: string; permissions: any; } | undefined'.
                Type '{ id: string; email: string; role: string; name?: string | undefined; permissions?: string[] | undefined; }' is not assignable to type '{ id: string; email: string; role: string; permissions: any; }'.
                  Property 'permissions' is optional in type '{ id: string; email: string; role: string; name?: string | undefined; permissions?: string[] | undefined; }' but required in type '{ id: string; email: string; role: string; permissions: any; }'.
server/src/modules/issuesLog/routes.ts(138,17): error TS2769: No overload matches this call.
  The last overload gave the following error.
    Argument of type '(req: AuthRequest, res: Response, next: NextFunction) => Promise<Response<any, Record<string, any>> | undefined>' is not assignable to parameter of type 'RequestHandlerParams<ParamsDictionary, any, any, ParsedQs, Record<string, any>>'.
      Type '(req: AuthRequest, res: Response, next: NextFunction) => Promise<Response<any, Record<string, any>> | undefined>' is not assignable to type 'RequestHandler<ParamsDictionary, any, any, ParsedQs, Record<string, any>>'.
        Types of parameters 'req' and 'req' are incompatible.
          Type 'Request<ParamsDictionary, any, any, ParsedQs, Record<string, any>>' is not assignable to type 'AuthRequest'.
            Types of property 'user' are incompatible.
              Type '{ id: string; email: string; role: string; name?: string | undefined; permissions?: string[] | undefined; } | undefined' is not assignable to type '{ id: string; email: string; role: string; permissions: any; } | undefined'.
                Type '{ id: string; email: string; role: string; name?: string | undefined; permissions?: string[] | undefined; }' is not assignable to type '{ id: string; email: string; role: string; permissions: any; }'.
                  Property 'permissions' is optional in type '{ id: string; email: string; role: string; name?: string | undefined; permissions?: string[] | undefined; }' but required in type '{ id: string; email: string; role: string; permissions: any; }'.
server/src/modules/issuesLog/routes.ts(161,33): error TS2769: No overload matches this call.
  The last overload gave the following error.
    Argument of type '(req: AuthRequest, res: Response, next: NextFunction) => Promise<Response<any, Record<string, any>> | undefined>' is not assignable to parameter of type 'RequestHandlerParams<ParamsDictionary, any, any, ParsedQs, Record<string, any>>'.
      Type '(req: AuthRequest, res: Response, next: NextFunction) => Promise<Response<any, Record<string, any>> | undefined>' is not assignable to type 'RequestHandler<ParamsDictionary, any, any, ParsedQs, Record<string, any>>'.
        Types of parameters 'req' and 'req' are incompatible.
          Type 'Request<ParamsDictionary, any, any, ParsedQs, Record<string, any>>' is not assignable to type 'AuthRequest'.
            Types of property 'user' are incompatible.
              Type '{ id: string; email: string; role: string; name?: string | undefined; permissions?: string[] | undefined; } | undefined' is not assignable to type '{ id: string; email: string; role: string; permissions: any; } | undefined'.
                Type '{ id: string; email: string; role: string; name?: string | undefined; permissions?: string[] | undefined; }' is not assignable to type '{ id: string; email: string; role: string; permissions: any; }'.
                  Property 'permissions' is optional in type '{ id: string; email: string; role: string; name?: string | undefined; permissions?: string[] | undefined; }' but required in type '{ id: string; email: string; role: string; permissions: any; }'.
server/src/modules/issuesLog/routes.ts(183,27): error TS2769: No overload matches this call.
  The last overload gave the following error.
    Argument of type '(req: AuthRequest, res: Response, next: NextFunction) => Promise<Response<any, Record<string, any>> | undefined>' is not assignable to parameter of type 'RequestHandlerParams<ParamsDictionary, any, any, ParsedQs, Record<string, any>>'.
      Type '(req: AuthRequest, res: Response, next: NextFunction) => Promise<Response<any, Record<string, any>> | undefined>' is not assignable to type 'RequestHandler<ParamsDictionary, any, any, ParsedQs, Record<string, any>>'.
        Types of parameters 'req' and 'req' are incompatible.
          Type 'Request<ParamsDictionary, any, any, ParsedQs, Record<string, any>>' is not assignable to type 'AuthRequest'.
            Types of property 'user' are incompatible.
              Type '{ id: string; email: string; role: string; name?: string | undefined; permissions?: string[] | undefined; } | undefined' is not assignable to type '{ id: string; email: string; role: string; permissions: any; } | undefined'.
                Type '{ id: string; email: string; role: string; name?: string | undefined; permissions?: string[] | undefined; }' is not assignable to type '{ id: string; email: string; role: string; permissions: any; }'.
                  Property 'permissions' is optional in type '{ id: string; email: string; role: string; name?: string | undefined; permissions?: string[] | undefined; }' but required in type '{ id: string; email: string; role: string; permissions: any; }'.
server/src/modules/issuesLog/routes.ts(205,35): error TS2769: No overload matches this call.
  The last overload gave the following error.
    Argument of type '(req: AuthRequest, res: Response, next: NextFunction) => Promise<Response<any, Record<string, any>> | undefined>' is not assignable to parameter of type 'RequestHandlerParams<ParamsDictionary, any, any, ParsedQs, Record<string, any>>'.
      Type '(req: AuthRequest, res: Response, next: NextFunction) => Promise<Response<any, Record<string, any>> | undefined>' is not assignable to type 'RequestHandler<ParamsDictionary, any, any, ParsedQs, Record<string, any>>'.
        Types of parameters 'req' and 'req' are incompatible.
          Type 'Request<ParamsDictionary, any, any, ParsedQs, Record<string, any>>' is not assignable to type 'AuthRequest'.
            Types of property 'user' are incompatible.
              Type '{ id: string; email: string; role: string; name?: string | undefined; permissions?: string[] | undefined; } | undefined' is not assignable to type '{ id: string; email: string; role: string; permissions: any; } | undefined'.
                Type '{ id: string; email: string; role: string; name?: string | undefined; permissions?: string[] | undefined; }' is not assignable to type '{ id: string; email: string; role: string; permissions: any; }'.
                  Property 'permissions' is optional in type '{ id: string; email: string; role: string; name?: string | undefined; permissions?: string[] | undefined; }' but required in type '{ id: string; email: string; role: string; permissions: any; }'.
server/src/modules/issuesLog/routes.ts(236,28): error TS2769: No overload matches this call.
  The last overload gave the following error.
    Argument of type '(req: AuthRequest, res: Response, next: NextFunction) => Promise<Response<any, Record<string, any>> | undefined>' is not assignable to parameter of type 'RequestHandlerParams<ParamsDictionary, any, any, ParsedQs, Record<string, any>>'.
      Type '(req: AuthRequest, res: Response, next: NextFunction) => Promise<Response<any, Record<string, any>> | undefined>' is not assignable to type 'RequestHandler<ParamsDictionary, any, any, ParsedQs, Record<string, any>>'.
        Types of parameters 'req' and 'req' are incompatible.
          Type 'Request<ParamsDictionary, any, any, ParsedQs, Record<string, any>>' is not assignable to type 'AuthRequest'.
            Types of property 'user' are incompatible.
              Type '{ id: string; email: string; role: string; name?: string | undefined; permissions?: string[] | undefined; } | undefined' is not assignable to type '{ id: string; email: string; role: string; permissions: any; } | undefined'.
                Type '{ id: string; email: string; role: string; name?: string | undefined; permissions?: string[] | undefined; }' is not assignable to type '{ id: string; email: string; role: string; permissions: any; }'.
                  Property 'permissions' is optional in type '{ id: string; email: string; role: string; name?: string | undefined; permissions?: string[] | undefined; }' but required in type '{ id: string; email: string; role: string; permissions: any; }'.
server/src/modules/issuesLog/routes.ts(260,31): error TS2769: No overload matches this call.
  The last overload gave the following error.
    Argument of type '(req: AuthRequest, res: Response, next: NextFunction) => Promise<Response<any, Record<string, any>> | undefined>' is not assignable to parameter of type 'RequestHandlerParams<ParamsDictionary, any, any, ParsedQs, Record<string, any>>'.
      Type '(req: AuthRequest, res: Response, next: NextFunction) => Promise<Response<any, Record<string, any>> | undefined>' is not assignable to type 'RequestHandler<ParamsDictionary, any, any, ParsedQs, Record<string, any>>'.
        Types of parameters 'req' and 'req' are incompatible.
          Type 'Request<ParamsDictionary, any, any, ParsedQs, Record<string, any>>' is not assignable to type 'AuthRequest'.
            Types of property 'user' are incompatible.
              Type '{ id: string; email: string; role: string; name?: string | undefined; permissions?: string[] | undefined; } | undefined' is not assignable to type '{ id: string; email: string; role: string; permissions: any; } | undefined'.
                Type '{ id: string; email: string; role: string; name?: string | undefined; permissions?: string[] | undefined; }' is not assignable to type '{ id: string; email: string; role: string; permissions: any; }'.
                  Property 'permissions' is optional in type '{ id: string; email: string; role: string; name?: string | undefined; permissions?: string[] | undefined; }' but required in type '{ id: string; email: string; role: string; permissions: any; }'.
server/src/modules/knowledgeBase/__tests__/routes.test.ts(66,21): error TS2540: Cannot assign to 'NODE_ENV' because it is a read-only property.
server/src/modules/knowledgeBase/__tests__/routes.test.ts(79,21): error TS2540: Cannot assign to 'NODE_ENV' because it is a read-only property.
server/src/modules/knowledgeBase/routes.ts(13,12): error TS2769: No overload matches this call.
  The last overload gave the following error.
    Argument of type '(req: AuthRequest, res: Response, next: NextFunction) => Promise<Response<any, Record<string, any>> | undefined>' is not assignable to parameter of type 'PathParams'.
server/src/modules/morphic/routes.ts(14,22): error TS2769: No overload matches this call.
  The last overload gave the following error.
    Argument of type '(req: AuthRequest, res: Response, next: NextFunction) => Promise<Response<any, Record<string, any>> | undefined>' is not assignable to parameter of type 'RequestHandlerParams<ParamsDictionary, any, any, ParsedQs, Record<string, any>>'.
      Type '(req: AuthRequest, res: Response, next: NextFunction) => Promise<Response<any, Record<string, any>> | undefined>' is not assignable to type 'RequestHandler<ParamsDictionary, any, any, ParsedQs, Record<string, any>>'.
        Types of parameters 'req' and 'req' are incompatible.
          Type 'Request<ParamsDictionary, any, any, ParsedQs, Record<string, any>>' is not assignable to type 'AuthRequest'.
            Types of property 'user' are incompatible.
              Type '{ id: string; email: string; role: string; name?: string | undefined; permissions?: string[] | undefined; } | undefined' is not assignable to type '{ id: string; email: string; role: string; permissions: any; } | undefined'.
                Type '{ id: string; email: string; role: string; name?: string | undefined; permissions?: string[] | undefined; }' is not assignable to type '{ id: string; email: string; role: string; permissions: any; }'.
                  Property 'permissions' is optional in type '{ id: string; email: string; role: string; name?: string | undefined; permissions?: string[] | undefined; }' but required in type '{ id: string; email: string; role: string; permissions: any; }'.
server/src/modules/morphic/routes.ts(17,24): error TS2769: No overload matches this call.
  The last overload gave the following error.
    Argument of type '(req: AuthRequest, res: Response, next: NextFunction) => Promise<Response<any, Record<string, any>> | undefined>' is not assignable to parameter of type 'RequestHandlerParams<ParamsDictionary, any, any, ParsedQs, Record<string, any>>'.
      Type '(req: AuthRequest, res: Response, next: NextFunction) => Promise<Response<any, Record<string, any>> | undefined>' is not assignable to type 'RequestHandler<ParamsDictionary, any, any, ParsedQs, Record<string, any>>'.
        Types of parameters 'req' and 'req' are incompatible.
          Type 'Request<ParamsDictionary, any, any, ParsedQs, Record<string, any>>' is not assignable to type 'AuthRequest'.
            Types of property 'user' are incompatible.
              Type '{ id: string; email: string; role: string; name?: string | undefined; permissions?: string[] | undefined; } | undefined' is not assignable to type '{ id: string; email: string; role: string; permissions: any; } | undefined'.
                Type '{ id: string; email: string; role: string; name?: string | undefined; permissions?: string[] | undefined; }' is not assignable to type '{ id: string; email: string; role: string; permissions: any; }'.
                  Property 'permissions' is optional in type '{ id: string; email: string; role: string; name?: string | undefined; permissions?: string[] | undefined; }' but required in type '{ id: string; email: string; role: string; permissions: any; }'.
server/src/modules/morphic/routes.ts(20,25): error TS2769: No overload matches this call.
  The last overload gave the following error.
    Argument of type '(req: AuthRequest, res: Response, next: NextFunction) => Promise<Response<any, Record<string, any>> | undefined>' is not assignable to parameter of type 'RequestHandlerParams<ParamsDictionary, any, any, ParsedQs, Record<string, any>>'.
      Type '(req: AuthRequest, res: Response, next: NextFunction) => Promise<Response<any, Record<string, any>> | undefined>' is not assignable to type 'RequestHandler<ParamsDictionary, any, any, ParsedQs, Record<string, any>>'.
        Types of parameters 'req' and 'req' are incompatible.
          Type 'Request<ParamsDictionary, any, any, ParsedQs, Record<string, any>>' is not assignable to type 'AuthRequest'.
            Types of property 'user' are incompatible.
              Type '{ id: string; email: string; role: string; name?: string | undefined; permissions?: string[] | undefined; } | undefined' is not assignable to type '{ id: string; email: string; role: string; permissions: any; } | undefined'.
                Type '{ id: string; email: string; role: string; name?: string | undefined; permissions?: string[] | undefined; }' is not assignable to type '{ id: string; email: string; role: string; permissions: any; }'.
                  Property 'permissions' is optional in type '{ id: string; email: string; role: string; name?: string | undefined; permissions?: string[] | undefined; }' but required in type '{ id: string; email: string; role: string; permissions: any; }'.
server/src/modules/morphic/routes.ts(21,28): error TS2769: No overload matches this call.
  The last overload gave the following error.
    Argument of type '(req: AuthRequest, res: Response, next: NextFunction) => Promise<Response<any, Record<string, any>> | undefined>' is not assignable to parameter of type 'RequestHandlerParams<ParamsDictionary, any, any, ParsedQs, Record<string, any>>'.
      Type '(req: AuthRequest, res: Response, next: NextFunction) => Promise<Response<any, Record<string, any>> | undefined>' is not assignable to type 'RequestHandler<ParamsDictionary, any, any, ParsedQs, Record<string, any>>'.
        Types of parameters 'req' and 'req' are incompatible.
          Type 'Request<ParamsDictionary, any, any, ParsedQs, Record<string, any>>' is not assignable to type 'AuthRequest'.
            Types of property 'user' are incompatible.
              Type '{ id: string; email: string; role: string; name?: string | undefined; permissions?: string[] | undefined; } | undefined' is not assignable to type '{ id: string; email: string; role: string; permissions: any; } | undefined'.
                Type '{ id: string; email: string; role: string; name?: string | undefined; permissions?: string[] | undefined; }' is not assignable to type '{ id: string; email: string; role: string; permissions: any; }'.
                  Property 'permissions' is optional in type '{ id: string; email: string; role: string; name?: string | undefined; permissions?: string[] | undefined; }' but required in type '{ id: string; email: string; role: string; permissions: any; }'.
server/src/modules/morphic/routes.ts(24,30): error TS2769: No overload matches this call.
  The last overload gave the following error.
    Argument of type '(req: AuthRequest, res: Response, next: NextFunction) => Promise<Response<any, Record<string, any>> | undefined>' is not assignable to parameter of type 'RequestHandlerParams<ParamsDictionary, any, any, ParsedQs, Record<string, any>>'.
      Type '(req: AuthRequest, res: Response, next: NextFunction) => Promise<Response<any, Record<string, any>> | undefined>' is not assignable to type 'RequestHandler<ParamsDictionary, any, any, ParsedQs, Record<string, any>>'.
        Types of parameters 'req' and 'req' are incompatible.
          Type 'Request<ParamsDictionary, any, any, ParsedQs, Record<string, any>>' is not assignable to type 'AuthRequest'.
            Types of property 'user' are incompatible.
              Type '{ id: string; email: string; role: string; name?: string | undefined; permissions?: string[] | undefined; } | undefined' is not assignable to type '{ id: string; email: string; role: string; permissions: any; } | undefined'.
                Type '{ id: string; email: string; role: string; name?: string | undefined; permissions?: string[] | undefined; }' is not assignable to type '{ id: string; email: string; role: string; permissions: any; }'.
                  Property 'permissions' is optional in type '{ id: string; email: string; role: string; name?: string | undefined; permissions?: string[] | undefined; }' but required in type '{ id: string; email: string; role: string; permissions: any; }'.
server/src/modules/multiStageDocumentProcessor/engines/multiFormatOutputEngine.ts(92,16): error TS18046: 'error' is of type 'unknown'.
server/src/modules/multiStageDocumentProcessor/engines/multiFormatOutputEngine.ts(146,54): error TS18046: 'error' is of type 'unknown'.
server/src/modules/multiStageDocumentProcessor/engines/multiFormatOutputEngine.ts(213,55): error TS18046: 'error' is of type 'unknown'.
server/src/modules/multiStageDocumentProcessor/engines/multiFormatOutputEngine.ts(316,55): error TS18046: 'error' is of type 'unknown'.
server/src/modules/multiStageDocumentProcessor/engines/multiFormatOutputEngine.ts(352,59): error TS18046: 'error' is of type 'unknown'.
server/src/modules/multiStageDocumentProcessor/engines/multiFormatOutputEngine.ts(392,55): error TS18046: 'error' is of type 'unknown'.
server/src/modules/multiStageDocumentProcessor/engines/multiFormatOutputEngine.ts(448,54): error TS18046: 'error' is of type 'unknown'.
server/src/modules/multiStageDocumentProcessor/engines/multiFormatOutputEngine.ts(490,55): error TS18046: 'error' is of type 'unknown'.
server/src/modules/multiStageDocumentProcessor/multiStageDocumentProcessor.ts(150,16): error TS18046: 'error' is of type 'unknown'.
server/src/modules/multiStageDocumentProcessor/multiStageDocumentProcessor.ts(187,16): error TS18046: 'error' is of type 'unknown'.
server/src/modules/multiStageDocumentProcessor/multiStageDocumentProcessor.ts(210,16): error TS18046: 'error' is of type 'unknown'.
server/src/modules/multiStageDocumentProcessor/multiStageDocumentProcessor.ts(227,16): error TS18046: 'error' is of type 'unknown'.
server/src/modules/multiStageDocumentProcessor/multiStageDocumentProcessor.ts(281,16): error TS18046: 'error' is of type 'unknown'.
server/src/modules/multiStageDocumentProcessor/multiStageDocumentProcessor.ts(319,16): error TS18046: 'error' is of type 'unknown'.
server/src/modules/multiStageDocumentProcessor/multiStageDocumentProcessor.ts(342,16): error TS18046: 'error' is of type 'unknown'.
server/src/modules/multiStageDocumentProcessor/multiStageDocumentProcessor.ts(369,16): error TS18046: 'error' is of type 'unknown'.
server/src/modules/multiStageDocumentProcessor/multiStageDocumentProcessor.ts(387,16): error TS18046: 'error' is of type 'unknown'.
server/src/modules/multiStageDocumentProcessor/multiStageDocumentProcessor.ts(471,16): error TS18046: 'error' is of type 'unknown'.
server/src/modules/multiStageDocumentProcessor/multiStageDocumentProcessor.ts(495,16): error TS18046: 'error' is of type 'unknown'.
server/src/modules/multiStageDocumentProcessor/multiStageDocumentProcessor.ts(521,16): error TS18046: 'error' is of type 'unknown'.
server/src/modules/multiStageDocumentProcessor/multiStageDocumentProcessor.ts(543,16): error TS18046: 'error' is of type 'unknown'.
server/src/modules/multiStageDocumentProcessor/multiStageDocumentProcessor.ts(711,16): error TS18046: 'error' is of type 'unknown'.
server/src/modules/multiStageDocumentProcessor/multiStageDocumentProcessor.ts(720,26): error TS18046: 'error' is of type 'unknown'.
server/src/modules/multiStageDocumentProcessor/multiStageDocumentProcessor.ts(749,16): error TS18046: 'error' is of type 'unknown'.
server/src/modules/multiStageDocumentProcessor/multiStageDocumentProcessor.ts(758,26): error TS18046: 'error' is of type 'unknown'.
server/src/modules/multiStageDocumentProcessor/multiStageDocumentProcessor.ts(798,16): error TS18046: 'error' is of type 'unknown'.
server/src/modules/multiStageDocumentProcessor/multiStageDocumentProcessor.ts(829,16): error TS18046: 'error' is of type 'unknown'.
server/src/modules/multiStageDocumentProcessor/services/jobManager.ts(85,16): error TS18046: 'error' is of type 'unknown'.
server/src/modules/multiStageDocumentProcessor/services/jobManager.ts(110,16): error TS18046: 'error' is of type 'unknown'.
server/src/modules/multiStageDocumentProcessor/services/jobManager.ts(150,16): error TS18046: 'error' is of type 'unknown'.
server/src/modules/multiStageDocumentProcessor/services/jobManager.ts(183,16): error TS18046: 'error' is of type 'unknown'.
server/src/modules/multiStageDocumentProcessor/services/jobManager.ts(216,16): error TS18046: 'err' is of type 'unknown'.
server/src/modules/multiStageDocumentProcessor/services/jobManager.ts(249,16): error TS18046: 'error' is of type 'unknown'.
server/src/modules/multiStageDocumentProcessor/services/jobManager.ts(296,16): error TS18046: 'error' is of type 'unknown'.
server/src/modules/multiStageDocumentProcessor/services/jobManager.ts(351,16): error TS18046: 'error' is of type 'unknown'.
server/src/modules/multiStageDocumentProcessor/services/jobManager.ts(381,16): error TS18046: 'error' is of type 'unknown'.
server/src/modules/multiStageDocumentProcessor/services/jobManager.ts(405,16): error TS18046: 'error' is of type 'unknown'.
server/src/modules/multiStageDocumentProcessor/services/jobManager.ts(429,16): error TS18046: 'err' is of type 'unknown'.
server/src/modules/multiStageDocumentProcessor/services/jobManager.ts(473,16): error TS18046: 'error' is of type 'unknown'.
server/src/modules/multiStageDocumentProcessor/services/jobManager.ts(580,16): error TS18046: 'error' is of type 'unknown'.
server/src/modules/multiStageDocumentProcessor/services/jobManager.ts(632,16): error TS18046: 'error' is of type 'unknown'.
server/src/modules/multiStageDocumentProcessor/services/jobManager.ts(685,16): error TS18046: 'error' is of type 'unknown'.
server/src/modules/multiStageDocumentProcessor/services/jobManager.ts(733,16): error TS18046: 'error' is of type 'unknown'.
server/src/modules/multiStageDocumentProcessor/services/metricsCollector.ts(73,16): error TS18046: 'error' is of type 'unknown'.
server/src/modules/multiStageDocumentProcessor/services/metricsCollector.ts(114,16): error TS18046: 'error' is of type 'unknown'.
server/src/modules/multiStageDocumentProcessor/services/metricsCollector.ts(174,16): error TS18046: 'error' is of type 'unknown'.
server/src/modules/multiStageDocumentProcessor/services/metricsCollector.ts(262,16): error TS18046: 'error' is of type 'unknown'.
server/src/modules/multiStageDocumentProcessor/services/metricsCollector.ts(306,16): error TS18046: 'error' is of type 'unknown'.
server/src/modules/multiStageDocumentProcessor/services/metricsCollector.ts(350,16): error TS18046: 'error' is of type 'unknown'.
server/src/modules/multiStageDocumentProcessor/services/metricsCollector.ts(402,16): error TS18046: 'error' is of type 'unknown'.
server/src/modules/multiStageDocumentProcessor/services/metricsCollector.ts(434,18): error TS18046: 'error' is of type 'unknown'.
server/src/modules/multiStageDocumentProcessor/services/metricsCollector.ts(667,16): error TS18046: 'error' is of type 'unknown'.
server/src/modules/multiStageDocumentProcessor/services/pipelineOrchestrator.ts(61,20): error TS18046: 'error' is of type 'unknown'.
server/src/modules/multiStageDocumentProcessor/services/pipelineOrchestrator.ts(81,36): error TS18046: 'error' is of type 'unknown'.
server/src/modules/multiStageDocumentProcessor/services/pipelineOrchestrator.ts(86,32): error TS18046: 'error' is of type 'unknown'.
server/src/modules/multiStageDocumentProcessor/services/pipelineOrchestrator.ts(92,48): error TS18046: 'error' is of type 'unknown'.
server/src/modules/multiStageDocumentProcessor/services/pipelineOrchestrator.ts(115,16): error TS18046: 'error' is of type 'unknown'.
server/src/modules/multiStageDocumentProcessor/services/pipelineOrchestrator.ts(135,16): error TS18046: 'error' is of type 'unknown'.
server/src/modules/multiStageDocumentProcessor/services/pipelineOrchestrator.ts(171,16): error TS18046: 'error' is of type 'unknown'.
server/src/modules/multiStageDocumentProcessor/services/pipelineOrchestrator.ts(195,16): error TS18046: 'error' is of type 'unknown'.
server/src/modules/multiStageDocumentProcessor/services/pipelineOrchestrator.ts(530,16): error TS18046: 'error' is of type 'unknown'.
server/src/modules/multiStageDocumentProcessor/services/pipelineOrchestrator.ts(566,16): error TS18046: 'error' is of type 'unknown'.
server/src/modules/multiStageDocumentProcessor/services/pipelineOrchestrator.ts(602,16): error TS18046: 'error' is of type 'unknown'.
server/src/modules/multiStageDocumentProcessor/stages/aiGenerationStage.ts(299,16): error TS18046: 'error' is of type 'unknown'.
server/src/modules/multiStageDocumentProcessor/stages/aiGenerationStage.ts(300,16): error TS18046: 'error' is of type 'unknown'.
server/src/modules/multiStageDocumentProcessor/stages/aiGenerationStage.ts(614,16): error TS18046: 'error' is of type 'unknown'.
server/src/modules/multiStageDocumentProcessor/stages/contextGatheringStage.ts(161,16): error TS18046: 'error' is of type 'unknown'.
server/src/modules/multiStageDocumentProcessor/stages/contextInjectionStage.ts(365,13): error TS2783: 'project_data' is specified more than once, so this usage will be overwritten.
server/src/modules/multiStageDocumentProcessor/stages/contextInjectionStage.ts(642,16): error TS18046: 'error' is of type 'unknown'.
server/src/modules/multiStageDocumentProcessor/stages/contextInjectionStage.ts(643,16): error TS18046: 'error' is of type 'unknown'.
server/src/modules/multiStageDocumentProcessor/stages/contextInjectionStage.ts(1071,64): error TS18048: 'mod.impact_score' is possibly 'undefined'.
server/src/modules/multiStageDocumentProcessor/stages/contextInjectionStage.ts(1806,13): error TS2322: Type 'string | undefined' is not assignable to type 'string'.
  Type 'undefined' is not assignable to type 'string'.
server/src/modules/multiStageDocumentProcessor/stages/contextInjectionStage.ts(1807,13): error TS2322: Type 'string | undefined' is not assignable to type 'string'.
  Type 'undefined' is not assignable to type 'string'.
server/src/modules/multiStageDocumentProcessor/stages/outputFormattingStage.ts(109,16): error TS18046: 'error' is of type 'unknown'.
server/src/modules/multiStageDocumentProcessor/stages/outputFormattingStage.ts(157,18): error TS18046: 'error' is of type 'unknown'.
server/src/modules/multiStageDocumentProcessor/stages/outputFormattingStage.ts(665,69): error TS18046: 'error' is of type 'unknown'.
server/src/modules/multiStageDocumentProcessor/stages/qualityAssuranceStage.ts(259,16): error TS18046: 'error' is of type 'unknown'.
server/src/modules/multiStageDocumentProcessor/stages/qualityAssuranceStage.ts(648,54): error TS7006: Parameter 's' implicitly has an 'any' type.
server/src/modules/multiStageDocumentProcessor/stages/qualityAssuranceStage.ts(649,49): error TS7006: Parameter 'sum' implicitly has an 'any' type.
server/src/modules/multiStageDocumentProcessor/stages/qualityAssuranceStage.ts(649,54): error TS7006: Parameter 'sentence' implicitly has an 'any' type.
server/src/modules/multiStageDocumentProcessor/stages/qualityAssuranceStage.ts(953,50): error TS7006: Parameter 'stakeholder' implicitly has an 'any' type.
server/src/modules/multiStageDocumentProcessor/stages/qualityAssuranceStage.ts(1063,54): error TS7006: Parameter 's' implicitly has an 'any' type.
server/src/modules/multiStageDocumentProcessor/stages/qualityAssuranceStage.ts(1064,49): error TS7006: Parameter 'sum' implicitly has an 'any' type.
server/src/modules/multiStageDocumentProcessor/stages/qualityAssuranceStage.ts(1064,54): error TS7006: Parameter 'sentence' implicitly has an 'any' type.
server/src/modules/multiStageDocumentProcessor/stages/qualityAssuranceStage.ts(1077,41): error TS7006: Parameter 'sum' implicitly has an 'any' type.
server/src/modules/multiStageDocumentProcessor/stages/qualityAssuranceStage.ts(1077,46): error TS7006: Parameter 'word' implicitly has an 'any' type.
server/src/modules/multiStageDocumentProcessor/stages/templateProcessingStage.ts(299,16): error TS18046: 'error' is of type 'unknown'.
server/src/modules/multiStageDocumentProcessor/stages/templateProcessingStage.ts(300,16): error TS18046: 'error' is of type 'unknown'.
server/src/modules/multiStageDocumentProcessor/stages/templateProcessingStage.ts(582,18): error TS18046: 'error' is of type 'unknown'.
server/src/modules/multiStageDocumentProcessor/stages/templateProcessingStage.ts(743,18): error TS18046: 'error' is of type 'unknown'.
server/src/modules/portfolio/routes.ts(22,25): error TS2769: No overload matches this call.
  The last overload gave the following error.
    Argument of type '(req: AuthRequest, res: Response, next: NextFunction) => Promise<Response<any, Record<string, any>> | undefined>' is not assignable to parameter of type 'RequestHandlerParams<ParamsDictionary, any, any, ParsedQs, Record<string, any>>'.
      Type '(req: AuthRequest, res: Response, next: NextFunction) => Promise<Response<any, Record<string, any>> | undefined>' is not assignable to type 'RequestHandler<ParamsDictionary, any, any, ParsedQs, Record<string, any>>'.
        Types of parameters 'req' and 'req' are incompatible.
          Type 'Request<ParamsDictionary, any, any, ParsedQs, Record<string, any>>' is not assignable to type 'AuthRequest'.
            Types of property 'user' are incompatible.
              Type '{ id: string; email: string; role: string; name?: string | undefined; permissions?: string[] | undefined; } | undefined' is not assignable to type '{ id: string; email: string; role: string; permissions: any; } | undefined'.
                Type '{ id: string; email: string; role: string; name?: string | undefined; permissions?: string[] | undefined; }' is not assignable to type '{ id: string; email: string; role: string; permissions: any; }'.
                  Property 'permissions' is optional in type '{ id: string; email: string; role: string; name?: string | undefined; permissions?: string[] | undefined; }' but required in type '{ id: string; email: string; role: string; permissions: any; }'.
server/src/modules/portfolio/routes.ts(23,29): error TS2769: No overload matches this call.
  The last overload gave the following error.
    Argument of type '(req: AuthRequest, res: Response, next: NextFunction) => Promise<Response<any, Record<string, any>> | undefined>' is not assignable to parameter of type 'RequestHandlerParams<ParamsDictionary, any, any, ParsedQs, Record<string, any>>'.
      Type '(req: AuthRequest, res: Response, next: NextFunction) => Promise<Response<any, Record<string, any>> | undefined>' is not assignable to type 'RequestHandler<ParamsDictionary, any, any, ParsedQs, Record<string, any>>'.
        Types of parameters 'req' and 'req' are incompatible.
          Type 'Request<ParamsDictionary, any, any, ParsedQs, Record<string, any>>' is not assignable to type 'AuthRequest'.
            Types of property 'user' are incompatible.
              Type '{ id: string; email: string; role: string; name?: string | undefined; permissions?: string[] | undefined; } | undefined' is not assignable to type '{ id: string; email: string; role: string; permissions: any; } | undefined'.
                Type '{ id: string; email: string; role: string; name?: string | undefined; permissions?: string[] | undefined; }' is not assignable to type '{ id: string; email: string; role: string; permissions: any; }'.
                  Property 'permissions' is optional in type '{ id: string; email: string; role: string; name?: string | undefined; permissions?: string[] | undefined; }' but required in type '{ id: string; email: string; role: string; permissions: any; }'.
server/src/modules/portfolio/routes.ts(24,26): error TS2769: No overload matches this call.
  The last overload gave the following error.
    Argument of type '(req: AuthRequest, res: Response, next: NextFunction) => Promise<Response<any, Record<string, any>> | undefined>' is not assignable to parameter of type 'RequestHandlerParams<ParamsDictionary, any, any, ParsedQs, Record<string, any>>'.
      Type '(req: AuthRequest, res: Response, next: NextFunction) => Promise<Response<any, Record<string, any>> | undefined>' is not assignable to type 'RequestHandler<ParamsDictionary, any, any, ParsedQs, Record<string, any>>'.
        Types of parameters 'req' and 'req' are incompatible.
          Type 'Request<ParamsDictionary, any, any, ParsedQs, Record<string, any>>' is not assignable to type 'AuthRequest'.
            Types of property 'user' are incompatible.
              Type '{ id: string; email: string; role: string; name?: string | undefined; permissions?: string[] | undefined; } | undefined' is not assignable to type '{ id: string; email: string; role: string; permissions: any; } | undefined'.
                Type '{ id: string; email: string; role: string; name?: string | undefined; permissions?: string[] | undefined; }' is not assignable to type '{ id: string; email: string; role: string; permissions: any; }'.
                  Property 'permissions' is optional in type '{ id: string; email: string; role: string; name?: string | undefined; permissions?: string[] | undefined; }' but required in type '{ id: string; email: string; role: string; permissions: any; }'.
server/src/modules/portfolio/routes.ts(25,29): error TS2769: No overload matches this call.
  The last overload gave the following error.
    Argument of type '(req: AuthRequest, res: Response, next: NextFunction) => Promise<Response<any, Record<string, any>> | undefined>' is not assignable to parameter of type 'RequestHandlerParams<ParamsDictionary, any, any, ParsedQs, Record<string, any>>'.
      Type '(req: AuthRequest, res: Response, next: NextFunction) => Promise<Response<any, Record<string, any>> | undefined>' is not assignable to type 'RequestHandler<ParamsDictionary, any, any, ParsedQs, Record<string, any>>'.
        Types of parameters 'req' and 'req' are incompatible.
          Type 'Request<ParamsDictionary, any, any, ParsedQs, Record<string, any>>' is not assignable to type 'AuthRequest'.
            Types of property 'user' are incompatible.
              Type '{ id: string; email: string; role: string; name?: string | undefined; permissions?: string[] | undefined; } | undefined' is not assignable to type '{ id: string; email: string; role: string; permissions: any; } | undefined'.
                Type '{ id: string; email: string; role: string; name?: string | undefined; permissions?: string[] | undefined; }' is not assignable to type '{ id: string; email: string; role: string; permissions: any; }'.
                  Property 'permissions' is optional in type '{ id: string; email: string; role: string; name?: string | undefined; permissions?: string[] | undefined; }' but required in type '{ id: string; email: string; role: string; permissions: any; }'.
server/src/modules/portfolio/routes.ts(26,32): error TS2769: No overload matches this call.
  The last overload gave the following error.
    Argument of type '(req: AuthRequest, res: Response, next: NextFunction) => Promise<Response<any, Record<string, any>> | undefined>' is not assignable to parameter of type 'RequestHandlerParams<ParamsDictionary, any, any, ParsedQs, Record<string, any>>'.
      Type '(req: AuthRequest, res: Response, next: NextFunction) => Promise<Response<any, Record<string, any>> | undefined>' is not assignable to type 'RequestHandler<ParamsDictionary, any, any, ParsedQs, Record<string, any>>'.
        Types of parameters 'req' and 'req' are incompatible.
          Type 'Request<ParamsDictionary, any, any, ParsedQs, Record<string, any>>' is not assignable to type 'AuthRequest'.
            Types of property 'user' are incompatible.
              Type '{ id: string; email: string; role: string; name?: string | undefined; permissions?: string[] | undefined; } | undefined' is not assignable to type '{ id: string; email: string; role: string; permissions: any; } | undefined'.
                Type '{ id: string; email: string; role: string; name?: string | undefined; permissions?: string[] | undefined; }' is not assignable to type '{ id: string; email: string; role: string; permissions: any; }'.
                  Property 'permissions' is optional in type '{ id: string; email: string; role: string; name?: string | undefined; permissions?: string[] | undefined; }' but required in type '{ id: string; email: string; role: string; permissions: any; }'.
server/src/modules/portfolio/routes.ts(29,17): error TS2769: No overload matches this call.
  The last overload gave the following error.
    Argument of type '(req: AuthRequest, res: Response, next: NextFunction) => Promise<Response<any, Record<string, any>> | undefined>' is not assignable to parameter of type 'RequestHandlerParams<ParamsDictionary, any, any, ParsedQs, Record<string, any>>'.
      Type '(req: AuthRequest, res: Response, next: NextFunction) => Promise<Response<any, Record<string, any>> | undefined>' is not assignable to type 'RequestHandler<ParamsDictionary, any, any, ParsedQs, Record<string, any>>'.
        Types of parameters 'req' and 'req' are incompatible.
          Type 'Request<ParamsDictionary, any, any, ParsedQs, Record<string, any>>' is not assignable to type 'AuthRequest'.
            Types of property 'user' are incompatible.
              Type '{ id: string; email: string; role: string; name?: string | undefined; permissions?: string[] | undefined; } | undefined' is not assignable to type '{ id: string; email: string; role: string; permissions: any; } | undefined'.
                Type '{ id: string; email: string; role: string; name?: string | undefined; permissions?: string[] | undefined; }' is not assignable to type '{ id: string; email: string; role: string; permissions: any; }'.
                  Property 'permissions' is optional in type '{ id: string; email: string; role: string; name?: string | undefined; permissions?: string[] | undefined; }' but required in type '{ id: string; email: string; role: string; permissions: any; }'.
server/src/modules/portfolio/routes.ts(30,20): error TS2769: No overload matches this call.
  The last overload gave the following error.
    Argument of type '(req: AuthRequest, res: Response, next: NextFunction) => Promise<Response<any, Record<string, any>> | undefined>' is not assignable to parameter of type 'RequestHandlerParams<ParamsDictionary, any, any, ParsedQs, Record<string, any>>'.
      Type '(req: AuthRequest, res: Response, next: NextFunction) => Promise<Response<any, Record<string, any>> | undefined>' is not assignable to type 'RequestHandler<ParamsDictionary, any, any, ParsedQs, Record<string, any>>'.
        Types of parameters 'req' and 'req' are incompatible.
          Type 'Request<ParamsDictionary, any, any, ParsedQs, Record<string, any>>' is not assignable to type 'AuthRequest'.
            Types of property 'user' are incompatible.
              Type '{ id: string; email: string; role: string; name?: string | undefined; permissions?: string[] | undefined; } | undefined' is not assignable to type '{ id: string; email: string; role: string; permissions: any; } | undefined'.
                Type '{ id: string; email: string; role: string; name?: string | undefined; permissions?: string[] | undefined; }' is not assignable to type '{ id: string; email: string; role: string; permissions: any; }'.
                  Property 'permissions' is optional in type '{ id: string; email: string; role: string; name?: string | undefined; permissions?: string[] | undefined; }' but required in type '{ id: string; email: string; role: string; permissions: any; }'.
server/src/modules/portfolio/routes.ts(31,18): error TS2769: No overload matches this call.
  The last overload gave the following error.
    Argument of type '(req: AuthRequest, res: Response, next: NextFunction) => Promise<Response<any, Record<string, any>> | undefined>' is not assignable to parameter of type 'RequestHandlerParams<ParamsDictionary, any, any, ParsedQs, Record<string, any>>'.
      Type '(req: AuthRequest, res: Response, next: NextFunction) => Promise<Response<any, Record<string, any>> | undefined>' is not assignable to type 'RequestHandler<ParamsDictionary, any, any, ParsedQs, Record<string, any>>'.
        Types of parameters 'req' and 'req' are incompatible.
          Type 'Request<ParamsDictionary, any, any, ParsedQs, Record<string, any>>' is not assignable to type 'AuthRequest'.
            Types of property 'user' are incompatible.
              Type '{ id: string; email: string; role: string; name?: string | undefined; permissions?: string[] | undefined; } | undefined' is not assignable to type '{ id: string; email: string; role: string; permissions: any; } | undefined'.
                Type '{ id: string; email: string; role: string; name?: string | undefined; permissions?: string[] | undefined; }' is not assignable to type '{ id: string; email: string; role: string; permissions: any; }'.
                  Property 'permissions' is optional in type '{ id: string; email: string; role: string; name?: string | undefined; permissions?: string[] | undefined; }' but required in type '{ id: string; email: string; role: string; permissions: any; }'.
server/src/modules/portfolio/routes.ts(32,20): error TS2769: No overload matches this call.
  The last overload gave the following error.
    Argument of type '(req: AuthRequest, res: Response, next: NextFunction) => Promise<Response<any, Record<string, any>> | undefined>' is not assignable to parameter of type 'RequestHandlerParams<ParamsDictionary, any, any, ParsedQs, Record<string, any>>'.
      Type '(req: AuthRequest, res: Response, next: NextFunction) => Promise<Response<any, Record<string, any>> | undefined>' is not assignable to type 'RequestHandler<ParamsDictionary, any, any, ParsedQs, Record<string, any>>'.
        Types of parameters 'req' and 'req' are incompatible.
          Type 'Request<ParamsDictionary, any, any, ParsedQs, Record<string, any>>' is not assignable to type 'AuthRequest'.
            Types of property 'user' are incompatible.
              Type '{ id: string; email: string; role: string; name?: string | undefined; permissions?: string[] | undefined; } | undefined' is not assignable to type '{ id: string; email: string; role: string; permissions: any; } | undefined'.
                Type '{ id: string; email: string; role: string; name?: string | undefined; permissions?: string[] | undefined; }' is not assignable to type '{ id: string; email: string; role: string; permissions: any; }'.
                  Property 'permissions' is optional in type '{ id: string; email: string; role: string; name?: string | undefined; permissions?: string[] | undefined; }' but required in type '{ id: string; email: string; role: string; permissions: any; }'.
server/src/modules/portfolio/routes.ts(33,23): error TS2769: No overload matches this call.
  The last overload gave the following error.
    Argument of type '(req: AuthRequest, res: Response, next: NextFunction) => Promise<Response<any, Record<string, any>> | undefined>' is not assignable to parameter of type 'RequestHandlerParams<ParamsDictionary, any, any, ParsedQs, Record<string, any>>'.
      Type '(req: AuthRequest, res: Response, next: NextFunction) => Promise<Response<any, Record<string, any>> | undefined>' is not assignable to type 'RequestHandler<ParamsDictionary, any, any, ParsedQs, Record<string, any>>'.
        Types of parameters 'req' and 'req' are incompatible.
          Type 'Request<ParamsDictionary, any, any, ParsedQs, Record<string, any>>' is not assignable to type 'AuthRequest'.
            Types of property 'user' are incompatible.
              Type '{ id: string; email: string; role: string; name?: string | undefined; permissions?: string[] | undefined; } | undefined' is not assignable to type '{ id: string; email: string; role: string; permissions: any; } | undefined'.
                Type '{ id: string; email: string; role: string; name?: string | undefined; permissions?: string[] | undefined; }' is not assignable to type '{ id: string; email: string; role: string; permissions: any; }'.
                  Property 'permissions' is optional in type '{ id: string; email: string; role: string; name?: string | undefined; permissions?: string[] | undefined; }' but required in type '{ id: string; email: string; role: string; permissions: any; }'.
server/src/modules/portfolio/routes.ts(34,26): error TS2769: No overload matches this call.
  The last overload gave the following error.
    Argument of type '(req: AuthRequest, res: Response, next: NextFunction) => Promise<Response<any, Record<string, any>> | undefined>' is not assignable to parameter of type 'RequestHandlerParams<ParamsDictionary, any, any, ParsedQs, Record<string, any>>'.
      Type '(req: AuthRequest, res: Response, next: NextFunction) => Promise<Response<any, Record<string, any>> | undefined>' is not assignable to type 'RequestHandler<ParamsDictionary, any, any, ParsedQs, Record<string, any>>'.
        Types of parameters 'req' and 'req' are incompatible.
          Type 'Request<ParamsDictionary, any, any, ParsedQs, Record<string, any>>' is not assignable to type 'AuthRequest'.
            Types of property 'user' are incompatible.
              Type '{ id: string; email: string; role: string; name?: string | undefined; permissions?: string[] | undefined; } | undefined' is not assignable to type '{ id: string; email: string; role: string; permissions: any; } | undefined'.
                Type '{ id: string; email: string; role: string; name?: string | undefined; permissions?: string[] | undefined; }' is not assignable to type '{ id: string; email: string; role: string; permissions: any; }'.
                  Property 'permissions' is optional in type '{ id: string; email: string; role: string; name?: string | undefined; permissions?: string[] | undefined; }' but required in type '{ id: string; email: string; role: string; permissions: any; }'.
server/src/modules/portfolio/routes.ts(37,26): error TS2769: No overload matches this call.
  The last overload gave the following error.
    Argument of type '(req: AuthRequest, res: Response, next: NextFunction) => Promise<Response<any, Record<string, any>> | undefined>' is not assignable to parameter of type 'RequestHandlerParams<ParamsDictionary, any, any, ParsedQs, Record<string, any>>'.
      Type '(req: AuthRequest, res: Response, next: NextFunction) => Promise<Response<any, Record<string, any>> | undefined>' is not assignable to type 'RequestHandler<ParamsDictionary, any, any, ParsedQs, Record<string, any>>'.
        Types of parameters 'req' and 'req' are incompatible.
          Type 'Request<ParamsDictionary, any, any, ParsedQs, Record<string, any>>' is not assignable to type 'AuthRequest'.
            Types of property 'user' are incompatible.
              Type '{ id: string; email: string; role: string; name?: string | undefined; permissions?: string[] | undefined; } | undefined' is not assignable to type '{ id: string; email: string; role: string; permissions: any; } | undefined'.
                Type '{ id: string; email: string; role: string; name?: string | undefined; permissions?: string[] | undefined; }' is not assignable to type '{ id: string; email: string; role: string; permissions: any; }'.
                  Property 'permissions' is optional in type '{ id: string; email: string; role: string; name?: string | undefined; permissions?: string[] | undefined; }' but required in type '{ id: string; email: string; role: string; permissions: any; }'.
server/src/modules/portfolio/routes.ts(38,31): error TS2769: No overload matches this call.
  The last overload gave the following error.
    Argument of type '(req: AuthRequest, res: Response, next: NextFunction) => Promise<Response<any, Record<string, any>> | undefined>' is not assignable to parameter of type 'RequestHandlerParams<ParamsDictionary, any, any, ParsedQs, Record<string, any>>'.
      Type '(req: AuthRequest, res: Response, next: NextFunction) => Promise<Response<any, Record<string, any>> | undefined>' is not assignable to type 'RequestHandler<ParamsDictionary, any, any, ParsedQs, Record<string, any>>'.
        Types of parameters 'req' and 'req' are incompatible.
          Type 'Request<ParamsDictionary, any, any, ParsedQs, Record<string, any>>' is not assignable to type 'AuthRequest'.
            Types of property 'user' are incompatible.
              Type '{ id: string; email: string; role: string; name?: string | undefined; permissions?: string[] | undefined; } | undefined' is not assignable to type '{ id: string; email: string; role: string; permissions: any; } | undefined'.
                Type '{ id: string; email: string; role: string; name?: string | undefined; permissions?: string[] | undefined; }' is not assignable to type '{ id: string; email: string; role: string; permissions: any; }'.
                  Property 'permissions' is optional in type '{ id: string; email: string; role: string; name?: string | undefined; permissions?: string[] | undefined; }' but required in type '{ id: string; email: string; role: string; permissions: any; }'.
server/src/modules/portfolio/routes.ts(39,45): error TS2769: No overload matches this call.
  The last overload gave the following error.
    Argument of type '(req: AuthRequest, res: Response, next: NextFunction) => Promise<Response<any, Record<string, any>> | undefined>' is not assignable to parameter of type 'RequestHandlerParams<ParamsDictionary, any, any, ParsedQs, Record<string, any>>'.
      Type '(req: AuthRequest, res: Response, next: NextFunction) => Promise<Response<any, Record<string, any>> | undefined>' is not assignable to type 'RequestHandler<ParamsDictionary, any, any, ParsedQs, Record<string, any>>'.
        Types of parameters 'req' and 'req' are incompatible.
          Type 'Request<ParamsDictionary, any, any, ParsedQs, Record<string, any>>' is not assignable to type 'AuthRequest'.
            Types of property 'user' are incompatible.
              Type '{ id: string; email: string; role: string; name?: string | undefined; permissions?: string[] | undefined; } | undefined' is not assignable to type '{ id: string; email: string; role: string; permissions: any; } | undefined'.
                Type '{ id: string; email: string; role: string; name?: string | undefined; permissions?: string[] | undefined; }' is not assignable to type '{ id: string; email: string; role: string; permissions: any; }'.
                  Property 'permissions' is optional in type '{ id: string; email: string; role: string; name?: string | undefined; permissions?: string[] | undefined; }' but required in type '{ id: string; email: string; role: string; permissions: any; }'.
server/src/modules/portfolio/routes.ts(42,49): error TS2769: No overload matches this call.
  The last overload gave the following error.
    Argument of type '(req: AuthRequest, res: Response, next: NextFunction) => Promise<Response<any, Record<string, any>> | undefined>' is not assignable to parameter of type 'RequestHandlerParams<ParamsDictionary, any, any, ParsedQs, Record<string, any>>'.
      Type '(req: AuthRequest, res: Response, next: NextFunction) => Promise<Response<any, Record<string, any>> | undefined>' is not assignable to type 'RequestHandler<ParamsDictionary, any, any, ParsedQs, Record<string, any>>'.
        Types of parameters 'req' and 'req' are incompatible.
          Type 'Request<ParamsDictionary, any, any, ParsedQs, Record<string, any>>' is not assignable to type 'AuthRequest'.
            Types of property 'user' are incompatible.
              Type '{ id: string; email: string; role: string; name?: string | undefined; permissions?: string[] | undefined; } | undefined' is not assignable to type '{ id: string; email: string; role: string; permissions: any; } | undefined'.
                Type '{ id: string; email: string; role: string; name?: string | undefined; permissions?: string[] | undefined; }' is not assignable to type '{ id: string; email: string; role: string; permissions: any; }'.
                  Property 'permissions' is optional in type '{ id: string; email: string; role: string; name?: string | undefined; permissions?: string[] | undefined; }' but required in type '{ id: string; email: string; role: string; permissions: any; }'.
server/src/modules/portfolio/routes.ts(43,48): error TS2769: No overload matches this call.
  The last overload gave the following error.
    Argument of type '(req: AuthRequest, res: Response, next: NextFunction) => Promise<Response<any, Record<string, any>> | undefined>' is not assignable to parameter of type 'RequestHandlerParams<ParamsDictionary, any, any, ParsedQs, Record<string, any>>'.
      Type '(req: AuthRequest, res: Response, next: NextFunction) => Promise<Response<any, Record<string, any>> | undefined>' is not assignable to type 'RequestHandler<ParamsDictionary, any, any, ParsedQs, Record<string, any>>'.
        Types of parameters 'req' and 'req' are incompatible.
          Type 'Request<ParamsDictionary, any, any, ParsedQs, Record<string, any>>' is not assignable to type 'AuthRequest'.
            Types of property 'user' are incompatible.
              Type '{ id: string; email: string; role: string; name?: string | undefined; permissions?: string[] | undefined; } | undefined' is not assignable to type '{ id: string; email: string; role: string; permissions: any; } | undefined'.
                Type '{ id: string; email: string; role: string; name?: string | undefined; permissions?: string[] | undefined; }' is not assignable to type '{ id: string; email: string; role: string; permissions: any; }'.
                  Property 'permissions' is optional in type '{ id: string; email: string; role: string; name?: string | undefined; permissions?: string[] | undefined; }' but required in type '{ id: string; email: string; role: string; permissions: any; }'.
server/src/modules/portfolio/routes.ts(44,38): error TS2769: No overload matches this call.
  The last overload gave the following error.
    Argument of type '(req: AuthRequest, res: Response, next: NextFunction) => Promise<Response<any, Record<string, any>> | undefined>' is not assignable to parameter of type 'RequestHandlerParams<ParamsDictionary, any, any, ParsedQs, Record<string, any>>'.
      Type '(req: AuthRequest, res: Response, next: NextFunction) => Promise<Response<any, Record<string, any>> | undefined>' is not assignable to type 'RequestHandler<ParamsDictionary, any, any, ParsedQs, Record<string, any>>'.
        Types of parameters 'req' and 'req' are incompatible.
          Type 'Request<ParamsDictionary, any, any, ParsedQs, Record<string, any>>' is not assignable to type 'AuthRequest'.
            Types of property 'user' are incompatible.
              Type '{ id: string; email: string; role: string; name?: string | undefined; permissions?: string[] | undefined; } | undefined' is not assignable to type '{ id: string; email: string; role: string; permissions: any; } | undefined'.
                Type '{ id: string; email: string; role: string; name?: string | undefined; permissions?: string[] | undefined; }' is not assignable to type '{ id: string; email: string; role: string; permissions: any; }'.
                  Property 'permissions' is optional in type '{ id: string; email: string; role: string; name?: string | undefined; permissions?: string[] | undefined; }' but required in type '{ id: string; email: string; role: string; permissions: any; }'.
server/src/modules/portfolio/routes.ts(45,43): error TS2769: No overload matches this call.
  The last overload gave the following error.
    Argument of type '(req: AuthRequest, res: Response, next: NextFunction) => Promise<Response<any, Record<string, any>> | undefined>' is not assignable to parameter of type 'RequestHandlerParams<ParamsDictionary, any, any, ParsedQs, Record<string, any>>'.
      Type '(req: AuthRequest, res: Response, next: NextFunction) => Promise<Response<any, Record<string, any>> | undefined>' is not assignable to type 'RequestHandler<ParamsDictionary, any, any, ParsedQs, Record<string, any>>'.
        Types of parameters 'req' and 'req' are incompatible.
          Type 'Request<ParamsDictionary, any, any, ParsedQs, Record<string, any>>' is not assignable to type 'AuthRequest'.
            Types of property 'user' are incompatible.
              Type '{ id: string; email: string; role: string; name?: string | undefined; permissions?: string[] | undefined; } | undefined' is not assignable to type '{ id: string; email: string; role: string; permissions: any; } | undefined'.
                Type '{ id: string; email: string; role: string; name?: string | undefined; permissions?: string[] | undefined; }' is not assignable to type '{ id: string; email: string; role: string; permissions: any; }'.
                  Property 'permissions' is optional in type '{ id: string; email: string; role: string; name?: string | undefined; permissions?: string[] | undefined; }' but required in type '{ id: string; email: string; role: string; permissions: any; }'.
server/src/modules/portfolio/routes.ts(46,46): error TS2769: No overload matches this call.
  The last overload gave the following error.
    Argument of type '(req: AuthRequest, res: Response, next: NextFunction) => Promise<Response<any, Record<string, any>> | undefined>' is not assignable to parameter of type 'RequestHandlerParams<ParamsDictionary, any, any, ParsedQs, Record<string, any>>'.
      Type '(req: AuthRequest, res: Response, next: NextFunction) => Promise<Response<any, Record<string, any>> | undefined>' is not assignable to type 'RequestHandler<ParamsDictionary, any, any, ParsedQs, Record<string, any>>'.
        Types of parameters 'req' and 'req' are incompatible.
          Type 'Request<ParamsDictionary, any, any, ParsedQs, Record<string, any>>' is not assignable to type 'AuthRequest'.
            Types of property 'user' are incompatible.
              Type '{ id: string; email: string; role: string; name?: string | undefined; permissions?: string[] | undefined; } | undefined' is not assignable to type '{ id: string; email: string; role: string; permissions: any; } | undefined'.
                Type '{ id: string; email: string; role: string; name?: string | undefined; permissions?: string[] | undefined; }' is not assignable to type '{ id: string; email: string; role: string; permissions: any; }'.
                  Property 'permissions' is optional in type '{ id: string; email: string; role: string; name?: string | undefined; permissions?: string[] | undefined; }' but required in type '{ id: string; email: string; role: string; permissions: any; }'.
server/src/modules/portfolio/routes.ts(49,24): error TS2769: No overload matches this call.
  The last overload gave the following error.
    Argument of type '(req: AuthRequest, res: Response, next: NextFunction) => Promise<Response<any, Record<string, any>> | undefined>' is not assignable to parameter of type 'RequestHandlerParams<ParamsDictionary, any, any, ParsedQs, Record<string, any>>'.
      Type '(req: AuthRequest, res: Response, next: NextFunction) => Promise<Response<any, Record<string, any>> | undefined>' is not assignable to type 'RequestHandler<ParamsDictionary, any, any, ParsedQs, Record<string, any>>'.
        Types of parameters 'req' and 'req' are incompatible.
          Type 'Request<ParamsDictionary, any, any, ParsedQs, Record<string, any>>' is not assignable to type 'AuthRequest'.
            Types of property 'user' are incompatible.
              Type '{ id: string; email: string; role: string; name?: string | undefined; permissions?: string[] | undefined; } | undefined' is not assignable to type '{ id: string; email: string; role: string; permissions: any; } | undefined'.
                Type '{ id: string; email: string; role: string; name?: string | undefined; permissions?: string[] | undefined; }' is not assignable to type '{ id: string; email: string; role: string; permissions: any; }'.
                  Property 'permissions' is optional in type '{ id: string; email: string; role: string; name?: string | undefined; permissions?: string[] | undefined; }' but required in type '{ id: string; email: string; role: string; permissions: any; }'.
server/src/modules/portfolio/routes.ts(50,28): error TS2769: No overload matches this call.
  The last overload gave the following error.
    Argument of type '(req: AuthRequest, res: Response, next: NextFunction) => Promise<Response<any, Record<string, any>> | undefined>' is not assignable to parameter of type 'RequestHandlerParams<ParamsDictionary, any, any, ParsedQs, Record<string, any>>'.
      Type '(req: AuthRequest, res: Response, next: NextFunction) => Promise<Response<any, Record<string, any>> | undefined>' is not assignable to type 'RequestHandler<ParamsDictionary, any, any, ParsedQs, Record<string, any>>'.
        Types of parameters 'req' and 'req' are incompatible.
          Type 'Request<ParamsDictionary, any, any, ParsedQs, Record<string, any>>' is not assignable to type 'AuthRequest'.
            Types of property 'user' are incompatible.
              Type '{ id: string; email: string; role: string; name?: string | undefined; permissions?: string[] | undefined; } | undefined' is not assignable to type '{ id: string; email: string; role: string; permissions: any; } | undefined'.
                Type '{ id: string; email: string; role: string; name?: string | undefined; permissions?: string[] | undefined; }' is not assignable to type '{ id: string; email: string; role: string; permissions: any; }'.
                  Property 'permissions' is optional in type '{ id: string; email: string; role: string; name?: string | undefined; permissions?: string[] | undefined; }' but required in type '{ id: string; email: string; role: string; permissions: any; }'.
server/src/modules/projects/routes.ts(19,17): error TS2769: No overload matches this call.
  The last overload gave the following error.
    Argument of type '(req: AuthRequest, res: Response, next: NextFunction) => Promise<Response<any, Record<string, any>> | undefined>' is not assignable to parameter of type 'RequestHandlerParams<ParamsDictionary, any, any, ParsedQs, Record<string, any>>'.
      Type '(req: AuthRequest, res: Response, next: NextFunction) => Promise<Response<any, Record<string, any>> | undefined>' is not assignable to type 'RequestHandler<ParamsDictionary, any, any, ParsedQs, Record<string, any>>'.
        Types of parameters 'req' and 'req' are incompatible.
          Type 'Request<ParamsDictionary, any, any, ParsedQs, Record<string, any>>' is not assignable to type 'AuthRequest'.
            Types of property 'user' are incompatible.
              Type '{ id: string; email: string; role: string; name?: string | undefined; permissions?: string[] | undefined; } | undefined' is not assignable to type '{ id: string; email: string; role: string; permissions: any; } | undefined'.
                Type '{ id: string; email: string; role: string; name?: string | undefined; permissions?: string[] | undefined; }' is not assignable to type '{ id: string; email: string; role: string; permissions: any; }'.
                  Property 'permissions' is optional in type '{ id: string; email: string; role: string; name?: string | undefined; permissions?: string[] | undefined; }' but required in type '{ id: string; email: string; role: string; permissions: any; }'.
server/src/modules/projects/routes.ts(20,20): error TS2769: No overload matches this call.
  The last overload gave the following error.
    Argument of type '(req: AuthRequest, res: Response, next: NextFunction) => Promise<Response<any, Record<string, any>> | undefined>' is not assignable to parameter of type 'RequestHandlerParams<ParamsDictionary, any, any, ParsedQs, Record<string, any>>'.
      Type '(req: AuthRequest, res: Response, next: NextFunction) => Promise<Response<any, Record<string, any>> | undefined>' is not assignable to type 'RequestHandler<ParamsDictionary, any, any, ParsedQs, Record<string, any>>'.
        Types of parameters 'req' and 'req' are incompatible.
          Type 'Request<ParamsDictionary, any, any, ParsedQs, Record<string, any>>' is not assignable to type 'AuthRequest'.
            Types of property 'user' are incompatible.
              Type '{ id: string; email: string; role: string; name?: string | undefined; permissions?: string[] | undefined; } | undefined' is not assignable to type '{ id: string; email: string; role: string; permissions: any; } | undefined'.
                Type '{ id: string; email: string; role: string; name?: string | undefined; permissions?: string[] | undefined; }' is not assignable to type '{ id: string; email: string; role: string; permissions: any; }'.
                  Property 'permissions' is optional in type '{ id: string; email: string; role: string; name?: string | undefined; permissions?: string[] | undefined; }' but required in type '{ id: string; email: string; role: string; permissions: any; }'.
server/src/modules/projects/routes.ts(21,18): error TS2769: No overload matches this call.
  The last overload gave the following error.
    Argument of type '(req: AuthRequest, res: Response, next: NextFunction) => Promise<Response<any, Record<string, any>> | undefined>' is not assignable to parameter of type 'RequestHandlerParams<ParamsDictionary, any, any, ParsedQs, Record<string, any>>'.
      Type '(req: AuthRequest, res: Response, next: NextFunction) => Promise<Response<any, Record<string, any>> | undefined>' is not assignable to type 'RequestHandler<ParamsDictionary, any, any, ParsedQs, Record<string, any>>'.
        Types of parameters 'req' and 'req' are incompatible.
          Type 'Request<ParamsDictionary, any, any, ParsedQs, Record<string, any>>' is not assignable to type 'AuthRequest'.
            Types of property 'user' are incompatible.
              Type '{ id: string; email: string; role: string; name?: string | undefined; permissions?: string[] | undefined; } | undefined' is not assignable to type '{ id: string; email: string; role: string; permissions: any; } | undefined'.
                Type '{ id: string; email: string; role: string; name?: string | undefined; permissions?: string[] | undefined; }' is not assignable to type '{ id: string; email: string; role: string; permissions: any; }'.
                  Property 'permissions' is optional in type '{ id: string; email: string; role: string; name?: string | undefined; permissions?: string[] | undefined; }' but required in type '{ id: string; email: string; role: string; permissions: any; }'.
server/src/modules/projects/routes.ts(22,20): error TS2769: No overload matches this call.
  The last overload gave the following error.
    Argument of type '(req: AuthRequest, res: Response, next: NextFunction) => Promise<Response<any, Record<string, any>> | undefined>' is not assignable to parameter of type 'RequestHandlerParams<ParamsDictionary, any, any, ParsedQs, Record<string, any>>'.
      Type '(req: AuthRequest, res: Response, next: NextFunction) => Promise<Response<any, Record<string, any>> | undefined>' is not assignable to type 'RequestHandler<ParamsDictionary, any, any, ParsedQs, Record<string, any>>'.
        Types of parameters 'req' and 'req' are incompatible.
          Type 'Request<ParamsDictionary, any, any, ParsedQs, Record<string, any>>' is not assignable to type 'AuthRequest'.
            Types of property 'user' are incompatible.
              Type '{ id: string; email: string; role: string; name?: string | undefined; permissions?: string[] | undefined; } | undefined' is not assignable to type '{ id: string; email: string; role: string; permissions: any; } | undefined'.
                Type '{ id: string; email: string; role: string; name?: string | undefined; permissions?: string[] | undefined; }' is not assignable to type '{ id: string; email: string; role: string; permissions: any; }'.
                  Property 'permissions' is optional in type '{ id: string; email: string; role: string; name?: string | undefined; permissions?: string[] | undefined; }' but required in type '{ id: string; email: string; role: string; permissions: any; }'.
server/src/modules/projects/routes.ts(23,23): error TS2769: No overload matches this call.
  The last overload gave the following error.
    Argument of type '(req: AuthRequest, res: Response, next: NextFunction) => Promise<Response<any, Record<string, any>> | undefined>' is not assignable to parameter of type 'RequestHandlerParams<ParamsDictionary, any, any, ParsedQs, Record<string, any>>'.
      Type '(req: AuthRequest, res: Response, next: NextFunction) => Promise<Response<any, Record<string, any>> | undefined>' is not assignable to type 'RequestHandler<ParamsDictionary, any, any, ParsedQs, Record<string, any>>'.
        Types of parameters 'req' and 'req' are incompatible.
          Type 'Request<ParamsDictionary, any, any, ParsedQs, Record<string, any>>' is not assignable to type 'AuthRequest'.
            Types of property 'user' are incompatible.
              Type '{ id: string; email: string; role: string; name?: string | undefined; permissions?: string[] | undefined; } | undefined' is not assignable to type '{ id: string; email: string; role: string; permissions: any; } | undefined'.
                Type '{ id: string; email: string; role: string; name?: string | undefined; permissions?: string[] | undefined; }' is not assignable to type '{ id: string; email: string; role: string; permissions: any; }'.
                  Property 'permissions' is optional in type '{ id: string; email: string; role: string; name?: string | undefined; permissions?: string[] | undefined; }' but required in type '{ id: string; email: string; role: string; permissions: any; }'.
server/src/modules/projects/routes.ts(24,33): error TS2769: No overload matches this call.
  The last overload gave the following error.
    Argument of type '(req: AuthRequest, res: Response, next: NextFunction) => Promise<Response<any, Record<string, any>> | undefined>' is not assignable to parameter of type 'RequestHandlerParams<ParamsDictionary, any, any, ParsedQs, Record<string, any>>'.
      Type '(req: AuthRequest, res: Response, next: NextFunction) => Promise<Response<any, Record<string, any>> | undefined>' is not assignable to type 'RequestHandler<ParamsDictionary, any, any, ParsedQs, Record<string, any>>'.
        Types of parameters 'req' and 'req' are incompatible.
          Type 'Request<ParamsDictionary, any, any, ParsedQs, Record<string, any>>' is not assignable to type 'AuthRequest'.
            Types of property 'user' are incompatible.
              Type '{ id: string; email: string; role: string; name?: string | undefined; permissions?: string[] | undefined; } | undefined' is not assignable to type '{ id: string; email: string; role: string; permissions: any; } | undefined'.
                Type '{ id: string; email: string; role: string; name?: string | undefined; permissions?: string[] | undefined; }' is not assignable to type '{ id: string; email: string; role: string; permissions: any; }'.
                  Property 'permissions' is optional in type '{ id: string; email: string; role: string; name?: string | undefined; permissions?: string[] | undefined; }' but required in type '{ id: string; email: string; role: string; permissions: any; }'.
server/src/modules/projects/routes.ts(25,37): error TS2769: No overload matches this call.
  The last overload gave the following error.
    Argument of type '(req: AuthRequest, res: Response, next: NextFunction) => Promise<Response<any, Record<string, any>> | undefined>' is not assignable to parameter of type 'RequestHandlerParams<ParamsDictionary, any, any, ParsedQs, Record<string, any>>'.
      Type '(req: AuthRequest, res: Response, next: NextFunction) => Promise<Response<any, Record<string, any>> | undefined>' is not assignable to type 'RequestHandler<ParamsDictionary, any, any, ParsedQs, Record<string, any>>'.
        Types of parameters 'req' and 'req' are incompatible.
          Type 'Request<ParamsDictionary, any, any, ParsedQs, Record<string, any>>' is not assignable to type 'AuthRequest'.
            Types of property 'user' are incompatible.
              Type '{ id: string; email: string; role: string; name?: string | undefined; permissions?: string[] | undefined; } | undefined' is not assignable to type '{ id: string; email: string; role: string; permissions: any; } | undefined'.
                Type '{ id: string; email: string; role: string; name?: string | undefined; permissions?: string[] | undefined; }' is not assignable to type '{ id: string; email: string; role: string; permissions: any; }'.
                  Property 'permissions' is optional in type '{ id: string; email: string; role: string; name?: string | undefined; permissions?: string[] | undefined; }' but required in type '{ id: string; email: string; role: string; permissions: any; }'.
server/src/modules/templates/routes.ts(12,17): error TS2769: No overload matches this call.
  The last overload gave the following error.
    Argument of type '(req: AuthRequest, res: Response, next: NextFunction) => Promise<Response<any, Record<string, any>> | undefined>' is not assignable to parameter of type 'RequestHandlerParams<ParamsDictionary, any, any, ParsedQs, Record<string, any>>'.
      Type '(req: AuthRequest, res: Response, next: NextFunction) => Promise<Response<any, Record<string, any>> | undefined>' is not assignable to type 'RequestHandler<ParamsDictionary, any, any, ParsedQs, Record<string, any>>'.
        Types of parameters 'req' and 'req' are incompatible.
          Type 'Request<ParamsDictionary, any, any, ParsedQs, Record<string, any>>' is not assignable to type 'AuthRequest'.
            Types of property 'user' are incompatible.
              Type '{ id: string; email: string; role: string; name?: string | undefined; permissions?: string[] | undefined; } | undefined' is not assignable to type '{ id: string; email: string; role: string; permissions: any; } | undefined'.
                Type '{ id: string; email: string; role: string; name?: string | undefined; permissions?: string[] | undefined; }' is not assignable to type '{ id: string; email: string; role: string; permissions: any; }'.
                  Property 'permissions' is optional in type '{ id: string; email: string; role: string; name?: string | undefined; permissions?: string[] | undefined; }' but required in type '{ id: string; email: string; role: string; permissions: any; }'.
server/src/modules/templates/routes.ts(13,22): error TS2769: No overload matches this call.
  The last overload gave the following error.
    Argument of type '(req: AuthRequest, res: Response, next: NextFunction) => Promise<Response<any, Record<string, any>> | undefined>' is not assignable to parameter of type 'RequestHandlerParams<ParamsDictionary, any, any, ParsedQs, Record<string, any>>'.
      Type '(req: AuthRequest, res: Response, next: NextFunction) => Promise<Response<any, Record<string, any>> | undefined>' is not assignable to type 'RequestHandler<ParamsDictionary, any, any, ParsedQs, Record<string, any>>'.
        Types of parameters 'req' and 'req' are incompatible.
          Type 'Request<ParamsDictionary, any, any, ParsedQs, Record<string, any>>' is not assignable to type 'AuthRequest'.
            Types of property 'user' are incompatible.
              Type '{ id: string; email: string; role: string; name?: string | undefined; permissions?: string[] | undefined; } | undefined' is not assignable to type '{ id: string; email: string; role: string; permissions: any; } | undefined'.
                Type '{ id: string; email: string; role: string; name?: string | undefined; permissions?: string[] | undefined; }' is not assignable to type '{ id: string; email: string; role: string; permissions: any; }'.
                  Property 'permissions' is optional in type '{ id: string; email: string; role: string; name?: string | undefined; permissions?: string[] | undefined; }' but required in type '{ id: string; email: string; role: string; permissions: any; }'.
server/src/modules/templates/routes.ts(14,20): error TS2769: No overload matches this call.
  The last overload gave the following error.
    Argument of type '(req: AuthRequest, res: Response, next: NextFunction) => Promise<Response<any, Record<string, any>> | undefined>' is not assignable to parameter of type 'RequestHandlerParams<ParamsDictionary, any, any, ParsedQs, Record<string, any>>'.
      Type '(req: AuthRequest, res: Response, next: NextFunction) => Promise<Response<any, Record<string, any>> | undefined>' is not assignable to type 'RequestHandler<ParamsDictionary, any, any, ParsedQs, Record<string, any>>'.
        Types of parameters 'req' and 'req' are incompatible.
          Type 'Request<ParamsDictionary, any, any, ParsedQs, Record<string, any>>' is not assignable to type 'AuthRequest'.
            Types of property 'user' are incompatible.
              Type '{ id: string; email: string; role: string; name?: string | undefined; permissions?: string[] | undefined; } | undefined' is not assignable to type '{ id: string; email: string; role: string; permissions: any; } | undefined'.
                Type '{ id: string; email: string; role: string; name?: string | undefined; permissions?: string[] | undefined; }' is not assignable to type '{ id: string; email: string; role: string; permissions: any; }'.
                  Property 'permissions' is optional in type '{ id: string; email: string; role: string; name?: string | undefined; permissions?: string[] | undefined; }' but required in type '{ id: string; email: string; role: string; permissions: any; }'.
server/src/modules/templates/routes.ts(15,18): error TS2769: No overload matches this call.
  The last overload gave the following error.
    Argument of type '(req: AuthRequest, res: Response, next: NextFunction) => Promise<Response<any, Record<string, any>> | undefined>' is not assignable to parameter of type 'RequestHandlerParams<ParamsDictionary, any, any, ParsedQs, Record<string, any>>'.
      Type '(req: AuthRequest, res: Response, next: NextFunction) => Promise<Response<any, Record<string, any>> | undefined>' is not assignable to type 'RequestHandler<ParamsDictionary, any, any, ParsedQs, Record<string, any>>'.
        Types of parameters 'req' and 'req' are incompatible.
          Type 'Request<ParamsDictionary, any, any, ParsedQs, Record<string, any>>' is not assignable to type 'AuthRequest'.
            Types of property 'user' are incompatible.
              Type '{ id: string; email: string; role: string; name?: string | undefined; permissions?: string[] | undefined; } | undefined' is not assignable to type '{ id: string; email: string; role: string; permissions: any; } | undefined'.
                Type '{ id: string; email: string; role: string; name?: string | undefined; permissions?: string[] | undefined; }' is not assignable to type '{ id: string; email: string; role: string; permissions: any; }'.
                  Property 'permissions' is optional in type '{ id: string; email: string; role: string; name?: string | undefined; permissions?: string[] | undefined; }' but required in type '{ id: string; email: string; role: string; permissions: any; }'.
server/src/modules/templates/routes.ts(16,20): error TS2769: No overload matches this call.
  The last overload gave the following error.
    Argument of type '(req: AuthRequest, res: Response, next: NextFunction) => Promise<Response<any, Record<string, any>> | undefined>' is not assignable to parameter of type 'RequestHandlerParams<ParamsDictionary, any, any, ParsedQs, Record<string, any>>'.
      Type '(req: AuthRequest, res: Response, next: NextFunction) => Promise<Response<any, Record<string, any>> | undefined>' is not assignable to type 'RequestHandler<ParamsDictionary, any, any, ParsedQs, Record<string, any>>'.
        Types of parameters 'req' and 'req' are incompatible.
          Type 'Request<ParamsDictionary, any, any, ParsedQs, Record<string, any>>' is not assignable to type 'AuthRequest'.
            Types of property 'user' are incompatible.
              Type '{ id: string; email: string; role: string; name?: string | undefined; permissions?: string[] | undefined; } | undefined' is not assignable to type '{ id: string; email: string; role: string; permissions: any; } | undefined'.
                Type '{ id: string; email: string; role: string; name?: string | undefined; permissions?: string[] | undefined; }' is not assignable to type '{ id: string; email: string; role: string; permissions: any; }'.
                  Property 'permissions' is optional in type '{ id: string; email: string; role: string; name?: string | undefined; permissions?: string[] | undefined; }' but required in type '{ id: string; email: string; role: string; permissions: any; }'.
server/src/modules/templates/routes.ts(17,29): error TS2769: No overload matches this call.
  The last overload gave the following error.
    Argument of type '(req: AuthRequest, res: Response, next: NextFunction) => Promise<Response<any, Record<string, any>> | undefined>' is not assignable to parameter of type 'RequestHandlerParams<ParamsDictionary, any, any, ParsedQs, Record<string, any>>'.
      Type '(req: AuthRequest, res: Response, next: NextFunction) => Promise<Response<any, Record<string, any>> | undefined>' is not assignable to type 'RequestHandler<ParamsDictionary, any, any, ParsedQs, Record<string, any>>'.
        Types of parameters 'req' and 'req' are incompatible.
          Type 'Request<ParamsDictionary, any, any, ParsedQs, Record<string, any>>' is not assignable to type 'AuthRequest'.
            Types of property 'user' are incompatible.
              Type '{ id: string; email: string; role: string; name?: string | undefined; permissions?: string[] | undefined; } | undefined' is not assignable to type '{ id: string; email: string; role: string; permissions: any; } | undefined'.
                Type '{ id: string; email: string; role: string; name?: string | undefined; permissions?: string[] | undefined; }' is not assignable to type '{ id: string; email: string; role: string; permissions: any; }'.
                  Property 'permissions' is optional in type '{ id: string; email: string; role: string; name?: string | undefined; permissions?: string[] | undefined; }' but required in type '{ id: string; email: string; role: string; permissions: any; }'.
server/src/modules/templates/routes.ts(18,23): error TS2769: No overload matches this call.
  The last overload gave the following error.
    Argument of type '(req: AuthRequest, res: Response, next: NextFunction) => Promise<Response<any, Record<string, any>> | undefined>' is not assignable to parameter of type 'RequestHandlerParams<ParamsDictionary, any, any, ParsedQs, Record<string, any>>'.
      Type '(req: AuthRequest, res: Response, next: NextFunction) => Promise<Response<any, Record<string, any>> | undefined>' is not assignable to type 'RequestHandler<ParamsDictionary, any, any, ParsedQs, Record<string, any>>'.
        Types of parameters 'req' and 'req' are incompatible.
          Type 'Request<ParamsDictionary, any, any, ParsedQs, Record<string, any>>' is not assignable to type 'AuthRequest'.
            Types of property 'user' are incompatible.
              Type '{ id: string; email: string; role: string; name?: string | undefined; permissions?: string[] | undefined; } | undefined' is not assignable to type '{ id: string; email: string; role: string; permissions: any; } | undefined'.
                Type '{ id: string; email: string; role: string; name?: string | undefined; permissions?: string[] | undefined; }' is not assignable to type '{ id: string; email: string; role: string; permissions: any; }'.
                  Property 'permissions' is optional in type '{ id: string; email: string; role: string; name?: string | undefined; permissions?: string[] | undefined; }' but required in type '{ id: string; email: string; role: string; permissions: any; }'.
server/src/modules/templates/routes.ts(19,28): error TS2769: No overload matches this call.
  The last overload gave the following error.
    Argument of type '(req: AuthRequest, res: Response, next: NextFunction) => Promise<Response<any, Record<string, any>> | undefined>' is not assignable to parameter of type 'RequestHandlerParams<ParamsDictionary, any, any, ParsedQs, Record<string, any>>'.
      Type '(req: AuthRequest, res: Response, next: NextFunction) => Promise<Response<any, Record<string, any>> | undefined>' is not assignable to type 'RequestHandler<ParamsDictionary, any, any, ParsedQs, Record<string, any>>'.
        Types of parameters 'req' and 'req' are incompatible.
          Type 'Request<ParamsDictionary, any, any, ParsedQs, Record<string, any>>' is not assignable to type 'AuthRequest'.
            Types of property 'user' are incompatible.
              Type '{ id: string; email: string; role: string; name?: string | undefined; permissions?: string[] | undefined; } | undefined' is not assignable to type '{ id: string; email: string; role: string; permissions: any; } | undefined'.
                Type '{ id: string; email: string; role: string; name?: string | undefined; permissions?: string[] | undefined; }' is not assignable to type '{ id: string; email: string; role: string; permissions: any; }'.
                  Property 'permissions' is optional in type '{ id: string; email: string; role: string; name?: string | undefined; permissions?: string[] | undefined; }' but required in type '{ id: string; email: string; role: string; permissions: any; }'.
server/src/modules/templates/routes.ts(22,40): error TS2769: No overload matches this call.
  The last overload gave the following error.
    Argument of type '(req: AuthRequest, res: Response, next: NextFunction) => Promise<Response<any, Record<string, any>> | undefined>' is not assignable to parameter of type 'RequestHandlerParams<ParamsDictionary, any, any, ParsedQs, Record<string, any>>'.
      Type '(req: AuthRequest, res: Response, next: NextFunction) => Promise<Response<any, Record<string, any>> | undefined>' is not assignable to type 'RequestHandler<ParamsDictionary, any, any, ParsedQs, Record<string, any>>'.
        Types of parameters 'req' and 'req' are incompatible.
          Type 'Request<ParamsDictionary, any, any, ParsedQs, Record<string, any>>' is not assignable to type 'AuthRequest'.
            Types of property 'user' are incompatible.
              Type '{ id: string; email: string; role: string; name?: string | undefined; permissions?: string[] | undefined; } | undefined' is not assignable to type '{ id: string; email: string; role: string; permissions: any; } | undefined'.
                Type '{ id: string; email: string; role: string; name?: string | undefined; permissions?: string[] | undefined; }' is not assignable to type '{ id: string; email: string; role: string; permissions: any; }'.
                  Property 'permissions' is optional in type '{ id: string; email: string; role: string; name?: string | undefined; permissions?: string[] | undefined; }' but required in type '{ id: string; email: string; role: string; permissions: any; }'.
server/src/modules/templates/routes.ts(23,41): error TS2769: No overload matches this call.
  The last overload gave the following error.
    Argument of type '(req: AuthRequest, res: Response, next: NextFunction) => Promise<Response<any, Record<string, any>> | undefined>' is not assignable to parameter of type 'RequestHandlerParams<ParamsDictionary, any, any, ParsedQs, Record<string, any>>'.
      Type '(req: AuthRequest, res: Response, next: NextFunction) => Promise<Response<any, Record<string, any>> | undefined>' is not assignable to type 'RequestHandler<ParamsDictionary, any, any, ParsedQs, Record<string, any>>'.
        Types of parameters 'req' and 'req' are incompatible.
          Type 'Request<ParamsDictionary, any, any, ParsedQs, Record<string, any>>' is not assignable to type 'AuthRequest'.
            Types of property 'user' are incompatible.
              Type '{ id: string; email: string; role: string; name?: string | undefined; permissions?: string[] | undefined; } | undefined' is not assignable to type '{ id: string; email: string; role: string; permissions: any; } | undefined'.
                Type '{ id: string; email: string; role: string; name?: string | undefined; permissions?: string[] | undefined; }' is not assignable to type '{ id: string; email: string; role: string; permissions: any; }'.
                  Property 'permissions' is optional in type '{ id: string; email: string; role: string; name?: string | undefined; permissions?: string[] | undefined; }' but required in type '{ id: string; email: string; role: string; permissions: any; }'.
server/src/modules/templates/routes.ts(24,27): error TS2769: No overload matches this call.
  The last overload gave the following error.
    Argument of type '(req: AuthRequest, res: Response, next: NextFunction) => Promise<Response<any, Record<string, any>> | undefined>' is not assignable to parameter of type 'RequestHandlerParams<ParamsDictionary, any, any, ParsedQs, Record<string, any>>'.
      Type '(req: AuthRequest, res: Response, next: NextFunction) => Promise<Response<any, Record<string, any>> | undefined>' is not assignable to type 'RequestHandler<ParamsDictionary, any, any, ParsedQs, Record<string, any>>'.
        Types of parameters 'req' and 'req' are incompatible.
          Type 'Request<ParamsDictionary, any, any, ParsedQs, Record<string, any>>' is not assignable to type 'AuthRequest'.
            Types of property 'user' are incompatible.
              Type '{ id: string; email: string; role: string; name?: string | undefined; permissions?: string[] | undefined; } | undefined' is not assignable to type '{ id: string; email: string; role: string; permissions: any; } | undefined'.
                Type '{ id: string; email: string; role: string; name?: string | undefined; permissions?: string[] | undefined; }' is not assignable to type '{ id: string; email: string; role: string; permissions: any; }'.
                  Property 'permissions' is optional in type '{ id: string; email: string; role: string; name?: string | undefined; permissions?: string[] | undefined; }' but required in type '{ id: string; email: string; role: string; permissions: any; }'.
server/src/modules/templates/routes.ts(25,25): error TS2769: No overload matches this call.
  The last overload gave the following error.
    Argument of type '(req: AuthRequest, res: Response, next: NextFunction) => Promise<Response<any, Record<string, any>> | undefined>' is not assignable to parameter of type 'RequestHandlerParams<ParamsDictionary, any, any, ParsedQs, Record<string, any>>'.
      Type '(req: AuthRequest, res: Response, next: NextFunction) => Promise<Response<any, Record<string, any>> | undefined>' is not assignable to type 'RequestHandler<ParamsDictionary, any, any, ParsedQs, Record<string, any>>'.
        Types of parameters 'req' and 'req' are incompatible.
          Type 'Request<ParamsDictionary, any, any, ParsedQs, Record<string, any>>' is not assignable to type 'AuthRequest'.
            Types of property 'user' are incompatible.
              Type '{ id: string; email: string; role: string; name?: string | undefined; permissions?: string[] | undefined; } | undefined' is not assignable to type '{ id: string; email: string; role: string; permissions: any; } | undefined'.
                Type '{ id: string; email: string; role: string; name?: string | undefined; permissions?: string[] | undefined; }' is not assignable to type '{ id: string; email: string; role: string; permissions: any; }'.
                  Property 'permissions' is optional in type '{ id: string; email: string; role: string; name?: string | undefined; permissions?: string[] | undefined; }' but required in type '{ id: string; email: string; role: string; permissions: any; }'.
server/src/modules/templates/routes.ts(26,29): error TS2769: No overload matches this call.
  The last overload gave the following error.
    Argument of type '(req: AuthRequest, res: Response, next: NextFunction) => Promise<Response<any, Record<string, any>> | undefined>' is not assignable to parameter of type 'RequestHandlerParams<ParamsDictionary, any, any, ParsedQs, Record<string, any>>'.
      Type '(req: AuthRequest, res: Response, next: NextFunction) => Promise<Response<any, Record<string, any>> | undefined>' is not assignable to type 'RequestHandler<ParamsDictionary, any, any, ParsedQs, Record<string, any>>'.
        Types of parameters 'req' and 'req' are incompatible.
          Type 'Request<ParamsDictionary, any, any, ParsedQs, Record<string, any>>' is not assignable to type 'AuthRequest'.
            Types of property 'user' are incompatible.
              Type '{ id: string; email: string; role: string; name?: string | undefined; permissions?: string[] | undefined; } | undefined' is not assignable to type '{ id: string; email: string; role: string; permissions: any; } | undefined'.
                Type '{ id: string; email: string; role: string; name?: string | undefined; permissions?: string[] | undefined; }' is not assignable to type '{ id: string; email: string; role: string; permissions: any; }'.
                  Property 'permissions' is optional in type '{ id: string; email: string; role: string; name?: string | undefined; permissions?: string[] | undefined; }' but required in type '{ id: string; email: string; role: string; permissions: any; }'.
server/src/modules/templates/routes.ts(27,29): error TS2769: No overload matches this call.
  The last overload gave the following error.
    Argument of type '(req: AuthRequest, res: Response, next: NextFunction) => Promise<Response<any, Record<string, any>> | undefined>' is not assignable to parameter of type 'RequestHandlerParams<ParamsDictionary, any, any, ParsedQs, Record<string, any>>'.
      Type '(req: AuthRequest, res: Response, next: NextFunction) => Promise<Response<any, Record<string, any>> | undefined>' is not assignable to type 'RequestHandler<ParamsDictionary, any, any, ParsedQs, Record<string, any>>'.
        Types of parameters 'req' and 'req' are incompatible.
          Type 'Request<ParamsDictionary, any, any, ParsedQs, Record<string, any>>' is not assignable to type 'AuthRequest'.
            Types of property 'user' are incompatible.
              Type '{ id: string; email: string; role: string; name?: string | undefined; permissions?: string[] | undefined; } | undefined' is not assignable to type '{ id: string; email: string; role: string; permissions: any; } | undefined'.
                Type '{ id: string; email: string; role: string; name?: string | undefined; permissions?: string[] | undefined; }' is not assignable to type '{ id: string; email: string; role: string; permissions: any; }'.
                  Property 'permissions' is optional in type '{ id: string; email: string; role: string; name?: string | undefined; permissions?: string[] | undefined; }' but required in type '{ id: string; email: string; role: string; permissions: any; }'.
server/src/modules/templates/routes.ts(28,40): error TS2769: No overload matches this call.
  The last overload gave the following error.
    Argument of type '(req: AuthRequest, res: Response, next: NextFunction) => Promise<Response<any, Record<string, any>> | undefined>' is not assignable to parameter of type 'RequestHandlerParams<ParamsDictionary, any, any, ParsedQs, Record<string, any>>'.
      Type '(req: AuthRequest, res: Response, next: NextFunction) => Promise<Response<any, Record<string, any>> | undefined>' is not assignable to type 'RequestHandler<ParamsDictionary, any, any, ParsedQs, Record<string, any>>'.
        Types of parameters 'req' and 'req' are incompatible.
          Type 'Request<ParamsDictionary, any, any, ParsedQs, Record<string, any>>' is not assignable to type 'AuthRequest'.
            Types of property 'user' are incompatible.
              Type '{ id: string; email: string; role: string; name?: string | undefined; permissions?: string[] | undefined; } | undefined' is not assignable to type '{ id: string; email: string; role: string; permissions: any; } | undefined'.
                Type '{ id: string; email: string; role: string; name?: string | undefined; permissions?: string[] | undefined; }' is not assignable to type '{ id: string; email: string; role: string; permissions: any; }'.
                  Property 'permissions' is optional in type '{ id: string; email: string; role: string; name?: string | undefined; permissions?: string[] | undefined; }' but required in type '{ id: string; email: string; role: string; permissions: any; }'.
server/src/modules/templates/routes.ts(31,29): error TS2769: No overload matches this call.
  The last overload gave the following error.
    Argument of type '(req: AuthRequest, res: Response, next: NextFunction) => Promise<Response<any, Record<string, any>> | undefined>' is not assignable to parameter of type 'RequestHandlerParams<ParamsDictionary, any, any, ParsedQs, Record<string, any>>'.
      Type '(req: AuthRequest, res: Response, next: NextFunction) => Promise<Response<any, Record<string, any>> | undefined>' is not assignable to type 'RequestHandler<ParamsDictionary, any, any, ParsedQs, Record<string, any>>'.
        Types of parameters 'req' and 'req' are incompatible.
          Type 'Request<ParamsDictionary, any, any, ParsedQs, Record<string, any>>' is not assignable to type 'AuthRequest'.
            Types of property 'user' are incompatible.
              Type '{ id: string; email: string; role: string; name?: string | undefined; permissions?: string[] | undefined; } | undefined' is not assignable to type '{ id: string; email: string; role: string; permissions: any; } | undefined'.
                Type '{ id: string; email: string; role: string; name?: string | undefined; permissions?: string[] | undefined; }' is not assignable to type '{ id: string; email: string; role: string; permissions: any; }'.
                  Property 'permissions' is optional in type '{ id: string; email: string; role: string; name?: string | undefined; permissions?: string[] | undefined; }' but required in type '{ id: string; email: string; role: string; permissions: any; }'.
server/src/modules/templates/routes.ts(32,28): error TS2769: No overload matches this call.
  The last overload gave the following error.
    Argument of type '(req: AuthRequest, res: Response, next: NextFunction) => Promise<Response<any, Record<string, any>> | undefined>' is not assignable to parameter of type 'RequestHandlerParams<ParamsDictionary, any, any, ParsedQs, Record<string, any>>'.
      Type '(req: AuthRequest, res: Response, next: NextFunction) => Promise<Response<any, Record<string, any>> | undefined>' is not assignable to type 'RequestHandler<ParamsDictionary, any, any, ParsedQs, Record<string, any>>'.
        Types of parameters 'req' and 'req' are incompatible.
          Type 'Request<ParamsDictionary, any, any, ParsedQs, Record<string, any>>' is not assignable to type 'AuthRequest'.
            Types of property 'user' are incompatible.
              Type '{ id: string; email: string; role: string; name?: string | undefined; permissions?: string[] | undefined; } | undefined' is not assignable to type '{ id: string; email: string; role: string; permissions: any; } | undefined'.
                Type '{ id: string; email: string; role: string; name?: string | undefined; permissions?: string[] | undefined; }' is not assignable to type '{ id: string; email: string; role: string; permissions: any; }'.
                  Property 'permissions' is optional in type '{ id: string; email: string; role: string; name?: string | undefined; permissions?: string[] | undefined; }' but required in type '{ id: string; email: string; role: string; permissions: any; }'.
server/src/modules/templates/routes.ts(33,32): error TS2769: No overload matches this call.
  The last overload gave the following error.
    Argument of type '(req: AuthRequest, res: Response, next: NextFunction) => Promise<Response<any, Record<string, any>> | undefined>' is not assignable to parameter of type 'RequestHandlerParams<ParamsDictionary, any, any, ParsedQs, Record<string, any>>'.
      Type '(req: AuthRequest, res: Response, next: NextFunction) => Promise<Response<any, Record<string, any>> | undefined>' is not assignable to type 'RequestHandler<ParamsDictionary, any, any, ParsedQs, Record<string, any>>'.
        Types of parameters 'req' and 'req' are incompatible.
          Type 'Request<ParamsDictionary, any, any, ParsedQs, Record<string, any>>' is not assignable to type 'AuthRequest'.
            Types of property 'user' are incompatible.
              Type '{ id: string; email: string; role: string; name?: string | undefined; permissions?: string[] | undefined; } | undefined' is not assignable to type '{ id: string; email: string; role: string; permissions: any; } | undefined'.
                Type '{ id: string; email: string; role: string; name?: string | undefined; permissions?: string[] | undefined; }' is not assignable to type '{ id: string; email: string; role: string; permissions: any; }'.
                  Property 'permissions' is optional in type '{ id: string; email: string; role: string; name?: string | undefined; permissions?: string[] | undefined; }' but required in type '{ id: string; email: string; role: string; permissions: any; }'.
server/src/modules/templates/routes.ts(34,27): error TS2769: No overload matches this call.
  The last overload gave the following error.
    Argument of type '(req: AuthRequest, res: Response, next: NextFunction) => Promise<Response<any, Record<string, any>> | undefined>' is not assignable to parameter of type 'RequestHandlerParams<ParamsDictionary, any, any, ParsedQs, Record<string, any>>'.
      Type '(req: AuthRequest, res: Response, next: NextFunction) => Promise<Response<any, Record<string, any>> | undefined>' is not assignable to type 'RequestHandler<ParamsDictionary, any, any, ParsedQs, Record<string, any>>'.
        Types of parameters 'req' and 'req' are incompatible.
          Type 'Request<ParamsDictionary, any, any, ParsedQs, Record<string, any>>' is not assignable to type 'AuthRequest'.
            Types of property 'user' are incompatible.
              Type '{ id: string; email: string; role: string; name?: string | undefined; permissions?: string[] | undefined; } | undefined' is not assignable to type '{ id: string; email: string; role: string; permissions: any; } | undefined'.
                Type '{ id: string; email: string; role: string; name?: string | undefined; permissions?: string[] | undefined; }' is not assignable to type '{ id: string; email: string; role: string; permissions: any; }'.
                  Property 'permissions' is optional in type '{ id: string; email: string; role: string; name?: string | undefined; permissions?: string[] | undefined; }' but required in type '{ id: string; email: string; role: string; permissions: any; }'.
server/src/modules/templates/routes.ts(35,32): error TS2769: No overload matches this call.
  The last overload gave the following error.
    Argument of type '(req: AuthRequest, res: Response, next: NextFunction) => Promise<Response<any, Record<string, any>> | undefined>' is not assignable to parameter of type 'RequestHandlerParams<ParamsDictionary, any, any, ParsedQs, Record<string, any>>'.
      Type '(req: AuthRequest, res: Response, next: NextFunction) => Promise<Response<any, Record<string, any>> | undefined>' is not assignable to type 'RequestHandler<ParamsDictionary, any, any, ParsedQs, Record<string, any>>'.
        Types of parameters 'req' and 'req' are incompatible.
          Type 'Request<ParamsDictionary, any, any, ParsedQs, Record<string, any>>' is not assignable to type 'AuthRequest'.
            Types of property 'user' are incompatible.
              Type '{ id: string; email: string; role: string; name?: string | undefined; permissions?: string[] | undefined; } | undefined' is not assignable to type '{ id: string; email: string; role: string; permissions: any; } | undefined'.
                Type '{ id: string; email: string; role: string; name?: string | undefined; permissions?: string[] | undefined; }' is not assignable to type '{ id: string; email: string; role: string; permissions: any; }'.
                  Property 'permissions' is optional in type '{ id: string; email: string; role: string; name?: string | undefined; permissions?: string[] | undefined; }' but required in type '{ id: string; email: string; role: string; permissions: any; }'.
server/src/modules/templates/routes.ts(38,36): error TS2769: No overload matches this call.
  The last overload gave the following error.
    Argument of type '(req: AuthRequest, res: Response, next: NextFunction) => Promise<Response<any, Record<string, any>> | undefined>' is not assignable to parameter of type 'RequestHandlerParams<ParamsDictionary, any, any, ParsedQs, Record<string, any>>'.
      Type '(req: AuthRequest, res: Response, next: NextFunction) => Promise<Response<any, Record<string, any>> | undefined>' is not assignable to type 'RequestHandler<ParamsDictionary, any, any, ParsedQs, Record<string, any>>'.
        Types of parameters 'req' and 'req' are incompatible.
          Type 'Request<ParamsDictionary, any, any, ParsedQs, Record<string, any>>' is not assignable to type 'AuthRequest'.
            Types of property 'user' are incompatible.
              Type '{ id: string; email: string; role: string; name?: string | undefined; permissions?: string[] | undefined; } | undefined' is not assignable to type '{ id: string; email: string; role: string; permissions: any; } | undefined'.
                Type '{ id: string; email: string; role: string; name?: string | undefined; permissions?: string[] | undefined; }' is not assignable to type '{ id: string; email: string; role: string; permissions: any; }'.
                  Property 'permissions' is optional in type '{ id: string; email: string; role: string; name?: string | undefined; permissions?: string[] | undefined; }' but required in type '{ id: string; email: string; role: string; permissions: any; }'.
server/src/modules/templates/routes.ts(39,27): error TS2769: No overload matches this call.
  The last overload gave the following error.
    Argument of type '(req: AuthRequest, res: Response, next: NextFunction) => Promise<Response<any, Record<string, any>> | undefined>' is not assignable to parameter of type 'RequestHandlerParams<ParamsDictionary, any, any, ParsedQs, Record<string, any>>'.
      Type '(req: AuthRequest, res: Response, next: NextFunction) => Promise<Response<any, Record<string, any>> | undefined>' is not assignable to type 'RequestHandler<ParamsDictionary, any, any, ParsedQs, Record<string, any>>'.
        Types of parameters 'req' and 'req' are incompatible.
          Type 'Request<ParamsDictionary, any, any, ParsedQs, Record<string, any>>' is not assignable to type 'AuthRequest'.
            Types of property 'user' are incompatible.
              Type '{ id: string; email: string; role: string; name?: string | undefined; permissions?: string[] | undefined; } | undefined' is not assignable to type '{ id: string; email: string; role: string; permissions: any; } | undefined'.
                Type '{ id: string; email: string; role: string; name?: string | undefined; permissions?: string[] | undefined; }' is not assignable to type '{ id: string; email: string; role: string; permissions: any; }'.
                  Property 'permissions' is optional in type '{ id: string; email: string; role: string; name?: string | undefined; permissions?: string[] | undefined; }' but required in type '{ id: string; email: string; role: string; permissions: any; }'.
server/src/modules/templates/routes.ts(40,39): error TS2769: No overload matches this call.
  The last overload gave the following error.
    Argument of type '(req: AuthRequest, res: Response, next: NextFunction) => Promise<Response<any, Record<string, any>> | undefined>' is not assignable to parameter of type 'RequestHandlerParams<ParamsDictionary, any, any, ParsedQs, Record<string, any>>'.
      Type '(req: AuthRequest, res: Response, next: NextFunction) => Promise<Response<any, Record<string, any>> | undefined>' is not assignable to type 'RequestHandler<ParamsDictionary, any, any, ParsedQs, Record<string, any>>'.
        Types of parameters 'req' and 'req' are incompatible.
          Type 'Request<ParamsDictionary, any, any, ParsedQs, Record<string, any>>' is not assignable to type 'AuthRequest'.
            Types of property 'user' are incompatible.
              Type '{ id: string; email: string; role: string; name?: string | undefined; permissions?: string[] | undefined; } | undefined' is not assignable to type '{ id: string; email: string; role: string; permissions: any; } | undefined'.
                Type '{ id: string; email: string; role: string; name?: string | undefined; permissions?: string[] | undefined; }' is not assignable to type '{ id: string; email: string; role: string; permissions: any; }'.
                  Property 'permissions' is optional in type '{ id: string; email: string; role: string; name?: string | undefined; permissions?: string[] | undefined; }' but required in type '{ id: string; email: string; role: string; permissions: any; }'.
server/src/modules/templates/routes.ts(43,35): error TS2769: No overload matches this call.
  The last overload gave the following error.
    Argument of type '(req: AuthRequest, res: Response, next: NextFunction) => Promise<Response<any, Record<string, any>> | undefined>' is not assignable to parameter of type 'RequestHandlerParams<ParamsDictionary, any, any, ParsedQs, Record<string, any>>'.
      Type '(req: AuthRequest, res: Response, next: NextFunction) => Promise<Response<any, Record<string, any>> | undefined>' is not assignable to type 'RequestHandler<ParamsDictionary, any, any, ParsedQs, Record<string, any>>'.
        Types of parameters 'req' and 'req' are incompatible.
          Type 'Request<ParamsDictionary, any, any, ParsedQs, Record<string, any>>' is not assignable to type 'AuthRequest'.
            Types of property 'user' are incompatible.
              Type '{ id: string; email: string; role: string; name?: string | undefined; permissions?: string[] | undefined; } | undefined' is not assignable to type '{ id: string; email: string; role: string; permissions: any; } | undefined'.
                Type '{ id: string; email: string; role: string; name?: string | undefined; permissions?: string[] | undefined; }' is not assignable to type '{ id: string; email: string; role: string; permissions: any; }'.
                  Property 'permissions' is optional in type '{ id: string; email: string; role: string; name?: string | undefined; permissions?: string[] | undefined; }' but required in type '{ id: string; email: string; role: string; permissions: any; }'.
server/src/modules/templates/routes.ts(44,51): error TS2769: No overload matches this call.
  The last overload gave the following error.
    Argument of type '(req: AuthRequest, res: Response, next: NextFunction) => Promise<Response<any, Record<string, any>> | undefined>' is not assignable to parameter of type 'RequestHandlerParams<ParamsDictionary, any, any, ParsedQs, Record<string, any>>'.
      Type '(req: AuthRequest, res: Response, next: NextFunction) => Promise<Response<any, Record<string, any>> | undefined>' is not assignable to type 'RequestHandler<ParamsDictionary, any, any, ParsedQs, Record<string, any>>'.
        Types of parameters 'req' and 'req' are incompatible.
          Type 'Request<ParamsDictionary, any, any, ParsedQs, Record<string, any>>' is not assignable to type 'AuthRequest'.
            Types of property 'user' are incompatible.
              Type '{ id: string; email: string; role: string; name?: string | undefined; permissions?: string[] | undefined; } | undefined' is not assignable to type '{ id: string; email: string; role: string; permissions: any; } | undefined'.
                Type '{ id: string; email: string; role: string; name?: string | undefined; permissions?: string[] | undefined; }' is not assignable to type '{ id: string; email: string; role: string; permissions: any; }'.
                  Property 'permissions' is optional in type '{ id: string; email: string; role: string; name?: string | undefined; permissions?: string[] | undefined; }' but required in type '{ id: string; email: string; role: string; permissions: any; }'.
server/src/modules/templates/routes.ts(45,56): error TS2769: No overload matches this call.
  The last overload gave the following error.
    Argument of type '(req: AuthRequest, res: Response, next: NextFunction) => Promise<Response<any, Record<string, any>> | undefined>' is not assignable to parameter of type 'RequestHandlerParams<ParamsDictionary, any, any, ParsedQs, Record<string, any>>'.
      Type '(req: AuthRequest, res: Response, next: NextFunction) => Promise<Response<any, Record<string, any>> | undefined>' is not assignable to type 'RequestHandler<ParamsDictionary, any, any, ParsedQs, Record<string, any>>'.
        Types of parameters 'req' and 'req' are incompatible.
          Type 'Request<ParamsDictionary, any, any, ParsedQs, Record<string, any>>' is not assignable to type 'AuthRequest'.
            Types of property 'user' are incompatible.
              Type '{ id: string; email: string; role: string; name?: string | undefined; permissions?: string[] | undefined; } | undefined' is not assignable to type '{ id: string; email: string; role: string; permissions: any; } | undefined'.
                Type '{ id: string; email: string; role: string; name?: string | undefined; permissions?: string[] | undefined; }' is not assignable to type '{ id: string; email: string; role: string; permissions: any; }'.
                  Property 'permissions' is optional in type '{ id: string; email: string; role: string; name?: string | undefined; permissions?: string[] | undefined; }' but required in type '{ id: string; email: string; role: string; permissions: any; }'.
server/src/modules/templates/routes.ts(46,64): error TS2769: No overload matches this call.
  The last overload gave the following error.
    Argument of type '(req: AuthRequest, res: Response, next: NextFunction) => Promise<Response<any, Record<string, any>> | undefined>' is not assignable to parameter of type 'RequestHandlerParams<ParamsDictionary, any, any, ParsedQs, Record<string, any>>'.
      Type '(req: AuthRequest, res: Response, next: NextFunction) => Promise<Response<any, Record<string, any>> | undefined>' is not assignable to type 'RequestHandler<ParamsDictionary, any, any, ParsedQs, Record<string, any>>'.
        Types of parameters 'req' and 'req' are incompatible.
          Type 'Request<ParamsDictionary, any, any, ParsedQs, Record<string, any>>' is not assignable to type 'AuthRequest'.
            Types of property 'user' are incompatible.
              Type '{ id: string; email: string; role: string; name?: string | undefined; permissions?: string[] | undefined; } | undefined' is not assignable to type '{ id: string; email: string; role: string; permissions: any; } | undefined'.
                Type '{ id: string; email: string; role: string; name?: string | undefined; permissions?: string[] | undefined; }' is not assignable to type '{ id: string; email: string; role: string; permissions: any; }'.
                  Property 'permissions' is optional in type '{ id: string; email: string; role: string; name?: string | undefined; permissions?: string[] | undefined; }' but required in type '{ id: string; email: string; role: string; permissions: any; }'.
server/src/modules/templates/routes.ts(47,39): error TS2769: No overload matches this call.
  The last overload gave the following error.
    Argument of type '(req: AuthRequest, res: Response, next: NextFunction) => Promise<Response<any, Record<string, any>> | undefined>' is not assignable to parameter of type 'RequestHandlerParams<ParamsDictionary, any, any, ParsedQs, Record<string, any>>'.
      Type '(req: AuthRequest, res: Response, next: NextFunction) => Promise<Response<any, Record<string, any>> | undefined>' is not assignable to type 'RequestHandler<ParamsDictionary, any, any, ParsedQs, Record<string, any>>'.
        Types of parameters 'req' and 'req' are incompatible.
          Type 'Request<ParamsDictionary, any, any, ParsedQs, Record<string, any>>' is not assignable to type 'AuthRequest'.
            Types of property 'user' are incompatible.
              Type '{ id: string; email: string; role: string; name?: string | undefined; permissions?: string[] | undefined; } | undefined' is not assignable to type '{ id: string; email: string; role: string; permissions: any; } | undefined'.
                Type '{ id: string; email: string; role: string; name?: string | undefined; permissions?: string[] | undefined; }' is not assignable to type '{ id: string; email: string; role: string; permissions: any; }'.
                  Property 'permissions' is optional in type '{ id: string; email: string; role: string; name?: string | undefined; permissions?: string[] | undefined; }' but required in type '{ id: string; email: string; role: string; permissions: any; }'.
server/src/modules/templates/routes.ts(48,49): error TS2769: No overload matches this call.
  The last overload gave the following error.
    Argument of type '(req: AuthRequest, res: Response, next: NextFunction) => Promise<Response<any, Record<string, any>> | undefined>' is not assignable to parameter of type 'RequestHandlerParams<ParamsDictionary, any, any, ParsedQs, Record<string, any>>'.
      Type '(req: AuthRequest, res: Response, next: NextFunction) => Promise<Response<any, Record<string, any>> | undefined>' is not assignable to type 'RequestHandler<ParamsDictionary, any, any, ParsedQs, Record<string, any>>'.
        Types of parameters 'req' and 'req' are incompatible.
          Type 'Request<ParamsDictionary, any, any, ParsedQs, Record<string, any>>' is not assignable to type 'AuthRequest'.
            Types of property 'user' are incompatible.
              Type '{ id: string; email: string; role: string; name?: string | undefined; permissions?: string[] | undefined; } | undefined' is not assignable to type '{ id: string; email: string; role: string; permissions: any; } | undefined'.
                Type '{ id: string; email: string; role: string; name?: string | undefined; permissions?: string[] | undefined; }' is not assignable to type '{ id: string; email: string; role: string; permissions: any; }'.
                  Property 'permissions' is optional in type '{ id: string; email: string; role: string; name?: string | undefined; permissions?: string[] | undefined; }' but required in type '{ id: string; email: string; role: string; permissions: any; }'.
server/src/modules/variableResolution/analyzers/variableAnalyzer.ts(36,16): error TS18046: 'error' is of type 'unknown'.
server/src/modules/variableResolution/analyzers/variableAnalyzer.ts(70,16): error TS18046: 'error' is of type 'unknown'.
server/src/modules/variableResolution/cache/resolutionCache.ts(49,16): error TS18046: 'error' is of type 'unknown'.
server/src/modules/variableResolution/cache/resolutionCache.ts(71,16): error TS18046: 'error' is of type 'unknown'.
server/src/modules/variableResolution/cache/resolutionCache.ts(102,16): error TS18046: 'error' is of type 'unknown'.
server/src/modules/variableResolution/cache/resolutionCache.ts(136,16): error TS18046: 'error' is of type 'unknown'.
server/src/modules/variableResolution/cache/resolutionCache.ts(160,16): error TS18046: 'error' is of type 'unknown'.
server/src/modules/variableResolution/cache/resolutionCache.ts(175,16): error TS18046: 'error' is of type 'unknown'.
server/src/modules/variableResolution/cache/resolutionCache.ts(186,16): error TS18046: 'error' is of type 'unknown'.
server/src/modules/variableResolution/enrichers/contextEnricher.ts(54,16): error TS18046: 'error' is of type 'unknown'.
server/src/modules/variableResolution/metrics/resolutionMetricsCollector.ts(59,16): error TS18046: 'error' is of type 'unknown'.
server/src/modules/variableResolution/metrics/resolutionMetricsCollector.ts(122,16): error TS18046: 'error' is of type 'unknown'.
server/src/modules/variableResolution/metrics/resolutionMetricsCollector.ts(153,16): error TS18046: 'error' is of type 'unknown'.
server/src/modules/variableResolution/metrics/resolutionMetricsCollector.ts(175,16): error TS18046: 'error' is of type 'unknown'.
server/src/modules/variableResolution/metrics/resolutionMetricsCollector.ts(198,16): error TS18046: 'error' is of type 'unknown'.
server/src/modules/variableResolution/metrics/resolutionMetricsCollector.ts(226,16): error TS18046: 'error' is of type 'unknown'.
server/src/modules/variableResolution/metrics/resolutionMetricsCollector.ts(254,16): error TS18046: 'error' is of type 'unknown'.
server/src/modules/variableResolution/strategies/aiGenerationStrategy.ts(79,16): error TS18046: 'error' is of type 'unknown'.
server/src/modules/variableResolution/strategies/aiGenerationStrategy.ts(194,16): error TS18046: 'error' is of type 'unknown'.
server/src/modules/variableResolution/strategies/aiGenerationStrategy.ts(250,16): error TS18046: 'error' is of type 'unknown'.
server/src/modules/variableResolution/strategies/computedValueStrategy.ts(69,16): error TS18046: 'error' is of type 'unknown'.
server/src/modules/variableResolution/strategies/computedValueStrategy.ts(111,16): error TS18046: 'error' is of type 'unknown'.
server/src/modules/variableResolution/strategies/computedValueStrategy.ts(172,16): error TS18046: 'error' is of type 'unknown'.
server/src/modules/variableResolution/strategies/conditionalLogicStrategy.ts(69,16): error TS18046: 'error' is of type 'unknown'.
server/src/modules/variableResolution/strategies/conditionalLogicStrategy.ts(178,16): error TS18046: 'error' is of type 'unknown'.
server/src/modules/variableResolution/strategies/conditionalLogicStrategy.ts(197,16): error TS18046: 'error' is of type 'unknown'.
server/src/modules/variableResolution/strategies/conditionalLogicStrategy.ts(261,16): error TS18046: 'error' is of type 'unknown'.
server/src/modules/variableResolution/strategies/contextExtractionStrategy.ts(121,16): error TS18046: 'error' is of type 'unknown'.
server/src/modules/variableResolution/strategies/databaseQueryStrategy.ts(74,16): error TS18046: 'error' is of type 'unknown'.
server/src/modules/variableResolution/strategies/databaseQueryStrategy.ts(127,16): error TS18046: 'error' is of type 'unknown'.
server/src/modules/variableResolution/strategies/defaultValueStrategy.ts(62,16): error TS18046: 'error' is of type 'unknown'.
server/src/modules/variableResolution/strategies/defaultValueStrategy.ts(124,16): error TS18046: 'error' is of type 'unknown'.
server/src/modules/variableResolution/strategies/externalApiStrategy.ts(73,16): error TS18046: 'error' is of type 'unknown'.
server/src/modules/variableResolution/strategies/externalApiStrategy.ts(156,16): error TS18046: 'error' is of type 'unknown'.
server/src/modules/variableResolution/strategies/fileContentStrategy.ts(75,16): error TS18046: 'error' is of type 'unknown'.
server/src/modules/variableResolution/strategies/fileContentStrategy.ts(117,16): error TS18046: 'error' is of type 'unknown'.
server/src/modules/variableResolution/strategies/fileContentStrategy.ts(182,16): error TS18046: 'error' is of type 'unknown'.
server/src/modules/variableResolution/strategies/fileContentStrategy.ts(207,16): error TS18046: 'error' is of type 'unknown'.
server/src/modules/variableResolution/strategies/fileContentStrategy.ts(228,16): error TS18046: 'error' is of type 'unknown'.
server/src/modules/variableResolution/strategies/fileContentStrategy.ts(260,16): error TS18046: 'error' is of type 'unknown'.
server/src/modules/variableResolution/strategies/fileContentStrategy.ts(279,16): error TS18046: 'error' is of type 'unknown'.
server/src/modules/variableResolution/strategies/templateInheritanceStrategy.ts(99,16): error TS18046: 'error' is of type 'unknown'.
server/src/modules/variableResolution/strategies/templateInheritanceStrategy.ts(135,16): error TS18046: 'error' is of type 'unknown'.
server/src/modules/variableResolution/strategies/templateInheritanceStrategy.ts(188,16): error TS18046: 'error' is of type 'unknown'.
server/src/modules/variableResolution/strategies/templateInheritanceStrategy.ts(241,16): error TS18046: 'error' is of type 'unknown'.
server/src/modules/variableResolution/strategies/userProfileStrategy.ts(108,16): error TS18046: 'error' is of type 'unknown'.
server/src/modules/variableResolution/validators/resolutionValidator.ts(49,16): error TS18046: 'error' is of type 'unknown'.
server/src/modules/variableResolution/validators/resolutionValidator.ts(90,16): error TS18046: 'error' is of type 'unknown'.
server/src/modules/variableResolution/variableResolutionEngine.ts(129,31): error TS18046: 'error' is of type 'unknown'.
server/src/modules/variableResolution/variableResolutionEngine.ts(186,16): error TS18046: 'error' is of type 'unknown'.
server/src/modules/variableResolution/variableResolutionEngine.ts(229,20): error TS18046: 'error' is of type 'unknown'.
server/src/modules/variableResolution/variableResolutionEngine.ts(265,16): error TS18046: 'error' is of type 'unknown'.
server/src/modules/variableResolution/variableResolutionEngine.ts(308,16): error TS18046: 'error' is of type 'unknown'.
server/src/modules/variableResolution/variableResolutionEngine.ts(334,16): error TS18046: 'error' is of type 'unknown'.
server/src/modules/variableResolution/variableResolutionEngine.ts(356,16): error TS18046: 'error' is of type 'unknown'.
server/src/modules/variableResolution/variableResolutionEngine.ts(380,16): error TS18046: 'error' is of type 'unknown'.
server/src/modules/variableResolution/variableResolutionEngine.ts(406,16): error TS18046: 'error' is of type 'unknown'.
server/src/modules/variableResolution/variableResolutionEngine.ts(434,16): error TS18046: 'error' is of type 'unknown'.
server/src/modules/variableResolution/variableResolutionEngine.ts(452,16): error TS18046: 'error' is of type 'unknown'.
server/src/modules/variableResolution/variableResolutionEngine.ts(472,16): error TS18046: 'error' is of type 'unknown'.
server/src/modules/variableResolution/variableResolutionEngine.ts(489,16): error TS18046: 'error' is of type 'unknown'.
server/src/modules/variableResolution/variableResolutionEngine.ts(507,16): error TS18046: 'error' is of type 'unknown'.
server/src/modules/variableResolution/variableResolutionEngine.ts(528,16): error TS18046: 'error' is of type 'unknown'.
server/src/modules/variableResolution/variableResolutionEngine.ts(948,16): error TS18046: 'error' is of type 'unknown'.
server/src/routes/adminRoutes.ts(50,3): error TS2769: No overload matches this call.
  The last overload gave the following error.
    Argument of type '(req: AuthRequest, res: Response, next: NextFunction) => Promise<Response<any, Record<string, any>> | undefined>' is not assignable to parameter of type 'RequestHandlerParams<ParamsDictionary, any, any, ParsedQs, Record<string, any>>'.
      Type '(req: AuthRequest, res: Response, next: NextFunction) => Promise<Response<any, Record<string, any>> | undefined>' is not assignable to type 'RequestHandler<ParamsDictionary, any, any, ParsedQs, Record<string, any>>'.
        Types of parameters 'req' and 'req' are incompatible.
          Type 'Request<ParamsDictionary, any, any, ParsedQs, Record<string, any>>' is not assignable to type 'AuthRequest'.
            Types of property 'user' are incompatible.
              Type '{ id: string; email: string; role: string; name?: string | undefined; permissions?: string[] | undefined; } | undefined' is not assignable to type '{ id: string; email: string; role: string; permissions: any; } | undefined'.
                Type '{ id: string; email: string; role: string; name?: string | undefined; permissions?: string[] | undefined; }' is not assignable to type '{ id: string; email: string; role: string; permissions: any; }'.
                  Property 'permissions' is optional in type '{ id: string; email: string; role: string; name?: string | undefined; permissions?: string[] | undefined; }' but required in type '{ id: string; email: string; role: string; permissions: any; }'.
server/src/routes/adminRoutes.ts(185,3): error TS2769: No overload matches this call.
  The last overload gave the following error.
    Argument of type '(req: AuthRequest, res: Response, next: NextFunction) => Promise<Response<any, Record<string, any>> | undefined>' is not assignable to parameter of type 'RequestHandlerParams<ParamsDictionary, any, any, ParsedQs, Record<string, any>>'.
      Type '(req: AuthRequest, res: Response, next: NextFunction) => Promise<Response<any, Record<string, any>> | undefined>' is not assignable to type 'RequestHandler<ParamsDictionary, any, any, ParsedQs, Record<string, any>>'.
        Types of parameters 'req' and 'req' are incompatible.
          Type 'Request<ParamsDictionary, any, any, ParsedQs, Record<string, any>>' is not assignable to type 'AuthRequest'.
            Types of property 'user' are incompatible.
              Type '{ id: string; email: string; role: string; name?: string | undefined; permissions?: string[] | undefined; } | undefined' is not assignable to type '{ id: string; email: string; role: string; permissions: any; } | undefined'.
                Type '{ id: string; email: string; role: string; name?: string | undefined; permissions?: string[] | undefined; }' is not assignable to type '{ id: string; email: string; role: string; permissions: any; }'.
                  Property 'permissions' is optional in type '{ id: string; email: string; role: string; name?: string | undefined; permissions?: string[] | undefined; }' but required in type '{ id: string; email: string; role: string; permissions: any; }'.
server/src/routes/adminRoutes.ts(278,3): error TS2769: No overload matches this call.
  The last overload gave the following error.
    Argument of type '(req: AuthRequest, res: Response, next: NextFunction) => Promise<Response<any, Record<string, any>> | undefined>' is not assignable to parameter of type 'RequestHandlerParams<ParamsDictionary, any, any, ParsedQs, Record<string, any>>'.
      Type '(req: AuthRequest, res: Response, next: NextFunction) => Promise<Response<any, Record<string, any>> | undefined>' is not assignable to type 'RequestHandler<ParamsDictionary, any, any, ParsedQs, Record<string, any>>'.
        Types of parameters 'req' and 'req' are incompatible.
          Type 'Request<ParamsDictionary, any, any, ParsedQs, Record<string, any>>' is not assignable to type 'AuthRequest'.
            Types of property 'user' are incompatible.
              Type '{ id: string; email: string; role: string; name?: string | undefined; permissions?: string[] | undefined; } | undefined' is not assignable to type '{ id: string; email: string; role: string; permissions: any; } | undefined'.
                Type '{ id: string; email: string; role: string; name?: string | undefined; permissions?: string[] | undefined; }' is not assignable to type '{ id: string; email: string; role: string; permissions: any; }'.
                  Property 'permissions' is optional in type '{ id: string; email: string; role: string; name?: string | undefined; permissions?: string[] | undefined; }' but required in type '{ id: string; email: string; role: string; permissions: any; }'.
server/src/routes/adminRoutes.ts(363,3): error TS2769: No overload matches this call.
  The last overload gave the following error.
    Argument of type '(req: AuthRequest, res: Response, next: NextFunction) => Promise<Response<any, Record<string, any>> | undefined>' is not assignable to parameter of type 'RequestHandlerParams<ParamsDictionary, any, any, ParsedQs, Record<string, any>>'.
      Type '(req: AuthRequest, res: Response, next: NextFunction) => Promise<Response<any, Record<string, any>> | undefined>' is not assignable to type 'RequestHandler<ParamsDictionary, any, any, ParsedQs, Record<string, any>>'.
        Types of parameters 'req' and 'req' are incompatible.
          Type 'Request<ParamsDictionary, any, any, ParsedQs, Record<string, any>>' is not assignable to type 'AuthRequest'.
            Types of property 'user' are incompatible.
              Type '{ id: string; email: string; role: string; name?: string | undefined; permissions?: string[] | undefined; } | undefined' is not assignable to type '{ id: string; email: string; role: string; permissions: any; } | undefined'.
                Type '{ id: string; email: string; role: string; name?: string | undefined; permissions?: string[] | undefined; }' is not assignable to type '{ id: string; email: string; role: string; permissions: any; }'.
                  Property 'permissions' is optional in type '{ id: string; email: string; role: string; name?: string | undefined; permissions?: string[] | undefined; }' but required in type '{ id: string; email: string; role: string; permissions: any; }'.
server/src/routes/adminRoutes.ts(394,3): error TS2769: No overload matches this call.
  The last overload gave the following error.
    Argument of type '(req: AuthRequest, res: Response, next: NextFunction) => Promise<Response<any, Record<string, any>> | undefined>' is not assignable to parameter of type 'RequestHandlerParams<ParamsDictionary, any, any, ParsedQs, Record<string, any>>'.
      Type '(req: AuthRequest, res: Response, next: NextFunction) => Promise<Response<any, Record<string, any>> | undefined>' is not assignable to type 'RequestHandler<ParamsDictionary, any, any, ParsedQs, Record<string, any>>'.
        Types of parameters 'req' and 'req' are incompatible.
          Type 'Request<ParamsDictionary, any, any, ParsedQs, Record<string, any>>' is not assignable to type 'AuthRequest'.
            Types of property 'user' are incompatible.
              Type '{ id: string; email: string; role: string; name?: string | undefined; permissions?: string[] | undefined; } | undefined' is not assignable to type '{ id: string; email: string; role: string; permissions: any; } | undefined'.
                Type '{ id: string; email: string; role: string; name?: string | undefined; permissions?: string[] | undefined; }' is not assignable to type '{ id: string; email: string; role: string; permissions: any; }'.
                  Property 'permissions' is optional in type '{ id: string; email: string; role: string; name?: string | undefined; permissions?: string[] | undefined; }' but required in type '{ id: string; email: string; role: string; permissions: any; }'.
server/src/routes/adminRoutes.ts(435,3): error TS2769: No overload matches this call.
  The last overload gave the following error.
    Argument of type '(req: AuthRequest, res: Response, next: NextFunction) => Promise<Response<any, Record<string, any>> | undefined>' is not assignable to parameter of type 'RequestHandlerParams<ParamsDictionary, any, any, ParsedQs, Record<string, any>>'.
      Type '(req: AuthRequest, res: Response, next: NextFunction) => Promise<Response<any, Record<string, any>> | undefined>' is not assignable to type 'RequestHandler<ParamsDictionary, any, any, ParsedQs, Record<string, any>>'.
        Types of parameters 'req' and 'req' are incompatible.
          Type 'Request<ParamsDictionary, any, any, ParsedQs, Record<string, any>>' is not assignable to type 'AuthRequest'.
            Types of property 'user' are incompatible.
              Type '{ id: string; email: string; role: string; name?: string | undefined; permissions?: string[] | undefined; } | undefined' is not assignable to type '{ id: string; email: string; role: string; permissions: any; } | undefined'.
                Type '{ id: string; email: string; role: string; name?: string | undefined; permissions?: string[] | undefined; }' is not assignable to type '{ id: string; email: string; role: string; permissions: any; }'.
                  Property 'permissions' is optional in type '{ id: string; email: string; role: string; name?: string | undefined; permissions?: string[] | undefined; }' but required in type '{ id: string; email: string; role: string; permissions: any; }'.
server/src/routes/adminRoutes.ts(477,3): error TS2769: No overload matches this call.
  The last overload gave the following error.
    Argument of type '(req: AuthRequest, res: Response, next: NextFunction) => Promise<Response<any, Record<string, any>> | undefined>' is not assignable to parameter of type 'RequestHandlerParams<ParamsDictionary, any, any, ParsedQs, Record<string, any>>'.
      Type '(req: AuthRequest, res: Response, next: NextFunction) => Promise<Response<any, Record<string, any>> | undefined>' is not assignable to type 'RequestHandler<ParamsDictionary, any, any, ParsedQs, Record<string, any>>'.
        Types of parameters 'req' and 'req' are incompatible.
          Type 'Request<ParamsDictionary, any, any, ParsedQs, Record<string, any>>' is not assignable to type 'AuthRequest'.
            Types of property 'user' are incompatible.
              Type '{ id: string; email: string; role: string; name?: string | undefined; permissions?: string[] | undefined; } | undefined' is not assignable to type '{ id: string; email: string; role: string; permissions: any; } | undefined'.
                Type '{ id: string; email: string; role: string; name?: string | undefined; permissions?: string[] | undefined; }' is not assignable to type '{ id: string; email: string; role: string; permissions: any; }'.
                  Property 'permissions' is optional in type '{ id: string; email: string; role: string; name?: string | undefined; permissions?: string[] | undefined; }' but required in type '{ id: string; email: string; role: string; permissions: any; }'.
server/src/routes/adminRoutes.ts(614,3): error TS2769: No overload matches this call.
  The last overload gave the following error.
    Argument of type '(req: AuthRequest, res: Response, next: NextFunction) => Promise<Response<any, Record<string, any>> | undefined>' is not assignable to parameter of type 'RequestHandlerParams<ParamsDictionary, any, any, ParsedQs, Record<string, any>>'.
      Type '(req: AuthRequest, res: Response, next: NextFunction) => Promise<Response<any, Record<string, any>> | undefined>' is not assignable to type 'RequestHandler<ParamsDictionary, any, any, ParsedQs, Record<string, any>>'.
        Types of parameters 'req' and 'req' are incompatible.
          Type 'Request<ParamsDictionary, any, any, ParsedQs, Record<string, any>>' is not assignable to type 'AuthRequest'.
            Types of property 'user' are incompatible.
              Type '{ id: string; email: string; role: string; name?: string | undefined; permissions?: string[] | undefined; } | undefined' is not assignable to type '{ id: string; email: string; role: string; permissions: any; } | undefined'.
                Type '{ id: string; email: string; role: string; name?: string | undefined; permissions?: string[] | undefined; }' is not assignable to type '{ id: string; email: string; role: string; permissions: any; }'.
                  Property 'permissions' is optional in type '{ id: string; email: string; role: string; name?: string | undefined; permissions?: string[] | undefined; }' but required in type '{ id: string; email: string; role: string; permissions: any; }'.
server/src/routes/adminRoutes.ts(639,3): error TS2769: No overload matches this call.
  The last overload gave the following error.
    Argument of type '(req: AuthRequest, res: Response, next: NextFunction) => Promise<Response<any, Record<string, any>> | undefined>' is not assignable to parameter of type 'RequestHandlerParams<ParamsDictionary, any, any, ParsedQs, Record<string, any>>'.
      Type '(req: AuthRequest, res: Response, next: NextFunction) => Promise<Response<any, Record<string, any>> | undefined>' is not assignable to type 'RequestHandler<ParamsDictionary, any, any, ParsedQs, Record<string, any>>'.
        Types of parameters 'req' and 'req' are incompatible.
          Type 'Request<ParamsDictionary, any, any, ParsedQs, Record<string, any>>' is not assignable to type 'AuthRequest'.
            Types of property 'user' are incompatible.
              Type '{ id: string; email: string; role: string; name?: string | undefined; permissions?: string[] | undefined; } | undefined' is not assignable to type '{ id: string; email: string; role: string; permissions: any; } | undefined'.
                Type '{ id: string; email: string; role: string; name?: string | undefined; permissions?: string[] | undefined; }' is not assignable to type '{ id: string; email: string; role: string; permissions: any; }'.
                  Property 'permissions' is optional in type '{ id: string; email: string; role: string; name?: string | undefined; permissions?: string[] | undefined; }' but required in type '{ id: string; email: string; role: string; permissions: any; }'.
server/src/routes/adminRoutes.ts(705,3): error TS2769: No overload matches this call.
  The last overload gave the following error.
    Argument of type '(req: AuthRequest, res: Response, next: NextFunction) => Promise<Response<any, Record<string, any>> | undefined>' is not assignable to parameter of type 'RequestHandlerParams<ParamsDictionary, any, any, ParsedQs, Record<string, any>>'.
      Type '(req: AuthRequest, res: Response, next: NextFunction) => Promise<Response<any, Record<string, any>> | undefined>' is not assignable to type 'RequestHandler<ParamsDictionary, any, any, ParsedQs, Record<string, any>>'.
        Types of parameters 'req' and 'req' are incompatible.
          Type 'Request<ParamsDictionary, any, any, ParsedQs, Record<string, any>>' is not assignable to type 'AuthRequest'.
            Types of property 'user' are incompatible.
              Type '{ id: string; email: string; role: string; name?: string | undefined; permissions?: string[] | undefined; } | undefined' is not assignable to type '{ id: string; email: string; role: string; permissions: any; } | undefined'.
                Type '{ id: string; email: string; role: string; name?: string | undefined; permissions?: string[] | undefined; }' is not assignable to type '{ id: string; email: string; role: string; permissions: any; }'.
                  Property 'permissions' is optional in type '{ id: string; email: string; role: string; name?: string | undefined; permissions?: string[] | undefined; }' but required in type '{ id: string; email: string; role: string; permissions: any; }'.
server/src/routes/adminRoutes.ts(794,3): error TS2769: No overload matches this call.
  The last overload gave the following error.
    Argument of type '(req: AuthRequest, res: Response, next: NextFunction) => Promise<Response<any, Record<string, any>> | undefined>' is not assignable to parameter of type 'RequestHandlerParams<ParamsDictionary, any, any, ParsedQs, Record<string, any>>'.
      Type '(req: AuthRequest, res: Response, next: NextFunction) => Promise<Response<any, Record<string, any>> | undefined>' is not assignable to type 'RequestHandler<ParamsDictionary, any, any, ParsedQs, Record<string, any>>'.
        Types of parameters 'req' and 'req' are incompatible.
          Type 'Request<ParamsDictionary, any, any, ParsedQs, Record<string, any>>' is not assignable to type 'AuthRequest'.
            Types of property 'user' are incompatible.
              Type '{ id: string; email: string; role: string; name?: string | undefined; permissions?: string[] | undefined; } | undefined' is not assignable to type '{ id: string; email: string; role: string; permissions: any; } | undefined'.
                Type '{ id: string; email: string; role: string; name?: string | undefined; permissions?: string[] | undefined; }' is not assignable to type '{ id: string; email: string; role: string; permissions: any; }'.
                  Property 'permissions' is optional in type '{ id: string; email: string; role: string; name?: string | undefined; permissions?: string[] | undefined; }' but required in type '{ id: string; email: string; role: string; permissions: any; }'.
server/src/routes/adobe-pdf.ts(42,23): error TS2769: No overload matches this call.
  The last overload gave the following error.
    Argument of type '(req: AuthRequest, res: Response, next: NextFunction) => Promise<Response<any, Record<string, any>> | undefined>' is not assignable to parameter of type 'RequestHandlerParams<ParamsDictionary, any, any, ParsedQs, Record<string, any>>'.
      Type '(req: AuthRequest, res: Response, next: NextFunction) => Promise<Response<any, Record<string, any>> | undefined>' is not assignable to type 'RequestHandler<ParamsDictionary, any, any, ParsedQs, Record<string, any>>'.
        Types of parameters 'req' and 'req' are incompatible.
          Type 'Request<ParamsDictionary, any, any, ParsedQs, Record<string, any>>' is not assignable to type 'AuthRequest'.
            Types of property 'user' are incompatible.
              Type '{ id: string; email: string; role: string; name?: string | undefined; permissions?: string[] | undefined; } | undefined' is not assignable to type '{ id: string; email: string; role: string; permissions: any; } | undefined'.
                Type '{ id: string; email: string; role: string; name?: string | undefined; permissions?: string[] | undefined; }' is not assignable to type '{ id: string; email: string; role: string; permissions: any; }'.
                  Property 'permissions' is optional in type '{ id: string; email: string; role: string; name?: string | undefined; permissions?: string[] | undefined; }' but required in type '{ id: string; email: string; role: string; permissions: any; }'.
server/src/routes/adobe-pdf.ts(65,3): error TS2769: No overload matches this call.
  The last overload gave the following error.
    Argument of type '(req: AuthRequest, res: Response, next: NextFunction) => Promise<Response<any, Record<string, any>> | undefined>' is not assignable to parameter of type 'RequestHandlerParams<ParamsDictionary, any, any, ParsedQs, Record<string, any>>'.
      Type '(req: AuthRequest, res: Response, next: NextFunction) => Promise<Response<any, Record<string, any>> | undefined>' is not assignable to type 'RequestHandler<ParamsDictionary, any, any, ParsedQs, Record<string, any>>'.
        Types of parameters 'req' and 'req' are incompatible.
          Type 'Request<ParamsDictionary, any, any, ParsedQs, Record<string, any>>' is not assignable to type 'AuthRequest'.
            Types of property 'user' are incompatible.
              Type '{ id: string; email: string; role: string; name?: string | undefined; permissions?: string[] | undefined; } | undefined' is not assignable to type '{ id: string; email: string; role: string; permissions: any; } | undefined'.
                Type '{ id: string; email: string; role: string; name?: string | undefined; permissions?: string[] | undefined; }' is not assignable to type '{ id: string; email: string; role: string; permissions: any; }'.
                  Property 'permissions' is optional in type '{ id: string; email: string; role: string; name?: string | undefined; permissions?: string[] | undefined; }' but required in type '{ id: string; email: string; role: string; permissions: any; }'.
server/src/routes/adobe-pdf.ts(126,3): error TS2769: No overload matches this call.
  The last overload gave the following error.
    Argument of type '(req: AuthRequest, res: Response, next: NextFunction) => Promise<Response<any, Record<string, any>> | undefined>' is not assignable to parameter of type 'RequestHandlerParams<ParamsDictionary, any, any, ParsedQs, Record<string, any>>'.
      Type '(req: AuthRequest, res: Response, next: NextFunction) => Promise<Response<any, Record<string, any>> | undefined>' is not assignable to type 'RequestHandler<ParamsDictionary, any, any, ParsedQs, Record<string, any>>'.
        Types of parameters 'req' and 'req' are incompatible.
          Type 'Request<ParamsDictionary, any, any, ParsedQs, Record<string, any>>' is not assignable to type 'AuthRequest'.
            Types of property 'user' are incompatible.
              Type '{ id: string; email: string; role: string; name?: string | undefined; permissions?: string[] | undefined; } | undefined' is not assignable to type '{ id: string; email: string; role: string; permissions: any; } | undefined'.
                Type '{ id: string; email: string; role: string; name?: string | undefined; permissions?: string[] | undefined; }' is not assignable to type '{ id: string; email: string; role: string; permissions: any; }'.
                  Property 'permissions' is optional in type '{ id: string; email: string; role: string; name?: string | undefined; permissions?: string[] | undefined; }' but required in type '{ id: string; email: string; role: string; permissions: any; }'.
server/src/routes/adobe-pdf.ts(200,3): error TS2769: No overload matches this call.
  The last overload gave the following error.
    Argument of type '(req: AuthRequest, res: Response, next: NextFunction) => Promise<Response<any, Record<string, any>> | undefined>' is not assignable to parameter of type 'RequestHandlerParams<ParamsDictionary, any, any, ParsedQs, Record<string, any>>'.
      Type '(req: AuthRequest, res: Response, next: NextFunction) => Promise<Response<any, Record<string, any>> | undefined>' is not assignable to type 'RequestHandler<ParamsDictionary, any, any, ParsedQs, Record<string, any>>'.
        Types of parameters 'req' and 'req' are incompatible.
          Type 'Request<ParamsDictionary, any, any, ParsedQs, Record<string, any>>' is not assignable to type 'AuthRequest'.
            Types of property 'user' are incompatible.
              Type '{ id: string; email: string; role: string; name?: string | undefined; permissions?: string[] | undefined; } | undefined' is not assignable to type '{ id: string; email: string; role: string; permissions: any; } | undefined'.
                Type '{ id: string; email: string; role: string; name?: string | undefined; permissions?: string[] | undefined; }' is not assignable to type '{ id: string; email: string; role: string; permissions: any; }'.
                  Property 'permissions' is optional in type '{ id: string; email: string; role: string; name?: string | undefined; permissions?: string[] | undefined; }' but required in type '{ id: string; email: string; role: string; permissions: any; }'.
server/src/routes/adobe-pdf.ts(274,3): error TS2769: No overload matches this call.
  The last overload gave the following error.
    Argument of type '(req: AuthRequest, res: Response, next: NextFunction) => Promise<Response<any, Record<string, any>> | undefined>' is not assignable to parameter of type 'RequestHandlerParams<ParamsDictionary, any, any, ParsedQs, Record<string, any>>'.
      Type '(req: AuthRequest, res: Response, next: NextFunction) => Promise<Response<any, Record<string, any>> | undefined>' is not assignable to type 'RequestHandler<ParamsDictionary, any, any, ParsedQs, Record<string, any>>'.
        Types of parameters 'req' and 'req' are incompatible.
          Type 'Request<ParamsDictionary, any, any, ParsedQs, Record<string, any>>' is not assignable to type 'AuthRequest'.
            Types of property 'user' are incompatible.
              Type '{ id: string; email: string; role: string; name?: string | undefined; permissions?: string[] | undefined; } | undefined' is not assignable to type '{ id: string; email: string; role: string; permissions: any; } | undefined'.
                Type '{ id: string; email: string; role: string; name?: string | undefined; permissions?: string[] | undefined; }' is not assignable to type '{ id: string; email: string; role: string; permissions: any; }'.
                  Property 'permissions' is optional in type '{ id: string; email: string; role: string; name?: string | undefined; permissions?: string[] | undefined; }' but required in type '{ id: string; email: string; role: string; permissions: any; }'.
server/src/routes/adobe-pdf.ts(343,24): error TS2769: No overload matches this call.
  The last overload gave the following error.
    Argument of type '(req: AuthRequest, res: Response, next: NextFunction) => Promise<Response<any, Record<string, any>> | undefined>' is not assignable to parameter of type 'RequestHandlerParams<ParamsDictionary, any, any, ParsedQs, Record<string, any>>'.
      Type '(req: AuthRequest, res: Response, next: NextFunction) => Promise<Response<any, Record<string, any>> | undefined>' is not assignable to type 'RequestHandler<ParamsDictionary, any, any, ParsedQs, Record<string, any>>'.
        Types of parameters 'req' and 'req' are incompatible.
          Type 'Request<ParamsDictionary, any, any, ParsedQs, Record<string, any>>' is not assignable to type 'AuthRequest'.
            Types of property 'user' are incompatible.
              Type '{ id: string; email: string; role: string; name?: string | undefined; permissions?: string[] | undefined; } | undefined' is not assignable to type '{ id: string; email: string; role: string; permissions: any; } | undefined'.
                Type '{ id: string; email: string; role: string; name?: string | undefined; permissions?: string[] | undefined; }' is not assignable to type '{ id: string; email: string; role: string; permissions: any; }'.
                  Property 'permissions' is optional in type '{ id: string; email: string; role: string; name?: string | undefined; permissions?: string[] | undefined; }' but required in type '{ id: string; email: string; role: string; permissions: any; }'.
server/src/routes/adobe-pdf.ts(380,3): error TS2769: No overload matches this call.
  The last overload gave the following error.
    Argument of type '(req: AuthRequest, res: Response, next: NextFunction) => Promise<Response<any, Record<string, any>> | undefined>' is not assignable to parameter of type 'RequestHandlerParams<ParamsDictionary, any, any, ParsedQs, Record<string, any>>'.
      Type '(req: AuthRequest, res: Response, next: NextFunction) => Promise<Response<any, Record<string, any>> | undefined>' is not assignable to type 'RequestHandler<ParamsDictionary, any, any, ParsedQs, Record<string, any>>'.
        Types of parameters 'req' and 'req' are incompatible.
          Type 'Request<ParamsDictionary, any, any, ParsedQs, Record<string, any>>' is not assignable to type 'AuthRequest'.
            Types of property 'user' are incompatible.
              Type '{ id: string; email: string; role: string; name?: string | undefined; permissions?: string[] | undefined; } | undefined' is not assignable to type '{ id: string; email: string; role: string; permissions: any; } | undefined'.
                Type '{ id: string; email: string; role: string; name?: string | undefined; permissions?: string[] | undefined; }' is not assignable to type '{ id: string; email: string; role: string; permissions: any; }'.
                  Property 'permissions' is optional in type '{ id: string; email: string; role: string; name?: string | undefined; permissions?: string[] | undefined; }' but required in type '{ id: string; email: string; role: string; permissions: any; }'.
server/src/routes/adobe-pdf.ts(475,32): error TS2769: No overload matches this call.
  The last overload gave the following error.
    Argument of type '(req: AuthRequest, res: Response, next: NextFunction) => Promise<Response<any, Record<string, any>> | undefined>' is not assignable to parameter of type 'RequestHandlerParams<ParamsDictionary, any, any, ParsedQs, Record<string, any>>'.
      Type '(req: AuthRequest, res: Response, next: NextFunction) => Promise<Response<any, Record<string, any>> | undefined>' is not assignable to type 'RequestHandler<ParamsDictionary, any, any, ParsedQs, Record<string, any>>'.
        Types of parameters 'req' and 'req' are incompatible.
          Type 'Request<ParamsDictionary, any, any, ParsedQs, Record<string, any>>' is not assignable to type 'AuthRequest'.
            Types of property 'user' are incompatible.
              Type '{ id: string; email: string; role: string; name?: string | undefined; permissions?: string[] | undefined; } | undefined' is not assignable to type '{ id: string; email: string; role: string; permissions: any; } | undefined'.
                Type '{ id: string; email: string; role: string; name?: string | undefined; permissions?: string[] | undefined; }' is not assignable to type '{ id: string; email: string; role: string; permissions: any; }'.
                  Property 'permissions' is optional in type '{ id: string; email: string; role: string; name?: string | undefined; permissions?: string[] | undefined; }' but required in type '{ id: string; email: string; role: string; permissions: any; }'.
server/src/routes/ai-analytics.ts(14,25): error TS2769: No overload matches this call.
  The last overload gave the following error.
    Argument of type '(req: AuthRequest, res: Response, next: NextFunction) => Promise<Response<any, Record<string, any>> | undefined>' is not assignable to parameter of type 'RequestHandlerParams<ParamsDictionary, any, any, ParsedQs, Record<string, any>>'.
      Type '(req: AuthRequest, res: Response, next: NextFunction) => Promise<Response<any, Record<string, any>> | undefined>' is not assignable to type 'RequestHandler<ParamsDictionary, any, any, ParsedQs, Record<string, any>>'.
        Types of parameters 'req' and 'req' are incompatible.
          Type 'Request<ParamsDictionary, any, any, ParsedQs, Record<string, any>>' is not assignable to type 'AuthRequest'.
            Types of property 'user' are incompatible.
              Type '{ id: string; email: string; role: string; name?: string | undefined; permissions?: string[] | undefined; } | undefined' is not assignable to type '{ id: string; email: string; role: string; permissions: any; } | undefined'.
                Type '{ id: string; email: string; role: string; name?: string | undefined; permissions?: string[] | undefined; }' is not assignable to type '{ id: string; email: string; role: string; permissions: any; }'.
                  Property 'permissions' is optional in type '{ id: string; email: string; role: string; name?: string | undefined; permissions?: string[] | undefined; }' but required in type '{ id: string; email: string; role: string; permissions: any; }'.
server/src/routes/ai-analytics.ts(15,23): error TS2769: No overload matches this call.
  The last overload gave the following error.
    Argument of type '(req: AuthRequest, res: Response, next: NextFunction) => Promise<Response<any, Record<string, any>> | undefined>' is not assignable to parameter of type 'RequestHandlerParams<ParamsDictionary, any, any, ParsedQs, Record<string, any>>'.
      Type '(req: AuthRequest, res: Response, next: NextFunction) => Promise<Response<any, Record<string, any>> | undefined>' is not assignable to type 'RequestHandler<ParamsDictionary, any, any, ParsedQs, Record<string, any>>'.
        Types of parameters 'req' and 'req' are incompatible.
          Type 'Request<ParamsDictionary, any, any, ParsedQs, Record<string, any>>' is not assignable to type 'AuthRequest'.
            Types of property 'user' are incompatible.
              Type '{ id: string; email: string; role: string; name?: string | undefined; permissions?: string[] | undefined; } | undefined' is not assignable to type '{ id: string; email: string; role: string; permissions: any; } | undefined'.
                Type '{ id: string; email: string; role: string; name?: string | undefined; permissions?: string[] | undefined; }' is not assignable to type '{ id: string; email: string; role: string; permissions: any; }'.
                  Property 'permissions' is optional in type '{ id: string; email: string; role: string; name?: string | undefined; permissions?: string[] | undefined; }' but required in type '{ id: string; email: string; role: string; permissions: any; }'.
server/src/routes/ai-analytics.ts(16,25): error TS2769: No overload matches this call.
  The last overload gave the following error.
    Argument of type '(req: AuthRequest, res: Response, next: NextFunction) => Promise<Response<any, Record<string, any>> | undefined>' is not assignable to parameter of type 'RequestHandlerParams<ParamsDictionary, any, any, ParsedQs, Record<string, any>>'.
      Type '(req: AuthRequest, res: Response, next: NextFunction) => Promise<Response<any, Record<string, any>> | undefined>' is not assignable to type 'RequestHandler<ParamsDictionary, any, any, ParsedQs, Record<string, any>>'.
        Types of parameters 'req' and 'req' are incompatible.
          Type 'Request<ParamsDictionary, any, any, ParsedQs, Record<string, any>>' is not assignable to type 'AuthRequest'.
            Types of property 'user' are incompatible.
              Type '{ id: string; email: string; role: string; name?: string | undefined; permissions?: string[] | undefined; } | undefined' is not assignable to type '{ id: string; email: string; role: string; permissions: any; } | undefined'.
                Type '{ id: string; email: string; role: string; name?: string | undefined; permissions?: string[] | undefined; }' is not assignable to type '{ id: string; email: string; role: string; permissions: any; }'.
                  Property 'permissions' is optional in type '{ id: string; email: string; role: string; name?: string | undefined; permissions?: string[] | undefined; }' but required in type '{ id: string; email: string; role: string; permissions: any; }'.
server/src/routes/ai-analytics.ts(17,30): error TS2769: No overload matches this call.
  The last overload gave the following error.
    Argument of type '(req: AuthRequest, res: Response, next: NextFunction) => Promise<Response<any, Record<string, any>> | undefined>' is not assignable to parameter of type 'RequestHandlerParams<ParamsDictionary, any, any, ParsedQs, Record<string, any>>'.
      Type '(req: AuthRequest, res: Response, next: NextFunction) => Promise<Response<any, Record<string, any>> | undefined>' is not assignable to type 'RequestHandler<ParamsDictionary, any, any, ParsedQs, Record<string, any>>'.
        Types of parameters 'req' and 'req' are incompatible.
          Type 'Request<ParamsDictionary, any, any, ParsedQs, Record<string, any>>' is not assignable to type 'AuthRequest'.
            Types of property 'user' are incompatible.
              Type '{ id: string; email: string; role: string; name?: string | undefined; permissions?: string[] | undefined; } | undefined' is not assignable to type '{ id: string; email: string; role: string; permissions: any; } | undefined'.
                Type '{ id: string; email: string; role: string; name?: string | undefined; permissions?: string[] | undefined; }' is not assignable to type '{ id: string; email: string; role: string; permissions: any; }'.
                  Property 'permissions' is optional in type '{ id: string; email: string; role: string; name?: string | undefined; permissions?: string[] | undefined; }' but required in type '{ id: string; email: string; role: string; permissions: any; }'.
server/src/routes/ai-analytics.ts(18,23): error TS2769: No overload matches this call.
  The last overload gave the following error.
    Argument of type '(req: AuthRequest, res: Response, next: NextFunction) => Promise<Response<any, Record<string, any>> | undefined>' is not assignable to parameter of type 'RequestHandlerParams<ParamsDictionary, any, any, ParsedQs, Record<string, any>>'.
      Type '(req: AuthRequest, res: Response, next: NextFunction) => Promise<Response<any, Record<string, any>> | undefined>' is not assignable to type 'RequestHandler<ParamsDictionary, any, any, ParsedQs, Record<string, any>>'.
        Types of parameters 'req' and 'req' are incompatible.
          Type 'Request<ParamsDictionary, any, any, ParsedQs, Record<string, any>>' is not assignable to type 'AuthRequest'.
            Types of property 'user' are incompatible.
              Type '{ id: string; email: string; role: string; name?: string | undefined; permissions?: string[] | undefined; } | undefined' is not assignable to type '{ id: string; email: string; role: string; permissions: any; } | undefined'.
                Type '{ id: string; email: string; role: string; name?: string | undefined; permissions?: string[] | undefined; }' is not assignable to type '{ id: string; email: string; role: string; permissions: any; }'.
                  Property 'permissions' is optional in type '{ id: string; email: string; role: string; name?: string | undefined; permissions?: string[] | undefined; }' but required in type '{ id: string; email: string; role: string; permissions: any; }'.
server/src/routes/approvals.ts(21,12): error TS2769: No overload matches this call.
  The last overload gave the following error.
    Argument of type '(req: AuthRequest, res: Response, next: NextFunction) => Promise<Response<any, Record<string, any>> | undefined>' is not assignable to parameter of type 'PathParams'.
server/src/routes/assessmentExportRoutes.ts(26,21): error TS2769: No overload matches this call.
  The last overload gave the following error.
    Argument of type '(req: AuthRequest, res: Response, next: NextFunction) => Promise<Response<any, Record<string, any>> | undefined>' is not assignable to parameter of type 'RequestHandlerParams<ParamsDictionary, any, any, ParsedQs, Record<string, any>>'.
      Type '(req: AuthRequest, res: Response, next: NextFunction) => Promise<Response<any, Record<string, any>> | undefined>' is not assignable to type 'RequestHandler<ParamsDictionary, any, any, ParsedQs, Record<string, any>>'.
        Types of parameters 'req' and 'req' are incompatible.
          Type 'Request<ParamsDictionary, any, any, ParsedQs, Record<string, any>>' is not assignable to type 'AuthRequest'.
            Types of property 'user' are incompatible.
              Type '{ id: string; email: string; role: string; name?: string | undefined; permissions?: string[] | undefined; } | undefined' is not assignable to type '{ id: string; email: string; role: string; permissions: any; } | undefined'.
                Type '{ id: string; email: string; role: string; name?: string | undefined; permissions?: string[] | undefined; }' is not assignable to type '{ id: string; email: string; role: string; permissions: any; }'.
                  Property 'permissions' is optional in type '{ id: string; email: string; role: string; name?: string | undefined; permissions?: string[] | undefined; }' but required in type '{ id: string; email: string; role: string; permissions: any; }'.
server/src/routes/assessmentExportRoutes.ts(101,31): error TS2769: No overload matches this call.
  The last overload gave the following error.
    Argument of type '(req: AuthRequest, res: Response, next: NextFunction) => Promise<Response<any, Record<string, any>> | undefined>' is not assignable to parameter of type 'RequestHandlerParams<ParamsDictionary, any, any, ParsedQs, Record<string, any>>'.
      Type '(req: AuthRequest, res: Response, next: NextFunction) => Promise<Response<any, Record<string, any>> | undefined>' is not assignable to type 'RequestHandler<ParamsDictionary, any, any, ParsedQs, Record<string, any>>'.
        Types of parameters 'req' and 'req' are incompatible.
          Type 'Request<ParamsDictionary, any, any, ParsedQs, Record<string, any>>' is not assignable to type 'AuthRequest'.
            Types of property 'user' are incompatible.
              Type '{ id: string; email: string; role: string; name?: string | undefined; permissions?: string[] | undefined; } | undefined' is not assignable to type '{ id: string; email: string; role: string; permissions: any; } | undefined'.
                Type '{ id: string; email: string; role: string; name?: string | undefined; permissions?: string[] | undefined; }' is not assignable to type '{ id: string; email: string; role: string; permissions: any; }'.
                  Property 'permissions' is optional in type '{ id: string; email: string; role: string; name?: string | undefined; permissions?: string[] | undefined; }' but required in type '{ id: string; email: string; role: string; permissions: any; }'.
server/src/routes/assessmentExportRoutes.ts(360,41): error TS2769: No overload matches this call.
  The last overload gave the following error.
    Argument of type '(req: AuthRequest, res: Response, next: NextFunction) => Promise<Response<any, Record<string, any>> | undefined>' is not assignable to parameter of type 'RequestHandlerParams<ParamsDictionary, any, any, ParsedQs, Record<string, any>>'.
      Type '(req: AuthRequest, res: Response, next: NextFunction) => Promise<Response<any, Record<string, any>> | undefined>' is not assignable to type 'RequestHandler<ParamsDictionary, any, any, ParsedQs, Record<string, any>>'.
        Types of parameters 'req' and 'req' are incompatible.
          Type 'Request<ParamsDictionary, any, any, ParsedQs, Record<string, any>>' is not assignable to type 'AuthRequest'.
            Types of property 'user' are incompatible.
              Type '{ id: string; email: string; role: string; name?: string | undefined; permissions?: string[] | undefined; } | undefined' is not assignable to type '{ id: string; email: string; role: string; permissions: any; } | undefined'.
                Type '{ id: string; email: string; role: string; name?: string | undefined; permissions?: string[] | undefined; }' is not assignable to type '{ id: string; email: string; role: string; permissions: any; }'.
                  Property 'permissions' is optional in type '{ id: string; email: string; role: string; name?: string | undefined; permissions?: string[] | undefined; }' but required in type '{ id: string; email: string; role: string; permissions: any; }'.
server/src/routes/assessmentExportRoutes.ts(529,33): error TS2769: No overload matches this call.
  The last overload gave the following error.
    Argument of type '(req: AuthRequest, res: Response, next: NextFunction) => Promise<Response<any, Record<string, any>> | undefined>' is not assignable to parameter of type 'RequestHandlerParams<ParamsDictionary, any, any, ParsedQs, Record<string, any>>'.
      Type '(req: AuthRequest, res: Response, next: NextFunction) => Promise<Response<any, Record<string, any>> | undefined>' is not assignable to type 'RequestHandler<ParamsDictionary, any, any, ParsedQs, Record<string, any>>'.
        Types of parameters 'req' and 'req' are incompatible.
          Type 'Request<ParamsDictionary, any, any, ParsedQs, Record<string, any>>' is not assignable to type 'AuthRequest'.
            Types of property 'user' are incompatible.
              Type '{ id: string; email: string; role: string; name?: string | undefined; permissions?: string[] | undefined; } | undefined' is not assignable to type '{ id: string; email: string; role: string; permissions: any; } | undefined'.
                Type '{ id: string; email: string; role: string; name?: string | undefined; permissions?: string[] | undefined; }' is not assignable to type '{ id: string; email: string; role: string; permissions: any; }'.
                  Property 'permissions' is optional in type '{ id: string; email: string; role: string; name?: string | undefined; permissions?: string[] | undefined; }' but required in type '{ id: string; email: string; role: string; permissions: any; }'.
server/src/routes/assessmentExportRoutes.ts(587,30): error TS2769: No overload matches this call.
  The last overload gave the following error.
    Argument of type '(req: AuthRequest, res: Response, next: NextFunction) => Promise<Response<any, Record<string, any>> | undefined>' is not assignable to parameter of type 'RequestHandlerParams<ParamsDictionary, any, any, ParsedQs, Record<string, any>>'.
      Type '(req: AuthRequest, res: Response, next: NextFunction) => Promise<Response<any, Record<string, any>> | undefined>' is not assignable to type 'RequestHandler<ParamsDictionary, any, any, ParsedQs, Record<string, any>>'.
        Types of parameters 'req' and 'req' are incompatible.
          Type 'Request<ParamsDictionary, any, any, ParsedQs, Record<string, any>>' is not assignable to type 'AuthRequest'.
            Types of property 'user' are incompatible.
              Type '{ id: string; email: string; role: string; name?: string | undefined; permissions?: string[] | undefined; } | undefined' is not assignable to type '{ id: string; email: string; role: string; permissions: any; } | undefined'.
                Type '{ id: string; email: string; role: string; name?: string | undefined; permissions?: string[] | undefined; }' is not assignable to type '{ id: string; email: string; role: string; permissions: any; }'.
                  Property 'permissions' is optional in type '{ id: string; email: string; role: string; name?: string | undefined; permissions?: string[] | undefined; }' but required in type '{ id: string; email: string; role: string; permissions: any; }'.
server/src/routes/assessmentExportRoutes.ts(626,37): error TS2769: No overload matches this call.
  The last overload gave the following error.
    Argument of type '(req: AuthRequest, res: Response, next: NextFunction) => Promise<Response<any, Record<string, any>> | undefined>' is not assignable to parameter of type 'RequestHandlerParams<ParamsDictionary, any, any, ParsedQs, Record<string, any>>'.
      Type '(req: AuthRequest, res: Response, next: NextFunction) => Promise<Response<any, Record<string, any>> | undefined>' is not assignable to type 'RequestHandler<ParamsDictionary, any, any, ParsedQs, Record<string, any>>'.
        Types of parameters 'req' and 'req' are incompatible.
          Type 'Request<ParamsDictionary, any, any, ParsedQs, Record<string, any>>' is not assignable to type 'AuthRequest'.
            Types of property 'user' are incompatible.
              Type '{ id: string; email: string; role: string; name?: string | undefined; permissions?: string[] | undefined; } | undefined' is not assignable to type '{ id: string; email: string; role: string; permissions: any; } | undefined'.
                Type '{ id: string; email: string; role: string; name?: string | undefined; permissions?: string[] | undefined; }' is not assignable to type '{ id: string; email: string; role: string; permissions: any; }'.
                  Property 'permissions' is optional in type '{ id: string; email: string; role: string; name?: string | undefined; permissions?: string[] | undefined; }' but required in type '{ id: string; email: string; role: string; permissions: any; }'.
server/src/routes/assessmentExportRoutes.ts(706,42): error TS2769: No overload matches this call.
  The last overload gave the following error.
    Argument of type '(req: AuthRequest, res: Response, next: NextFunction) => Promise<Response<any, Record<string, any>> | undefined>' is not assignable to parameter of type 'RequestHandlerParams<ParamsDictionary, any, any, ParsedQs, Record<string, any>>'.
      Type '(req: AuthRequest, res: Response, next: NextFunction) => Promise<Response<any, Record<string, any>> | undefined>' is not assignable to type 'RequestHandler<ParamsDictionary, any, any, ParsedQs, Record<string, any>>'.
        Types of parameters 'req' and 'req' are incompatible.
          Type 'Request<ParamsDictionary, any, any, ParsedQs, Record<string, any>>' is not assignable to type 'AuthRequest'.
            Types of property 'user' are incompatible.
              Type '{ id: string; email: string; role: string; name?: string | undefined; permissions?: string[] | undefined; } | undefined' is not assignable to type '{ id: string; email: string; role: string; permissions: any; } | undefined'.
                Type '{ id: string; email: string; role: string; name?: string | undefined; permissions?: string[] | undefined; }' is not assignable to type '{ id: string; email: string; role: string; permissions: any; }'.
                  Property 'permissions' is optional in type '{ id: string; email: string; role: string; name?: string | undefined; permissions?: string[] | undefined; }' but required in type '{ id: string; email: string; role: string; permissions: any; }'.
server/src/routes/assessmentExportRoutes.ts(740,41): error TS2769: No overload matches this call.
  The last overload gave the following error.
    Argument of type '(req: AuthRequest, res: Response, next: NextFunction) => Promise<Response<any, Record<string, any>> | undefined>' is not assignable to parameter of type 'RequestHandlerParams<ParamsDictionary, any, any, ParsedQs, Record<string, any>>'.
      Type '(req: AuthRequest, res: Response, next: NextFunction) => Promise<Response<any, Record<string, any>> | undefined>' is not assignable to type 'RequestHandler<ParamsDictionary, any, any, ParsedQs, Record<string, any>>'.
        Types of parameters 'req' and 'req' are incompatible.
          Type 'Request<ParamsDictionary, any, any, ParsedQs, Record<string, any>>' is not assignable to type 'AuthRequest'.
            Types of property 'user' are incompatible.
              Type '{ id: string; email: string; role: string; name?: string | undefined; permissions?: string[] | undefined; } | undefined' is not assignable to type '{ id: string; email: string; role: string; permissions: any; } | undefined'.
                Type '{ id: string; email: string; role: string; name?: string | undefined; permissions?: string[] | undefined; }' is not assignable to type '{ id: string; email: string; role: string; permissions: any; }'.
                  Property 'permissions' is optional in type '{ id: string; email: string; role: string; name?: string | undefined; permissions?: string[] | undefined; }' but required in type '{ id: string; email: string; role: string; permissions: any; }'.
server/src/routes/assessmentExportRoutes.ts(919,38): error TS2769: No overload matches this call.
  The last overload gave the following error.
    Argument of type '(req: AuthRequest, res: Response, next: NextFunction) => Promise<Response<any, Record<string, any>> | undefined>' is not assignable to parameter of type 'RequestHandlerParams<ParamsDictionary, any, any, ParsedQs, Record<string, any>>'.
      Type '(req: AuthRequest, res: Response, next: NextFunction) => Promise<Response<any, Record<string, any>> | undefined>' is not assignable to type 'RequestHandler<ParamsDictionary, any, any, ParsedQs, Record<string, any>>'.
        Types of parameters 'req' and 'req' are incompatible.
          Type 'Request<ParamsDictionary, any, any, ParsedQs, Record<string, any>>' is not assignable to type 'AuthRequest'.
            Types of property 'user' are incompatible.
              Type '{ id: string; email: string; role: string; name?: string | undefined; permissions?: string[] | undefined; } | undefined' is not assignable to type '{ id: string; email: string; role: string; permissions: any; } | undefined'.
                Type '{ id: string; email: string; role: string; name?: string | undefined; permissions?: string[] | undefined; }' is not assignable to type '{ id: string; email: string; role: string; permissions: any; }'.
                  Property 'permissions' is optional in type '{ id: string; email: string; role: string; name?: string | undefined; permissions?: string[] | undefined; }' but required in type '{ id: string; email: string; role: string; permissions: any; }'.
server/src/routes/assessmentExportRoutes.ts(1027,46): error TS2769: No overload matches this call.
  The last overload gave the following error.
    Argument of type '(req: AuthRequest, res: Response, next: NextFunction) => Promise<Response<any, Record<string, any>> | undefined>' is not assignable to parameter of type 'RequestHandlerParams<ParamsDictionary, any, any, ParsedQs, Record<string, any>>'.
      Type '(req: AuthRequest, res: Response, next: NextFunction) => Promise<Response<any, Record<string, any>> | undefined>' is not assignable to type 'RequestHandler<ParamsDictionary, any, any, ParsedQs, Record<string, any>>'.
        Types of parameters 'req' and 'req' are incompatible.
          Type 'Request<ParamsDictionary, any, any, ParsedQs, Record<string, any>>' is not assignable to type 'AuthRequest'.
            Types of property 'user' are incompatible.
              Type '{ id: string; email: string; role: string; name?: string | undefined; permissions?: string[] | undefined; } | undefined' is not assignable to type '{ id: string; email: string; role: string; permissions: any; } | undefined'.
                Type '{ id: string; email: string; role: string; name?: string | undefined; permissions?: string[] | undefined; }' is not assignable to type '{ id: string; email: string; role: string; permissions: any; }'.
                  Property 'permissions' is optional in type '{ id: string; email: string; role: string; name?: string | undefined; permissions?: string[] | undefined; }' but required in type '{ id: string; email: string; role: string; permissions: any; }'.
server/src/routes/assessmentExportRoutes.ts(1084,43): error TS2769: No overload matches this call.
  The last overload gave the following error.
    Argument of type '(req: AuthRequest, res: Response, next: NextFunction) => Promise<Response<any, Record<string, any>> | undefined>' is not assignable to parameter of type 'RequestHandlerParams<ParamsDictionary, any, any, ParsedQs, Record<string, any>>'.
      Type '(req: AuthRequest, res: Response, next: NextFunction) => Promise<Response<any, Record<string, any>> | undefined>' is not assignable to type 'RequestHandler<ParamsDictionary, any, any, ParsedQs, Record<string, any>>'.
        Types of parameters 'req' and 'req' are incompatible.
          Type 'Request<ParamsDictionary, any, any, ParsedQs, Record<string, any>>' is not assignable to type 'AuthRequest'.
            Types of property 'user' are incompatible.
              Type '{ id: string; email: string; role: string; name?: string | undefined; permissions?: string[] | undefined; } | undefined' is not assignable to type '{ id: string; email: string; role: string; permissions: any; } | undefined'.
                Type '{ id: string; email: string; role: string; name?: string | undefined; permissions?: string[] | undefined; }' is not assignable to type '{ id: string; email: string; role: string; permissions: any; }'.
                  Property 'permissions' is optional in type '{ id: string; email: string; role: string; name?: string | undefined; permissions?: string[] | undefined; }' but required in type '{ id: string; email: string; role: string; permissions: any; }'.
server/src/routes/baselines.ts(23,3): error TS2769: No overload matches this call.
  The last overload gave the following error.
    Argument of type '(req: AuthRequest, res: Response, next: NextFunction) => Promise<Response<any, Record<string, any>> | undefined>' is not assignable to parameter of type 'RequestHandlerParams<ParamsDictionary, any, any, ParsedQs, Record<string, any>>'.
      Type '(req: AuthRequest, res: Response, next: NextFunction) => Promise<Response<any, Record<string, any>> | undefined>' is not assignable to type 'RequestHandler<ParamsDictionary, any, any, ParsedQs, Record<string, any>>'.
        Types of parameters 'req' and 'req' are incompatible.
          Type 'Request<ParamsDictionary, any, any, ParsedQs, Record<string, any>>' is not assignable to type 'AuthRequest'.
            Types of property 'user' are incompatible.
              Type '{ id: string; email: string; role: string; name?: string | undefined; permissions?: string[] | undefined; } | undefined' is not assignable to type '{ id: string; email: string; role: string; permissions: any; } | undefined'.
                Type '{ id: string; email: string; role: string; name?: string | undefined; permissions?: string[] | undefined; }' is not assignable to type '{ id: string; email: string; role: string; permissions: any; }'.
                  Property 'permissions' is optional in type '{ id: string; email: string; role: string; name?: string | undefined; permissions?: string[] | undefined; }' but required in type '{ id: string; email: string; role: string; permissions: any; }'.
server/src/routes/baselines.ts(67,3): error TS2769: No overload matches this call.
  The last overload gave the following error.
    Argument of type '(req: AuthRequest, res: Response, next: NextFunction) => Promise<Response<any, Record<string, any>> | undefined>' is not assignable to parameter of type 'RequestHandlerParams<ParamsDictionary, any, any, ParsedQs, Record<string, any>>'.
      Type '(req: AuthRequest, res: Response, next: NextFunction) => Promise<Response<any, Record<string, any>> | undefined>' is not assignable to type 'RequestHandler<ParamsDictionary, any, any, ParsedQs, Record<string, any>>'.
        Types of parameters 'req' and 'req' are incompatible.
          Type 'Request<ParamsDictionary, any, any, ParsedQs, Record<string, any>>' is not assignable to type 'AuthRequest'.
            Types of property 'user' are incompatible.
              Type '{ id: string; email: string; role: string; name?: string | undefined; permissions?: string[] | undefined; } | undefined' is not assignable to type '{ id: string; email: string; role: string; permissions: any; } | undefined'.
                Type '{ id: string; email: string; role: string; name?: string | undefined; permissions?: string[] | undefined; }' is not assignable to type '{ id: string; email: string; role: string; permissions: any; }'.
                  Property 'permissions' is optional in type '{ id: string; email: string; role: string; name?: string | undefined; permissions?: string[] | undefined; }' but required in type '{ id: string; email: string; role: string; permissions: any; }'.
server/src/routes/baselines.ts(118,3): error TS2769: No overload matches this call.
  The last overload gave the following error.
    Argument of type '(req: AuthRequest, res: Response, next: NextFunction) => Promise<Response<any, Record<string, any>> | undefined>' is not assignable to parameter of type 'RequestHandlerParams<ParamsDictionary, any, any, ParsedQs, Record<string, any>>'.
      Type '(req: AuthRequest, res: Response, next: NextFunction) => Promise<Response<any, Record<string, any>> | undefined>' is not assignable to type 'RequestHandler<ParamsDictionary, any, any, ParsedQs, Record<string, any>>'.
        Types of parameters 'req' and 'req' are incompatible.
          Type 'Request<ParamsDictionary, any, any, ParsedQs, Record<string, any>>' is not assignable to type 'AuthRequest'.
            Types of property 'user' are incompatible.
              Type '{ id: string; email: string; role: string; name?: string | undefined; permissions?: string[] | undefined; } | undefined' is not assignable to type '{ id: string; email: string; role: string; permissions: any; } | undefined'.
                Type '{ id: string; email: string; role: string; name?: string | undefined; permissions?: string[] | undefined; }' is not assignable to type '{ id: string; email: string; role: string; permissions: any; }'.
                  Property 'permissions' is optional in type '{ id: string; email: string; role: string; name?: string | undefined; permissions?: string[] | undefined; }' but required in type '{ id: string; email: string; role: string; permissions: any; }'.
server/src/routes/baselines.ts(155,3): error TS2769: No overload matches this call.
  The last overload gave the following error.
    Argument of type '(req: AuthRequest, res: Response, next: NextFunction) => Promise<Response<any, Record<string, any>> | undefined>' is not assignable to parameter of type 'RequestHandlerParams<ParamsDictionary, any, any, ParsedQs, Record<string, any>>'.
      Type '(req: AuthRequest, res: Response, next: NextFunction) => Promise<Response<any, Record<string, any>> | undefined>' is not assignable to type 'RequestHandler<ParamsDictionary, any, any, ParsedQs, Record<string, any>>'.
        Types of parameters 'req' and 'req' are incompatible.
          Type 'Request<ParamsDictionary, any, any, ParsedQs, Record<string, any>>' is not assignable to type 'AuthRequest'.
            Types of property 'user' are incompatible.
              Type '{ id: string; email: string; role: string; name?: string | undefined; permissions?: string[] | undefined; } | undefined' is not assignable to type '{ id: string; email: string; role: string; permissions: any; } | undefined'.
                Type '{ id: string; email: string; role: string; name?: string | undefined; permissions?: string[] | undefined; }' is not assignable to type '{ id: string; email: string; role: string; permissions: any; }'.
                  Property 'permissions' is optional in type '{ id: string; email: string; role: string; name?: string | undefined; permissions?: string[] | undefined; }' but required in type '{ id: string; email: string; role: string; permissions: any; }'.
server/src/routes/baselines.ts(208,3): error TS2769: No overload matches this call.
  The last overload gave the following error.
    Argument of type '(req: AuthRequest, res: Response, next: NextFunction) => Promise<Response<any, Record<string, any>> | undefined>' is not assignable to parameter of type 'RequestHandlerParams<ParamsDictionary, any, any, ParsedQs, Record<string, any>>'.
      Type '(req: AuthRequest, res: Response, next: NextFunction) => Promise<Response<any, Record<string, any>> | undefined>' is not assignable to type 'RequestHandler<ParamsDictionary, any, any, ParsedQs, Record<string, any>>'.
        Types of parameters 'req' and 'req' are incompatible.
          Type 'Request<ParamsDictionary, any, any, ParsedQs, Record<string, any>>' is not assignable to type 'AuthRequest'.
            Types of property 'user' are incompatible.
              Type '{ id: string; email: string; role: string; name?: string | undefined; permissions?: string[] | undefined; } | undefined' is not assignable to type '{ id: string; email: string; role: string; permissions: any; } | undefined'.
                Type '{ id: string; email: string; role: string; name?: string | undefined; permissions?: string[] | undefined; }' is not assignable to type '{ id: string; email: string; role: string; permissions: any; }'.
                  Property 'permissions' is optional in type '{ id: string; email: string; role: string; name?: string | undefined; permissions?: string[] | undefined; }' but required in type '{ id: string; email: string; role: string; permissions: any; }'.
server/src/routes/baselines.ts(271,3): error TS2769: No overload matches this call.
  The last overload gave the following error.
    Argument of type '(req: AuthRequest, res: Response, next: NextFunction) => Promise<Response<any, Record<string, any>> | undefined>' is not assignable to parameter of type 'RequestHandlerParams<ParamsDictionary, any, any, ParsedQs, Record<string, any>>'.
      Type '(req: AuthRequest, res: Response, next: NextFunction) => Promise<Response<any, Record<string, any>> | undefined>' is not assignable to type 'RequestHandler<ParamsDictionary, any, any, ParsedQs, Record<string, any>>'.
        Types of parameters 'req' and 'req' are incompatible.
          Type 'Request<ParamsDictionary, any, any, ParsedQs, Record<string, any>>' is not assignable to type 'AuthRequest'.
            Types of property 'user' are incompatible.
              Type '{ id: string; email: string; role: string; name?: string | undefined; permissions?: string[] | undefined; } | undefined' is not assignable to type '{ id: string; email: string; role: string; permissions: any; } | undefined'.
                Type '{ id: string; email: string; role: string; name?: string | undefined; permissions?: string[] | undefined; }' is not assignable to type '{ id: string; email: string; role: string; permissions: any; }'.
                  Property 'permissions' is optional in type '{ id: string; email: string; role: string; name?: string | undefined; permissions?: string[] | undefined; }' but required in type '{ id: string; email: string; role: string; permissions: any; }'.
server/src/routes/baselines.ts(302,3): error TS2769: No overload matches this call.
  The last overload gave the following error.
    Argument of type '(req: AuthRequest, res: Response, next: NextFunction) => Promise<Response<any, Record<string, any>> | undefined>' is not assignable to parameter of type 'RequestHandlerParams<ParamsDictionary, any, any, ParsedQs, Record<string, any>>'.
      Type '(req: AuthRequest, res: Response, next: NextFunction) => Promise<Response<any, Record<string, any>> | undefined>' is not assignable to type 'RequestHandler<ParamsDictionary, any, any, ParsedQs, Record<string, any>>'.
        Types of parameters 'req' and 'req' are incompatible.
          Type 'Request<ParamsDictionary, any, any, ParsedQs, Record<string, any>>' is not assignable to type 'AuthRequest'.
            Types of property 'user' are incompatible.
              Type '{ id: string; email: string; role: string; name?: string | undefined; permissions?: string[] | undefined; } | undefined' is not assignable to type '{ id: string; email: string; role: string; permissions: any; } | undefined'.
                Type '{ id: string; email: string; role: string; name?: string | undefined; permissions?: string[] | undefined; }' is not assignable to type '{ id: string; email: string; role: string; permissions: any; }'.
                  Property 'permissions' is optional in type '{ id: string; email: string; role: string; name?: string | undefined; permissions?: string[] | undefined; }' but required in type '{ id: string; email: string; role: string; permissions: any; }'.
server/src/routes/baselines.ts(368,3): error TS2769: No overload matches this call.
  The last overload gave the following error.
    Argument of type '(req: AuthRequest, res: Response, next: NextFunction) => Promise<Response<any, Record<string, any>> | undefined>' is not assignable to parameter of type 'RequestHandlerParams<ParamsDictionary, any, any, ParsedQs, Record<string, any>>'.
      Type '(req: AuthRequest, res: Response, next: NextFunction) => Promise<Response<any, Record<string, any>> | undefined>' is not assignable to type 'RequestHandler<ParamsDictionary, any, any, ParsedQs, Record<string, any>>'.
        Types of parameters 'req' and 'req' are incompatible.
          Type 'Request<ParamsDictionary, any, any, ParsedQs, Record<string, any>>' is not assignable to type 'AuthRequest'.
            Types of property 'user' are incompatible.
              Type '{ id: string; email: string; role: string; name?: string | undefined; permissions?: string[] | undefined; } | undefined' is not assignable to type '{ id: string; email: string; role: string; permissions: any; } | undefined'.
                Type '{ id: string; email: string; role: string; name?: string | undefined; permissions?: string[] | undefined; }' is not assignable to type '{ id: string; email: string; role: string; permissions: any; }'.
                  Property 'permissions' is optional in type '{ id: string; email: string; role: string; name?: string | undefined; permissions?: string[] | undefined; }' but required in type '{ id: string; email: string; role: string; permissions: any; }'.
server/src/routes/baselines.ts(439,3): error TS2769: No overload matches this call.
  The last overload gave the following error.
    Argument of type '(req: AuthRequest, res: Response, next: NextFunction) => Promise<Response<any, Record<string, any>> | undefined>' is not assignable to parameter of type 'RequestHandlerParams<ParamsDictionary, any, any, ParsedQs, Record<string, any>>'.
      Type '(req: AuthRequest, res: Response, next: NextFunction) => Promise<Response<any, Record<string, any>> | undefined>' is not assignable to type 'RequestHandler<ParamsDictionary, any, any, ParsedQs, Record<string, any>>'.
        Types of parameters 'req' and 'req' are incompatible.
          Type 'Request<ParamsDictionary, any, any, ParsedQs, Record<string, any>>' is not assignable to type 'AuthRequest'.
            Types of property 'user' are incompatible.
              Type '{ id: string; email: string; role: string; name?: string | undefined; permissions?: string[] | undefined; } | undefined' is not assignable to type '{ id: string; email: string; role: string; permissions: any; } | undefined'.
                Type '{ id: string; email: string; role: string; name?: string | undefined; permissions?: string[] | undefined; }' is not assignable to type '{ id: string; email: string; role: string; permissions: any; }'.
                  Property 'permissions' is optional in type '{ id: string; email: string; role: string; name?: string | undefined; permissions?: string[] | undefined; }' but required in type '{ id: string; email: string; role: string; permissions: any; }'.
server/src/routes/baselines.ts(520,3): error TS2769: No overload matches this call.
  The last overload gave the following error.
    Argument of type '(req: AuthRequest, res: Response, next: NextFunction) => Promise<Response<any, Record<string, any>> | undefined>' is not assignable to parameter of type 'RequestHandlerParams<ParamsDictionary, any, any, ParsedQs, Record<string, any>>'.
      Type '(req: AuthRequest, res: Response, next: NextFunction) => Promise<Response<any, Record<string, any>> | undefined>' is not assignable to type 'RequestHandler<ParamsDictionary, any, any, ParsedQs, Record<string, any>>'.
        Types of parameters 'req' and 'req' are incompatible.
          Type 'Request<ParamsDictionary, any, any, ParsedQs, Record<string, any>>' is not assignable to type 'AuthRequest'.
            Types of property 'user' are incompatible.
              Type '{ id: string; email: string; role: string; name?: string | undefined; permissions?: string[] | undefined; } | undefined' is not assignable to type '{ id: string; email: string; role: string; permissions: any; } | undefined'.
                Type '{ id: string; email: string; role: string; name?: string | undefined; permissions?: string[] | undefined; }' is not assignable to type '{ id: string; email: string; role: string; permissions: any; }'.
                  Property 'permissions' is optional in type '{ id: string; email: string; role: string; name?: string | undefined; permissions?: string[] | undefined; }' but required in type '{ id: string; email: string; role: string; permissions: any; }'.
server/src/routes/baselines.ts(560,3): error TS2769: No overload matches this call.
  The last overload gave the following error.
    Argument of type '(req: AuthRequest, res: Response, next: NextFunction) => Promise<Response<any, Record<string, any>> | undefined>' is not assignable to parameter of type 'RequestHandlerParams<ParamsDictionary, any, any, ParsedQs, Record<string, any>>'.
      Type '(req: AuthRequest, res: Response, next: NextFunction) => Promise<Response<any, Record<string, any>> | undefined>' is not assignable to type 'RequestHandler<ParamsDictionary, any, any, ParsedQs, Record<string, any>>'.
        Types of parameters 'req' and 'req' are incompatible.
          Type 'Request<ParamsDictionary, any, any, ParsedQs, Record<string, any>>' is not assignable to type 'AuthRequest'.
            Types of property 'user' are incompatible.
              Type '{ id: string; email: string; role: string; name?: string | undefined; permissions?: string[] | undefined; } | undefined' is not assignable to type '{ id: string; email: string; role: string; permissions: any; } | undefined'.
                Type '{ id: string; email: string; role: string; name?: string | undefined; permissions?: string[] | undefined; }' is not assignable to type '{ id: string; email: string; role: string; permissions: any; }'.
                  Property 'permissions' is optional in type '{ id: string; email: string; role: string; name?: string | undefined; permissions?: string[] | undefined; }' but required in type '{ id: string; email: string; role: string; permissions: any; }'.
server/src/routes/baselines.ts(625,3): error TS2769: No overload matches this call.
  The last overload gave the following error.
    Argument of type '(req: AuthRequest, res: Response, next: NextFunction) => Promise<Response<any, Record<string, any>> | undefined>' is not assignable to parameter of type 'RequestHandlerParams<ParamsDictionary, any, any, ParsedQs, Record<string, any>>'.
      Type '(req: AuthRequest, res: Response, next: NextFunction) => Promise<Response<any, Record<string, any>> | undefined>' is not assignable to type 'RequestHandler<ParamsDictionary, any, any, ParsedQs, Record<string, any>>'.
        Types of parameters 'req' and 'req' are incompatible.
          Type 'Request<ParamsDictionary, any, any, ParsedQs, Record<string, any>>' is not assignable to type 'AuthRequest'.
            Types of property 'user' are incompatible.
              Type '{ id: string; email: string; role: string; name?: string | undefined; permissions?: string[] | undefined; } | undefined' is not assignable to type '{ id: string; email: string; role: string; permissions: any; } | undefined'.
                Type '{ id: string; email: string; role: string; name?: string | undefined; permissions?: string[] | undefined; }' is not assignable to type '{ id: string; email: string; role: string; permissions: any; }'.
                  Property 'permissions' is optional in type '{ id: string; email: string; role: string; name?: string | undefined; permissions?: string[] | undefined; }' but required in type '{ id: string; email: string; role: string; permissions: any; }'.
server/src/routes/baselineUpdates.ts(119,7): error TS2783: 'success' is specified more than once, so this usage will be overwritten.
server/src/routes/competencies.ts(12,17): error TS2769: No overload matches this call.
  The last overload gave the following error.
    Argument of type '(req: AuthRequest, res: Response, next: NextFunction) => Promise<Response<any, Record<string, any>> | undefined>' is not assignable to parameter of type 'RequestHandlerParams<ParamsDictionary, any, any, ParsedQs, Record<string, any>>'.
      Type '(req: AuthRequest, res: Response, next: NextFunction) => Promise<Response<any, Record<string, any>> | undefined>' is not assignable to type 'RequestHandler<ParamsDictionary, any, any, ParsedQs, Record<string, any>>'.
        Types of parameters 'req' and 'req' are incompatible.
          Type 'Request<ParamsDictionary, any, any, ParsedQs, Record<string, any>>' is not assignable to type 'AuthRequest'.
            Types of property 'user' are incompatible.
              Type '{ id: string; email: string; role: string; name?: string | undefined; permissions?: string[] | undefined; } | undefined' is not assignable to type '{ id: string; email: string; role: string; permissions: any; } | undefined'.
                Type '{ id: string; email: string; role: string; name?: string | undefined; permissions?: string[] | undefined; }' is not assignable to type '{ id: string; email: string; role: string; permissions: any; }'.
                  Property 'permissions' is optional in type '{ id: string; email: string; role: string; name?: string | undefined; permissions?: string[] | undefined; }' but required in type '{ id: string; email: string; role: string; permissions: any; }'.
server/src/routes/competencies.ts(30,20): error TS2769: No overload matches this call.
  The last overload gave the following error.
    Argument of type '(req: AuthRequest, res: Response, next: NextFunction) => Promise<Response<any, Record<string, any>> | undefined>' is not assignable to parameter of type 'RequestHandlerParams<ParamsDictionary, any, any, ParsedQs, Record<string, any>>'.
      Type '(req: AuthRequest, res: Response, next: NextFunction) => Promise<Response<any, Record<string, any>> | undefined>' is not assignable to type 'RequestHandler<ParamsDictionary, any, any, ParsedQs, Record<string, any>>'.
        Types of parameters 'req' and 'req' are incompatible.
          Type 'Request<ParamsDictionary, any, any, ParsedQs, Record<string, any>>' is not assignable to type 'AuthRequest'.
            Types of property 'user' are incompatible.
              Type '{ id: string; email: string; role: string; name?: string | undefined; permissions?: string[] | undefined; } | undefined' is not assignable to type '{ id: string; email: string; role: string; permissions: any; } | undefined'.
                Type '{ id: string; email: string; role: string; name?: string | undefined; permissions?: string[] | undefined; }' is not assignable to type '{ id: string; email: string; role: string; permissions: any; }'.
                  Property 'permissions' is optional in type '{ id: string; email: string; role: string; name?: string | undefined; permissions?: string[] | undefined; }' but required in type '{ id: string; email: string; role: string; permissions: any; }'.
server/src/routes/competencies.ts(53,3): error TS2769: No overload matches this call.
  The last overload gave the following error.
    Argument of type '(req: AuthRequest, res: Response, next: NextFunction) => Promise<Response<any, Record<string, any>> | undefined>' is not assignable to parameter of type 'RequestHandlerParams<ParamsDictionary, any, any, ParsedQs, Record<string, any>>'.
      Type '(req: AuthRequest, res: Response, next: NextFunction) => Promise<Response<any, Record<string, any>> | undefined>' is not assignable to type 'RequestHandler<ParamsDictionary, any, any, ParsedQs, Record<string, any>>'.
        Types of parameters 'req' and 'req' are incompatible.
          Type 'Request<ParamsDictionary, any, any, ParsedQs, Record<string, any>>' is not assignable to type 'AuthRequest'.
            Types of property 'user' are incompatible.
              Type '{ id: string; email: string; role: string; name?: string | undefined; permissions?: string[] | undefined; } | undefined' is not assignable to type '{ id: string; email: string; role: string; permissions: any; } | undefined'.
                Type '{ id: string; email: string; role: string; name?: string | undefined; permissions?: string[] | undefined; }' is not assignable to type '{ id: string; email: string; role: string; permissions: any; }'.
                  Property 'permissions' is optional in type '{ id: string; email: string; role: string; name?: string | undefined; permissions?: string[] | undefined; }' but required in type '{ id: string; email: string; role: string; permissions: any; }'.
server/src/routes/competencies.ts(84,3): error TS2769: No overload matches this call.
  The last overload gave the following error.
    Argument of type '(req: AuthRequest, res: Response, next: NextFunction) => Promise<Response<any, Record<string, any>> | undefined>' is not assignable to parameter of type 'RequestHandlerParams<ParamsDictionary, any, any, ParsedQs, Record<string, any>>'.
      Type '(req: AuthRequest, res: Response, next: NextFunction) => Promise<Response<any, Record<string, any>> | undefined>' is not assignable to type 'RequestHandler<ParamsDictionary, any, any, ParsedQs, Record<string, any>>'.
        Types of parameters 'req' and 'req' are incompatible.
          Type 'Request<ParamsDictionary, any, any, ParsedQs, Record<string, any>>' is not assignable to type 'AuthRequest'.
            Types of property 'user' are incompatible.
              Type '{ id: string; email: string; role: string; name?: string | undefined; permissions?: string[] | undefined; } | undefined' is not assignable to type '{ id: string; email: string; role: string; permissions: any; } | undefined'.
                Type '{ id: string; email: string; role: string; name?: string | undefined; permissions?: string[] | undefined; }' is not assignable to type '{ id: string; email: string; role: string; permissions: any; }'.
                  Property 'permissions' is optional in type '{ id: string; email: string; role: string; name?: string | undefined; permissions?: string[] | undefined; }' but required in type '{ id: string; email: string; role: string; permissions: any; }'.
server/src/routes/competencies.ts(120,3): error TS2769: No overload matches this call.
  The last overload gave the following error.
    Argument of type '(req: AuthRequest, res: Response, next: NextFunction) => Promise<Response<any, Record<string, any>> | undefined>' is not assignable to parameter of type 'RequestHandlerParams<ParamsDictionary, any, any, ParsedQs, Record<string, any>>'.
      Type '(req: AuthRequest, res: Response, next: NextFunction) => Promise<Response<any, Record<string, any>> | undefined>' is not assignable to type 'RequestHandler<ParamsDictionary, any, any, ParsedQs, Record<string, any>>'.
        Types of parameters 'req' and 'req' are incompatible.
          Type 'Request<ParamsDictionary, any, any, ParsedQs, Record<string, any>>' is not assignable to type 'AuthRequest'.
            Types of property 'user' are incompatible.
              Type '{ id: string; email: string; role: string; name?: string | undefined; permissions?: string[] | undefined; } | undefined' is not assignable to type '{ id: string; email: string; role: string; permissions: any; } | undefined'.
                Type '{ id: string; email: string; role: string; name?: string | undefined; permissions?: string[] | undefined; }' is not assignable to type '{ id: string; email: string; role: string; permissions: any; }'.
                  Property 'permissions' is optional in type '{ id: string; email: string; role: string; name?: string | undefined; permissions?: string[] | undefined; }' but required in type '{ id: string; email: string; role: string; permissions: any; }'.
server/src/routes/competencies.ts(151,3): error TS2769: No overload matches this call.
  The last overload gave the following error.
    Argument of type '(req: AuthRequest, res: Response, next: NextFunction) => Promise<Response<any, Record<string, any>> | undefined>' is not assignable to parameter of type 'RequestHandlerParams<ParamsDictionary, any, any, ParsedQs, Record<string, any>>'.
      Type '(req: AuthRequest, res: Response, next: NextFunction) => Promise<Response<any, Record<string, any>> | undefined>' is not assignable to type 'RequestHandler<ParamsDictionary, any, any, ParsedQs, Record<string, any>>'.
        Types of parameters 'req' and 'req' are incompatible.
          Type 'Request<ParamsDictionary, any, any, ParsedQs, Record<string, any>>' is not assignable to type 'AuthRequest'.
            Types of property 'user' are incompatible.
              Type '{ id: string; email: string; role: string; name?: string | undefined; permissions?: string[] | undefined; } | undefined' is not assignable to type '{ id: string; email: string; role: string; permissions: any; } | undefined'.
                Type '{ id: string; email: string; role: string; name?: string | undefined; permissions?: string[] | undefined; }' is not assignable to type '{ id: string; email: string; role: string; permissions: any; }'.
                  Property 'permissions' is optional in type '{ id: string; email: string; role: string; name?: string | undefined; permissions?: string[] | undefined; }' but required in type '{ id: string; email: string; role: string; permissions: any; }'.
server/src/routes/competencies.ts(187,3): error TS2769: No overload matches this call.
  The last overload gave the following error.
    Argument of type '(req: AuthRequest, res: Response, next: NextFunction) => Promise<Response<any, Record<string, any>> | undefined>' is not assignable to parameter of type 'RequestHandlerParams<ParamsDictionary, any, any, ParsedQs, Record<string, any>>'.
      Type '(req: AuthRequest, res: Response, next: NextFunction) => Promise<Response<any, Record<string, any>> | undefined>' is not assignable to type 'RequestHandler<ParamsDictionary, any, any, ParsedQs, Record<string, any>>'.
        Types of parameters 'req' and 'req' are incompatible.
          Type 'Request<ParamsDictionary, any, any, ParsedQs, Record<string, any>>' is not assignable to type 'AuthRequest'.
            Types of property 'user' are incompatible.
              Type '{ id: string; email: string; role: string; name?: string | undefined; permissions?: string[] | undefined; } | undefined' is not assignable to type '{ id: string; email: string; role: string; permissions: any; } | undefined'.
                Type '{ id: string; email: string; role: string; name?: string | undefined; permissions?: string[] | undefined; }' is not assignable to type '{ id: string; email: string; role: string; permissions: any; }'.
                  Property 'permissions' is optional in type '{ id: string; email: string; role: string; name?: string | undefined; permissions?: string[] | undefined; }' but required in type '{ id: string; email: string; role: string; permissions: any; }'.
server/src/routes/competencies.ts(226,29): error TS2769: No overload matches this call.
  The last overload gave the following error.
    Argument of type '(req: AuthRequest, res: Response, next: NextFunction) => Promise<Response<any, Record<string, any>> | undefined>' is not assignable to parameter of type 'RequestHandlerParams<ParamsDictionary, any, any, ParsedQs, Record<string, any>>'.
      Type '(req: AuthRequest, res: Response, next: NextFunction) => Promise<Response<any, Record<string, any>> | undefined>' is not assignable to type 'RequestHandler<ParamsDictionary, any, any, ParsedQs, Record<string, any>>'.
        Types of parameters 'req' and 'req' are incompatible.
          Type 'Request<ParamsDictionary, any, any, ParsedQs, Record<string, any>>' is not assignable to type 'AuthRequest'.
            Types of property 'user' are incompatible.
              Type '{ id: string; email: string; role: string; name?: string | undefined; permissions?: string[] | undefined; } | undefined' is not assignable to type '{ id: string; email: string; role: string; permissions: any; } | undefined'.
                Type '{ id: string; email: string; role: string; name?: string | undefined; permissions?: string[] | undefined; }' is not assignable to type '{ id: string; email: string; role: string; permissions: any; }'.
                  Property 'permissions' is optional in type '{ id: string; email: string; role: string; name?: string | undefined; permissions?: string[] | undefined; }' but required in type '{ id: string; email: string; role: string; permissions: any; }'.
server/src/routes/competencies.ts(244,43): error TS2769: No overload matches this call.
  The last overload gave the following error.
    Argument of type '(req: AuthRequest, res: Response, next: NextFunction) => Promise<Response<any, Record<string, any>> | undefined>' is not assignable to parameter of type 'RequestHandlerParams<ParamsDictionary, any, any, ParsedQs, Record<string, any>>'.
      Type '(req: AuthRequest, res: Response, next: NextFunction) => Promise<Response<any, Record<string, any>> | undefined>' is not assignable to type 'RequestHandler<ParamsDictionary, any, any, ParsedQs, Record<string, any>>'.
        Types of parameters 'req' and 'req' are incompatible.
          Type 'Request<ParamsDictionary, any, any, ParsedQs, Record<string, any>>' is not assignable to type 'AuthRequest'.
            Types of property 'user' are incompatible.
              Type '{ id: string; email: string; role: string; name?: string | undefined; permissions?: string[] | undefined; } | undefined' is not assignable to type '{ id: string; email: string; role: string; permissions: any; } | undefined'.
                Type '{ id: string; email: string; role: string; name?: string | undefined; permissions?: string[] | undefined; }' is not assignable to type '{ id: string; email: string; role: string; permissions: any; }'.
                  Property 'permissions' is optional in type '{ id: string; email: string; role: string; name?: string | undefined; permissions?: string[] | undefined; }' but required in type '{ id: string; email: string; role: string; permissions: any; }'.
server/src/routes/competencies.ts(264,3): error TS2769: No overload matches this call.
  The last overload gave the following error.
    Argument of type '(req: AuthRequest, res: Response, next: NextFunction) => Promise<Response<any, Record<string, any>> | undefined>' is not assignable to parameter of type 'RequestHandlerParams<ParamsDictionary, any, any, ParsedQs, Record<string, any>>'.
      Type '(req: AuthRequest, res: Response, next: NextFunction) => Promise<Response<any, Record<string, any>> | undefined>' is not assignable to type 'RequestHandler<ParamsDictionary, any, any, ParsedQs, Record<string, any>>'.
        Types of parameters 'req' and 'req' are incompatible.
          Type 'Request<ParamsDictionary, any, any, ParsedQs, Record<string, any>>' is not assignable to type 'AuthRequest'.
            Types of property 'user' are incompatible.
              Type '{ id: string; email: string; role: string; name?: string | undefined; permissions?: string[] | undefined; } | undefined' is not assignable to type '{ id: string; email: string; role: string; permissions: any; } | undefined'.
                Type '{ id: string; email: string; role: string; name?: string | undefined; permissions?: string[] | undefined; }' is not assignable to type '{ id: string; email: string; role: string; permissions: any; }'.
                  Property 'permissions' is optional in type '{ id: string; email: string; role: string; name?: string | undefined; permissions?: string[] | undefined; }' but required in type '{ id: string; email: string; role: string; permissions: any; }'.
server/src/routes/competencies.ts(292,3): error TS2769: No overload matches this call.
  The last overload gave the following error.
    Argument of type '(req: AuthRequest, res: Response, next: NextFunction) => Promise<Response<any, Record<string, any>> | undefined>' is not assignable to parameter of type 'RequestHandlerParams<ParamsDictionary, any, any, ParsedQs, Record<string, any>>'.
      Type '(req: AuthRequest, res: Response, next: NextFunction) => Promise<Response<any, Record<string, any>> | undefined>' is not assignable to type 'RequestHandler<ParamsDictionary, any, any, ParsedQs, Record<string, any>>'.
        Types of parameters 'req' and 'req' are incompatible.
          Type 'Request<ParamsDictionary, any, any, ParsedQs, Record<string, any>>' is not assignable to type 'AuthRequest'.
            Types of property 'user' are incompatible.
              Type '{ id: string; email: string; role: string; name?: string | undefined; permissions?: string[] | undefined; } | undefined' is not assignable to type '{ id: string; email: string; role: string; permissions: any; } | undefined'.
                Type '{ id: string; email: string; role: string; name?: string | undefined; permissions?: string[] | undefined; }' is not assignable to type '{ id: string; email: string; role: string; permissions: any; }'.
                  Property 'permissions' is optional in type '{ id: string; email: string; role: string; name?: string | undefined; permissions?: string[] | undefined; }' but required in type '{ id: string; email: string; role: string; permissions: any; }'.
server/src/routes/compression.ts(11,12): error TS2769: No overload matches this call.
  The last overload gave the following error.
    Argument of type '(req: AuthRequest, res: Response, next: NextFunction) => Promise<Response<any, Record<string, any>> | undefined>' is not assignable to parameter of type 'PathParams'.
server/src/routes/confluenceRoutes.ts(14,12): error TS2769: No overload matches this call.
  The last overload gave the following error.
    Argument of type '(req: AuthRequest, res: Response, next: NextFunction) => Promise<Response<any, Record<string, any>> | undefined>' is not assignable to parameter of type 'PathParams'.
server/src/routes/confluenceRoutes.ts(54,16): error TS18046: 'error' is of type 'unknown'.
server/src/routes/confluenceRoutes.ts(149,16): error TS18046: 'error' is of type 'unknown'.
server/src/routes/confluenceRoutes.ts(196,16): error TS18046: 'error' is of type 'unknown'.
server/src/routes/confluenceRoutes.ts(234,16): error TS18046: 'error' is of type 'unknown'.
server/src/routes/confluenceRoutes.ts(369,16): error TS18046: 'error' is of type 'unknown'.
server/src/routes/content-structuring.ts(31,25): error TS2769: No overload matches this call.
  The last overload gave the following error.
    Argument of type '(req: AuthRequest, res: Response, next: NextFunction) => Promise<Response<any, Record<string, any>> | undefined>' is not assignable to parameter of type 'RequestHandlerParams<ParamsDictionary, any, any, ParsedQs, Record<string, any>>'.
      Type '(req: AuthRequest, res: Response, next: NextFunction) => Promise<Response<any, Record<string, any>> | undefined>' is not assignable to type 'RequestHandler<ParamsDictionary, any, any, ParsedQs, Record<string, any>>'.
        Types of parameters 'req' and 'req' are incompatible.
          Type 'Request<ParamsDictionary, any, any, ParsedQs, Record<string, any>>' is not assignable to type 'AuthRequest'.
            Types of property 'user' are incompatible.
              Type '{ id: string; email: string; role: string; name?: string | undefined; permissions?: string[] | undefined; } | undefined' is not assignable to type '{ id: string; email: string; role: string; permissions: any; } | undefined'.
                Type '{ id: string; email: string; role: string; name?: string | undefined; permissions?: string[] | undefined; }' is not assignable to type '{ id: string; email: string; role: string; permissions: any; }'.
                  Property 'permissions' is optional in type '{ id: string; email: string; role: string; name?: string | undefined; permissions?: string[] | undefined; }' but required in type '{ id: string; email: string; role: string; permissions: any; }'.
server/src/routes/content-structuring.ts(61,35): error TS2769: No overload matches this call.
  The last overload gave the following error.
    Argument of type '(req: AuthRequest, res: Response, next: NextFunction) => Promise<Response<any, Record<string, any>> | undefined>' is not assignable to parameter of type 'RequestHandlerParams<ParamsDictionary, any, any, ParsedQs, Record<string, any>>'.
      Type '(req: AuthRequest, res: Response, next: NextFunction) => Promise<Response<any, Record<string, any>> | undefined>' is not assignable to type 'RequestHandler<ParamsDictionary, any, any, ParsedQs, Record<string, any>>'.
        Types of parameters 'req' and 'req' are incompatible.
          Type 'Request<ParamsDictionary, any, any, ParsedQs, Record<string, any>>' is not assignable to type 'AuthRequest'.
            Types of property 'user' are incompatible.
              Type '{ id: string; email: string; role: string; name?: string | undefined; permissions?: string[] | undefined; } | undefined' is not assignable to type '{ id: string; email: string; role: string; permissions: any; } | undefined'.
                Type '{ id: string; email: string; role: string; name?: string | undefined; permissions?: string[] | undefined; }' is not assignable to type '{ id: string; email: string; role: string; permissions: any; }'.
                  Property 'permissions' is optional in type '{ id: string; email: string; role: string; name?: string | undefined; permissions?: string[] | undefined; }' but required in type '{ id: string; email: string; role: string; permissions: any; }'.
server/src/routes/content-structuring.ts(97,26): error TS2769: No overload matches this call.
  The last overload gave the following error.
    Argument of type '(req: AuthRequest, res: Response, next: NextFunction) => Promise<Response<any, Record<string, any>> | undefined>' is not assignable to parameter of type 'RequestHandlerParams<ParamsDictionary, any, any, ParsedQs, Record<string, any>>'.
      Type '(req: AuthRequest, res: Response, next: NextFunction) => Promise<Response<any, Record<string, any>> | undefined>' is not assignable to type 'RequestHandler<ParamsDictionary, any, any, ParsedQs, Record<string, any>>'.
        Types of parameters 'req' and 'req' are incompatible.
          Type 'Request<ParamsDictionary, any, any, ParsedQs, Record<string, any>>' is not assignable to type 'AuthRequest'.
            Types of property 'user' are incompatible.
              Type '{ id: string; email: string; role: string; name?: string | undefined; permissions?: string[] | undefined; } | undefined' is not assignable to type '{ id: string; email: string; role: string; permissions: any; } | undefined'.
                Type '{ id: string; email: string; role: string; name?: string | undefined; permissions?: string[] | undefined; }' is not assignable to type '{ id: string; email: string; role: string; permissions: any; }'.
                  Property 'permissions' is optional in type '{ id: string; email: string; role: string; name?: string | undefined; permissions?: string[] | undefined; }' but required in type '{ id: string; email: string; role: string; permissions: any; }'.
server/src/routes/content-structuring.ts(131,37): error TS2769: No overload matches this call.
  The last overload gave the following error.
    Argument of type '(req: AuthRequest, res: Response, next: NextFunction) => Promise<Response<any, Record<string, any>> | undefined>' is not assignable to parameter of type 'RequestHandlerParams<ParamsDictionary, any, any, ParsedQs, Record<string, any>>'.
      Type '(req: AuthRequest, res: Response, next: NextFunction) => Promise<Response<any, Record<string, any>> | undefined>' is not assignable to type 'RequestHandler<ParamsDictionary, any, any, ParsedQs, Record<string, any>>'.
        Types of parameters 'req' and 'req' are incompatible.
          Type 'Request<ParamsDictionary, any, any, ParsedQs, Record<string, any>>' is not assignable to type 'AuthRequest'.
            Types of property 'user' are incompatible.
              Type '{ id: string; email: string; role: string; name?: string | undefined; permissions?: string[] | undefined; } | undefined' is not assignable to type '{ id: string; email: string; role: string; permissions: any; } | undefined'.
                Type '{ id: string; email: string; role: string; name?: string | undefined; permissions?: string[] | undefined; }' is not assignable to type '{ id: string; email: string; role: string; permissions: any; }'.
                  Property 'permissions' is optional in type '{ id: string; email: string; role: string; name?: string | undefined; permissions?: string[] | undefined; }' but required in type '{ id: string; email: string; role: string; permissions: any; }'.
server/src/routes/content-structuring.ts(215,36): error TS2769: No overload matches this call.
  The last overload gave the following error.
    Argument of type '(req: AuthRequest, res: Response, next: NextFunction) => Promise<Response<any, Record<string, any>> | undefined>' is not assignable to parameter of type 'RequestHandlerParams<ParamsDictionary, any, any, ParsedQs, Record<string, any>>'.
      Type '(req: AuthRequest, res: Response, next: NextFunction) => Promise<Response<any, Record<string, any>> | undefined>' is not assignable to type 'RequestHandler<ParamsDictionary, any, any, ParsedQs, Record<string, any>>'.
        Types of parameters 'req' and 'req' are incompatible.
          Type 'Request<ParamsDictionary, any, any, ParsedQs, Record<string, any>>' is not assignable to type 'AuthRequest'.
            Types of property 'user' are incompatible.
              Type '{ id: string; email: string; role: string; name?: string | undefined; permissions?: string[] | undefined; } | undefined' is not assignable to type '{ id: string; email: string; role: string; permissions: any; } | undefined'.
                Type '{ id: string; email: string; role: string; name?: string | undefined; permissions?: string[] | undefined; }' is not assignable to type '{ id: string; email: string; role: string; permissions: any; }'.
                  Property 'permissions' is optional in type '{ id: string; email: string; role: string; name?: string | undefined; permissions?: string[] | undefined; }' but required in type '{ id: string; email: string; role: string; permissions: any; }'.
server/src/routes/context-ai.ts(148,21): error TS18046: 'error' is of type 'unknown'.
server/src/routes/context-ai.ts(153,16): error TS18046: 'error' is of type 'unknown'.
server/src/routes/context-ai.ts(203,16): error TS18046: 'error' is of type 'unknown'.
server/src/routes/context-ai.ts(253,16): error TS18046: 'error' is of type 'unknown'.
server/src/routes/context-ai.ts(303,16): error TS18046: 'error' is of type 'unknown'.
server/src/routes/context-ai.ts(346,16): error TS18046: 'error' is of type 'unknown'.
server/src/routes/context-ai.ts(356,3): error TS2769: No overload matches this call.
  The last overload gave the following error.
    Argument of type '(req: AuthRequest, res: Response, next: NextFunction) => Promise<Response<any, Record<string, any>> | undefined>' is not assignable to parameter of type 'RequestHandlerParams<ParamsDictionary, any, any, ParsedQs, Record<string, any>>'.
      Type '(req: AuthRequest, res: Response, next: NextFunction) => Promise<Response<any, Record<string, any>> | undefined>' is not assignable to type 'RequestHandler<ParamsDictionary, any, any, ParsedQs, Record<string, any>>'.
        Types of parameters 'req' and 'req' are incompatible.
          Type 'Request<ParamsDictionary, any, any, ParsedQs, Record<string, any>>' is not assignable to type 'AuthRequest'.
            Types of property 'user' are incompatible.
              Type '{ id: string; email: string; role: string; name?: string | undefined; permissions?: string[] | undefined; } | undefined' is not assignable to type '{ id: string; email: string; role: string; permissions: any; } | undefined'.
                Type '{ id: string; email: string; role: string; name?: string | undefined; permissions?: string[] | undefined; }' is not assignable to type '{ id: string; email: string; role: string; permissions: any; }'.
                  Property 'permissions' is optional in type '{ id: string; email: string; role: string; name?: string | undefined; permissions?: string[] | undefined; }' but required in type '{ id: string; email: string; role: string; permissions: any; }'.
server/src/routes/context-ai.ts(492,18): error TS18046: 'error' is of type 'unknown'.
server/src/routes/context-ai.ts(561,16): error TS18046: 'error' is of type 'unknown'.
server/src/routes/context-injection.ts(17,12): error TS2769: No overload matches this call.
  The last overload gave the following error.
    Argument of type '(req: AuthRequest, res: Response, next: NextFunction) => Promise<Response<any, Record<string, any>> | undefined>' is not assignable to parameter of type 'PathParams'.
server/src/routes/contextInjection.ts(78,14): error TS18046: 'error' is of type 'unknown'.
server/src/routes/contextInjection.ts(79,14): error TS18046: 'error' is of type 'unknown'.
server/src/routes/contextInjection.ts(85,16): error TS18046: 'error' is of type 'unknown'.
server/src/routes/contextInjection.ts(122,14): error TS18046: 'error' is of type 'unknown'.
server/src/routes/contextInjection.ts(128,16): error TS18046: 'error' is of type 'unknown'.
server/src/routes/contextInjection.ts(152,14): error TS18046: 'error' is of type 'unknown'.
server/src/routes/contextInjection.ts(158,16): error TS18046: 'error' is of type 'unknown'.
server/src/routes/contextInjection.ts(225,14): error TS18046: 'error' is of type 'unknown'.
server/src/routes/contextInjection.ts(231,16): error TS18046: 'error' is of type 'unknown'.
server/src/routes/contextInjection.ts(373,14): error TS18046: 'error' is of type 'unknown'.
server/src/routes/contextInjection.ts(379,16): error TS18046: 'error' is of type 'unknown'.
server/src/routes/contextRoutes.ts(15,3): error TS2769: No overload matches this call.
  The last overload gave the following error.
    Argument of type '(req: AuthRequest, res: Response, next: NextFunction) => Promise<Response<any, Record<string, any>> | undefined>' is not assignable to parameter of type 'RequestHandlerParams<ParamsDictionary, any, any, ParsedQs, Record<string, any>>'.
      Type '(req: AuthRequest, res: Response, next: NextFunction) => Promise<Response<any, Record<string, any>> | undefined>' is not assignable to type 'RequestHandler<ParamsDictionary, any, any, ParsedQs, Record<string, any>>'.
        Types of parameters 'req' and 'req' are incompatible.
          Type 'Request<ParamsDictionary, any, any, ParsedQs, Record<string, any>>' is not assignable to type 'AuthRequest'.
            Types of property 'user' are incompatible.
              Type '{ id: string; email: string; role: string; name?: string | undefined; permissions?: string[] | undefined; } | undefined' is not assignable to type '{ id: string; email: string; role: string; permissions: any; } | undefined'.
                Type '{ id: string; email: string; role: string; name?: string | undefined; permissions?: string[] | undefined; }' is not assignable to type '{ id: string; email: string; role: string; permissions: any; }'.
                  Property 'permissions' is optional in type '{ id: string; email: string; role: string; name?: string | undefined; permissions?: string[] | undefined; }' but required in type '{ id: string; email: string; role: string; permissions: any; }'.
server/src/routes/contextRoutes.ts(107,3): error TS2769: No overload matches this call.
  The last overload gave the following error.
    Argument of type '(req: AuthRequest, res: Response, next: NextFunction) => Promise<Response<any, Record<string, any>> | undefined>' is not assignable to parameter of type 'RequestHandlerParams<ParamsDictionary, any, any, ParsedQs, Record<string, any>>'.
      Type '(req: AuthRequest, res: Response, next: NextFunction) => Promise<Response<any, Record<string, any>> | undefined>' is not assignable to type 'RequestHandler<ParamsDictionary, any, any, ParsedQs, Record<string, any>>'.
        Types of parameters 'req' and 'req' are incompatible.
          Type 'Request<ParamsDictionary, any, any, ParsedQs, Record<string, any>>' is not assignable to type 'AuthRequest'.
            Types of property 'user' are incompatible.
              Type '{ id: string; email: string; role: string; name?: string | undefined; permissions?: string[] | undefined; } | undefined' is not assignable to type '{ id: string; email: string; role: string; permissions: any; } | undefined'.
                Type '{ id: string; email: string; role: string; name?: string | undefined; permissions?: string[] | undefined; }' is not assignable to type '{ id: string; email: string; role: string; permissions: any; }'.
                  Property 'permissions' is optional in type '{ id: string; email: string; role: string; name?: string | undefined; permissions?: string[] | undefined; }' but required in type '{ id: string; email: string; role: string; permissions: any; }'.
server/src/routes/costManagement.ts(33,27): error TS2769: No overload matches this call.
  The last overload gave the following error.
    Argument of type '(req: AuthRequest, res: Response, next: NextFunction) => Promise<Response<any, Record<string, any>> | undefined>' is not assignable to parameter of type 'RequestHandlerParams<ParamsDictionary, any, any, ParsedQs, Record<string, any>>'.
      Type '(req: AuthRequest, res: Response, next: NextFunction) => Promise<Response<any, Record<string, any>> | undefined>' is not assignable to type 'RequestHandler<ParamsDictionary, any, any, ParsedQs, Record<string, any>>'.
        Types of parameters 'req' and 'req' are incompatible.
          Type 'Request<ParamsDictionary, any, any, ParsedQs, Record<string, any>>' is not assignable to type 'AuthRequest'.
            Types of property 'user' are incompatible.
              Type '{ id: string; email: string; role: string; name?: string | undefined; permissions?: string[] | undefined; } | undefined' is not assignable to type '{ id: string; email: string; role: string; permissions: any; } | undefined'.
                Type '{ id: string; email: string; role: string; name?: string | undefined; permissions?: string[] | undefined; }' is not assignable to type '{ id: string; email: string; role: string; permissions: any; }'.
                  Property 'permissions' is optional in type '{ id: string; email: string; role: string; name?: string | undefined; permissions?: string[] | undefined; }' but required in type '{ id: string; email: string; role: string; permissions: any; }'.
server/src/routes/costManagement.ts(50,31): error TS2769: No overload matches this call.
  The last overload gave the following error.
    Argument of type '(req: AuthRequest, res: Response, next: NextFunction) => Promise<Response<any, Record<string, any>> | undefined>' is not assignable to parameter of type 'RequestHandlerParams<ParamsDictionary, any, any, ParsedQs, Record<string, any>>'.
      Type '(req: AuthRequest, res: Response, next: NextFunction) => Promise<Response<any, Record<string, any>> | undefined>' is not assignable to type 'RequestHandler<ParamsDictionary, any, any, ParsedQs, Record<string, any>>'.
        Types of parameters 'req' and 'req' are incompatible.
          Type 'Request<ParamsDictionary, any, any, ParsedQs, Record<string, any>>' is not assignable to type 'AuthRequest'.
            Types of property 'user' are incompatible.
              Type '{ id: string; email: string; role: string; name?: string | undefined; permissions?: string[] | undefined; } | undefined' is not assignable to type '{ id: string; email: string; role: string; permissions: any; } | undefined'.
                Type '{ id: string; email: string; role: string; name?: string | undefined; permissions?: string[] | undefined; }' is not assignable to type '{ id: string; email: string; role: string; permissions: any; }'.
                  Property 'permissions' is optional in type '{ id: string; email: string; role: string; name?: string | undefined; permissions?: string[] | undefined; }' but required in type '{ id: string; email: string; role: string; permissions: any; }'.
server/src/routes/costManagement.ts(71,3): error TS2769: No overload matches this call.
  The last overload gave the following error.
    Argument of type '(req: AuthRequest, res: Response, next: NextFunction) => Promise<Response<any, Record<string, any>> | undefined>' is not assignable to parameter of type 'RequestHandlerParams<ParamsDictionary, any, any, ParsedQs, Record<string, any>>'.
      Type '(req: AuthRequest, res: Response, next: NextFunction) => Promise<Response<any, Record<string, any>> | undefined>' is not assignable to type 'RequestHandler<ParamsDictionary, any, any, ParsedQs, Record<string, any>>'.
        Types of parameters 'req' and 'req' are incompatible.
          Type 'Request<ParamsDictionary, any, any, ParsedQs, Record<string, any>>' is not assignable to type 'AuthRequest'.
            Types of property 'user' are incompatible.
              Type '{ id: string; email: string; role: string; name?: string | undefined; permissions?: string[] | undefined; } | undefined' is not assignable to type '{ id: string; email: string; role: string; permissions: any; } | undefined'.
                Type '{ id: string; email: string; role: string; name?: string | undefined; permissions?: string[] | undefined; }' is not assignable to type '{ id: string; email: string; role: string; permissions: any; }'.
                  Property 'permissions' is optional in type '{ id: string; email: string; role: string; name?: string | undefined; permissions?: string[] | undefined; }' but required in type '{ id: string; email: string; role: string; permissions: any; }'.
server/src/routes/costManagement.ts(104,3): error TS2769: No overload matches this call.
  The last overload gave the following error.
    Argument of type '(req: AuthRequest, res: Response, next: NextFunction) => Promise<Response<any, Record<string, any>> | undefined>' is not assignable to parameter of type 'RequestHandlerParams<ParamsDictionary, any, any, ParsedQs, Record<string, any>>'.
      Type '(req: AuthRequest, res: Response, next: NextFunction) => Promise<Response<any, Record<string, any>> | undefined>' is not assignable to type 'RequestHandler<ParamsDictionary, any, any, ParsedQs, Record<string, any>>'.
        Types of parameters 'req' and 'req' are incompatible.
          Type 'Request<ParamsDictionary, any, any, ParsedQs, Record<string, any>>' is not assignable to type 'AuthRequest'.
            Types of property 'user' are incompatible.
              Type '{ id: string; email: string; role: string; name?: string | undefined; permissions?: string[] | undefined; } | undefined' is not assignable to type '{ id: string; email: string; role: string; permissions: any; } | undefined'.
                Type '{ id: string; email: string; role: string; name?: string | undefined; permissions?: string[] | undefined; }' is not assignable to type '{ id: string; email: string; role: string; permissions: any; }'.
                  Property 'permissions' is optional in type '{ id: string; email: string; role: string; name?: string | undefined; permissions?: string[] | undefined; }' but required in type '{ id: string; email: string; role: string; permissions: any; }'.
server/src/routes/costManagement.ts(136,3): error TS2769: No overload matches this call.
  The last overload gave the following error.
    Argument of type '(req: AuthRequest, res: Response, next: NextFunction) => Promise<Response<any, Record<string, any>> | undefined>' is not assignable to parameter of type 'RequestHandlerParams<ParamsDictionary, any, any, ParsedQs, Record<string, any>>'.
      Type '(req: AuthRequest, res: Response, next: NextFunction) => Promise<Response<any, Record<string, any>> | undefined>' is not assignable to type 'RequestHandler<ParamsDictionary, any, any, ParsedQs, Record<string, any>>'.
        Types of parameters 'req' and 'req' are incompatible.
          Type 'Request<ParamsDictionary, any, any, ParsedQs, Record<string, any>>' is not assignable to type 'AuthRequest'.
            Types of property 'user' are incompatible.
              Type '{ id: string; email: string; role: string; name?: string | undefined; permissions?: string[] | undefined; } | undefined' is not assignable to type '{ id: string; email: string; role: string; permissions: any; } | undefined'.
                Type '{ id: string; email: string; role: string; name?: string | undefined; permissions?: string[] | undefined; }' is not assignable to type '{ id: string; email: string; role: string; permissions: any; }'.
                  Property 'permissions' is optional in type '{ id: string; email: string; role: string; name?: string | undefined; permissions?: string[] | undefined; }' but required in type '{ id: string; email: string; role: string; permissions: any; }'.
server/src/routes/costManagement.ts(157,3): error TS2769: No overload matches this call.
  The last overload gave the following error.
    Argument of type '(req: AuthRequest, res: Response, next: NextFunction) => Promise<Response<any, Record<string, any>> | undefined>' is not assignable to parameter of type 'RequestHandlerParams<ParamsDictionary, any, any, ParsedQs, Record<string, any>>'.
      Type '(req: AuthRequest, res: Response, next: NextFunction) => Promise<Response<any, Record<string, any>> | undefined>' is not assignable to type 'RequestHandler<ParamsDictionary, any, any, ParsedQs, Record<string, any>>'.
        Types of parameters 'req' and 'req' are incompatible.
          Type 'Request<ParamsDictionary, any, any, ParsedQs, Record<string, any>>' is not assignable to type 'AuthRequest'.
            Types of property 'user' are incompatible.
              Type '{ id: string; email: string; role: string; name?: string | undefined; permissions?: string[] | undefined; } | undefined' is not assignable to type '{ id: string; email: string; role: string; permissions: any; } | undefined'.
                Type '{ id: string; email: string; role: string; name?: string | undefined; permissions?: string[] | undefined; }' is not assignable to type '{ id: string; email: string; role: string; permissions: any; }'.
                  Property 'permissions' is optional in type '{ id: string; email: string; role: string; name?: string | undefined; permissions?: string[] | undefined; }' but required in type '{ id: string; email: string; role: string; permissions: any; }'.
server/src/routes/costManagement.ts(188,22): error TS2769: No overload matches this call.
  The last overload gave the following error.
    Argument of type '(req: AuthRequest, res: Response, next: NextFunction) => Promise<Response<any, Record<string, any>> | undefined>' is not assignable to parameter of type 'RequestHandlerParams<ParamsDictionary, any, any, ParsedQs, Record<string, any>>'.
      Type '(req: AuthRequest, res: Response, next: NextFunction) => Promise<Response<any, Record<string, any>> | undefined>' is not assignable to type 'RequestHandler<ParamsDictionary, any, any, ParsedQs, Record<string, any>>'.
        Types of parameters 'req' and 'req' are incompatible.
          Type 'Request<ParamsDictionary, any, any, ParsedQs, Record<string, any>>' is not assignable to type 'AuthRequest'.
            Types of property 'user' are incompatible.
              Type '{ id: string; email: string; role: string; name?: string | undefined; permissions?: string[] | undefined; } | undefined' is not assignable to type '{ id: string; email: string; role: string; permissions: any; } | undefined'.
                Type '{ id: string; email: string; role: string; name?: string | undefined; permissions?: string[] | undefined; }' is not assignable to type '{ id: string; email: string; role: string; permissions: any; }'.
                  Property 'permissions' is optional in type '{ id: string; email: string; role: string; name?: string | undefined; permissions?: string[] | undefined; }' but required in type '{ id: string; email: string; role: string; permissions: any; }'.
server/src/routes/costManagement.ts(205,36): error TS2769: No overload matches this call.
  The last overload gave the following error.
    Argument of type '(req: AuthRequest, res: Response, next: NextFunction) => Promise<Response<any, Record<string, any>> | undefined>' is not assignable to parameter of type 'RequestHandlerParams<ParamsDictionary, any, any, ParsedQs, Record<string, any>>'.
      Type '(req: AuthRequest, res: Response, next: NextFunction) => Promise<Response<any, Record<string, any>> | undefined>' is not assignable to type 'RequestHandler<ParamsDictionary, any, any, ParsedQs, Record<string, any>>'.
        Types of parameters 'req' and 'req' are incompatible.
          Type 'Request<ParamsDictionary, any, any, ParsedQs, Record<string, any>>' is not assignable to type 'AuthRequest'.
            Types of property 'user' are incompatible.
              Type '{ id: string; email: string; role: string; name?: string | undefined; permissions?: string[] | undefined; } | undefined' is not assignable to type '{ id: string; email: string; role: string; permissions: any; } | undefined'.
                Type '{ id: string; email: string; role: string; name?: string | undefined; permissions?: string[] | undefined; }' is not assignable to type '{ id: string; email: string; role: string; permissions: any; }'.
                  Property 'permissions' is optional in type '{ id: string; email: string; role: string; name?: string | undefined; permissions?: string[] | undefined; }' but required in type '{ id: string; email: string; role: string; permissions: any; }'.
server/src/routes/costManagement.ts(222,3): error TS2769: No overload matches this call.
  The last overload gave the following error.
    Argument of type '(req: AuthRequest, res: Response, next: NextFunction) => Promise<Response<any, Record<string, any>> | undefined>' is not assignable to parameter of type 'RequestHandlerParams<ParamsDictionary, any, any, ParsedQs, Record<string, any>>'.
      Type '(req: AuthRequest, res: Response, next: NextFunction) => Promise<Response<any, Record<string, any>> | undefined>' is not assignable to type 'RequestHandler<ParamsDictionary, any, any, ParsedQs, Record<string, any>>'.
        Types of parameters 'req' and 'req' are incompatible.
          Type 'Request<ParamsDictionary, any, any, ParsedQs, Record<string, any>>' is not assignable to type 'AuthRequest'.
            Types of property 'user' are incompatible.
              Type '{ id: string; email: string; role: string; name?: string | undefined; permissions?: string[] | undefined; } | undefined' is not assignable to type '{ id: string; email: string; role: string; permissions: any; } | undefined'.
                Type '{ id: string; email: string; role: string; name?: string | undefined; permissions?: string[] | undefined; }' is not assignable to type '{ id: string; email: string; role: string; permissions: any; }'.
                  Property 'permissions' is optional in type '{ id: string; email: string; role: string; name?: string | undefined; permissions?: string[] | undefined; }' but required in type '{ id: string; email: string; role: string; permissions: any; }'.
server/src/routes/costManagement.ts(256,3): error TS2769: No overload matches this call.
  The last overload gave the following error.
    Argument of type '(req: AuthRequest, res: Response, next: NextFunction) => Promise<Response<any, Record<string, any>> | undefined>' is not assignable to parameter of type 'RequestHandlerParams<ParamsDictionary, any, any, ParsedQs, Record<string, any>>'.
      Type '(req: AuthRequest, res: Response, next: NextFunction) => Promise<Response<any, Record<string, any>> | undefined>' is not assignable to type 'RequestHandler<ParamsDictionary, any, any, ParsedQs, Record<string, any>>'.
        Types of parameters 'req' and 'req' are incompatible.
          Type 'Request<ParamsDictionary, any, any, ParsedQs, Record<string, any>>' is not assignable to type 'AuthRequest'.
            Types of property 'user' are incompatible.
              Type '{ id: string; email: string; role: string; name?: string | undefined; permissions?: string[] | undefined; } | undefined' is not assignable to type '{ id: string; email: string; role: string; permissions: any; } | undefined'.
                Type '{ id: string; email: string; role: string; name?: string | undefined; permissions?: string[] | undefined; }' is not assignable to type '{ id: string; email: string; role: string; permissions: any; }'.
                  Property 'permissions' is optional in type '{ id: string; email: string; role: string; name?: string | undefined; permissions?: string[] | undefined; }' but required in type '{ id: string; email: string; role: string; permissions: any; }'.
server/src/routes/costManagement.ts(290,3): error TS2769: No overload matches this call.
  The last overload gave the following error.
    Argument of type '(req: AuthRequest, res: Response, next: NextFunction) => Promise<Response<any, Record<string, any>> | undefined>' is not assignable to parameter of type 'RequestHandlerParams<ParamsDictionary, any, any, ParsedQs, Record<string, any>>'.
      Type '(req: AuthRequest, res: Response, next: NextFunction) => Promise<Response<any, Record<string, any>> | undefined>' is not assignable to type 'RequestHandler<ParamsDictionary, any, any, ParsedQs, Record<string, any>>'.
        Types of parameters 'req' and 'req' are incompatible.
          Type 'Request<ParamsDictionary, any, any, ParsedQs, Record<string, any>>' is not assignable to type 'AuthRequest'.
            Types of property 'user' are incompatible.
              Type '{ id: string; email: string; role: string; name?: string | undefined; permissions?: string[] | undefined; } | undefined' is not assignable to type '{ id: string; email: string; role: string; permissions: any; } | undefined'.
                Type '{ id: string; email: string; role: string; name?: string | undefined; permissions?: string[] | undefined; }' is not assignable to type '{ id: string; email: string; role: string; permissions: any; }'.
                  Property 'permissions' is optional in type '{ id: string; email: string; role: string; name?: string | undefined; permissions?: string[] | undefined; }' but required in type '{ id: string; email: string; role: string; permissions: any; }'.
server/src/routes/costManagement.ts(314,3): error TS2769: No overload matches this call.
  The last overload gave the following error.
    Argument of type '(req: AuthRequest, res: Response, next: NextFunction) => Promise<Response<any, Record<string, any>> | undefined>' is not assignable to parameter of type 'RequestHandlerParams<ParamsDictionary, any, any, ParsedQs, Record<string, any>>'.
      Type '(req: AuthRequest, res: Response, next: NextFunction) => Promise<Response<any, Record<string, any>> | undefined>' is not assignable to type 'RequestHandler<ParamsDictionary, any, any, ParsedQs, Record<string, any>>'.
        Types of parameters 'req' and 'req' are incompatible.
          Type 'Request<ParamsDictionary, any, any, ParsedQs, Record<string, any>>' is not assignable to type 'AuthRequest'.
            Types of property 'user' are incompatible.
              Type '{ id: string; email: string; role: string; name?: string | undefined; permissions?: string[] | undefined; } | undefined' is not assignable to type '{ id: string; email: string; role: string; permissions: any; } | undefined'.
                Type '{ id: string; email: string; role: string; name?: string | undefined; permissions?: string[] | undefined; }' is not assignable to type '{ id: string; email: string; role: string; permissions: any; }'.
                  Property 'permissions' is optional in type '{ id: string; email: string; role: string; name?: string | undefined; permissions?: string[] | undefined; }' but required in type '{ id: string; email: string; role: string; permissions: any; }'.
server/src/routes/costManagement.ts(348,3): error TS2769: No overload matches this call.
  The last overload gave the following error.
    Argument of type '(req: AuthRequest, res: Response, next: NextFunction) => Promise<Response<any, Record<string, any>> | undefined>' is not assignable to parameter of type 'RequestHandlerParams<ParamsDictionary, any, any, ParsedQs, Record<string, any>>'.
      Type '(req: AuthRequest, res: Response, next: NextFunction) => Promise<Response<any, Record<string, any>> | undefined>' is not assignable to type 'RequestHandler<ParamsDictionary, any, any, ParsedQs, Record<string, any>>'.
        Types of parameters 'req' and 'req' are incompatible.
          Type 'Request<ParamsDictionary, any, any, ParsedQs, Record<string, any>>' is not assignable to type 'AuthRequest'.
            Types of property 'user' are incompatible.
              Type '{ id: string; email: string; role: string; name?: string | undefined; permissions?: string[] | undefined; } | undefined' is not assignable to type '{ id: string; email: string; role: string; permissions: any; } | undefined'.
                Type '{ id: string; email: string; role: string; name?: string | undefined; permissions?: string[] | undefined; }' is not assignable to type '{ id: string; email: string; role: string; permissions: any; }'.
                  Property 'permissions' is optional in type '{ id: string; email: string; role: string; name?: string | undefined; permissions?: string[] | undefined; }' but required in type '{ id: string; email: string; role: string; permissions: any; }'.
server/src/routes/costManagement.ts(371,3): error TS2769: No overload matches this call.
  The last overload gave the following error.
    Argument of type '(req: AuthRequest, res: Response, next: NextFunction) => Promise<Response<any, Record<string, any>> | undefined>' is not assignable to parameter of type 'RequestHandlerParams<ParamsDictionary, any, any, ParsedQs, Record<string, any>>'.
      Type '(req: AuthRequest, res: Response, next: NextFunction) => Promise<Response<any, Record<string, any>> | undefined>' is not assignable to type 'RequestHandler<ParamsDictionary, any, any, ParsedQs, Record<string, any>>'.
        Types of parameters 'req' and 'req' are incompatible.
          Type 'Request<ParamsDictionary, any, any, ParsedQs, Record<string, any>>' is not assignable to type 'AuthRequest'.
            Types of property 'user' are incompatible.
              Type '{ id: string; email: string; role: string; name?: string | undefined; permissions?: string[] | undefined; } | undefined' is not assignable to type '{ id: string; email: string; role: string; permissions: any; } | undefined'.
                Type '{ id: string; email: string; role: string; name?: string | undefined; permissions?: string[] | undefined; }' is not assignable to type '{ id: string; email: string; role: string; permissions: any; }'.
                  Property 'permissions' is optional in type '{ id: string; email: string; role: string; name?: string | undefined; permissions?: string[] | undefined; }' but required in type '{ id: string; email: string; role: string; permissions: any; }'.
server/src/routes/costManagement.ts(409,3): error TS2769: No overload matches this call.
  The last overload gave the following error.
    Argument of type '(req: AuthRequest, res: Response, next: NextFunction) => Promise<Response<any, Record<string, any>> | undefined>' is not assignable to parameter of type 'RequestHandlerParams<ParamsDictionary, any, any, ParsedQs, Record<string, any>>'.
      Type '(req: AuthRequest, res: Response, next: NextFunction) => Promise<Response<any, Record<string, any>> | undefined>' is not assignable to type 'RequestHandler<ParamsDictionary, any, any, ParsedQs, Record<string, any>>'.
        Types of parameters 'req' and 'req' are incompatible.
          Type 'Request<ParamsDictionary, any, any, ParsedQs, Record<string, any>>' is not assignable to type 'AuthRequest'.
            Types of property 'user' are incompatible.
              Type '{ id: string; email: string; role: string; name?: string | undefined; permissions?: string[] | undefined; } | undefined' is not assignable to type '{ id: string; email: string; role: string; permissions: any; } | undefined'.
                Type '{ id: string; email: string; role: string; name?: string | undefined; permissions?: string[] | undefined; }' is not assignable to type '{ id: string; email: string; role: string; permissions: any; }'.
                  Property 'permissions' is optional in type '{ id: string; email: string; role: string; name?: string | undefined; permissions?: string[] | undefined; }' but required in type '{ id: string; email: string; role: string; permissions: any; }'.
server/src/routes/costManagement.ts(435,3): error TS2769: No overload matches this call.
  The last overload gave the following error.
    Argument of type '(req: AuthRequest, res: Response, next: NextFunction) => Promise<Response<any, Record<string, any>> | undefined>' is not assignable to parameter of type 'RequestHandlerParams<ParamsDictionary, any, any, ParsedQs, Record<string, any>>'.
      Type '(req: AuthRequest, res: Response, next: NextFunction) => Promise<Response<any, Record<string, any>> | undefined>' is not assignable to type 'RequestHandler<ParamsDictionary, any, any, ParsedQs, Record<string, any>>'.
        Types of parameters 'req' and 'req' are incompatible.
          Type 'Request<ParamsDictionary, any, any, ParsedQs, Record<string, any>>' is not assignable to type 'AuthRequest'.
            Types of property 'user' are incompatible.
              Type '{ id: string; email: string; role: string; name?: string | undefined; permissions?: string[] | undefined; } | undefined' is not assignable to type '{ id: string; email: string; role: string; permissions: any; } | undefined'.
                Type '{ id: string; email: string; role: string; name?: string | undefined; permissions?: string[] | undefined; }' is not assignable to type '{ id: string; email: string; role: string; permissions: any; }'.
                  Property 'permissions' is optional in type '{ id: string; email: string; role: string; name?: string | undefined; permissions?: string[] | undefined; }' but required in type '{ id: string; email: string; role: string; permissions: any; }'.
server/src/routes/costManagement.ts(456,3): error TS2769: No overload matches this call.
  The last overload gave the following error.
    Argument of type '(req: AuthRequest, res: Response, next: NextFunction) => Promise<Response<any, Record<string, any>> | undefined>' is not assignable to parameter of type 'RequestHandlerParams<ParamsDictionary, any, any, ParsedQs, Record<string, any>>'.
      Type '(req: AuthRequest, res: Response, next: NextFunction) => Promise<Response<any, Record<string, any>> | undefined>' is not assignable to type 'RequestHandler<ParamsDictionary, any, any, ParsedQs, Record<string, any>>'.
        Types of parameters 'req' and 'req' are incompatible.
          Type 'Request<ParamsDictionary, any, any, ParsedQs, Record<string, any>>' is not assignable to type 'AuthRequest'.
            Types of property 'user' are incompatible.
              Type '{ id: string; email: string; role: string; name?: string | undefined; permissions?: string[] | undefined; } | undefined' is not assignable to type '{ id: string; email: string; role: string; permissions: any; } | undefined'.
                Type '{ id: string; email: string; role: string; name?: string | undefined; permissions?: string[] | undefined; }' is not assignable to type '{ id: string; email: string; role: string; permissions: any; }'.
                  Property 'permissions' is optional in type '{ id: string; email: string; role: string; name?: string | undefined; permissions?: string[] | undefined; }' but required in type '{ id: string; email: string; role: string; permissions: any; }'.
server/src/routes/costManagement.ts(481,3): error TS2769: No overload matches this call.
  The last overload gave the following error.
    Argument of type '(req: AuthRequest, res: Response, next: NextFunction) => Promise<Response<any, Record<string, any>> | undefined>' is not assignable to parameter of type 'RequestHandlerParams<ParamsDictionary, any, any, ParsedQs, Record<string, any>>'.
      Type '(req: AuthRequest, res: Response, next: NextFunction) => Promise<Response<any, Record<string, any>> | undefined>' is not assignable to type 'RequestHandler<ParamsDictionary, any, any, ParsedQs, Record<string, any>>'.
        Types of parameters 'req' and 'req' are incompatible.
          Type 'Request<ParamsDictionary, any, any, ParsedQs, Record<string, any>>' is not assignable to type 'AuthRequest'.
            Types of property 'user' are incompatible.
              Type '{ id: string; email: string; role: string; name?: string | undefined; permissions?: string[] | undefined; } | undefined' is not assignable to type '{ id: string; email: string; role: string; permissions: any; } | undefined'.
                Type '{ id: string; email: string; role: string; name?: string | undefined; permissions?: string[] | undefined; }' is not assignable to type '{ id: string; email: string; role: string; permissions: any; }'.
                  Property 'permissions' is optional in type '{ id: string; email: string; role: string; name?: string | undefined; permissions?: string[] | undefined; }' but required in type '{ id: string; email: string; role: string; permissions: any; }'.
server/src/routes/costManagement.ts(509,3): error TS2769: No overload matches this call.
  The last overload gave the following error.
    Argument of type '(req: AuthRequest, res: Response, next: NextFunction) => Promise<Response<any, Record<string, any>> | undefined>' is not assignable to parameter of type 'RequestHandlerParams<ParamsDictionary, any, any, ParsedQs, Record<string, any>>'.
      Type '(req: AuthRequest, res: Response, next: NextFunction) => Promise<Response<any, Record<string, any>> | undefined>' is not assignable to type 'RequestHandler<ParamsDictionary, any, any, ParsedQs, Record<string, any>>'.
        Types of parameters 'req' and 'req' are incompatible.
          Type 'Request<ParamsDictionary, any, any, ParsedQs, Record<string, any>>' is not assignable to type 'AuthRequest'.
            Types of property 'user' are incompatible.
              Type '{ id: string; email: string; role: string; name?: string | undefined; permissions?: string[] | undefined; } | undefined' is not assignable to type '{ id: string; email: string; role: string; permissions: any; } | undefined'.
                Type '{ id: string; email: string; role: string; name?: string | undefined; permissions?: string[] | undefined; }' is not assignable to type '{ id: string; email: string; role: string; permissions: any; }'.
                  Property 'permissions' is optional in type '{ id: string; email: string; role: string; name?: string | undefined; permissions?: string[] | undefined; }' but required in type '{ id: string; email: string; role: string; permissions: any; }'.
server/src/routes/costManagement.ts(544,3): error TS2769: No overload matches this call.
  The last overload gave the following error.
    Argument of type '(req: AuthRequest, res: Response, next: NextFunction) => Promise<Response<any, Record<string, any>> | undefined>' is not assignable to parameter of type 'RequestHandlerParams<ParamsDictionary, any, any, ParsedQs, Record<string, any>>'.
      Type '(req: AuthRequest, res: Response, next: NextFunction) => Promise<Response<any, Record<string, any>> | undefined>' is not assignable to type 'RequestHandler<ParamsDictionary, any, any, ParsedQs, Record<string, any>>'.
        Types of parameters 'req' and 'req' are incompatible.
          Type 'Request<ParamsDictionary, any, any, ParsedQs, Record<string, any>>' is not assignable to type 'AuthRequest'.
            Types of property 'user' are incompatible.
              Type '{ id: string; email: string; role: string; name?: string | undefined; permissions?: string[] | undefined; } | undefined' is not assignable to type '{ id: string; email: string; role: string; permissions: any; } | undefined'.
                Type '{ id: string; email: string; role: string; name?: string | undefined; permissions?: string[] | undefined; }' is not assignable to type '{ id: string; email: string; role: string; permissions: any; }'.
                  Property 'permissions' is optional in type '{ id: string; email: string; role: string; name?: string | undefined; permissions?: string[] | undefined; }' but required in type '{ id: string; email: string; role: string; permissions: any; }'.
server/src/routes/costManagement.ts(563,3): error TS2769: No overload matches this call.
  The last overload gave the following error.
    Argument of type '(req: AuthRequest, res: Response, next: NextFunction) => Promise<Response<any, Record<string, any>> | undefined>' is not assignable to parameter of type 'RequestHandlerParams<ParamsDictionary, any, any, ParsedQs, Record<string, any>>'.
      Type '(req: AuthRequest, res: Response, next: NextFunction) => Promise<Response<any, Record<string, any>> | undefined>' is not assignable to type 'RequestHandler<ParamsDictionary, any, any, ParsedQs, Record<string, any>>'.
        Types of parameters 'req' and 'req' are incompatible.
          Type 'Request<ParamsDictionary, any, any, ParsedQs, Record<string, any>>' is not assignable to type 'AuthRequest'.
            Types of property 'user' are incompatible.
              Type '{ id: string; email: string; role: string; name?: string | undefined; permissions?: string[] | undefined; } | undefined' is not assignable to type '{ id: string; email: string; role: string; permissions: any; } | undefined'.
                Type '{ id: string; email: string; role: string; name?: string | undefined; permissions?: string[] | undefined; }' is not assignable to type '{ id: string; email: string; role: string; permissions: any; }'.
                  Property 'permissions' is optional in type '{ id: string; email: string; role: string; name?: string | undefined; permissions?: string[] | undefined; }' but required in type '{ id: string; email: string; role: string; permissions: any; }'.
server/src/routes/costManagement.ts(582,3): error TS2769: No overload matches this call.
  The last overload gave the following error.
    Argument of type '(req: AuthRequest, res: Response, next: NextFunction) => Promise<Response<any, Record<string, any>> | undefined>' is not assignable to parameter of type 'RequestHandlerParams<ParamsDictionary, any, any, ParsedQs, Record<string, any>>'.
      Type '(req: AuthRequest, res: Response, next: NextFunction) => Promise<Response<any, Record<string, any>> | undefined>' is not assignable to type 'RequestHandler<ParamsDictionary, any, any, ParsedQs, Record<string, any>>'.
        Types of parameters 'req' and 'req' are incompatible.
          Type 'Request<ParamsDictionary, any, any, ParsedQs, Record<string, any>>' is not assignable to type 'AuthRequest'.
            Types of property 'user' are incompatible.
              Type '{ id: string; email: string; role: string; name?: string | undefined; permissions?: string[] | undefined; } | undefined' is not assignable to type '{ id: string; email: string; role: string; permissions: any; } | undefined'.
                Type '{ id: string; email: string; role: string; name?: string | undefined; permissions?: string[] | undefined; }' is not assignable to type '{ id: string; email: string; role: string; permissions: any; }'.
                  Property 'permissions' is optional in type '{ id: string; email: string; role: string; name?: string | undefined; permissions?: string[] | undefined; }' but required in type '{ id: string; email: string; role: string; permissions: any; }'.
server/src/routes/developmentApproachRoutes.ts(94,3): error TS2769: No overload matches this call.
  The last overload gave the following error.
    Argument of type '(req: AuthRequest, res: Response, next: NextFunction) => Promise<Response<any, Record<string, any>> | undefined>' is not assignable to parameter of type 'RequestHandlerParams<ParamsDictionary, any, any, ParsedQs, Record<string, any>>'.
      Type '(req: AuthRequest, res: Response, next: NextFunction) => Promise<Response<any, Record<string, any>> | undefined>' is not assignable to type 'RequestHandler<ParamsDictionary, any, any, ParsedQs, Record<string, any>>'.
        Types of parameters 'req' and 'req' are incompatible.
          Type 'Request<ParamsDictionary, any, any, ParsedQs, Record<string, any>>' is not assignable to type 'AuthRequest'.
            Types of property 'user' are incompatible.
              Type '{ id: string; email: string; role: string; name?: string | undefined; permissions?: string[] | undefined; } | undefined' is not assignable to type '{ id: string; email: string; role: string; permissions: any; } | undefined'.
                Type '{ id: string; email: string; role: string; name?: string | undefined; permissions?: string[] | undefined; }' is not assignable to type '{ id: string; email: string; role: string; permissions: any; }'.
                  Property 'permissions' is optional in type '{ id: string; email: string; role: string; name?: string | undefined; permissions?: string[] | undefined; }' but required in type '{ id: string; email: string; role: string; permissions: any; }'.
server/src/routes/developmentApproachRoutes.ts(154,3): error TS2769: No overload matches this call.
  The last overload gave the following error.
    Argument of type '(req: AuthRequest, res: Response, next: NextFunction) => Promise<Response<any, Record<string, any>> | undefined>' is not assignable to parameter of type 'RequestHandlerParams<ParamsDictionary, any, any, ParsedQs, Record<string, any>>'.
      Type '(req: AuthRequest, res: Response, next: NextFunction) => Promise<Response<any, Record<string, any>> | undefined>' is not assignable to type 'RequestHandler<ParamsDictionary, any, any, ParsedQs, Record<string, any>>'.
        Types of parameters 'req' and 'req' are incompatible.
          Type 'Request<ParamsDictionary, any, any, ParsedQs, Record<string, any>>' is not assignable to type 'AuthRequest'.
            Types of property 'user' are incompatible.
              Type '{ id: string; email: string; role: string; name?: string | undefined; permissions?: string[] | undefined; } | undefined' is not assignable to type '{ id: string; email: string; role: string; permissions: any; } | undefined'.
                Type '{ id: string; email: string; role: string; name?: string | undefined; permissions?: string[] | undefined; }' is not assignable to type '{ id: string; email: string; role: string; permissions: any; }'.
                  Property 'permissions' is optional in type '{ id: string; email: string; role: string; name?: string | undefined; permissions?: string[] | undefined; }' but required in type '{ id: string; email: string; role: string; permissions: any; }'.
server/src/routes/developmentApproachRoutes.ts(215,3): error TS2769: No overload matches this call.
  The last overload gave the following error.
    Argument of type '(req: AuthRequest, res: Response, next: NextFunction) => Promise<Response<any, Record<string, any>> | undefined>' is not assignable to parameter of type 'RequestHandlerParams<ParamsDictionary, any, any, ParsedQs, Record<string, any>>'.
      Type '(req: AuthRequest, res: Response, next: NextFunction) => Promise<Response<any, Record<string, any>> | undefined>' is not assignable to type 'RequestHandler<ParamsDictionary, any, any, ParsedQs, Record<string, any>>'.
        Types of parameters 'req' and 'req' are incompatible.
          Type 'Request<ParamsDictionary, any, any, ParsedQs, Record<string, any>>' is not assignable to type 'AuthRequest'.
            Types of property 'user' are incompatible.
              Type '{ id: string; email: string; role: string; name?: string | undefined; permissions?: string[] | undefined; } | undefined' is not assignable to type '{ id: string; email: string; role: string; permissions: any; } | undefined'.
                Type '{ id: string; email: string; role: string; name?: string | undefined; permissions?: string[] | undefined; }' is not assignable to type '{ id: string; email: string; role: string; permissions: any; }'.
                  Property 'permissions' is optional in type '{ id: string; email: string; role: string; name?: string | undefined; permissions?: string[] | undefined; }' but required in type '{ id: string; email: string; role: string; permissions: any; }'.
server/src/routes/developmentApproachRoutes.ts(276,3): error TS2769: No overload matches this call.
  The last overload gave the following error.
    Argument of type '(req: AuthRequest, res: Response, next: NextFunction) => Promise<Response<any, Record<string, any>> | undefined>' is not assignable to parameter of type 'RequestHandlerParams<ParamsDictionary, any, any, ParsedQs, Record<string, any>>'.
      Type '(req: AuthRequest, res: Response, next: NextFunction) => Promise<Response<any, Record<string, any>> | undefined>' is not assignable to type 'RequestHandler<ParamsDictionary, any, any, ParsedQs, Record<string, any>>'.
        Types of parameters 'req' and 'req' are incompatible.
          Type 'Request<ParamsDictionary, any, any, ParsedQs, Record<string, any>>' is not assignable to type 'AuthRequest'.
            Types of property 'user' are incompatible.
              Type '{ id: string; email: string; role: string; name?: string | undefined; permissions?: string[] | undefined; } | undefined' is not assignable to type '{ id: string; email: string; role: string; permissions: any; } | undefined'.
                Type '{ id: string; email: string; role: string; name?: string | undefined; permissions?: string[] | undefined; }' is not assignable to type '{ id: string; email: string; role: string; permissions: any; }'.
                  Property 'permissions' is optional in type '{ id: string; email: string; role: string; name?: string | undefined; permissions?: string[] | undefined; }' but required in type '{ id: string; email: string; role: string; permissions: any; }'.
server/src/routes/digital-twin-analytics.ts(19,5): error TS2769: No overload matches this call.
  The last overload gave the following error.
    Argument of type '(req: AuthRequest, res: Response, next: NextFunction) => Promise<Response<any, Record<string, any>> | undefined>' is not assignable to parameter of type 'RequestHandlerParams<ParamsDictionary, any, any, ParsedQs, Record<string, any>>'.
      Type '(req: AuthRequest, res: Response, next: NextFunction) => Promise<Response<any, Record<string, any>> | undefined>' is not assignable to type 'RequestHandler<ParamsDictionary, any, any, ParsedQs, Record<string, any>>'.
        Types of parameters 'req' and 'req' are incompatible.
          Type 'Request<ParamsDictionary, any, any, ParsedQs, Record<string, any>>' is not assignable to type 'AuthRequest'.
            Types of property 'user' are incompatible.
              Type '{ id: string; email: string; role: string; name?: string | undefined; permissions?: string[] | undefined; } | undefined' is not assignable to type '{ id: string; email: string; role: string; permissions: any; } | undefined'.
                Type '{ id: string; email: string; role: string; name?: string | undefined; permissions?: string[] | undefined; }' is not assignable to type '{ id: string; email: string; role: string; permissions: any; }'.
                  Property 'permissions' is optional in type '{ id: string; email: string; role: string; name?: string | undefined; permissions?: string[] | undefined; }' but required in type '{ id: string; email: string; role: string; permissions: any; }'.
server/src/routes/digital-twin-analytics.ts(49,5): error TS2769: No overload matches this call.
  The last overload gave the following error.
    Argument of type '(req: AuthRequest, res: Response, next: NextFunction) => Promise<Response<any, Record<string, any>> | undefined>' is not assignable to parameter of type 'RequestHandlerParams<ParamsDictionary, any, any, ParsedQs, Record<string, any>>'.
      Type '(req: AuthRequest, res: Response, next: NextFunction) => Promise<Response<any, Record<string, any>> | undefined>' is not assignable to type 'RequestHandler<ParamsDictionary, any, any, ParsedQs, Record<string, any>>'.
        Types of parameters 'req' and 'req' are incompatible.
          Type 'Request<ParamsDictionary, any, any, ParsedQs, Record<string, any>>' is not assignable to type 'AuthRequest'.
            Types of property 'user' are incompatible.
              Type '{ id: string; email: string; role: string; name?: string | undefined; permissions?: string[] | undefined; } | undefined' is not assignable to type '{ id: string; email: string; role: string; permissions: any; } | undefined'.
                Type '{ id: string; email: string; role: string; name?: string | undefined; permissions?: string[] | undefined; }' is not assignable to type '{ id: string; email: string; role: string; permissions: any; }'.
                  Property 'permissions' is optional in type '{ id: string; email: string; role: string; name?: string | undefined; permissions?: string[] | undefined; }' but required in type '{ id: string; email: string; role: string; permissions: any; }'.
server/src/routes/digital-twin-analytics.ts(76,5): error TS2769: No overload matches this call.
  The last overload gave the following error.
    Argument of type '(req: AuthRequest, res: Response, next: NextFunction) => Promise<Response<any, Record<string, any>> | undefined>' is not assignable to parameter of type 'RequestHandlerParams<ParamsDictionary, any, any, ParsedQs, Record<string, any>>'.
      Type '(req: AuthRequest, res: Response, next: NextFunction) => Promise<Response<any, Record<string, any>> | undefined>' is not assignable to type 'RequestHandler<ParamsDictionary, any, any, ParsedQs, Record<string, any>>'.
        Types of parameters 'req' and 'req' are incompatible.
          Type 'Request<ParamsDictionary, any, any, ParsedQs, Record<string, any>>' is not assignable to type 'AuthRequest'.
            Types of property 'user' are incompatible.
              Type '{ id: string; email: string; role: string; name?: string | undefined; permissions?: string[] | undefined; } | undefined' is not assignable to type '{ id: string; email: string; role: string; permissions: any; } | undefined'.
                Type '{ id: string; email: string; role: string; name?: string | undefined; permissions?: string[] | undefined; }' is not assignable to type '{ id: string; email: string; role: string; permissions: any; }'.
                  Property 'permissions' is optional in type '{ id: string; email: string; role: string; name?: string | undefined; permissions?: string[] | undefined; }' but required in type '{ id: string; email: string; role: string; permissions: any; }'.
server/src/routes/digital-twin-events.ts(38,24): error TS2769: No overload matches this call.
  The last overload gave the following error.
    Argument of type '(req: AuthRequest, res: Response, next: NextFunction) => Promise<Response<any, Record<string, any>> | undefined>' is not assignable to parameter of type 'RequestHandlerParams<ParamsDictionary, any, any, ParsedQs, Record<string, any>>'.
      Type '(req: AuthRequest, res: Response, next: NextFunction) => Promise<Response<any, Record<string, any>> | undefined>' is not assignable to type 'RequestHandler<ParamsDictionary, any, any, ParsedQs, Record<string, any>>'.
        Types of parameters 'req' and 'req' are incompatible.
          Type 'Request<ParamsDictionary, any, any, ParsedQs, Record<string, any>>' is not assignable to type 'AuthRequest'.
            Types of property 'user' are incompatible.
              Type '{ id: string; email: string; role: string; name?: string | undefined; permissions?: string[] | undefined; } | undefined' is not assignable to type '{ id: string; email: string; role: string; permissions: any; } | undefined'.
                Type '{ id: string; email: string; role: string; name?: string | undefined; permissions?: string[] | undefined; }' is not assignable to type '{ id: string; email: string; role: string; permissions: any; }'.
                  Property 'permissions' is optional in type '{ id: string; email: string; role: string; name?: string | undefined; permissions?: string[] | undefined; }' but required in type '{ id: string; email: string; role: string; permissions: any; }'.
server/src/routes/digital-twin-events.ts(52,17): error TS2769: No overload matches this call.
  The last overload gave the following error.
    Argument of type '(req: AuthRequest, res: Response, next: NextFunction) => Promise<Response<any, Record<string, any>> | undefined>' is not assignable to parameter of type 'RequestHandlerParams<ParamsDictionary, any, any, ParsedQs, Record<string, any>>'.
      Type '(req: AuthRequest, res: Response, next: NextFunction) => Promise<Response<any, Record<string, any>> | undefined>' is not assignable to type 'RequestHandler<ParamsDictionary, any, any, ParsedQs, Record<string, any>>'.
        Types of parameters 'req' and 'req' are incompatible.
          Type 'Request<ParamsDictionary, any, any, ParsedQs, Record<string, any>>' is not assignable to type 'AuthRequest'.
            Types of property 'user' are incompatible.
              Type '{ id: string; email: string; role: string; name?: string | undefined; permissions?: string[] | undefined; } | undefined' is not assignable to type '{ id: string; email: string; role: string; permissions: any; } | undefined'.
                Type '{ id: string; email: string; role: string; name?: string | undefined; permissions?: string[] | undefined; }' is not assignable to type '{ id: string; email: string; role: string; permissions: any; }'.
                  Property 'permissions' is optional in type '{ id: string; email: string; role: string; name?: string | undefined; permissions?: string[] | undefined; }' but required in type '{ id: string; email: string; role: string; permissions: any; }'.
server/src/routes/digital-twin-events.ts(71,18): error TS2769: No overload matches this call.
  The last overload gave the following error.
    Argument of type '(req: AuthRequest, res: Response, next: NextFunction) => Promise<Response<any, Record<string, any>> | undefined>' is not assignable to parameter of type 'RequestHandlerParams<ParamsDictionary, any, any, ParsedQs, Record<string, any>>'.
      Type '(req: AuthRequest, res: Response, next: NextFunction) => Promise<Response<any, Record<string, any>> | undefined>' is not assignable to type 'RequestHandler<ParamsDictionary, any, any, ParsedQs, Record<string, any>>'.
        Types of parameters 'req' and 'req' are incompatible.
          Type 'Request<ParamsDictionary, any, any, ParsedQs, Record<string, any>>' is not assignable to type 'AuthRequest'.
            Types of property 'user' are incompatible.
              Type '{ id: string; email: string; role: string; name?: string | undefined; permissions?: string[] | undefined; } | undefined' is not assignable to type '{ id: string; email: string; role: string; permissions: any; } | undefined'.
                Type '{ id: string; email: string; role: string; name?: string | undefined; permissions?: string[] | undefined; }' is not assignable to type '{ id: string; email: string; role: string; permissions: any; }'.
                  Property 'permissions' is optional in type '{ id: string; email: string; role: string; name?: string | undefined; permissions?: string[] | undefined; }' but required in type '{ id: string; email: string; role: string; permissions: any; }'.
server/src/routes/digital-twin-events.ts(114,29): error TS2769: No overload matches this call.
  The last overload gave the following error.
    Argument of type '(req: AuthRequest, res: Response, next: NextFunction) => Promise<Response<any, Record<string, any>> | undefined>' is not assignable to parameter of type 'RequestHandlerParams<ParamsDictionary, any, any, ParsedQs, Record<string, any>>'.
      Type '(req: AuthRequest, res: Response, next: NextFunction) => Promise<Response<any, Record<string, any>> | undefined>' is not assignable to type 'RequestHandler<ParamsDictionary, any, any, ParsedQs, Record<string, any>>'.
        Types of parameters 'req' and 'req' are incompatible.
          Type 'Request<ParamsDictionary, any, any, ParsedQs, Record<string, any>>' is not assignable to type 'AuthRequest'.
            Types of property 'user' are incompatible.
              Type '{ id: string; email: string; role: string; name?: string | undefined; permissions?: string[] | undefined; } | undefined' is not assignable to type '{ id: string; email: string; role: string; permissions: any; } | undefined'.
                Type '{ id: string; email: string; role: string; name?: string | undefined; permissions?: string[] | undefined; }' is not assignable to type '{ id: string; email: string; role: string; permissions: any; }'.
                  Property 'permissions' is optional in type '{ id: string; email: string; role: string; name?: string | undefined; permissions?: string[] | undefined; }' but required in type '{ id: string; email: string; role: string; permissions: any; }'.
server/src/routes/digital-twin-events.ts(130,27): error TS2769: No overload matches this call.
  The last overload gave the following error.
    Argument of type '(req: AuthRequest, res: Response, next: NextFunction) => Promise<Response<any, Record<string, any>> | undefined>' is not assignable to parameter of type 'RequestHandlerParams<ParamsDictionary, any, any, ParsedQs, Record<string, any>>'.
      Type '(req: AuthRequest, res: Response, next: NextFunction) => Promise<Response<any, Record<string, any>> | undefined>' is not assignable to type 'RequestHandler<ParamsDictionary, any, any, ParsedQs, Record<string, any>>'.
        Types of parameters 'req' and 'req' are incompatible.
          Type 'Request<ParamsDictionary, any, any, ParsedQs, Record<string, any>>' is not assignable to type 'AuthRequest'.
            Types of property 'user' are incompatible.
              Type '{ id: string; email: string; role: string; name?: string | undefined; permissions?: string[] | undefined; } | undefined' is not assignable to type '{ id: string; email: string; role: string; permissions: any; } | undefined'.
                Type '{ id: string; email: string; role: string; name?: string | undefined; permissions?: string[] | undefined; }' is not assignable to type '{ id: string; email: string; role: string; permissions: any; }'.
                  Property 'permissions' is optional in type '{ id: string; email: string; role: string; name?: string | undefined; permissions?: string[] | undefined; }' but required in type '{ id: string; email: string; role: string; permissions: any; }'.
server/src/routes/digital-twin-events.ts(148,20): error TS2769: No overload matches this call.
  The last overload gave the following error.
    Argument of type '(req: AuthRequest, res: Response, next: NextFunction) => Promise<Response<any, Record<string, any>> | undefined>' is not assignable to parameter of type 'RequestHandlerParams<ParamsDictionary, any, any, ParsedQs, Record<string, any>>'.
      Type '(req: AuthRequest, res: Response, next: NextFunction) => Promise<Response<any, Record<string, any>> | undefined>' is not assignable to type 'RequestHandler<ParamsDictionary, any, any, ParsedQs, Record<string, any>>'.
        Types of parameters 'req' and 'req' are incompatible.
          Type 'Request<ParamsDictionary, any, any, ParsedQs, Record<string, any>>' is not assignable to type 'AuthRequest'.
            Types of property 'user' are incompatible.
              Type '{ id: string; email: string; role: string; name?: string | undefined; permissions?: string[] | undefined; } | undefined' is not assignable to type '{ id: string; email: string; role: string; permissions: any; } | undefined'.
                Type '{ id: string; email: string; role: string; name?: string | undefined; permissions?: string[] | undefined; }' is not assignable to type '{ id: string; email: string; role: string; permissions: any; }'.
                  Property 'permissions' is optional in type '{ id: string; email: string; role: string; name?: string | undefined; permissions?: string[] | undefined; }' but required in type '{ id: string; email: string; role: string; permissions: any; }'.
server/src/routes/document-formats.ts(64,16): error TS18046: 'error' is of type 'unknown'.
server/src/routes/document-formats.ts(69,18): error TS18046: 'error' is of type 'unknown'.
server/src/routes/document-formats.ts(139,16): error TS18046: 'error' is of type 'unknown'.
server/src/routes/document-formats.ts(144,18): error TS18046: 'error' is of type 'unknown'.
server/src/routes/document-formats.ts(188,16): error TS18046: 'error' is of type 'unknown'.
server/src/routes/document-formats.ts(193,18): error TS18046: 'error' is of type 'unknown'.
server/src/routes/document-formats.ts(219,16): error TS18046: 'error' is of type 'unknown'.
server/src/routes/document-formats.ts(224,18): error TS18046: 'error' is of type 'unknown'.
server/src/routes/document-formats.ts(260,16): error TS18046: 'error' is of type 'unknown'.
server/src/routes/document-formats.ts(265,18): error TS18046: 'error' is of type 'unknown'.
server/src/routes/documentGeneration.ts(24,3): error TS2769: No overload matches this call.
  The last overload gave the following error.
    Argument of type '(req: AuthRequest, res: Response, next: NextFunction) => Promise<Response<any, Record<string, any>> | undefined>' is not assignable to parameter of type 'RequestHandlerParams<ParamsDictionary, any, any, ParsedQs, Record<string, any>>'.
      Type '(req: AuthRequest, res: Response, next: NextFunction) => Promise<Response<any, Record<string, any>> | undefined>' is not assignable to type 'RequestHandler<ParamsDictionary, any, any, ParsedQs, Record<string, any>>'.
        Types of parameters 'req' and 'req' are incompatible.
          Type 'Request<ParamsDictionary, any, any, ParsedQs, Record<string, any>>' is not assignable to type 'AuthRequest'.
            Types of property 'user' are incompatible.
              Type '{ id: string; email: string; role: string; name?: string | undefined; permissions?: string[] | undefined; } | undefined' is not assignable to type '{ id: string; email: string; role: string; permissions: any; } | undefined'.
                Type '{ id: string; email: string; role: string; name?: string | undefined; permissions?: string[] | undefined; }' is not assignable to type '{ id: string; email: string; role: string; permissions: any; }'.
                  Property 'permissions' is optional in type '{ id: string; email: string; role: string; name?: string | undefined; permissions?: string[] | undefined; }' but required in type '{ id: string; email: string; role: string; permissions: any; }'.
server/src/routes/documentGeneration.ts(118,3): error TS2769: No overload matches this call.
  The last overload gave the following error.
    Argument of type '(req: AuthRequest, res: Response, next: NextFunction) => Promise<Response<any, Record<string, any>> | undefined>' is not assignable to parameter of type 'RequestHandlerParams<ParamsDictionary, any, any, ParsedQs, Record<string, any>>'.
      Type '(req: AuthRequest, res: Response, next: NextFunction) => Promise<Response<any, Record<string, any>> | undefined>' is not assignable to type 'RequestHandler<ParamsDictionary, any, any, ParsedQs, Record<string, any>>'.
        Types of parameters 'req' and 'req' are incompatible.
          Type 'Request<ParamsDictionary, any, any, ParsedQs, Record<string, any>>' is not assignable to type 'AuthRequest'.
            Types of property 'user' are incompatible.
              Type '{ id: string; email: string; role: string; name?: string | undefined; permissions?: string[] | undefined; } | undefined' is not assignable to type '{ id: string; email: string; role: string; permissions: any; } | undefined'.
                Type '{ id: string; email: string; role: string; name?: string | undefined; permissions?: string[] | undefined; }' is not assignable to type '{ id: string; email: string; role: string; permissions: any; }'.
                  Property 'permissions' is optional in type '{ id: string; email: string; role: string; name?: string | undefined; permissions?: string[] | undefined; }' but required in type '{ id: string; email: string; role: string; permissions: any; }'.
server/src/routes/documentGeneration.ts(902,3): error TS2769: No overload matches this call.
  The last overload gave the following error.
    Argument of type '(req: AuthRequest, res: Response, next: NextFunction) => Promise<Response<any, Record<string, any>> | undefined>' is not assignable to parameter of type 'RequestHandlerParams<ParamsDictionary, any, any, ParsedQs, Record<string, any>>'.
      Type '(req: AuthRequest, res: Response, next: NextFunction) => Promise<Response<any, Record<string, any>> | undefined>' is not assignable to type 'RequestHandler<ParamsDictionary, any, any, ParsedQs, Record<string, any>>'.
        Types of parameters 'req' and 'req' are incompatible.
          Type 'Request<ParamsDictionary, any, any, ParsedQs, Record<string, any>>' is not assignable to type 'AuthRequest'.
            Types of property 'user' are incompatible.
              Type '{ id: string; email: string; role: string; name?: string | undefined; permissions?: string[] | undefined; } | undefined' is not assignable to type '{ id: string; email: string; role: string; permissions: any; } | undefined'.
                Type '{ id: string; email: string; role: string; name?: string | undefined; permissions?: string[] | undefined; }' is not assignable to type '{ id: string; email: string; role: string; permissions: any; }'.
                  Property 'permissions' is optional in type '{ id: string; email: string; role: string; name?: string | undefined; permissions?: string[] | undefined; }' but required in type '{ id: string; email: string; role: string; permissions: any; }'.
server/src/routes/documentGeneration.ts(1198,3): error TS2769: No overload matches this call.
  The last overload gave the following error.
    Argument of type '(req: AuthRequest, res: Response, next: NextFunction) => Promise<Response<any, Record<string, any>> | undefined>' is not assignable to parameter of type 'RequestHandlerParams<ParamsDictionary, any, any, ParsedQs, Record<string, any>>'.
      Type '(req: AuthRequest, res: Response, next: NextFunction) => Promise<Response<any, Record<string, any>> | undefined>' is not assignable to type 'RequestHandler<ParamsDictionary, any, any, ParsedQs, Record<string, any>>'.
        Types of parameters 'req' and 'req' are incompatible.
          Type 'Request<ParamsDictionary, any, any, ParsedQs, Record<string, any>>' is not assignable to type 'AuthRequest'.
            Types of property 'user' are incompatible.
              Type '{ id: string; email: string; role: string; name?: string | undefined; permissions?: string[] | undefined; } | undefined' is not assignable to type '{ id: string; email: string; role: string; permissions: any; } | undefined'.
                Type '{ id: string; email: string; role: string; name?: string | undefined; permissions?: string[] | undefined; }' is not assignable to type '{ id: string; email: string; role: string; permissions: any; }'.
                  Property 'permissions' is optional in type '{ id: string; email: string; role: string; name?: string | undefined; permissions?: string[] | undefined; }' but required in type '{ id: string; email: string; role: string; permissions: any; }'.
server/src/routes/documentGeneration.ts(1347,3): error TS2769: No overload matches this call.
  The last overload gave the following error.
    Argument of type '(req: AuthRequest, res: Response, next: NextFunction) => Promise<Response<any, Record<string, any>> | undefined>' is not assignable to parameter of type 'RequestHandlerParams<ParamsDictionary, any, any, ParsedQs, Record<string, any>>'.
      Type '(req: AuthRequest, res: Response, next: NextFunction) => Promise<Response<any, Record<string, any>> | undefined>' is not assignable to type 'RequestHandler<ParamsDictionary, any, any, ParsedQs, Record<string, any>>'.
        Types of parameters 'req' and 'req' are incompatible.
          Type 'Request<ParamsDictionary, any, any, ParsedQs, Record<string, any>>' is not assignable to type 'AuthRequest'.
            Types of property 'user' are incompatible.
              Type '{ id: string; email: string; role: string; name?: string | undefined; permissions?: string[] | undefined; } | undefined' is not assignable to type '{ id: string; email: string; role: string; permissions: any; } | undefined'.
                Type '{ id: string; email: string; role: string; name?: string | undefined; permissions?: string[] | undefined; }' is not assignable to type '{ id: string; email: string; role: string; permissions: any; }'.
                  Property 'permissions' is optional in type '{ id: string; email: string; role: string; name?: string | undefined; permissions?: string[] | undefined; }' but required in type '{ id: string; email: string; role: string; permissions: any; }'.
server/src/routes/documentUploadRoutes.ts(90,3): error TS2769: No overload matches this call.
  The last overload gave the following error.
    Argument of type '(req: AuthRequest, res: Response, next: NextFunction) => Promise<Response<any, Record<string, any>> | undefined>' is not assignable to parameter of type 'RequestHandlerParams<ParamsDictionary, any, any, ParsedQs, Record<string, any>>'.
      Type '(req: AuthRequest, res: Response, next: NextFunction) => Promise<Response<any, Record<string, any>> | undefined>' is not assignable to type 'RequestHandler<ParamsDictionary, any, any, ParsedQs, Record<string, any>>'.
        Types of parameters 'req' and 'req' are incompatible.
          Type 'Request<ParamsDictionary, any, any, ParsedQs, Record<string, any>>' is not assignable to type 'AuthRequest'.
            Types of property 'user' are incompatible.
              Type '{ id: string; email: string; role: string; name?: string | undefined; permissions?: string[] | undefined; } | undefined' is not assignable to type '{ id: string; email: string; role: string; permissions: any; } | undefined'.
                Type '{ id: string; email: string; role: string; name?: string | undefined; permissions?: string[] | undefined; }' is not assignable to type '{ id: string; email: string; role: string; permissions: any; }'.
                  Property 'permissions' is optional in type '{ id: string; email: string; role: string; name?: string | undefined; permissions?: string[] | undefined; }' but required in type '{ id: string; email: string; role: string; permissions: any; }'.
server/src/routes/documentUploadRoutes.ts(231,17): error TS18048: 'req.user' is possibly 'undefined'.
server/src/routes/documentUploadRoutes.ts(242,21): error TS18048: 'req.user' is possibly 'undefined'.
server/src/routes/documentUploadRoutes.ts(304,3): error TS2769: No overload matches this call.
  The last overload gave the following error.
    Argument of type '(req: AuthRequest, res: Response, next: NextFunction) => Promise<Response<any, Record<string, any>> | undefined>' is not assignable to parameter of type 'RequestHandlerParams<ParamsDictionary, any, any, ParsedQs, Record<string, any>>'.
      Type '(req: AuthRequest, res: Response, next: NextFunction) => Promise<Response<any, Record<string, any>> | undefined>' is not assignable to type 'RequestHandler<ParamsDictionary, any, any, ParsedQs, Record<string, any>>'.
        Types of parameters 'req' and 'req' are incompatible.
          Type 'Request<ParamsDictionary, any, any, ParsedQs, Record<string, any>>' is not assignable to type 'AuthRequest'.
            Types of property 'user' are incompatible.
              Type '{ id: string; email: string; role: string; name?: string | undefined; permissions?: string[] | undefined; } | undefined' is not assignable to type '{ id: string; email: string; role: string; permissions: any; } | undefined'.
                Type '{ id: string; email: string; role: string; name?: string | undefined; permissions?: string[] | undefined; }' is not assignable to type '{ id: string; email: string; role: string; permissions: any; }'.
                  Property 'permissions' is optional in type '{ id: string; email: string; role: string; name?: string | undefined; permissions?: string[] | undefined; }' but required in type '{ id: string; email: string; role: string; permissions: any; }'.
server/src/routes/documentUploadRoutes.ts(362,3): error TS2769: No overload matches this call.
  The last overload gave the following error.
    Argument of type '(req: AuthRequest, res: Response, next: NextFunction) => Promise<Response<any, Record<string, any>> | undefined>' is not assignable to parameter of type 'RequestHandlerParams<ParamsDictionary, any, any, ParsedQs, Record<string, any>>'.
      Type '(req: AuthRequest, res: Response, next: NextFunction) => Promise<Response<any, Record<string, any>> | undefined>' is not assignable to type 'RequestHandler<ParamsDictionary, any, any, ParsedQs, Record<string, any>>'.
        Types of parameters 'req' and 'req' are incompatible.
          Type 'Request<ParamsDictionary, any, any, ParsedQs, Record<string, any>>' is not assignable to type 'AuthRequest'.
            Types of property 'user' are incompatible.
              Type '{ id: string; email: string; role: string; name?: string | undefined; permissions?: string[] | undefined; } | undefined' is not assignable to type '{ id: string; email: string; role: string; permissions: any; } | undefined'.
                Type '{ id: string; email: string; role: string; name?: string | undefined; permissions?: string[] | undefined; }' is not assignable to type '{ id: string; email: string; role: string; permissions: any; }'.
                  Property 'permissions' is optional in type '{ id: string; email: string; role: string; name?: string | undefined; permissions?: string[] | undefined; }' but required in type '{ id: string; email: string; role: string; permissions: any; }'.
server/src/routes/documentUploadRoutes.ts(411,3): error TS2769: No overload matches this call.
  The last overload gave the following error.
    Argument of type '(req: AuthRequest, res: Response, next: NextFunction) => Promise<Response<any, Record<string, any>> | undefined>' is not assignable to parameter of type 'RequestHandlerParams<ParamsDictionary, any, any, ParsedQs, Record<string, any>>'.
      Type '(req: AuthRequest, res: Response, next: NextFunction) => Promise<Response<any, Record<string, any>> | undefined>' is not assignable to type 'RequestHandler<ParamsDictionary, any, any, ParsedQs, Record<string, any>>'.
        Types of parameters 'req' and 'req' are incompatible.
          Type 'Request<ParamsDictionary, any, any, ParsedQs, Record<string, any>>' is not assignable to type 'AuthRequest'.
            Types of property 'user' are incompatible.
              Type '{ id: string; email: string; role: string; name?: string | undefined; permissions?: string[] | undefined; } | undefined' is not assignable to type '{ id: string; email: string; role: string; permissions: any; } | undefined'.
                Type '{ id: string; email: string; role: string; name?: string | undefined; permissions?: string[] | undefined; }' is not assignable to type '{ id: string; email: string; role: string; permissions: any; }'.
                  Property 'permissions' is optional in type '{ id: string; email: string; role: string; name?: string | undefined; permissions?: string[] | undefined; }' but required in type '{ id: string; email: string; role: string; permissions: any; }'.
server/src/routes/documentUploadRoutes.ts(560,3): error TS2769: No overload matches this call.
  The last overload gave the following error.
    Argument of type '(req: AuthRequest, res: Response, next: NextFunction) => Promise<Response<any, Record<string, any>> | undefined>' is not assignable to parameter of type 'RequestHandlerParams<ParamsDictionary, any, any, ParsedQs, Record<string, any>>'.
      Type '(req: AuthRequest, res: Response, next: NextFunction) => Promise<Response<any, Record<string, any>> | undefined>' is not assignable to type 'RequestHandler<ParamsDictionary, any, any, ParsedQs, Record<string, any>>'.
        Types of parameters 'req' and 'req' are incompatible.
          Type 'Request<ParamsDictionary, any, any, ParsedQs, Record<string, any>>' is not assignable to type 'AuthRequest'.
            Types of property 'user' are incompatible.
              Type '{ id: string; email: string; role: string; name?: string | undefined; permissions?: string[] | undefined; } | undefined' is not assignable to type '{ id: string; email: string; role: string; permissions: any; } | undefined'.
                Type '{ id: string; email: string; role: string; name?: string | undefined; permissions?: string[] | undefined; }' is not assignable to type '{ id: string; email: string; role: string; permissions: any; }'.
                  Property 'permissions' is optional in type '{ id: string; email: string; role: string; name?: string | undefined; permissions?: string[] | undefined; }' but required in type '{ id: string; email: string; role: string; permissions: any; }'.
server/src/routes/drift.ts(23,3): error TS2769: No overload matches this call.
  The last overload gave the following error.
    Argument of type '(req: AuthRequest, res: Response, next: NextFunction) => Promise<Response<any, Record<string, any>> | undefined>' is not assignable to parameter of type 'RequestHandlerParams<ParamsDictionary, any, any, ParsedQs, Record<string, any>>'.
      Type '(req: AuthRequest, res: Response, next: NextFunction) => Promise<Response<any, Record<string, any>> | undefined>' is not assignable to type 'RequestHandler<ParamsDictionary, any, any, ParsedQs, Record<string, any>>'.
        Types of parameters 'req' and 'req' are incompatible.
          Type 'Request<ParamsDictionary, any, any, ParsedQs, Record<string, any>>' is not assignable to type 'AuthRequest'.
            Types of property 'user' are incompatible.
              Type '{ id: string; email: string; role: string; name?: string | undefined; permissions?: string[] | undefined; } | undefined' is not assignable to type '{ id: string; email: string; role: string; permissions: any; } | undefined'.
                Type '{ id: string; email: string; role: string; name?: string | undefined; permissions?: string[] | undefined; }' is not assignable to type '{ id: string; email: string; role: string; permissions: any; }'.
                  Property 'permissions' is optional in type '{ id: string; email: string; role: string; name?: string | undefined; permissions?: string[] | undefined; }' but required in type '{ id: string; email: string; role: string; permissions: any; }'.
server/src/routes/drift.ts(67,3): error TS2769: No overload matches this call.
  The last overload gave the following error.
    Argument of type '(req: AuthRequest, res: Response, next: NextFunction) => Promise<Response<any, Record<string, any>> | undefined>' is not assignable to parameter of type 'RequestHandlerParams<ParamsDictionary, any, any, ParsedQs, Record<string, any>>'.
      Type '(req: AuthRequest, res: Response, next: NextFunction) => Promise<Response<any, Record<string, any>> | undefined>' is not assignable to type 'RequestHandler<ParamsDictionary, any, any, ParsedQs, Record<string, any>>'.
        Types of parameters 'req' and 'req' are incompatible.
          Type 'Request<ParamsDictionary, any, any, ParsedQs, Record<string, any>>' is not assignable to type 'AuthRequest'.
            Types of property 'user' are incompatible.
              Type '{ id: string; email: string; role: string; name?: string | undefined; permissions?: string[] | undefined; } | undefined' is not assignable to type '{ id: string; email: string; role: string; permissions: any; } | undefined'.
                Type '{ id: string; email: string; role: string; name?: string | undefined; permissions?: string[] | undefined; }' is not assignable to type '{ id: string; email: string; role: string; permissions: any; }'.
                  Property 'permissions' is optional in type '{ id: string; email: string; role: string; name?: string | undefined; permissions?: string[] | undefined; }' but required in type '{ id: string; email: string; role: string; permissions: any; }'.
server/src/routes/drift.ts(154,3): error TS2769: No overload matches this call.
  The last overload gave the following error.
    Argument of type '(req: AuthRequest, res: Response, next: NextFunction) => Promise<Response<any, Record<string, any>> | undefined>' is not assignable to parameter of type 'RequestHandlerParams<ParamsDictionary, any, any, ParsedQs, Record<string, any>>'.
      Type '(req: AuthRequest, res: Response, next: NextFunction) => Promise<Response<any, Record<string, any>> | undefined>' is not assignable to type 'RequestHandler<ParamsDictionary, any, any, ParsedQs, Record<string, any>>'.
        Types of parameters 'req' and 'req' are incompatible.
          Type 'Request<ParamsDictionary, any, any, ParsedQs, Record<string, any>>' is not assignable to type 'AuthRequest'.
            Types of property 'user' are incompatible.
              Type '{ id: string; email: string; role: string; name?: string | undefined; permissions?: string[] | undefined; } | undefined' is not assignable to type '{ id: string; email: string; role: string; permissions: any; } | undefined'.
                Type '{ id: string; email: string; role: string; name?: string | undefined; permissions?: string[] | undefined; }' is not assignable to type '{ id: string; email: string; role: string; permissions: any; }'.
                  Property 'permissions' is optional in type '{ id: string; email: string; role: string; name?: string | undefined; permissions?: string[] | undefined; }' but required in type '{ id: string; email: string; role: string; permissions: any; }'.
server/src/routes/drift.ts(208,3): error TS2769: No overload matches this call.
  The last overload gave the following error.
    Argument of type '(req: AuthRequest, res: Response, next: NextFunction) => Promise<Response<any, Record<string, any>> | undefined>' is not assignable to parameter of type 'RequestHandlerParams<ParamsDictionary, any, any, ParsedQs, Record<string, any>>'.
      Type '(req: AuthRequest, res: Response, next: NextFunction) => Promise<Response<any, Record<string, any>> | undefined>' is not assignable to type 'RequestHandler<ParamsDictionary, any, any, ParsedQs, Record<string, any>>'.
        Types of parameters 'req' and 'req' are incompatible.
          Type 'Request<ParamsDictionary, any, any, ParsedQs, Record<string, any>>' is not assignable to type 'AuthRequest'.
            Types of property 'user' are incompatible.
              Type '{ id: string; email: string; role: string; name?: string | undefined; permissions?: string[] | undefined; } | undefined' is not assignable to type '{ id: string; email: string; role: string; permissions: any; } | undefined'.
                Type '{ id: string; email: string; role: string; name?: string | undefined; permissions?: string[] | undefined; }' is not assignable to type '{ id: string; email: string; role: string; permissions: any; }'.
                  Property 'permissions' is optional in type '{ id: string; email: string; role: string; name?: string | undefined; permissions?: string[] | undefined; }' but required in type '{ id: string; email: string; role: string; permissions: any; }'.
server/src/routes/drift.ts(267,3): error TS2769: No overload matches this call.
  The last overload gave the following error.
    Argument of type '(req: AuthRequest, res: Response, next: NextFunction) => Promise<Response<any, Record<string, any>> | undefined>' is not assignable to parameter of type 'RequestHandlerParams<ParamsDictionary, any, any, ParsedQs, Record<string, any>>'.
      Type '(req: AuthRequest, res: Response, next: NextFunction) => Promise<Response<any, Record<string, any>> | undefined>' is not assignable to type 'RequestHandler<ParamsDictionary, any, any, ParsedQs, Record<string, any>>'.
        Types of parameters 'req' and 'req' are incompatible.
          Type 'Request<ParamsDictionary, any, any, ParsedQs, Record<string, any>>' is not assignable to type 'AuthRequest'.
            Types of property 'user' are incompatible.
              Type '{ id: string; email: string; role: string; name?: string | undefined; permissions?: string[] | undefined; } | undefined' is not assignable to type '{ id: string; email: string; role: string; permissions: any; } | undefined'.
                Type '{ id: string; email: string; role: string; name?: string | undefined; permissions?: string[] | undefined; }' is not assignable to type '{ id: string; email: string; role: string; permissions: any; }'.
                  Property 'permissions' is optional in type '{ id: string; email: string; role: string; name?: string | undefined; permissions?: string[] | undefined; }' but required in type '{ id: string; email: string; role: string; permissions: any; }'.
server/src/routes/drift.ts(313,3): error TS2769: No overload matches this call.
  The last overload gave the following error.
    Argument of type '(req: AuthRequest, res: Response, next: NextFunction) => Promise<Response<any, Record<string, any>> | undefined>' is not assignable to parameter of type 'RequestHandlerParams<ParamsDictionary, any, any, ParsedQs, Record<string, any>>'.
      Type '(req: AuthRequest, res: Response, next: NextFunction) => Promise<Response<any, Record<string, any>> | undefined>' is not assignable to type 'RequestHandler<ParamsDictionary, any, any, ParsedQs, Record<string, any>>'.
        Types of parameters 'req' and 'req' are incompatible.
          Type 'Request<ParamsDictionary, any, any, ParsedQs, Record<string, any>>' is not assignable to type 'AuthRequest'.
            Types of property 'user' are incompatible.
              Type '{ id: string; email: string; role: string; name?: string | undefined; permissions?: string[] | undefined; } | undefined' is not assignable to type '{ id: string; email: string; role: string; permissions: any; } | undefined'.
                Type '{ id: string; email: string; role: string; name?: string | undefined; permissions?: string[] | undefined; }' is not assignable to type '{ id: string; email: string; role: string; permissions: any; }'.
                  Property 'permissions' is optional in type '{ id: string; email: string; role: string; name?: string | undefined; permissions?: string[] | undefined; }' but required in type '{ id: string; email: string; role: string; permissions: any; }'.
server/src/routes/dynamics365GuidesRoutes.ts(62,3): error TS2769: No overload matches this call.
  The last overload gave the following error.
    Argument of type '(req: AuthRequest, res: Response, next: NextFunction) => Promise<Response<any, Record<string, any>> | undefined>' is not assignable to parameter of type 'RequestHandlerParams<ParamsDictionary, any, any, ParsedQs, Record<string, any>>'.
      Type '(req: AuthRequest, res: Response, next: NextFunction) => Promise<Response<any, Record<string, any>> | undefined>' is not assignable to type 'RequestHandler<ParamsDictionary, any, any, ParsedQs, Record<string, any>>'.
        Types of parameters 'req' and 'req' are incompatible.
          Type 'Request<ParamsDictionary, any, any, ParsedQs, Record<string, any>>' is not assignable to type 'AuthRequest'.
            Types of property 'user' are incompatible.
              Type '{ id: string; email: string; role: string; name?: string | undefined; permissions?: string[] | undefined; } | undefined' is not assignable to type '{ id: string; email: string; role: string; permissions: any; } | undefined'.
                Type '{ id: string; email: string; role: string; name?: string | undefined; permissions?: string[] | undefined; }' is not assignable to type '{ id: string; email: string; role: string; permissions: any; }'.
                  Property 'permissions' is optional in type '{ id: string; email: string; role: string; name?: string | undefined; permissions?: string[] | undefined; }' but required in type '{ id: string; email: string; role: string; permissions: any; }'.
server/src/routes/dynamics365GuidesRoutes.ts(109,3): error TS2769: No overload matches this call.
  The last overload gave the following error.
    Argument of type '(req: AuthRequest, res: Response, next: NextFunction) => Promise<Response<any, Record<string, any>> | undefined>' is not assignable to parameter of type 'RequestHandlerParams<ParamsDictionary, any, any, ParsedQs, Record<string, any>>'.
      Type '(req: AuthRequest, res: Response, next: NextFunction) => Promise<Response<any, Record<string, any>> | undefined>' is not assignable to type 'RequestHandler<ParamsDictionary, any, any, ParsedQs, Record<string, any>>'.
        Types of parameters 'req' and 'req' are incompatible.
          Type 'Request<ParamsDictionary, any, any, ParsedQs, Record<string, any>>' is not assignable to type 'AuthRequest'.
            Types of property 'user' are incompatible.
              Type '{ id: string; email: string; role: string; name?: string | undefined; permissions?: string[] | undefined; } | undefined' is not assignable to type '{ id: string; email: string; role: string; permissions: any; } | undefined'.
                Type '{ id: string; email: string; role: string; name?: string | undefined; permissions?: string[] | undefined; }' is not assignable to type '{ id: string; email: string; role: string; permissions: any; }'.
                  Property 'permissions' is optional in type '{ id: string; email: string; role: string; name?: string | undefined; permissions?: string[] | undefined; }' but required in type '{ id: string; email: string; role: string; permissions: any; }'.
server/src/routes/dynamics365GuidesRoutes.ts(178,3): error TS2769: No overload matches this call.
  The last overload gave the following error.
    Argument of type '(req: AuthRequest, res: Response, next: NextFunction) => Promise<Response<any, Record<string, any>> | undefined>' is not assignable to parameter of type 'RequestHandlerParams<ParamsDictionary, any, any, ParsedQs, Record<string, any>>'.
      Type '(req: AuthRequest, res: Response, next: NextFunction) => Promise<Response<any, Record<string, any>> | undefined>' is not assignable to type 'RequestHandler<ParamsDictionary, any, any, ParsedQs, Record<string, any>>'.
        Types of parameters 'req' and 'req' are incompatible.
          Type 'Request<ParamsDictionary, any, any, ParsedQs, Record<string, any>>' is not assignable to type 'AuthRequest'.
            Types of property 'user' are incompatible.
              Type '{ id: string; email: string; role: string; name?: string | undefined; permissions?: string[] | undefined; } | undefined' is not assignable to type '{ id: string; email: string; role: string; permissions: any; } | undefined'.
                Type '{ id: string; email: string; role: string; name?: string | undefined; permissions?: string[] | undefined; }' is not assignable to type '{ id: string; email: string; role: string; permissions: any; }'.
                  Property 'permissions' is optional in type '{ id: string; email: string; role: string; name?: string | undefined; permissions?: string[] | undefined; }' but required in type '{ id: string; email: string; role: string; permissions: any; }'.
server/src/routes/dynamics365GuidesRoutes.ts(267,3): error TS2769: No overload matches this call.
  The last overload gave the following error.
    Argument of type '(req: AuthRequest, res: Response, next: NextFunction) => Promise<Response<any, Record<string, any>> | undefined>' is not assignable to parameter of type 'RequestHandlerParams<ParamsDictionary, any, any, ParsedQs, Record<string, any>>'.
      Type '(req: AuthRequest, res: Response, next: NextFunction) => Promise<Response<any, Record<string, any>> | undefined>' is not assignable to type 'RequestHandler<ParamsDictionary, any, any, ParsedQs, Record<string, any>>'.
        Types of parameters 'req' and 'req' are incompatible.
          Type 'Request<ParamsDictionary, any, any, ParsedQs, Record<string, any>>' is not assignable to type 'AuthRequest'.
            Types of property 'user' are incompatible.
              Type '{ id: string; email: string; role: string; name?: string | undefined; permissions?: string[] | undefined; } | undefined' is not assignable to type '{ id: string; email: string; role: string; permissions: any; } | undefined'.
                Type '{ id: string; email: string; role: string; name?: string | undefined; permissions?: string[] | undefined; }' is not assignable to type '{ id: string; email: string; role: string; permissions: any; }'.
                  Property 'permissions' is optional in type '{ id: string; email: string; role: string; name?: string | undefined; permissions?: string[] | undefined; }' but required in type '{ id: string; email: string; role: string; permissions: any; }'.
server/src/routes/dynamics365GuidesRoutes.ts(341,3): error TS2769: No overload matches this call.
  The last overload gave the following error.
    Argument of type '(req: AuthRequest, res: Response, next: NextFunction) => Promise<Response<any, Record<string, any>> | undefined>' is not assignable to parameter of type 'RequestHandlerParams<ParamsDictionary, any, any, ParsedQs, Record<string, any>>'.
      Type '(req: AuthRequest, res: Response, next: NextFunction) => Promise<Response<any, Record<string, any>> | undefined>' is not assignable to type 'RequestHandler<ParamsDictionary, any, any, ParsedQs, Record<string, any>>'.
        Types of parameters 'req' and 'req' are incompatible.
          Type 'Request<ParamsDictionary, any, any, ParsedQs, Record<string, any>>' is not assignable to type 'AuthRequest'.
            Types of property 'user' are incompatible.
              Type '{ id: string; email: string; role: string; name?: string | undefined; permissions?: string[] | undefined; } | undefined' is not assignable to type '{ id: string; email: string; role: string; permissions: any; } | undefined'.
                Type '{ id: string; email: string; role: string; name?: string | undefined; permissions?: string[] | undefined; }' is not assignable to type '{ id: string; email: string; role: string; permissions: any; }'.
                  Property 'permissions' is optional in type '{ id: string; email: string; role: string; name?: string | undefined; permissions?: string[] | undefined; }' but required in type '{ id: string; email: string; role: string; permissions: any; }'.
server/src/routes/dynamics365GuidesRoutes.ts(372,3): error TS2769: No overload matches this call.
  The last overload gave the following error.
    Argument of type '(req: AuthRequest, res: Response, next: NextFunction) => Promise<Response<any, Record<string, any>> | undefined>' is not assignable to parameter of type 'RequestHandlerParams<ParamsDictionary, any, any, ParsedQs, Record<string, any>>'.
      Type '(req: AuthRequest, res: Response, next: NextFunction) => Promise<Response<any, Record<string, any>> | undefined>' is not assignable to type 'RequestHandler<ParamsDictionary, any, any, ParsedQs, Record<string, any>>'.
        Types of parameters 'req' and 'req' are incompatible.
          Type 'Request<ParamsDictionary, any, any, ParsedQs, Record<string, any>>' is not assignable to type 'AuthRequest'.
            Types of property 'user' are incompatible.
              Type '{ id: string; email: string; role: string; name?: string | undefined; permissions?: string[] | undefined; } | undefined' is not assignable to type '{ id: string; email: string; role: string; permissions: any; } | undefined'.
                Type '{ id: string; email: string; role: string; name?: string | undefined; permissions?: string[] | undefined; }' is not assignable to type '{ id: string; email: string; role: string; permissions: any; }'.
                  Property 'permissions' is optional in type '{ id: string; email: string; role: string; name?: string | undefined; permissions?: string[] | undefined; }' but required in type '{ id: string; email: string; role: string; permissions: any; }'.
server/src/routes/dynamics365GuidesRoutes.ts(416,3): error TS2769: No overload matches this call.
  The last overload gave the following error.
    Argument of type '(req: AuthRequest, res: Response, next: NextFunction) => Promise<Response<any, Record<string, any>> | undefined>' is not assignable to parameter of type 'RequestHandlerParams<ParamsDictionary, any, any, ParsedQs, Record<string, any>>'.
      Type '(req: AuthRequest, res: Response, next: NextFunction) => Promise<Response<any, Record<string, any>> | undefined>' is not assignable to type 'RequestHandler<ParamsDictionary, any, any, ParsedQs, Record<string, any>>'.
        Types of parameters 'req' and 'req' are incompatible.
          Type 'Request<ParamsDictionary, any, any, ParsedQs, Record<string, any>>' is not assignable to type 'AuthRequest'.
            Types of property 'user' are incompatible.
              Type '{ id: string; email: string; role: string; name?: string | undefined; permissions?: string[] | undefined; } | undefined' is not assignable to type '{ id: string; email: string; role: string; permissions: any; } | undefined'.
                Type '{ id: string; email: string; role: string; name?: string | undefined; permissions?: string[] | undefined; }' is not assignable to type '{ id: string; email: string; role: string; permissions: any; }'.
                  Property 'permissions' is optional in type '{ id: string; email: string; role: string; name?: string | undefined; permissions?: string[] | undefined; }' but required in type '{ id: string; email: string; role: string; permissions: any; }'.
server/src/routes/dynamics365GuidesRoutes.ts(454,3): error TS2769: No overload matches this call.
  The last overload gave the following error.
    Argument of type '(req: AuthRequest, res: Response, next: NextFunction) => Promise<Response<any, Record<string, any>> | undefined>' is not assignable to parameter of type 'RequestHandlerParams<ParamsDictionary, any, any, ParsedQs, Record<string, any>>'.
      Type '(req: AuthRequest, res: Response, next: NextFunction) => Promise<Response<any, Record<string, any>> | undefined>' is not assignable to type 'RequestHandler<ParamsDictionary, any, any, ParsedQs, Record<string, any>>'.
        Types of parameters 'req' and 'req' are incompatible.
          Type 'Request<ParamsDictionary, any, any, ParsedQs, Record<string, any>>' is not assignable to type 'AuthRequest'.
            Types of property 'user' are incompatible.
              Type '{ id: string; email: string; role: string; name?: string | undefined; permissions?: string[] | undefined; } | undefined' is not assignable to type '{ id: string; email: string; role: string; permissions: any; } | undefined'.
                Type '{ id: string; email: string; role: string; name?: string | undefined; permissions?: string[] | undefined; }' is not assignable to type '{ id: string; email: string; role: string; permissions: any; }'.
                  Property 'permissions' is optional in type '{ id: string; email: string; role: string; name?: string | undefined; permissions?: string[] | undefined; }' but required in type '{ id: string; email: string; role: string; permissions: any; }'.
server/src/routes/dynamics365GuidesRoutes.ts(486,3): error TS2769: No overload matches this call.
  The last overload gave the following error.
    Argument of type '(req: AuthRequest, res: Response, next: NextFunction) => Promise<Response<any, Record<string, any>> | undefined>' is not assignable to parameter of type 'RequestHandlerParams<ParamsDictionary, any, any, ParsedQs, Record<string, any>>'.
      Type '(req: AuthRequest, res: Response, next: NextFunction) => Promise<Response<any, Record<string, any>> | undefined>' is not assignable to type 'RequestHandler<ParamsDictionary, any, any, ParsedQs, Record<string, any>>'.
        Types of parameters 'req' and 'req' are incompatible.
          Type 'Request<ParamsDictionary, any, any, ParsedQs, Record<string, any>>' is not assignable to type 'AuthRequest'.
            Types of property 'user' are incompatible.
              Type '{ id: string; email: string; role: string; name?: string | undefined; permissions?: string[] | undefined; } | undefined' is not assignable to type '{ id: string; email: string; role: string; permissions: any; } | undefined'.
                Type '{ id: string; email: string; role: string; name?: string | undefined; permissions?: string[] | undefined; }' is not assignable to type '{ id: string; email: string; role: string; permissions: any; }'.
                  Property 'permissions' is optional in type '{ id: string; email: string; role: string; name?: string | undefined; permissions?: string[] | undefined; }' but required in type '{ id: string; email: string; role: string; permissions: any; }'.
server/src/routes/dynamics365GuidesRoutes.ts(519,3): error TS2769: No overload matches this call.
  The last overload gave the following error.
    Argument of type '(req: AuthRequest, res: Response, next: NextFunction) => Promise<Response<any, Record<string, any>> | undefined>' is not assignable to parameter of type 'RequestHandlerParams<ParamsDictionary, any, any, ParsedQs, Record<string, any>>'.
      Type '(req: AuthRequest, res: Response, next: NextFunction) => Promise<Response<any, Record<string, any>> | undefined>' is not assignable to type 'RequestHandler<ParamsDictionary, any, any, ParsedQs, Record<string, any>>'.
        Types of parameters 'req' and 'req' are incompatible.
          Type 'Request<ParamsDictionary, any, any, ParsedQs, Record<string, any>>' is not assignable to type 'AuthRequest'.
            Types of property 'user' are incompatible.
              Type '{ id: string; email: string; role: string; name?: string | undefined; permissions?: string[] | undefined; } | undefined' is not assignable to type '{ id: string; email: string; role: string; permissions: any; } | undefined'.
                Type '{ id: string; email: string; role: string; name?: string | undefined; permissions?: string[] | undefined; }' is not assignable to type '{ id: string; email: string; role: string; permissions: any; }'.
                  Property 'permissions' is optional in type '{ id: string; email: string; role: string; name?: string | undefined; permissions?: string[] | undefined; }' but required in type '{ id: string; email: string; role: string; permissions: any; }'.
server/src/routes/dynamics365GuidesRoutes.ts(554,3): error TS2769: No overload matches this call.
  The last overload gave the following error.
    Argument of type '(req: AuthRequest, res: Response, next: NextFunction) => Promise<Response<any, Record<string, any>> | undefined>' is not assignable to parameter of type 'RequestHandlerParams<ParamsDictionary, any, any, ParsedQs, Record<string, any>>'.
      Type '(req: AuthRequest, res: Response, next: NextFunction) => Promise<Response<any, Record<string, any>> | undefined>' is not assignable to type 'RequestHandler<ParamsDictionary, any, any, ParsedQs, Record<string, any>>'.
        Types of parameters 'req' and 'req' are incompatible.
          Type 'Request<ParamsDictionary, any, any, ParsedQs, Record<string, any>>' is not assignable to type 'AuthRequest'.
            Types of property 'user' are incompatible.
              Type '{ id: string; email: string; role: string; name?: string | undefined; permissions?: string[] | undefined; } | undefined' is not assignable to type '{ id: string; email: string; role: string; permissions: any; } | undefined'.
                Type '{ id: string; email: string; role: string; name?: string | undefined; permissions?: string[] | undefined; }' is not assignable to type '{ id: string; email: string; role: string; permissions: any; }'.
                  Property 'permissions' is optional in type '{ id: string; email: string; role: string; name?: string | undefined; permissions?: string[] | undefined; }' but required in type '{ id: string; email: string; role: string; permissions: any; }'.
server/src/routes/dynamics365GuidesRoutes.ts(690,15): error TS18048: 's.warnings' is possibly 'undefined'.
server/src/routes/dynamics365GuidesRoutes.ts(691,21): error TS18048: 's.tools_required' is possibly 'undefined'.
server/src/routes/dynamics365GuidesRoutes.ts(692,17): error TS18048: 's.validation' is possibly 'undefined'.
server/src/routes/emailNotifications.ts(18,22): error TS2769: No overload matches this call.
  The last overload gave the following error.
    Argument of type '(req: AuthRequest, res: Response, next: NextFunction) => Promise<Response<any, Record<string, any>> | undefined>' is not assignable to parameter of type 'RequestHandlerParams<ParamsDictionary, any, any, ParsedQs, Record<string, any>>'.
      Type '(req: AuthRequest, res: Response, next: NextFunction) => Promise<Response<any, Record<string, any>> | undefined>' is not assignable to type 'RequestHandler<ParamsDictionary, any, any, ParsedQs, Record<string, any>>'.
        Types of parameters 'req' and 'req' are incompatible.
          Type 'Request<ParamsDictionary, any, any, ParsedQs, Record<string, any>>' is not assignable to type 'AuthRequest'.
            Types of property 'user' are incompatible.
              Type '{ id: string; email: string; role: string; name?: string | undefined; permissions?: string[] | undefined; } | undefined' is not assignable to type '{ id: string; email: string; role: string; permissions: any; } | undefined'.
                Type '{ id: string; email: string; role: string; name?: string | undefined; permissions?: string[] | undefined; }' is not assignable to type '{ id: string; email: string; role: string; permissions: any; }'.
                  Property 'permissions' is optional in type '{ id: string; email: string; role: string; name?: string | undefined; permissions?: string[] | undefined; }' but required in type '{ id: string; email: string; role: string; permissions: any; }'.
server/src/routes/emailNotifications.ts(47,28): error TS2769: No overload matches this call.
  The last overload gave the following error.
    Argument of type '(req: AuthRequest, res: Response, next: NextFunction) => Promise<Response<any, Record<string, any>> | undefined>' is not assignable to parameter of type 'RequestHandlerParams<ParamsDictionary, any, any, ParsedQs, Record<string, any>>'.
      Type '(req: AuthRequest, res: Response, next: NextFunction) => Promise<Response<any, Record<string, any>> | undefined>' is not assignable to type 'RequestHandler<ParamsDictionary, any, any, ParsedQs, Record<string, any>>'.
        Types of parameters 'req' and 'req' are incompatible.
          Type 'Request<ParamsDictionary, any, any, ParsedQs, Record<string, any>>' is not assignable to type 'AuthRequest'.
            Types of property 'user' are incompatible.
              Type '{ id: string; email: string; role: string; name?: string | undefined; permissions?: string[] | undefined; } | undefined' is not assignable to type '{ id: string; email: string; role: string; permissions: any; } | undefined'.
                Type '{ id: string; email: string; role: string; name?: string | undefined; permissions?: string[] | undefined; }' is not assignable to type '{ id: string; email: string; role: string; permissions: any; }'.
                  Property 'permissions' is optional in type '{ id: string; email: string; role: string; name?: string | undefined; permissions?: string[] | undefined; }' but required in type '{ id: string; email: string; role: string; permissions: any; }'.
server/src/routes/emailNotifications.ts(84,28): error TS2769: No overload matches this call.
  The last overload gave the following error.
    Argument of type '(req: AuthRequest, res: Response, next: NextFunction) => Promise<Response<any, Record<string, any>> | undefined>' is not assignable to parameter of type 'RequestHandlerParams<ParamsDictionary, any, any, ParsedQs, Record<string, any>>'.
      Type '(req: AuthRequest, res: Response, next: NextFunction) => Promise<Response<any, Record<string, any>> | undefined>' is not assignable to type 'RequestHandler<ParamsDictionary, any, any, ParsedQs, Record<string, any>>'.
        Types of parameters 'req' and 'req' are incompatible.
          Type 'Request<ParamsDictionary, any, any, ParsedQs, Record<string, any>>' is not assignable to type 'AuthRequest'.
            Types of property 'user' are incompatible.
              Type '{ id: string; email: string; role: string; name?: string | undefined; permissions?: string[] | undefined; } | undefined' is not assignable to type '{ id: string; email: string; role: string; permissions: any; } | undefined'.
                Type '{ id: string; email: string; role: string; name?: string | undefined; permissions?: string[] | undefined; }' is not assignable to type '{ id: string; email: string; role: string; permissions: any; }'.
                  Property 'permissions' is optional in type '{ id: string; email: string; role: string; name?: string | undefined; permissions?: string[] | undefined; }' but required in type '{ id: string; email: string; role: string; permissions: any; }'.
server/src/routes/emailNotifications.ts(175,21): error TS2769: No overload matches this call.
  The last overload gave the following error.
    Argument of type '(req: AuthRequest, res: Response, next: NextFunction) => Promise<Response<any, Record<string, any>> | undefined>' is not assignable to parameter of type 'RequestHandlerParams<ParamsDictionary, any, any, ParsedQs, Record<string, any>>'.
      Type '(req: AuthRequest, res: Response, next: NextFunction) => Promise<Response<any, Record<string, any>> | undefined>' is not assignable to type 'RequestHandler<ParamsDictionary, any, any, ParsedQs, Record<string, any>>'.
        Types of parameters 'req' and 'req' are incompatible.
          Type 'Request<ParamsDictionary, any, any, ParsedQs, Record<string, any>>' is not assignable to type 'AuthRequest'.
            Types of property 'user' are incompatible.
              Type '{ id: string; email: string; role: string; name?: string | undefined; permissions?: string[] | undefined; } | undefined' is not assignable to type '{ id: string; email: string; role: string; permissions: any; } | undefined'.
                Type '{ id: string; email: string; role: string; name?: string | undefined; permissions?: string[] | undefined; }' is not assignable to type '{ id: string; email: string; role: string; permissions: any; }'.
                  Property 'permissions' is optional in type '{ id: string; email: string; role: string; name?: string | undefined; permissions?: string[] | undefined; }' but required in type '{ id: string; email: string; role: string; permissions: any; }'.
server/src/routes/emailNotifications.ts(256,22): error TS2769: No overload matches this call.
  The last overload gave the following error.
    Argument of type '(req: AuthRequest, res: Response, next: NextFunction) => Promise<Response<any, Record<string, any>> | undefined>' is not assignable to parameter of type 'RequestHandlerParams<ParamsDictionary, any, any, ParsedQs, Record<string, any>>'.
      Type '(req: AuthRequest, res: Response, next: NextFunction) => Promise<Response<any, Record<string, any>> | undefined>' is not assignable to type 'RequestHandler<ParamsDictionary, any, any, ParsedQs, Record<string, any>>'.
        Types of parameters 'req' and 'req' are incompatible.
          Type 'Request<ParamsDictionary, any, any, ParsedQs, Record<string, any>>' is not assignable to type 'AuthRequest'.
            Types of property 'user' are incompatible.
              Type '{ id: string; email: string; role: string; name?: string | undefined; permissions?: string[] | undefined; } | undefined' is not assignable to type '{ id: string; email: string; role: string; permissions: any; } | undefined'.
                Type '{ id: string; email: string; role: string; name?: string | undefined; permissions?: string[] | undefined; }' is not assignable to type '{ id: string; email: string; role: string; permissions: any; }'.
                  Property 'permissions' is optional in type '{ id: string; email: string; role: string; name?: string | undefined; permissions?: string[] | undefined; }' but required in type '{ id: string; email: string; role: string; permissions: any; }'.
server/src/routes/emergency-meetings.ts(21,3): error TS2769: No overload matches this call.
  The last overload gave the following error.
    Argument of type '(req: AuthRequest, res: Response, next: NextFunction) => Promise<Response<any, Record<string, any>> | undefined>' is not assignable to parameter of type 'RequestHandlerParams<ParamsDictionary, any, any, ParsedQs, Record<string, any>>'.
      Type '(req: AuthRequest, res: Response, next: NextFunction) => Promise<Response<any, Record<string, any>> | undefined>' is not assignable to type 'RequestHandler<ParamsDictionary, any, any, ParsedQs, Record<string, any>>'.
        Types of parameters 'req' and 'req' are incompatible.
          Type 'Request<ParamsDictionary, any, any, ParsedQs, Record<string, any>>' is not assignable to type 'AuthRequest'.
            Types of property 'user' are incompatible.
              Type '{ id: string; email: string; role: string; name?: string | undefined; permissions?: string[] | undefined; } | undefined' is not assignable to type '{ id: string; email: string; role: string; permissions: any; } | undefined'.
                Type '{ id: string; email: string; role: string; name?: string | undefined; permissions?: string[] | undefined; }' is not assignable to type '{ id: string; email: string; role: string; permissions: any; }'.
                  Property 'permissions' is optional in type '{ id: string; email: string; role: string; name?: string | undefined; permissions?: string[] | undefined; }' but required in type '{ id: string; email: string; role: string; permissions: any; }'.
server/src/routes/emergency-meetings.ts(77,3): error TS2769: No overload matches this call.
  The last overload gave the following error.
    Argument of type '(req: AuthRequest, res: Response, next: NextFunction) => Promise<Response<any, Record<string, any>> | undefined>' is not assignable to parameter of type 'RequestHandlerParams<ParamsDictionary, any, any, ParsedQs, Record<string, any>>'.
      Type '(req: AuthRequest, res: Response, next: NextFunction) => Promise<Response<any, Record<string, any>> | undefined>' is not assignable to type 'RequestHandler<ParamsDictionary, any, any, ParsedQs, Record<string, any>>'.
        Types of parameters 'req' and 'req' are incompatible.
          Type 'Request<ParamsDictionary, any, any, ParsedQs, Record<string, any>>' is not assignable to type 'AuthRequest'.
            Types of property 'user' are incompatible.
              Type '{ id: string; email: string; role: string; name?: string | undefined; permissions?: string[] | undefined; } | undefined' is not assignable to type '{ id: string; email: string; role: string; permissions: any; } | undefined'.
                Type '{ id: string; email: string; role: string; name?: string | undefined; permissions?: string[] | undefined; }' is not assignable to type '{ id: string; email: string; role: string; permissions: any; }'.
                  Property 'permissions' is optional in type '{ id: string; email: string; role: string; name?: string | undefined; permissions?: string[] | undefined; }' but required in type '{ id: string; email: string; role: string; permissions: any; }'.
server/src/routes/emergency-meetings.ts(118,3): error TS2769: No overload matches this call.
  The last overload gave the following error.
    Argument of type '(req: AuthRequest, res: Response, next: NextFunction) => Promise<Response<any, Record<string, any>> | undefined>' is not assignable to parameter of type 'RequestHandlerParams<ParamsDictionary, any, any, ParsedQs, Record<string, any>>'.
      Type '(req: AuthRequest, res: Response, next: NextFunction) => Promise<Response<any, Record<string, any>> | undefined>' is not assignable to type 'RequestHandler<ParamsDictionary, any, any, ParsedQs, Record<string, any>>'.
        Types of parameters 'req' and 'req' are incompatible.
          Type 'Request<ParamsDictionary, any, any, ParsedQs, Record<string, any>>' is not assignable to type 'AuthRequest'.
            Types of property 'user' are incompatible.
              Type '{ id: string; email: string; role: string; name?: string | undefined; permissions?: string[] | undefined; } | undefined' is not assignable to type '{ id: string; email: string; role: string; permissions: any; } | undefined'.
                Type '{ id: string; email: string; role: string; name?: string | undefined; permissions?: string[] | undefined; }' is not assignable to type '{ id: string; email: string; role: string; permissions: any; }'.
                  Property 'permissions' is optional in type '{ id: string; email: string; role: string; name?: string | undefined; permissions?: string[] | undefined; }' but required in type '{ id: string; email: string; role: string; permissions: any; }'.
server/src/routes/emergency-meetings.ts(191,3): error TS2769: No overload matches this call.
  The last overload gave the following error.
    Argument of type '(req: AuthRequest, res: Response, next: NextFunction) => Promise<Response<any, Record<string, any>> | undefined>' is not assignable to parameter of type 'RequestHandlerParams<ParamsDictionary, any, any, ParsedQs, Record<string, any>>'.
      Type '(req: AuthRequest, res: Response, next: NextFunction) => Promise<Response<any, Record<string, any>> | undefined>' is not assignable to type 'RequestHandler<ParamsDictionary, any, any, ParsedQs, Record<string, any>>'.
        Types of parameters 'req' and 'req' are incompatible.
          Type 'Request<ParamsDictionary, any, any, ParsedQs, Record<string, any>>' is not assignable to type 'AuthRequest'.
            Types of property 'user' are incompatible.
              Type '{ id: string; email: string; role: string; name?: string | undefined; permissions?: string[] | undefined; } | undefined' is not assignable to type '{ id: string; email: string; role: string; permissions: any; } | undefined'.
                Type '{ id: string; email: string; role: string; name?: string | undefined; permissions?: string[] | undefined; }' is not assignable to type '{ id: string; email: string; role: string; permissions: any; }'.
                  Property 'permissions' is optional in type '{ id: string; email: string; role: string; name?: string | undefined; permissions?: string[] | undefined; }' but required in type '{ id: string; email: string; role: string; permissions: any; }'.
server/src/routes/emergency-meetings.ts(240,3): error TS2769: No overload matches this call.
  The last overload gave the following error.
    Argument of type '(req: AuthRequest, res: Response, next: NextFunction) => Promise<Response<any, Record<string, any>> | undefined>' is not assignable to parameter of type 'RequestHandlerParams<ParamsDictionary, any, any, ParsedQs, Record<string, any>>'.
      Type '(req: AuthRequest, res: Response, next: NextFunction) => Promise<Response<any, Record<string, any>> | undefined>' is not assignable to type 'RequestHandler<ParamsDictionary, any, any, ParsedQs, Record<string, any>>'.
        Types of parameters 'req' and 'req' are incompatible.
          Type 'Request<ParamsDictionary, any, any, ParsedQs, Record<string, any>>' is not assignable to type 'AuthRequest'.
            Types of property 'user' are incompatible.
              Type '{ id: string; email: string; role: string; name?: string | undefined; permissions?: string[] | undefined; } | undefined' is not assignable to type '{ id: string; email: string; role: string; permissions: any; } | undefined'.
                Type '{ id: string; email: string; role: string; name?: string | undefined; permissions?: string[] | undefined; }' is not assignable to type '{ id: string; email: string; role: string; permissions: any; }'.
                  Property 'permissions' is optional in type '{ id: string; email: string; role: string; name?: string | undefined; permissions?: string[] | undefined; }' but required in type '{ id: string; email: string; role: string; permissions: any; }'.
server/src/routes/entityBaselineRoutes.ts(26,3): error TS2769: No overload matches this call.
  The last overload gave the following error.
    Argument of type '(req: AuthRequest, res: Response, next: NextFunction) => Promise<Response<any, Record<string, any>> | undefined>' is not assignable to parameter of type 'RequestHandlerParams<ParamsDictionary, any, any, ParsedQs, Record<string, any>>'.
      Type '(req: AuthRequest, res: Response, next: NextFunction) => Promise<Response<any, Record<string, any>> | undefined>' is not assignable to type 'RequestHandler<ParamsDictionary, any, any, ParsedQs, Record<string, any>>'.
        Types of parameters 'req' and 'req' are incompatible.
          Type 'Request<ParamsDictionary, any, any, ParsedQs, Record<string, any>>' is not assignable to type 'AuthRequest'.
            Types of property 'user' are incompatible.
              Type '{ id: string; email: string; role: string; name?: string | undefined; permissions?: string[] | undefined; } | undefined' is not assignable to type '{ id: string; email: string; role: string; permissions: any; } | undefined'.
                Type '{ id: string; email: string; role: string; name?: string | undefined; permissions?: string[] | undefined; }' is not assignable to type '{ id: string; email: string; role: string; permissions: any; }'.
                  Property 'permissions' is optional in type '{ id: string; email: string; role: string; name?: string | undefined; permissions?: string[] | undefined; }' but required in type '{ id: string; email: string; role: string; permissions: any; }'.
server/src/routes/entityBaselineRoutes.ts(80,3): error TS2769: No overload matches this call.
  The last overload gave the following error.
    Argument of type '(req: AuthRequest, res: Response, next: NextFunction) => Promise<Response<any, Record<string, any>> | undefined>' is not assignable to parameter of type 'RequestHandlerParams<ParamsDictionary, any, any, ParsedQs, Record<string, any>>'.
      Type '(req: AuthRequest, res: Response, next: NextFunction) => Promise<Response<any, Record<string, any>> | undefined>' is not assignable to type 'RequestHandler<ParamsDictionary, any, any, ParsedQs, Record<string, any>>'.
        Types of parameters 'req' and 'req' are incompatible.
          Type 'Request<ParamsDictionary, any, any, ParsedQs, Record<string, any>>' is not assignable to type 'AuthRequest'.
            Types of property 'user' are incompatible.
              Type '{ id: string; email: string; role: string; name?: string | undefined; permissions?: string[] | undefined; } | undefined' is not assignable to type '{ id: string; email: string; role: string; permissions: any; } | undefined'.
                Type '{ id: string; email: string; role: string; name?: string | undefined; permissions?: string[] | undefined; }' is not assignable to type '{ id: string; email: string; role: string; permissions: any; }'.
                  Property 'permissions' is optional in type '{ id: string; email: string; role: string; name?: string | undefined; permissions?: string[] | undefined; }' but required in type '{ id: string; email: string; role: string; permissions: any; }'.
server/src/routes/entityBaselineRoutes.ts(114,3): error TS2769: No overload matches this call.
  The last overload gave the following error.
    Argument of type '(req: AuthRequest, res: Response, next: NextFunction) => Promise<Response<any, Record<string, any>> | undefined>' is not assignable to parameter of type 'RequestHandlerParams<ParamsDictionary, any, any, ParsedQs, Record<string, any>>'.
      Type '(req: AuthRequest, res: Response, next: NextFunction) => Promise<Response<any, Record<string, any>> | undefined>' is not assignable to type 'RequestHandler<ParamsDictionary, any, any, ParsedQs, Record<string, any>>'.
        Types of parameters 'req' and 'req' are incompatible.
          Type 'Request<ParamsDictionary, any, any, ParsedQs, Record<string, any>>' is not assignable to type 'AuthRequest'.
            Types of property 'user' are incompatible.
              Type '{ id: string; email: string; role: string; name?: string | undefined; permissions?: string[] | undefined; } | undefined' is not assignable to type '{ id: string; email: string; role: string; permissions: any; } | undefined'.
                Type '{ id: string; email: string; role: string; name?: string | undefined; permissions?: string[] | undefined; }' is not assignable to type '{ id: string; email: string; role: string; permissions: any; }'.
                  Property 'permissions' is optional in type '{ id: string; email: string; role: string; name?: string | undefined; permissions?: string[] | undefined; }' but required in type '{ id: string; email: string; role: string; permissions: any; }'.
server/src/routes/entityBaselineRoutes.ts(156,3): error TS2769: No overload matches this call.
  The last overload gave the following error.
    Argument of type '(req: AuthRequest, res: Response, next: NextFunction) => Promise<Response<any, Record<string, any>> | undefined>' is not assignable to parameter of type 'RequestHandlerParams<ParamsDictionary, any, any, ParsedQs, Record<string, any>>'.
      Type '(req: AuthRequest, res: Response, next: NextFunction) => Promise<Response<any, Record<string, any>> | undefined>' is not assignable to type 'RequestHandler<ParamsDictionary, any, any, ParsedQs, Record<string, any>>'.
        Types of parameters 'req' and 'req' are incompatible.
          Type 'Request<ParamsDictionary, any, any, ParsedQs, Record<string, any>>' is not assignable to type 'AuthRequest'.
            Types of property 'user' are incompatible.
              Type '{ id: string; email: string; role: string; name?: string | undefined; permissions?: string[] | undefined; } | undefined' is not assignable to type '{ id: string; email: string; role: string; permissions: any; } | undefined'.
                Type '{ id: string; email: string; role: string; name?: string | undefined; permissions?: string[] | undefined; }' is not assignable to type '{ id: string; email: string; role: string; permissions: any; }'.
                  Property 'permissions' is optional in type '{ id: string; email: string; role: string; name?: string | undefined; permissions?: string[] | undefined; }' but required in type '{ id: string; email: string; role: string; permissions: any; }'.
server/src/routes/entityBaselineRoutes.ts(187,3): error TS2769: No overload matches this call.
  The last overload gave the following error.
    Argument of type '(req: AuthRequest, res: Response, next: NextFunction) => Promise<Response<any, Record<string, any>> | undefined>' is not assignable to parameter of type 'RequestHandlerParams<ParamsDictionary, any, any, ParsedQs, Record<string, any>>'.
      Type '(req: AuthRequest, res: Response, next: NextFunction) => Promise<Response<any, Record<string, any>> | undefined>' is not assignable to type 'RequestHandler<ParamsDictionary, any, any, ParsedQs, Record<string, any>>'.
        Types of parameters 'req' and 'req' are incompatible.
          Type 'Request<ParamsDictionary, any, any, ParsedQs, Record<string, any>>' is not assignable to type 'AuthRequest'.
            Types of property 'user' are incompatible.
              Type '{ id: string; email: string; role: string; name?: string | undefined; permissions?: string[] | undefined; } | undefined' is not assignable to type '{ id: string; email: string; role: string; permissions: any; } | undefined'.
                Type '{ id: string; email: string; role: string; name?: string | undefined; permissions?: string[] | undefined; }' is not assignable to type '{ id: string; email: string; role: string; permissions: any; }'.
                  Property 'permissions' is optional in type '{ id: string; email: string; role: string; name?: string | undefined; permissions?: string[] | undefined; }' but required in type '{ id: string; email: string; role: string; permissions: any; }'.
server/src/routes/entityBaselineRoutes.ts(248,3): error TS2769: No overload matches this call.
  The last overload gave the following error.
    Argument of type '(req: AuthRequest, res: Response, next: NextFunction) => Promise<Response<any, Record<string, any>> | undefined>' is not assignable to parameter of type 'RequestHandlerParams<ParamsDictionary, any, any, ParsedQs, Record<string, any>>'.
      Type '(req: AuthRequest, res: Response, next: NextFunction) => Promise<Response<any, Record<string, any>> | undefined>' is not assignable to type 'RequestHandler<ParamsDictionary, any, any, ParsedQs, Record<string, any>>'.
        Types of parameters 'req' and 'req' are incompatible.
          Type 'Request<ParamsDictionary, any, any, ParsedQs, Record<string, any>>' is not assignable to type 'AuthRequest'.
            Types of property 'user' are incompatible.
              Type '{ id: string; email: string; role: string; name?: string | undefined; permissions?: string[] | undefined; } | undefined' is not assignable to type '{ id: string; email: string; role: string; permissions: any; } | undefined'.
                Type '{ id: string; email: string; role: string; name?: string | undefined; permissions?: string[] | undefined; }' is not assignable to type '{ id: string; email: string; role: string; permissions: any; }'.
                  Property 'permissions' is optional in type '{ id: string; email: string; role: string; name?: string | undefined; permissions?: string[] | undefined; }' but required in type '{ id: string; email: string; role: string; permissions: any; }'.
server/src/routes/entityBaselineRoutes.ts(275,3): error TS2769: No overload matches this call.
  The last overload gave the following error.
    Argument of type '(req: AuthRequest, res: Response, next: NextFunction) => Promise<Response<any, Record<string, any>> | undefined>' is not assignable to parameter of type 'RequestHandlerParams<ParamsDictionary, any, any, ParsedQs, Record<string, any>>'.
      Type '(req: AuthRequest, res: Response, next: NextFunction) => Promise<Response<any, Record<string, any>> | undefined>' is not assignable to type 'RequestHandler<ParamsDictionary, any, any, ParsedQs, Record<string, any>>'.
        Types of parameters 'req' and 'req' are incompatible.
          Type 'Request<ParamsDictionary, any, any, ParsedQs, Record<string, any>>' is not assignable to type 'AuthRequest'.
            Types of property 'user' are incompatible.
              Type '{ id: string; email: string; role: string; name?: string | undefined; permissions?: string[] | undefined; } | undefined' is not assignable to type '{ id: string; email: string; role: string; permissions: any; } | undefined'.
                Type '{ id: string; email: string; role: string; name?: string | undefined; permissions?: string[] | undefined; }' is not assignable to type '{ id: string; email: string; role: string; permissions: any; }'.
                  Property 'permissions' is optional in type '{ id: string; email: string; role: string; name?: string | undefined; permissions?: string[] | undefined; }' but required in type '{ id: string; email: string; role: string; permissions: any; }'.
server/src/routes/entityBaselineRoutes.ts(319,3): error TS2769: No overload matches this call.
  The last overload gave the following error.
    Argument of type '(req: AuthRequest, res: Response, next: NextFunction) => Promise<Response<any, Record<string, any>> | undefined>' is not assignable to parameter of type 'RequestHandlerParams<ParamsDictionary, any, any, ParsedQs, Record<string, any>>'.
      Type '(req: AuthRequest, res: Response, next: NextFunction) => Promise<Response<any, Record<string, any>> | undefined>' is not assignable to type 'RequestHandler<ParamsDictionary, any, any, ParsedQs, Record<string, any>>'.
        Types of parameters 'req' and 'req' are incompatible.
          Type 'Request<ParamsDictionary, any, any, ParsedQs, Record<string, any>>' is not assignable to type 'AuthRequest'.
            Types of property 'user' are incompatible.
              Type '{ id: string; email: string; role: string; name?: string | undefined; permissions?: string[] | undefined; } | undefined' is not assignable to type '{ id: string; email: string; role: string; permissions: any; } | undefined'.
                Type '{ id: string; email: string; role: string; name?: string | undefined; permissions?: string[] | undefined; }' is not assignable to type '{ id: string; email: string; role: string; permissions: any; }'.
                  Property 'permissions' is optional in type '{ id: string; email: string; role: string; name?: string | undefined; permissions?: string[] | undefined; }' but required in type '{ id: string; email: string; role: string; permissions: any; }'.
server/src/routes/entityBaselineRoutes.ts(351,3): error TS2769: No overload matches this call.
  The last overload gave the following error.
    Argument of type '(req: AuthRequest, res: Response, next: NextFunction) => Promise<Response<any, Record<string, any>> | undefined>' is not assignable to parameter of type 'RequestHandlerParams<ParamsDictionary, any, any, ParsedQs, Record<string, any>>'.
      Type '(req: AuthRequest, res: Response, next: NextFunction) => Promise<Response<any, Record<string, any>> | undefined>' is not assignable to type 'RequestHandler<ParamsDictionary, any, any, ParsedQs, Record<string, any>>'.
        Types of parameters 'req' and 'req' are incompatible.
          Type 'Request<ParamsDictionary, any, any, ParsedQs, Record<string, any>>' is not assignable to type 'AuthRequest'.
            Types of property 'user' are incompatible.
              Type '{ id: string; email: string; role: string; name?: string | undefined; permissions?: string[] | undefined; } | undefined' is not assignable to type '{ id: string; email: string; role: string; permissions: any; } | undefined'.
                Type '{ id: string; email: string; role: string; name?: string | undefined; permissions?: string[] | undefined; }' is not assignable to type '{ id: string; email: string; role: string; permissions: any; }'.
                  Property 'permissions' is optional in type '{ id: string; email: string; role: string; name?: string | undefined; permissions?: string[] | undefined; }' but required in type '{ id: string; email: string; role: string; permissions: any; }'.
server/src/routes/entityBaselineRoutes.ts(381,3): error TS2769: No overload matches this call.
  The last overload gave the following error.
    Argument of type '(req: AuthRequest, res: Response, next: NextFunction) => Promise<Response<any, Record<string, any>> | undefined>' is not assignable to parameter of type 'RequestHandlerParams<ParamsDictionary, any, any, ParsedQs, Record<string, any>>'.
      Type '(req: AuthRequest, res: Response, next: NextFunction) => Promise<Response<any, Record<string, any>> | undefined>' is not assignable to type 'RequestHandler<ParamsDictionary, any, any, ParsedQs, Record<string, any>>'.
        Types of parameters 'req' and 'req' are incompatible.
          Type 'Request<ParamsDictionary, any, any, ParsedQs, Record<string, any>>' is not assignable to type 'AuthRequest'.
            Types of property 'user' are incompatible.
              Type '{ id: string; email: string; role: string; name?: string | undefined; permissions?: string[] | undefined; } | undefined' is not assignable to type '{ id: string; email: string; role: string; permissions: any; } | undefined'.
                Type '{ id: string; email: string; role: string; name?: string | undefined; permissions?: string[] | undefined; }' is not assignable to type '{ id: string; email: string; role: string; permissions: any; }'.
                  Property 'permissions' is optional in type '{ id: string; email: string; role: string; name?: string | undefined; permissions?: string[] | undefined; }' but required in type '{ id: string; email: string; role: string; permissions: any; }'.
server/src/routes/entityBaselineRoutes.ts(409,3): error TS2769: No overload matches this call.
  The last overload gave the following error.
    Argument of type '(req: AuthRequest, res: Response, next: NextFunction) => Promise<Response<any, Record<string, any>> | undefined>' is not assignable to parameter of type 'RequestHandlerParams<ParamsDictionary, any, any, ParsedQs, Record<string, any>>'.
      Type '(req: AuthRequest, res: Response, next: NextFunction) => Promise<Response<any, Record<string, any>> | undefined>' is not assignable to type 'RequestHandler<ParamsDictionary, any, any, ParsedQs, Record<string, any>>'.
        Types of parameters 'req' and 'req' are incompatible.
          Type 'Request<ParamsDictionary, any, any, ParsedQs, Record<string, any>>' is not assignable to type 'AuthRequest'.
            Types of property 'user' are incompatible.
              Type '{ id: string; email: string; role: string; name?: string | undefined; permissions?: string[] | undefined; } | undefined' is not assignable to type '{ id: string; email: string; role: string; permissions: any; } | undefined'.
                Type '{ id: string; email: string; role: string; name?: string | undefined; permissions?: string[] | undefined; }' is not assignable to type '{ id: string; email: string; role: string; permissions: any; }'.
                  Property 'permissions' is optional in type '{ id: string; email: string; role: string; name?: string | undefined; permissions?: string[] | undefined; }' but required in type '{ id: string; email: string; role: string; permissions: any; }'.
server/src/routes/entityBaselineRoutes.ts(433,3): error TS2769: No overload matches this call.
  The last overload gave the following error.
    Argument of type '(req: AuthRequest, res: Response, next: NextFunction) => Promise<Response<any, Record<string, any>> | undefined>' is not assignable to parameter of type 'RequestHandlerParams<ParamsDictionary, any, any, ParsedQs, Record<string, any>>'.
      Type '(req: AuthRequest, res: Response, next: NextFunction) => Promise<Response<any, Record<string, any>> | undefined>' is not assignable to type 'RequestHandler<ParamsDictionary, any, any, ParsedQs, Record<string, any>>'.
        Types of parameters 'req' and 'req' are incompatible.
          Type 'Request<ParamsDictionary, any, any, ParsedQs, Record<string, any>>' is not assignable to type 'AuthRequest'.
            Types of property 'user' are incompatible.
              Type '{ id: string; email: string; role: string; name?: string | undefined; permissions?: string[] | undefined; } | undefined' is not assignable to type '{ id: string; email: string; role: string; permissions: any; } | undefined'.
                Type '{ id: string; email: string; role: string; name?: string | undefined; permissions?: string[] | undefined; }' is not assignable to type '{ id: string; email: string; role: string; permissions: any; }'.
                  Property 'permissions' is optional in type '{ id: string; email: string; role: string; name?: string | undefined; permissions?: string[] | undefined; }' but required in type '{ id: string; email: string; role: string; permissions: any; }'.
server/src/routes/entityBaselineRoutes.ts(464,3): error TS2769: No overload matches this call.
  The last overload gave the following error.
    Argument of type '(req: AuthRequest, res: Response, next: NextFunction) => Promise<Response<any, Record<string, any>> | undefined>' is not assignable to parameter of type 'RequestHandlerParams<ParamsDictionary, any, any, ParsedQs, Record<string, any>>'.
      Type '(req: AuthRequest, res: Response, next: NextFunction) => Promise<Response<any, Record<string, any>> | undefined>' is not assignable to type 'RequestHandler<ParamsDictionary, any, any, ParsedQs, Record<string, any>>'.
        Types of parameters 'req' and 'req' are incompatible.
          Type 'Request<ParamsDictionary, any, any, ParsedQs, Record<string, any>>' is not assignable to type 'AuthRequest'.
            Types of property 'user' are incompatible.
              Type '{ id: string; email: string; role: string; name?: string | undefined; permissions?: string[] | undefined; } | undefined' is not assignable to type '{ id: string; email: string; role: string; permissions: any; } | undefined'.
                Type '{ id: string; email: string; role: string; name?: string | undefined; permissions?: string[] | undefined; }' is not assignable to type '{ id: string; email: string; role: string; permissions: any; }'.
                  Property 'permissions' is optional in type '{ id: string; email: string; role: string; name?: string | undefined; permissions?: string[] | undefined; }' but required in type '{ id: string; email: string; role: string; permissions: any; }'.
server/src/routes/entityBaselineRoutes.ts(491,3): error TS2769: No overload matches this call.
  The last overload gave the following error.
    Argument of type '(req: AuthRequest, res: Response, next: NextFunction) => Promise<Response<any, Record<string, any>> | undefined>' is not assignable to parameter of type 'RequestHandlerParams<ParamsDictionary, any, any, ParsedQs, Record<string, any>>'.
      Type '(req: AuthRequest, res: Response, next: NextFunction) => Promise<Response<any, Record<string, any>> | undefined>' is not assignable to type 'RequestHandler<ParamsDictionary, any, any, ParsedQs, Record<string, any>>'.
        Types of parameters 'req' and 'req' are incompatible.
          Type 'Request<ParamsDictionary, any, any, ParsedQs, Record<string, any>>' is not assignable to type 'AuthRequest'.
            Types of property 'user' are incompatible.
              Type '{ id: string; email: string; role: string; name?: string | undefined; permissions?: string[] | undefined; } | undefined' is not assignable to type '{ id: string; email: string; role: string; permissions: any; } | undefined'.
                Type '{ id: string; email: string; role: string; name?: string | undefined; permissions?: string[] | undefined; }' is not assignable to type '{ id: string; email: string; role: string; permissions: any; }'.
                  Property 'permissions' is optional in type '{ id: string; email: string; role: string; name?: string | undefined; permissions?: string[] | undefined; }' but required in type '{ id: string; email: string; role: string; permissions: any; }'.
server/src/routes/entityBaselineRoutes.ts(526,3): error TS2769: No overload matches this call.
  The last overload gave the following error.
    Argument of type '(req: AuthRequest, res: Response, next: NextFunction) => Promise<Response<any, Record<string, any>> | undefined>' is not assignable to parameter of type 'RequestHandlerParams<ParamsDictionary, any, any, ParsedQs, Record<string, any>>'.
      Type '(req: AuthRequest, res: Response, next: NextFunction) => Promise<Response<any, Record<string, any>> | undefined>' is not assignable to type 'RequestHandler<ParamsDictionary, any, any, ParsedQs, Record<string, any>>'.
        Types of parameters 'req' and 'req' are incompatible.
          Type 'Request<ParamsDictionary, any, any, ParsedQs, Record<string, any>>' is not assignable to type 'AuthRequest'.
            Types of property 'user' are incompatible.
              Type '{ id: string; email: string; role: string; name?: string | undefined; permissions?: string[] | undefined; } | undefined' is not assignable to type '{ id: string; email: string; role: string; permissions: any; } | undefined'.
                Type '{ id: string; email: string; role: string; name?: string | undefined; permissions?: string[] | undefined; }' is not assignable to type '{ id: string; email: string; role: string; permissions: any; }'.
                  Property 'permissions' is optional in type '{ id: string; email: string; role: string; name?: string | undefined; permissions?: string[] | undefined; }' but required in type '{ id: string; email: string; role: string; permissions: any; }'.
server/src/routes/entityBaselineRoutes.ts(570,3): error TS2769: No overload matches this call.
  The last overload gave the following error.
    Argument of type '(req: AuthRequest, res: Response, next: NextFunction) => Promise<Response<any, Record<string, any>> | undefined>' is not assignable to parameter of type 'RequestHandlerParams<ParamsDictionary, any, any, ParsedQs, Record<string, any>>'.
      Type '(req: AuthRequest, res: Response, next: NextFunction) => Promise<Response<any, Record<string, any>> | undefined>' is not assignable to type 'RequestHandler<ParamsDictionary, any, any, ParsedQs, Record<string, any>>'.
        Types of parameters 'req' and 'req' are incompatible.
          Type 'Request<ParamsDictionary, any, any, ParsedQs, Record<string, any>>' is not assignable to type 'AuthRequest'.
            Types of property 'user' are incompatible.
              Type '{ id: string; email: string; role: string; name?: string | undefined; permissions?: string[] | undefined; } | undefined' is not assignable to type '{ id: string; email: string; role: string; permissions: any; } | undefined'.
                Type '{ id: string; email: string; role: string; name?: string | undefined; permissions?: string[] | undefined; }' is not assignable to type '{ id: string; email: string; role: string; permissions: any; }'.
                  Property 'permissions' is optional in type '{ id: string; email: string; role: string; name?: string | undefined; permissions?: string[] | undefined; }' but required in type '{ id: string; email: string; role: string; permissions: any; }'.
server/src/routes/escalation.ts(24,3): error TS2769: No overload matches this call.
  The last overload gave the following error.
    Argument of type '(req: AuthRequest, res: Response, next: NextFunction) => Promise<Response<any, Record<string, any>> | undefined>' is not assignable to parameter of type 'RequestHandlerParams<ParamsDictionary, any, any, ParsedQs, Record<string, any>>'.
      Type '(req: AuthRequest, res: Response, next: NextFunction) => Promise<Response<any, Record<string, any>> | undefined>' is not assignable to type 'RequestHandler<ParamsDictionary, any, any, ParsedQs, Record<string, any>>'.
        Types of parameters 'req' and 'req' are incompatible.
          Type 'Request<ParamsDictionary, any, any, ParsedQs, Record<string, any>>' is not assignable to type 'AuthRequest'.
            Types of property 'user' are incompatible.
              Type '{ id: string; email: string; role: string; name?: string | undefined; permissions?: string[] | undefined; } | undefined' is not assignable to type '{ id: string; email: string; role: string; permissions: any; } | undefined'.
                Type '{ id: string; email: string; role: string; name?: string | undefined; permissions?: string[] | undefined; }' is not assignable to type '{ id: string; email: string; role: string; permissions: any; }'.
                  Property 'permissions' is optional in type '{ id: string; email: string; role: string; name?: string | undefined; permissions?: string[] | undefined; }' but required in type '{ id: string; email: string; role: string; permissions: any; }'.
server/src/routes/escalation.ts(75,3): error TS2769: No overload matches this call.
  The last overload gave the following error.
    Argument of type '(req: AuthRequest, res: Response, next: NextFunction) => Promise<Response<any, Record<string, any>> | undefined>' is not assignable to parameter of type 'RequestHandlerParams<ParamsDictionary, any, any, ParsedQs, Record<string, any>>'.
      Type '(req: AuthRequest, res: Response, next: NextFunction) => Promise<Response<any, Record<string, any>> | undefined>' is not assignable to type 'RequestHandler<ParamsDictionary, any, any, ParsedQs, Record<string, any>>'.
        Types of parameters 'req' and 'req' are incompatible.
          Type 'Request<ParamsDictionary, any, any, ParsedQs, Record<string, any>>' is not assignable to type 'AuthRequest'.
            Types of property 'user' are incompatible.
              Type '{ id: string; email: string; role: string; name?: string | undefined; permissions?: string[] | undefined; } | undefined' is not assignable to type '{ id: string; email: string; role: string; permissions: any; } | undefined'.
                Type '{ id: string; email: string; role: string; name?: string | undefined; permissions?: string[] | undefined; }' is not assignable to type '{ id: string; email: string; role: string; permissions: any; }'.
                  Property 'permissions' is optional in type '{ id: string; email: string; role: string; name?: string | undefined; permissions?: string[] | undefined; }' but required in type '{ id: string; email: string; role: string; permissions: any; }'.
server/src/routes/escalation.ts(128,3): error TS2769: No overload matches this call.
  The last overload gave the following error.
    Argument of type '(req: AuthRequest, res: Response, next: NextFunction) => Promise<Response<any, Record<string, any>> | undefined>' is not assignable to parameter of type 'RequestHandlerParams<ParamsDictionary, any, any, ParsedQs, Record<string, any>>'.
      Type '(req: AuthRequest, res: Response, next: NextFunction) => Promise<Response<any, Record<string, any>> | undefined>' is not assignable to type 'RequestHandler<ParamsDictionary, any, any, ParsedQs, Record<string, any>>'.
        Types of parameters 'req' and 'req' are incompatible.
          Type 'Request<ParamsDictionary, any, any, ParsedQs, Record<string, any>>' is not assignable to type 'AuthRequest'.
            Types of property 'user' are incompatible.
              Type '{ id: string; email: string; role: string; name?: string | undefined; permissions?: string[] | undefined; } | undefined' is not assignable to type '{ id: string; email: string; role: string; permissions: any; } | undefined'.
                Type '{ id: string; email: string; role: string; name?: string | undefined; permissions?: string[] | undefined; }' is not assignable to type '{ id: string; email: string; role: string; permissions: any; }'.
                  Property 'permissions' is optional in type '{ id: string; email: string; role: string; name?: string | undefined; permissions?: string[] | undefined; }' but required in type '{ id: string; email: string; role: string; permissions: any; }'.
server/src/routes/escalation.ts(168,3): error TS2769: No overload matches this call.
  The last overload gave the following error.
    Argument of type '(req: AuthRequest, res: Response, next: NextFunction) => Promise<Response<any, Record<string, any>> | undefined>' is not assignable to parameter of type 'RequestHandlerParams<ParamsDictionary, any, any, ParsedQs, Record<string, any>>'.
      Type '(req: AuthRequest, res: Response, next: NextFunction) => Promise<Response<any, Record<string, any>> | undefined>' is not assignable to type 'RequestHandler<ParamsDictionary, any, any, ParsedQs, Record<string, any>>'.
        Types of parameters 'req' and 'req' are incompatible.
          Type 'Request<ParamsDictionary, any, any, ParsedQs, Record<string, any>>' is not assignable to type 'AuthRequest'.
            Types of property 'user' are incompatible.
              Type '{ id: string; email: string; role: string; name?: string | undefined; permissions?: string[] | undefined; } | undefined' is not assignable to type '{ id: string; email: string; role: string; permissions: any; } | undefined'.
                Type '{ id: string; email: string; role: string; name?: string | undefined; permissions?: string[] | undefined; }' is not assignable to type '{ id: string; email: string; role: string; permissions: any; }'.
                  Property 'permissions' is optional in type '{ id: string; email: string; role: string; name?: string | undefined; permissions?: string[] | undefined; }' but required in type '{ id: string; email: string; role: string; permissions: any; }'.
server/src/routes/escalation.ts(208,3): error TS2769: No overload matches this call.
  The last overload gave the following error.
    Argument of type '(req: AuthRequest, res: Response, next: NextFunction) => Promise<Response<any, Record<string, any>> | undefined>' is not assignable to parameter of type 'RequestHandlerParams<ParamsDictionary, any, any, ParsedQs, Record<string, any>>'.
      Type '(req: AuthRequest, res: Response, next: NextFunction) => Promise<Response<any, Record<string, any>> | undefined>' is not assignable to type 'RequestHandler<ParamsDictionary, any, any, ParsedQs, Record<string, any>>'.
        Types of parameters 'req' and 'req' are incompatible.
          Type 'Request<ParamsDictionary, any, any, ParsedQs, Record<string, any>>' is not assignable to type 'AuthRequest'.
            Types of property 'user' are incompatible.
              Type '{ id: string; email: string; role: string; name?: string | undefined; permissions?: string[] | undefined; } | undefined' is not assignable to type '{ id: string; email: string; role: string; permissions: any; } | undefined'.
                Type '{ id: string; email: string; role: string; name?: string | undefined; permissions?: string[] | undefined; }' is not assignable to type '{ id: string; email: string; role: string; permissions: any; }'.
                  Property 'permissions' is optional in type '{ id: string; email: string; role: string; name?: string | undefined; permissions?: string[] | undefined; }' but required in type '{ id: string; email: string; role: string; permissions: any; }'.
server/src/routes/escalation.ts(258,3): error TS2769: No overload matches this call.
  The last overload gave the following error.
    Argument of type '(req: AuthRequest, res: Response, next: NextFunction) => Promise<Response<any, Record<string, any>> | undefined>' is not assignable to parameter of type 'RequestHandlerParams<ParamsDictionary, any, any, ParsedQs, Record<string, any>>'.
      Type '(req: AuthRequest, res: Response, next: NextFunction) => Promise<Response<any, Record<string, any>> | undefined>' is not assignable to type 'RequestHandler<ParamsDictionary, any, any, ParsedQs, Record<string, any>>'.
        Types of parameters 'req' and 'req' are incompatible.
          Type 'Request<ParamsDictionary, any, any, ParsedQs, Record<string, any>>' is not assignable to type 'AuthRequest'.
            Types of property 'user' are incompatible.
              Type '{ id: string; email: string; role: string; name?: string | undefined; permissions?: string[] | undefined; } | undefined' is not assignable to type '{ id: string; email: string; role: string; permissions: any; } | undefined'.
                Type '{ id: string; email: string; role: string; name?: string | undefined; permissions?: string[] | undefined; }' is not assignable to type '{ id: string; email: string; role: string; permissions: any; }'.
                  Property 'permissions' is optional in type '{ id: string; email: string; role: string; name?: string | undefined; permissions?: string[] | undefined; }' but required in type '{ id: string; email: string; role: string; permissions: any; }'.
server/src/routes/escalation.ts(352,3): error TS2769: No overload matches this call.
  The last overload gave the following error.
    Argument of type '(req: AuthRequest, res: Response, next: NextFunction) => Promise<Response<any, Record<string, any>> | undefined>' is not assignable to parameter of type 'RequestHandlerParams<ParamsDictionary, any, any, ParsedQs, Record<string, any>>'.
      Type '(req: AuthRequest, res: Response, next: NextFunction) => Promise<Response<any, Record<string, any>> | undefined>' is not assignable to type 'RequestHandler<ParamsDictionary, any, any, ParsedQs, Record<string, any>>'.
        Types of parameters 'req' and 'req' are incompatible.
          Type 'Request<ParamsDictionary, any, any, ParsedQs, Record<string, any>>' is not assignable to type 'AuthRequest'.
            Types of property 'user' are incompatible.
              Type '{ id: string; email: string; role: string; name?: string | undefined; permissions?: string[] | undefined; } | undefined' is not assignable to type '{ id: string; email: string; role: string; permissions: any; } | undefined'.
                Type '{ id: string; email: string; role: string; name?: string | undefined; permissions?: string[] | undefined; }' is not assignable to type '{ id: string; email: string; role: string; permissions: any; }'.
                  Property 'permissions' is optional in type '{ id: string; email: string; role: string; name?: string | undefined; permissions?: string[] | undefined; }' but required in type '{ id: string; email: string; role: string; permissions: any; }'.
server/src/routes/escalation.ts(442,3): error TS2769: No overload matches this call.
  The last overload gave the following error.
    Argument of type '(req: AuthRequest, res: Response, next: NextFunction) => Promise<Response<any, Record<string, any>> | undefined>' is not assignable to parameter of type 'RequestHandlerParams<ParamsDictionary, any, any, ParsedQs, Record<string, any>>'.
      Type '(req: AuthRequest, res: Response, next: NextFunction) => Promise<Response<any, Record<string, any>> | undefined>' is not assignable to type 'RequestHandler<ParamsDictionary, any, any, ParsedQs, Record<string, any>>'.
        Types of parameters 'req' and 'req' are incompatible.
          Type 'Request<ParamsDictionary, any, any, ParsedQs, Record<string, any>>' is not assignable to type 'AuthRequest'.
            Types of property 'user' are incompatible.
              Type '{ id: string; email: string; role: string; name?: string | undefined; permissions?: string[] | undefined; } | undefined' is not assignable to type '{ id: string; email: string; role: string; permissions: any; } | undefined'.
                Type '{ id: string; email: string; role: string; name?: string | undefined; permissions?: string[] | undefined; }' is not assignable to type '{ id: string; email: string; role: string; permissions: any; }'.
                  Property 'permissions' is optional in type '{ id: string; email: string; role: string; name?: string | undefined; permissions?: string[] | undefined; }' but required in type '{ id: string; email: string; role: string; permissions: any; }'.
server/src/routes/executive-dashboard.ts(34,3): error TS2769: No overload matches this call.
  The last overload gave the following error.
    Argument of type '(req: AuthRequest, res: Response, next: NextFunction) => Promise<Response<any, Record<string, any>> | undefined>' is not assignable to parameter of type 'RequestHandlerParams<ParamsDictionary, any, any, ParsedQs, Record<string, any>>'.
      Type '(req: AuthRequest, res: Response, next: NextFunction) => Promise<Response<any, Record<string, any>> | undefined>' is not assignable to type 'RequestHandler<ParamsDictionary, any, any, ParsedQs, Record<string, any>>'.
        Types of parameters 'req' and 'req' are incompatible.
          Type 'Request<ParamsDictionary, any, any, ParsedQs, Record<string, any>>' is not assignable to type 'AuthRequest'.
            Types of property 'user' are incompatible.
              Type '{ id: string; email: string; role: string; name?: string | undefined; permissions?: string[] | undefined; } | undefined' is not assignable to type '{ id: string; email: string; role: string; permissions: any; } | undefined'.
                Type '{ id: string; email: string; role: string; name?: string | undefined; permissions?: string[] | undefined; }' is not assignable to type '{ id: string; email: string; role: string; permissions: any; }'.
                  Property 'permissions' is optional in type '{ id: string; email: string; role: string; name?: string | undefined; permissions?: string[] | undefined; }' but required in type '{ id: string; email: string; role: string; permissions: any; }'.
server/src/routes/executive-dashboard.ts(157,3): error TS2769: No overload matches this call.
  The last overload gave the following error.
    Argument of type '(req: AuthRequest, res: Response, next: NextFunction) => Promise<Response<any, Record<string, any>> | undefined>' is not assignable to parameter of type 'RequestHandlerParams<ParamsDictionary, any, any, ParsedQs, Record<string, any>>'.
      Type '(req: AuthRequest, res: Response, next: NextFunction) => Promise<Response<any, Record<string, any>> | undefined>' is not assignable to type 'RequestHandler<ParamsDictionary, any, any, ParsedQs, Record<string, any>>'.
        Types of parameters 'req' and 'req' are incompatible.
          Type 'Request<ParamsDictionary, any, any, ParsedQs, Record<string, any>>' is not assignable to type 'AuthRequest'.
            Types of property 'user' are incompatible.
              Type '{ id: string; email: string; role: string; name?: string | undefined; permissions?: string[] | undefined; } | undefined' is not assignable to type '{ id: string; email: string; role: string; permissions: any; } | undefined'.
                Type '{ id: string; email: string; role: string; name?: string | undefined; permissions?: string[] | undefined; }' is not assignable to type '{ id: string; email: string; role: string; permissions: any; }'.
                  Property 'permissions' is optional in type '{ id: string; email: string; role: string; name?: string | undefined; permissions?: string[] | undefined; }' but required in type '{ id: string; email: string; role: string; permissions: any; }'.
server/src/routes/executive-dashboard.ts(226,3): error TS2769: No overload matches this call.
  The last overload gave the following error.
    Argument of type '(req: AuthRequest, res: Response, next: NextFunction) => Promise<Response<any, Record<string, any>> | undefined>' is not assignable to parameter of type 'RequestHandlerParams<ParamsDictionary, any, any, ParsedQs, Record<string, any>>'.
      Type '(req: AuthRequest, res: Response, next: NextFunction) => Promise<Response<any, Record<string, any>> | undefined>' is not assignable to type 'RequestHandler<ParamsDictionary, any, any, ParsedQs, Record<string, any>>'.
        Types of parameters 'req' and 'req' are incompatible.
          Type 'Request<ParamsDictionary, any, any, ParsedQs, Record<string, any>>' is not assignable to type 'AuthRequest'.
            Types of property 'user' are incompatible.
              Type '{ id: string; email: string; role: string; name?: string | undefined; permissions?: string[] | undefined; } | undefined' is not assignable to type '{ id: string; email: string; role: string; permissions: any; } | undefined'.
                Type '{ id: string; email: string; role: string; name?: string | undefined; permissions?: string[] | undefined; }' is not assignable to type '{ id: string; email: string; role: string; permissions: any; }'.
                  Property 'permissions' is optional in type '{ id: string; email: string; role: string; name?: string | undefined; permissions?: string[] | undefined; }' but required in type '{ id: string; email: string; role: string; permissions: any; }'.
server/src/routes/executive-dashboard.ts(289,3): error TS2769: No overload matches this call.
  The last overload gave the following error.
    Argument of type '(req: AuthRequest, res: Response, next: NextFunction) => Promise<Response<any, Record<string, any>> | undefined>' is not assignable to parameter of type 'RequestHandlerParams<ParamsDictionary, any, any, ParsedQs, Record<string, any>>'.
      Type '(req: AuthRequest, res: Response, next: NextFunction) => Promise<Response<any, Record<string, any>> | undefined>' is not assignable to type 'RequestHandler<ParamsDictionary, any, any, ParsedQs, Record<string, any>>'.
        Types of parameters 'req' and 'req' are incompatible.
          Type 'Request<ParamsDictionary, any, any, ParsedQs, Record<string, any>>' is not assignable to type 'AuthRequest'.
            Types of property 'user' are incompatible.
              Type '{ id: string; email: string; role: string; name?: string | undefined; permissions?: string[] | undefined; } | undefined' is not assignable to type '{ id: string; email: string; role: string; permissions: any; } | undefined'.
                Type '{ id: string; email: string; role: string; name?: string | undefined; permissions?: string[] | undefined; }' is not assignable to type '{ id: string; email: string; role: string; permissions: any; }'.
                  Property 'permissions' is optional in type '{ id: string; email: string; role: string; name?: string | undefined; permissions?: string[] | undefined; }' but required in type '{ id: string; email: string; role: string; permissions: any; }'.
server/src/routes/githubRoutes.ts(15,3): error TS2769: No overload matches this call.
  The last overload gave the following error.
    Argument of type '(req: AuthRequest, res: Response, next: NextFunction) => Promise<Response<any, Record<string, any>> | undefined>' is not assignable to parameter of type 'RequestHandlerParams<ParamsDictionary, any, any, ParsedQs, Record<string, any>>'.
      Type '(req: AuthRequest, res: Response, next: NextFunction) => Promise<Response<any, Record<string, any>> | undefined>' is not assignable to type 'RequestHandler<ParamsDictionary, any, any, ParsedQs, Record<string, any>>'.
        Types of parameters 'req' and 'req' are incompatible.
          Type 'Request<ParamsDictionary, any, any, ParsedQs, Record<string, any>>' is not assignable to type 'AuthRequest'.
            Types of property 'user' are incompatible.
              Type '{ id: string; email: string; role: string; name?: string | undefined; permissions?: string[] | undefined; } | undefined' is not assignable to type '{ id: string; email: string; role: string; permissions: any; } | undefined'.
                Type '{ id: string; email: string; role: string; name?: string | undefined; permissions?: string[] | undefined; }' is not assignable to type '{ id: string; email: string; role: string; permissions: any; }'.
                  Property 'permissions' is optional in type '{ id: string; email: string; role: string; name?: string | undefined; permissions?: string[] | undefined; }' but required in type '{ id: string; email: string; role: string; permissions: any; }'.
server/src/routes/githubRoutes.ts(61,3): error TS2769: No overload matches this call.
  The last overload gave the following error.
    Argument of type '(req: AuthRequest, res: Response, next: NextFunction) => Promise<Response<any, Record<string, any>> | undefined>' is not assignable to parameter of type 'RequestHandlerParams<ParamsDictionary, any, any, ParsedQs, Record<string, any>>'.
      Type '(req: AuthRequest, res: Response, next: NextFunction) => Promise<Response<any, Record<string, any>> | undefined>' is not assignable to type 'RequestHandler<ParamsDictionary, any, any, ParsedQs, Record<string, any>>'.
        Types of parameters 'req' and 'req' are incompatible.
          Type 'Request<ParamsDictionary, any, any, ParsedQs, Record<string, any>>' is not assignable to type 'AuthRequest'.
            Types of property 'user' are incompatible.
              Type '{ id: string; email: string; role: string; name?: string | undefined; permissions?: string[] | undefined; } | undefined' is not assignable to type '{ id: string; email: string; role: string; permissions: any; } | undefined'.
                Type '{ id: string; email: string; role: string; name?: string | undefined; permissions?: string[] | undefined; }' is not assignable to type '{ id: string; email: string; role: string; permissions: any; }'.
                  Property 'permissions' is optional in type '{ id: string; email: string; role: string; name?: string | undefined; permissions?: string[] | undefined; }' but required in type '{ id: string; email: string; role: string; permissions: any; }'.
server/src/routes/githubRoutes.ts(108,3): error TS2769: No overload matches this call.
  The last overload gave the following error.
    Argument of type '(req: AuthRequest, res: Response, next: NextFunction) => Promise<Response<any, Record<string, any>> | undefined>' is not assignable to parameter of type 'RequestHandlerParams<ParamsDictionary, any, any, ParsedQs, Record<string, any>>'.
      Type '(req: AuthRequest, res: Response, next: NextFunction) => Promise<Response<any, Record<string, any>> | undefined>' is not assignable to type 'RequestHandler<ParamsDictionary, any, any, ParsedQs, Record<string, any>>'.
        Types of parameters 'req' and 'req' are incompatible.
          Type 'Request<ParamsDictionary, any, any, ParsedQs, Record<string, any>>' is not assignable to type 'AuthRequest'.
            Types of property 'user' are incompatible.
              Type '{ id: string; email: string; role: string; name?: string | undefined; permissions?: string[] | undefined; } | undefined' is not assignable to type '{ id: string; email: string; role: string; permissions: any; } | undefined'.
                Type '{ id: string; email: string; role: string; name?: string | undefined; permissions?: string[] | undefined; }' is not assignable to type '{ id: string; email: string; role: string; permissions: any; }'.
                  Property 'permissions' is optional in type '{ id: string; email: string; role: string; name?: string | undefined; permissions?: string[] | undefined; }' but required in type '{ id: string; email: string; role: string; permissions: any; }'.
server/src/routes/githubRoutes.ts(155,3): error TS2769: No overload matches this call.
  The last overload gave the following error.
    Argument of type '(req: AuthRequest, res: Response, next: NextFunction) => Promise<Response<any, Record<string, any>> | undefined>' is not assignable to parameter of type 'RequestHandlerParams<ParamsDictionary, any, any, ParsedQs, Record<string, any>>'.
      Type '(req: AuthRequest, res: Response, next: NextFunction) => Promise<Response<any, Record<string, any>> | undefined>' is not assignable to type 'RequestHandler<ParamsDictionary, any, any, ParsedQs, Record<string, any>>'.
        Types of parameters 'req' and 'req' are incompatible.
          Type 'Request<ParamsDictionary, any, any, ParsedQs, Record<string, any>>' is not assignable to type 'AuthRequest'.
            Types of property 'user' are incompatible.
              Type '{ id: string; email: string; role: string; name?: string | undefined; permissions?: string[] | undefined; } | undefined' is not assignable to type '{ id: string; email: string; role: string; permissions: any; } | undefined'.
                Type '{ id: string; email: string; role: string; name?: string | undefined; permissions?: string[] | undefined; }' is not assignable to type '{ id: string; email: string; role: string; permissions: any; }'.
                  Property 'permissions' is optional in type '{ id: string; email: string; role: string; name?: string | undefined; permissions?: string[] | undefined; }' but required in type '{ id: string; email: string; role: string; permissions: any; }'.
server/src/routes/githubRoutes.ts(208,3): error TS2769: No overload matches this call.
  The last overload gave the following error.
    Argument of type '(req: AuthRequest, res: Response, next: NextFunction) => Promise<Response<any, Record<string, any>> | undefined>' is not assignable to parameter of type 'RequestHandlerParams<ParamsDictionary, any, any, ParsedQs, Record<string, any>>'.
      Type '(req: AuthRequest, res: Response, next: NextFunction) => Promise<Response<any, Record<string, any>> | undefined>' is not assignable to type 'RequestHandler<ParamsDictionary, any, any, ParsedQs, Record<string, any>>'.
        Types of parameters 'req' and 'req' are incompatible.
          Type 'Request<ParamsDictionary, any, any, ParsedQs, Record<string, any>>' is not assignable to type 'AuthRequest'.
            Types of property 'user' are incompatible.
              Type '{ id: string; email: string; role: string; name?: string | undefined; permissions?: string[] | undefined; } | undefined' is not assignable to type '{ id: string; email: string; role: string; permissions: any; } | undefined'.
                Type '{ id: string; email: string; role: string; name?: string | undefined; permissions?: string[] | undefined; }' is not assignable to type '{ id: string; email: string; role: string; permissions: any; }'.
                  Property 'permissions' is optional in type '{ id: string; email: string; role: string; name?: string | undefined; permissions?: string[] | undefined; }' but required in type '{ id: string; email: string; role: string; permissions: any; }'.
server/src/routes/githubRoutes.ts(272,61): error TS18046: 'error' is of type 'unknown'.
server/src/routes/githubRoutes.ts(280,3): error TS2769: No overload matches this call.
  The last overload gave the following error.
    Argument of type '(req: AuthRequest, res: Response, next: NextFunction) => Promise<Response<any, Record<string, any>> | undefined>' is not assignable to parameter of type 'RequestHandlerParams<ParamsDictionary, any, any, ParsedQs, Record<string, any>>'.
      Type '(req: AuthRequest, res: Response, next: NextFunction) => Promise<Response<any, Record<string, any>> | undefined>' is not assignable to type 'RequestHandler<ParamsDictionary, any, any, ParsedQs, Record<string, any>>'.
        Types of parameters 'req' and 'req' are incompatible.
          Type 'Request<ParamsDictionary, any, any, ParsedQs, Record<string, any>>' is not assignable to type 'AuthRequest'.
            Types of property 'user' are incompatible.
              Type '{ id: string; email: string; role: string; name?: string | undefined; permissions?: string[] | undefined; } | undefined' is not assignable to type '{ id: string; email: string; role: string; permissions: any; } | undefined'.
                Type '{ id: string; email: string; role: string; name?: string | undefined; permissions?: string[] | undefined; }' is not assignable to type '{ id: string; email: string; role: string; permissions: any; }'.
                  Property 'permissions' is optional in type '{ id: string; email: string; role: string; name?: string | undefined; permissions?: string[] | undefined; }' but required in type '{ id: string; email: string; role: string; permissions: any; }'.
server/src/routes/githubRoutes.ts(338,3): error TS2769: No overload matches this call.
  The last overload gave the following error.
    Argument of type '(req: AuthRequest, res: Response, next: NextFunction) => Promise<Response<any, Record<string, any>> | undefined>' is not assignable to parameter of type 'RequestHandlerParams<ParamsDictionary, any, any, ParsedQs, Record<string, any>>'.
      Type '(req: AuthRequest, res: Response, next: NextFunction) => Promise<Response<any, Record<string, any>> | undefined>' is not assignable to type 'RequestHandler<ParamsDictionary, any, any, ParsedQs, Record<string, any>>'.
        Types of parameters 'req' and 'req' are incompatible.
          Type 'Request<ParamsDictionary, any, any, ParsedQs, Record<string, any>>' is not assignable to type 'AuthRequest'.
            Types of property 'user' are incompatible.
              Type '{ id: string; email: string; role: string; name?: string | undefined; permissions?: string[] | undefined; } | undefined' is not assignable to type '{ id: string; email: string; role: string; permissions: any; } | undefined'.
                Type '{ id: string; email: string; role: string; name?: string | undefined; permissions?: string[] | undefined; }' is not assignable to type '{ id: string; email: string; role: string; permissions: any; }'.
                  Property 'permissions' is optional in type '{ id: string; email: string; role: string; name?: string | undefined; permissions?: string[] | undefined; }' but required in type '{ id: string; email: string; role: string; permissions: any; }'.
server/src/routes/githubRoutes.ts(396,3): error TS2769: No overload matches this call.
  The last overload gave the following error.
    Argument of type '(req: AuthRequest, res: Response, next: NextFunction) => Promise<Response<any, Record<string, any>> | undefined>' is not assignable to parameter of type 'RequestHandlerParams<ParamsDictionary, any, any, ParsedQs, Record<string, any>>'.
      Type '(req: AuthRequest, res: Response, next: NextFunction) => Promise<Response<any, Record<string, any>> | undefined>' is not assignable to type 'RequestHandler<ParamsDictionary, any, any, ParsedQs, Record<string, any>>'.
        Types of parameters 'req' and 'req' are incompatible.
          Type 'Request<ParamsDictionary, any, any, ParsedQs, Record<string, any>>' is not assignable to type 'AuthRequest'.
            Types of property 'user' are incompatible.
              Type '{ id: string; email: string; role: string; name?: string | undefined; permissions?: string[] | undefined; } | undefined' is not assignable to type '{ id: string; email: string; role: string; permissions: any; } | undefined'.
                Type '{ id: string; email: string; role: string; name?: string | undefined; permissions?: string[] | undefined; }' is not assignable to type '{ id: string; email: string; role: string; permissions: any; }'.
                  Property 'permissions' is optional in type '{ id: string; email: string; role: string; name?: string | undefined; permissions?: string[] | undefined; }' but required in type '{ id: string; email: string; role: string; permissions: any; }'.
server/src/routes/githubRoutes.ts(455,18): error TS18046: 'error' is of type 'unknown'.
server/src/routes/gkg.ts(28,3): error TS2769: No overload matches this call.
  The last overload gave the following error.
    Argument of type '(req: AuthRequest, res: Response, next: NextFunction) => Promise<Response<any, Record<string, any>> | undefined>' is not assignable to parameter of type 'RequestHandlerParams<ParamsDictionary, any, any, ParsedQs, Record<string, any>>'.
      Type '(req: AuthRequest, res: Response, next: NextFunction) => Promise<Response<any, Record<string, any>> | undefined>' is not assignable to type 'RequestHandler<ParamsDictionary, any, any, ParsedQs, Record<string, any>>'.
        Types of parameters 'req' and 'req' are incompatible.
          Type 'Request<ParamsDictionary, any, any, ParsedQs, Record<string, any>>' is not assignable to type 'AuthRequest'.
            Types of property 'user' are incompatible.
              Type '{ id: string; email: string; role: string; name?: string | undefined; permissions?: string[] | undefined; } | undefined' is not assignable to type '{ id: string; email: string; role: string; permissions: any; } | undefined'.
                Type '{ id: string; email: string; role: string; name?: string | undefined; permissions?: string[] | undefined; }' is not assignable to type '{ id: string; email: string; role: string; permissions: any; }'.
                  Property 'permissions' is optional in type '{ id: string; email: string; role: string; name?: string | undefined; permissions?: string[] | undefined; }' but required in type '{ id: string; email: string; role: string; permissions: any; }'.
server/src/routes/gkg.ts(77,3): error TS2769: No overload matches this call.
  The last overload gave the following error.
    Argument of type '(req: AuthRequest, res: Response, next: NextFunction) => Promise<Response<any, Record<string, any>> | undefined>' is not assignable to parameter of type 'RequestHandlerParams<ParamsDictionary, any, any, ParsedQs, Record<string, any>>'.
      Type '(req: AuthRequest, res: Response, next: NextFunction) => Promise<Response<any, Record<string, any>> | undefined>' is not assignable to type 'RequestHandler<ParamsDictionary, any, any, ParsedQs, Record<string, any>>'.
        Types of parameters 'req' and 'req' are incompatible.
          Type 'Request<ParamsDictionary, any, any, ParsedQs, Record<string, any>>' is not assignable to type 'AuthRequest'.
            Types of property 'user' are incompatible.
              Type '{ id: string; email: string; role: string; name?: string | undefined; permissions?: string[] | undefined; } | undefined' is not assignable to type '{ id: string; email: string; role: string; permissions: any; } | undefined'.
                Type '{ id: string; email: string; role: string; name?: string | undefined; permissions?: string[] | undefined; }' is not assignable to type '{ id: string; email: string; role: string; permissions: any; }'.
                  Property 'permissions' is optional in type '{ id: string; email: string; role: string; name?: string | undefined; permissions?: string[] | undefined; }' but required in type '{ id: string; email: string; role: string; permissions: any; }'.
server/src/routes/gkg.ts(193,3): error TS2769: No overload matches this call.
  The last overload gave the following error.
    Argument of type '(req: AuthRequest, res: Response, next: NextFunction) => Promise<Response<any, Record<string, any>> | undefined>' is not assignable to parameter of type 'RequestHandlerParams<ParamsDictionary, any, any, ParsedQs, Record<string, any>>'.
      Type '(req: AuthRequest, res: Response, next: NextFunction) => Promise<Response<any, Record<string, any>> | undefined>' is not assignable to type 'RequestHandler<ParamsDictionary, any, any, ParsedQs, Record<string, any>>'.
        Types of parameters 'req' and 'req' are incompatible.
          Type 'Request<ParamsDictionary, any, any, ParsedQs, Record<string, any>>' is not assignable to type 'AuthRequest'.
            Types of property 'user' are incompatible.
              Type '{ id: string; email: string; role: string; name?: string | undefined; permissions?: string[] | undefined; } | undefined' is not assignable to type '{ id: string; email: string; role: string; permissions: any; } | undefined'.
                Type '{ id: string; email: string; role: string; name?: string | undefined; permissions?: string[] | undefined; }' is not assignable to type '{ id: string; email: string; role: string; permissions: any; }'.
                  Property 'permissions' is optional in type '{ id: string; email: string; role: string; name?: string | undefined; permissions?: string[] | undefined; }' but required in type '{ id: string; email: string; role: string; permissions: any; }'.
server/src/routes/gkg.ts(358,3): error TS2769: No overload matches this call.
  The last overload gave the following error.
    Argument of type '(req: AuthRequest, res: Response, next: NextFunction) => Promise<Response<any, Record<string, any>> | undefined>' is not assignable to parameter of type 'RequestHandlerParams<ParamsDictionary, any, any, ParsedQs, Record<string, any>>'.
      Type '(req: AuthRequest, res: Response, next: NextFunction) => Promise<Response<any, Record<string, any>> | undefined>' is not assignable to type 'RequestHandler<ParamsDictionary, any, any, ParsedQs, Record<string, any>>'.
        Types of parameters 'req' and 'req' are incompatible.
          Type 'Request<ParamsDictionary, any, any, ParsedQs, Record<string, any>>' is not assignable to type 'AuthRequest'.
            Types of property 'user' are incompatible.
              Type '{ id: string; email: string; role: string; name?: string | undefined; permissions?: string[] | undefined; } | undefined' is not assignable to type '{ id: string; email: string; role: string; permissions: any; } | undefined'.
                Type '{ id: string; email: string; role: string; name?: string | undefined; permissions?: string[] | undefined; }' is not assignable to type '{ id: string; email: string; role: string; permissions: any; }'.
                  Property 'permissions' is optional in type '{ id: string; email: string; role: string; name?: string | undefined; permissions?: string[] | undefined; }' but required in type '{ id: string; email: string; role: string; permissions: any; }'.
server/src/routes/gkg.ts(420,3): error TS2769: No overload matches this call.
  The last overload gave the following error.
    Argument of type '(req: AuthRequest, res: Response, next: NextFunction) => Promise<Response<any, Record<string, any>> | undefined>' is not assignable to parameter of type 'RequestHandlerParams<ParamsDictionary, any, any, ParsedQs, Record<string, any>>'.
      Type '(req: AuthRequest, res: Response, next: NextFunction) => Promise<Response<any, Record<string, any>> | undefined>' is not assignable to type 'RequestHandler<ParamsDictionary, any, any, ParsedQs, Record<string, any>>'.
        Types of parameters 'req' and 'req' are incompatible.
          Type 'Request<ParamsDictionary, any, any, ParsedQs, Record<string, any>>' is not assignable to type 'AuthRequest'.
            Types of property 'user' are incompatible.
              Type '{ id: string; email: string; role: string; name?: string | undefined; permissions?: string[] | undefined; } | undefined' is not assignable to type '{ id: string; email: string; role: string; permissions: any; } | undefined'.
                Type '{ id: string; email: string; role: string; name?: string | undefined; permissions?: string[] | undefined; }' is not assignable to type '{ id: string; email: string; role: string; permissions: any; }'.
                  Property 'permissions' is optional in type '{ id: string; email: string; role: string; name?: string | undefined; permissions?: string[] | undefined; }' but required in type '{ id: string; email: string; role: string; permissions: any; }'.
server/src/routes/gkg.ts(476,3): error TS2769: No overload matches this call.
  The last overload gave the following error.
    Argument of type '(req: AuthRequest, res: Response, next: NextFunction) => Promise<Response<any, Record<string, any>> | undefined>' is not assignable to parameter of type 'RequestHandlerParams<ParamsDictionary, any, any, ParsedQs, Record<string, any>>'.
      Type '(req: AuthRequest, res: Response, next: NextFunction) => Promise<Response<any, Record<string, any>> | undefined>' is not assignable to type 'RequestHandler<ParamsDictionary, any, any, ParsedQs, Record<string, any>>'.
        Types of parameters 'req' and 'req' are incompatible.
          Type 'Request<ParamsDictionary, any, any, ParsedQs, Record<string, any>>' is not assignable to type 'AuthRequest'.
            Types of property 'user' are incompatible.
              Type '{ id: string; email: string; role: string; name?: string | undefined; permissions?: string[] | undefined; } | undefined' is not assignable to type '{ id: string; email: string; role: string; permissions: any; } | undefined'.
                Type '{ id: string; email: string; role: string; name?: string | undefined; permissions?: string[] | undefined; }' is not assignable to type '{ id: string; email: string; role: string; permissions: any; }'.
                  Property 'permissions' is optional in type '{ id: string; email: string; role: string; name?: string | undefined; permissions?: string[] | undefined; }' but required in type '{ id: string; email: string; role: string; permissions: any; }'.
server/src/routes/gkg.ts(607,3): error TS2769: No overload matches this call.
  The last overload gave the following error.
    Argument of type '(req: AuthRequest, res: Response, next: NextFunction) => Promise<Response<any, Record<string, any>> | undefined>' is not assignable to parameter of type 'RequestHandlerParams<ParamsDictionary, any, any, ParsedQs, Record<string, any>>'.
      Type '(req: AuthRequest, res: Response, next: NextFunction) => Promise<Response<any, Record<string, any>> | undefined>' is not assignable to type 'RequestHandler<ParamsDictionary, any, any, ParsedQs, Record<string, any>>'.
        Types of parameters 'req' and 'req' are incompatible.
          Type 'Request<ParamsDictionary, any, any, ParsedQs, Record<string, any>>' is not assignable to type 'AuthRequest'.
            Types of property 'user' are incompatible.
              Type '{ id: string; email: string; role: string; name?: string | undefined; permissions?: string[] | undefined; } | undefined' is not assignable to type '{ id: string; email: string; role: string; permissions: any; } | undefined'.
                Type '{ id: string; email: string; role: string; name?: string | undefined; permissions?: string[] | undefined; }' is not assignable to type '{ id: string; email: string; role: string; permissions: any; }'.
                  Property 'permissions' is optional in type '{ id: string; email: string; role: string; name?: string | undefined; permissions?: string[] | undefined; }' but required in type '{ id: string; email: string; role: string; permissions: any; }'.
server/src/routes/gkg.ts(697,3): error TS2769: No overload matches this call.
  The last overload gave the following error.
    Argument of type '(req: AuthRequest, res: Response, next: NextFunction) => Promise<Response<any, Record<string, any>> | undefined>' is not assignable to parameter of type 'RequestHandlerParams<ParamsDictionary, any, any, ParsedQs, Record<string, any>>'.
      Type '(req: AuthRequest, res: Response, next: NextFunction) => Promise<Response<any, Record<string, any>> | undefined>' is not assignable to type 'RequestHandler<ParamsDictionary, any, any, ParsedQs, Record<string, any>>'.
        Types of parameters 'req' and 'req' are incompatible.
          Type 'Request<ParamsDictionary, any, any, ParsedQs, Record<string, any>>' is not assignable to type 'AuthRequest'.
            Types of property 'user' are incompatible.
              Type '{ id: string; email: string; role: string; name?: string | undefined; permissions?: string[] | undefined; } | undefined' is not assignable to type '{ id: string; email: string; role: string; permissions: any; } | undefined'.
                Type '{ id: string; email: string; role: string; name?: string | undefined; permissions?: string[] | undefined; }' is not assignable to type '{ id: string; email: string; role: string; permissions: any; }'.
                  Property 'permissions' is optional in type '{ id: string; email: string; role: string; name?: string | undefined; permissions?: string[] | undefined; }' but required in type '{ id: string; email: string; role: string; permissions: any; }'.
server/src/routes/gkgEnrichedSearch.ts(70,3): error TS2769: No overload matches this call.
  The last overload gave the following error.
    Argument of type '(req: AuthRequest, res: Response, next: NextFunction) => Promise<Response<any, Record<string, any>> | undefined>' is not assignable to parameter of type 'RequestHandlerParams<ParamsDictionary, any, any, ParsedQs, Record<string, any>>'.
      Type '(req: AuthRequest, res: Response, next: NextFunction) => Promise<Response<any, Record<string, any>> | undefined>' is not assignable to type 'RequestHandler<ParamsDictionary, any, any, ParsedQs, Record<string, any>>'.
        Types of parameters 'req' and 'req' are incompatible.
          Type 'Request<ParamsDictionary, any, any, ParsedQs, Record<string, any>>' is not assignable to type 'AuthRequest'.
            Types of property 'user' are incompatible.
              Type '{ id: string; email: string; role: string; name?: string | undefined; permissions?: string[] | undefined; } | undefined' is not assignable to type '{ id: string; email: string; role: string; permissions: any; } | undefined'.
                Type '{ id: string; email: string; role: string; name?: string | undefined; permissions?: string[] | undefined; }' is not assignable to type '{ id: string; email: string; role: string; permissions: any; }'.
                  Property 'permissions' is optional in type '{ id: string; email: string; role: string; name?: string | undefined; permissions?: string[] | undefined; }' but required in type '{ id: string; email: string; role: string; permissions: any; }'.
server/src/routes/gkgEnrichedSearch.ts(311,3): error TS2769: No overload matches this call.
  The last overload gave the following error.
    Argument of type '(req: AuthRequest, res: Response, next: NextFunction) => Promise<Response<any, Record<string, any>> | undefined>' is not assignable to parameter of type 'RequestHandlerParams<ParamsDictionary, any, any, ParsedQs, Record<string, any>>'.
      Type '(req: AuthRequest, res: Response, next: NextFunction) => Promise<Response<any, Record<string, any>> | undefined>' is not assignable to type 'RequestHandler<ParamsDictionary, any, any, ParsedQs, Record<string, any>>'.
        Types of parameters 'req' and 'req' are incompatible.
          Type 'Request<ParamsDictionary, any, any, ParsedQs, Record<string, any>>' is not assignable to type 'AuthRequest'.
            Types of property 'user' are incompatible.
              Type '{ id: string; email: string; role: string; name?: string | undefined; permissions?: string[] | undefined; } | undefined' is not assignable to type '{ id: string; email: string; role: string; permissions: any; } | undefined'.
                Type '{ id: string; email: string; role: string; name?: string | undefined; permissions?: string[] | undefined; }' is not assignable to type '{ id: string; email: string; role: string; permissions: any; }'.
                  Property 'permissions' is optional in type '{ id: string; email: string; role: string; name?: string | undefined; permissions?: string[] | undefined; }' but required in type '{ id: string; email: string; role: string; permissions: any; }'.
server/src/routes/gkgEnrichedSearch.ts(357,3): error TS2769: No overload matches this call.
  The last overload gave the following error.
    Argument of type '(req: AuthRequest, res: Response, next: NextFunction) => Promise<Response<any, Record<string, any>> | undefined>' is not assignable to parameter of type 'RequestHandlerParams<ParamsDictionary, any, any, ParsedQs, Record<string, any>>'.
      Type '(req: AuthRequest, res: Response, next: NextFunction) => Promise<Response<any, Record<string, any>> | undefined>' is not assignable to type 'RequestHandler<ParamsDictionary, any, any, ParsedQs, Record<string, any>>'.
        Types of parameters 'req' and 'req' are incompatible.
          Type 'Request<ParamsDictionary, any, any, ParsedQs, Record<string, any>>' is not assignable to type 'AuthRequest'.
            Types of property 'user' are incompatible.
              Type '{ id: string; email: string; role: string; name?: string | undefined; permissions?: string[] | undefined; } | undefined' is not assignable to type '{ id: string; email: string; role: string; permissions: any; } | undefined'.
                Type '{ id: string; email: string; role: string; name?: string | undefined; permissions?: string[] | undefined; }' is not assignable to type '{ id: string; email: string; role: string; permissions: any; }'.
                  Property 'permissions' is optional in type '{ id: string; email: string; role: string; name?: string | undefined; permissions?: string[] | undefined; }' but required in type '{ id: string; email: string; role: string; permissions: any; }'.
server/src/routes/goals.ts(19,3): error TS2769: No overload matches this call.
  The last overload gave the following error.
    Argument of type '(req: AuthRequest, res: Response, next: NextFunction) => Promise<Response<any, Record<string, any>> | undefined>' is not assignable to parameter of type 'RequestHandlerParams<ParamsDictionary, any, any, ParsedQs, Record<string, any>>'.
      Type '(req: AuthRequest, res: Response, next: NextFunction) => Promise<Response<any, Record<string, any>> | undefined>' is not assignable to type 'RequestHandler<ParamsDictionary, any, any, ParsedQs, Record<string, any>>'.
        Types of parameters 'req' and 'req' are incompatible.
          Type 'Request<ParamsDictionary, any, any, ParsedQs, Record<string, any>>' is not assignable to type 'AuthRequest'.
            Types of property 'user' are incompatible.
              Type '{ id: string; email: string; role: string; name?: string | undefined; permissions?: string[] | undefined; } | undefined' is not assignable to type '{ id: string; email: string; role: string; permissions: any; } | undefined'.
                Type '{ id: string; email: string; role: string; name?: string | undefined; permissions?: string[] | undefined; }' is not assignable to type '{ id: string; email: string; role: string; permissions: any; }'.
                  Property 'permissions' is optional in type '{ id: string; email: string; role: string; name?: string | undefined; permissions?: string[] | undefined; }' but required in type '{ id: string; email: string; role: string; permissions: any; }'.
server/src/routes/goals.ts(37,3): error TS2769: No overload matches this call.
  The last overload gave the following error.
    Argument of type '(req: AuthRequest, res: Response, next: NextFunction) => Promise<Response<any, Record<string, any>> | undefined>' is not assignable to parameter of type 'RequestHandlerParams<ParamsDictionary, any, any, ParsedQs, Record<string, any>>'.
      Type '(req: AuthRequest, res: Response, next: NextFunction) => Promise<Response<any, Record<string, any>> | undefined>' is not assignable to type 'RequestHandler<ParamsDictionary, any, any, ParsedQs, Record<string, any>>'.
        Types of parameters 'req' and 'req' are incompatible.
          Type 'Request<ParamsDictionary, any, any, ParsedQs, Record<string, any>>' is not assignable to type 'AuthRequest'.
            Types of property 'user' are incompatible.
              Type '{ id: string; email: string; role: string; name?: string | undefined; permissions?: string[] | undefined; } | undefined' is not assignable to type '{ id: string; email: string; role: string; permissions: any; } | undefined'.
                Type '{ id: string; email: string; role: string; name?: string | undefined; permissions?: string[] | undefined; }' is not assignable to type '{ id: string; email: string; role: string; permissions: any; }'.
                  Property 'permissions' is optional in type '{ id: string; email: string; role: string; name?: string | undefined; permissions?: string[] | undefined; }' but required in type '{ id: string; email: string; role: string; permissions: any; }'.
server/src/routes/goals.ts(58,3): error TS2769: No overload matches this call.
  The last overload gave the following error.
    Argument of type '(req: AuthRequest, res: Response, next: NextFunction) => Promise<Response<any, Record<string, any>> | undefined>' is not assignable to parameter of type 'RequestHandlerParams<ParamsDictionary, any, any, ParsedQs, Record<string, any>>'.
      Type '(req: AuthRequest, res: Response, next: NextFunction) => Promise<Response<any, Record<string, any>> | undefined>' is not assignable to type 'RequestHandler<ParamsDictionary, any, any, ParsedQs, Record<string, any>>'.
        Types of parameters 'req' and 'req' are incompatible.
          Type 'Request<ParamsDictionary, any, any, ParsedQs, Record<string, any>>' is not assignable to type 'AuthRequest'.
            Types of property 'user' are incompatible.
              Type '{ id: string; email: string; role: string; name?: string | undefined; permissions?: string[] | undefined; } | undefined' is not assignable to type '{ id: string; email: string; role: string; permissions: any; } | undefined'.
                Type '{ id: string; email: string; role: string; name?: string | undefined; permissions?: string[] | undefined; }' is not assignable to type '{ id: string; email: string; role: string; permissions: any; }'.
                  Property 'permissions' is optional in type '{ id: string; email: string; role: string; name?: string | undefined; permissions?: string[] | undefined; }' but required in type '{ id: string; email: string; role: string; permissions: any; }'.
server/src/routes/goals.ts(101,3): error TS2769: No overload matches this call.
  The last overload gave the following error.
    Argument of type '(req: AuthRequest, res: Response, next: NextFunction) => Promise<Response<any, Record<string, any>> | undefined>' is not assignable to parameter of type 'RequestHandlerParams<ParamsDictionary, any, any, ParsedQs, Record<string, any>>'.
      Type '(req: AuthRequest, res: Response, next: NextFunction) => Promise<Response<any, Record<string, any>> | undefined>' is not assignable to type 'RequestHandler<ParamsDictionary, any, any, ParsedQs, Record<string, any>>'.
        Types of parameters 'req' and 'req' are incompatible.
          Type 'Request<ParamsDictionary, any, any, ParsedQs, Record<string, any>>' is not assignable to type 'AuthRequest'.
            Types of property 'user' are incompatible.
              Type '{ id: string; email: string; role: string; name?: string | undefined; permissions?: string[] | undefined; } | undefined' is not assignable to type '{ id: string; email: string; role: string; permissions: any; } | undefined'.
                Type '{ id: string; email: string; role: string; name?: string | undefined; permissions?: string[] | undefined; }' is not assignable to type '{ id: string; email: string; role: string; permissions: any; }'.
                  Property 'permissions' is optional in type '{ id: string; email: string; role: string; name?: string | undefined; permissions?: string[] | undefined; }' but required in type '{ id: string; email: string; role: string; permissions: any; }'.
server/src/routes/ibabsRoutes.ts(70,3): error TS2769: No overload matches this call.
  The last overload gave the following error.
    Argument of type '(req: AuthRequest, res: Response, next: NextFunction) => Promise<Response<any, Record<string, any>> | undefined>' is not assignable to parameter of type 'RequestHandlerParams<ParamsDictionary, any, any, ParsedQs, Record<string, any>>'.
      Type '(req: AuthRequest, res: Response, next: NextFunction) => Promise<Response<any, Record<string, any>> | undefined>' is not assignable to type 'RequestHandler<ParamsDictionary, any, any, ParsedQs, Record<string, any>>'.
        Types of parameters 'req' and 'req' are incompatible.
          Type 'Request<ParamsDictionary, any, any, ParsedQs, Record<string, any>>' is not assignable to type 'AuthRequest'.
            Types of property 'user' are incompatible.
              Type '{ id: string; email: string; role: string; name?: string | undefined; permissions?: string[] | undefined; } | undefined' is not assignable to type '{ id: string; email: string; role: string; permissions: any; } | undefined'.
                Type '{ id: string; email: string; role: string; name?: string | undefined; permissions?: string[] | undefined; }' is not assignable to type '{ id: string; email: string; role: string; permissions: any; }'.
                  Property 'permissions' is optional in type '{ id: string; email: string; role: string; name?: string | undefined; permissions?: string[] | undefined; }' but required in type '{ id: string; email: string; role: string; permissions: any; }'.
server/src/routes/ibabsRoutes.ts(119,3): error TS2769: No overload matches this call.
  The last overload gave the following error.
    Argument of type '(req: AuthRequest, res: Response, next: NextFunction) => Promise<Response<any, Record<string, any>> | undefined>' is not assignable to parameter of type 'RequestHandlerParams<ParamsDictionary, any, any, ParsedQs, Record<string, any>>'.
      Type '(req: AuthRequest, res: Response, next: NextFunction) => Promise<Response<any, Record<string, any>> | undefined>' is not assignable to type 'RequestHandler<ParamsDictionary, any, any, ParsedQs, Record<string, any>>'.
        Types of parameters 'req' and 'req' are incompatible.
          Type 'Request<ParamsDictionary, any, any, ParsedQs, Record<string, any>>' is not assignable to type 'AuthRequest'.
            Types of property 'user' are incompatible.
              Type '{ id: string; email: string; role: string; name?: string | undefined; permissions?: string[] | undefined; } | undefined' is not assignable to type '{ id: string; email: string; role: string; permissions: any; } | undefined'.
                Type '{ id: string; email: string; role: string; name?: string | undefined; permissions?: string[] | undefined; }' is not assignable to type '{ id: string; email: string; role: string; permissions: any; }'.
                  Property 'permissions' is optional in type '{ id: string; email: string; role: string; name?: string | undefined; permissions?: string[] | undefined; }' but required in type '{ id: string; email: string; role: string; permissions: any; }'.
server/src/routes/ibabsRoutes.ts(162,3): error TS2769: No overload matches this call.
  The last overload gave the following error.
    Argument of type '(req: AuthRequest, res: Response, next: NextFunction) => Promise<Response<any, Record<string, any>> | undefined>' is not assignable to parameter of type 'RequestHandlerParams<ParamsDictionary, any, any, ParsedQs, Record<string, any>>'.
      Type '(req: AuthRequest, res: Response, next: NextFunction) => Promise<Response<any, Record<string, any>> | undefined>' is not assignable to type 'RequestHandler<ParamsDictionary, any, any, ParsedQs, Record<string, any>>'.
        Types of parameters 'req' and 'req' are incompatible.
          Type 'Request<ParamsDictionary, any, any, ParsedQs, Record<string, any>>' is not assignable to type 'AuthRequest'.
            Types of property 'user' are incompatible.
              Type '{ id: string; email: string; role: string; name?: string | undefined; permissions?: string[] | undefined; } | undefined' is not assignable to type '{ id: string; email: string; role: string; permissions: any; } | undefined'.
                Type '{ id: string; email: string; role: string; name?: string | undefined; permissions?: string[] | undefined; }' is not assignable to type '{ id: string; email: string; role: string; permissions: any; }'.
                  Property 'permissions' is optional in type '{ id: string; email: string; role: string; name?: string | undefined; permissions?: string[] | undefined; }' but required in type '{ id: string; email: string; role: string; permissions: any; }'.
server/src/routes/ibabsRoutes.ts(249,3): error TS2769: No overload matches this call.
  The last overload gave the following error.
    Argument of type '(req: AuthRequest, res: Response, next: NextFunction) => Promise<Response<any, Record<string, any>> | undefined>' is not assignable to parameter of type 'RequestHandlerParams<ParamsDictionary, any, any, ParsedQs, Record<string, any>>'.
      Type '(req: AuthRequest, res: Response, next: NextFunction) => Promise<Response<any, Record<string, any>> | undefined>' is not assignable to type 'RequestHandler<ParamsDictionary, any, any, ParsedQs, Record<string, any>>'.
        Types of parameters 'req' and 'req' are incompatible.
          Type 'Request<ParamsDictionary, any, any, ParsedQs, Record<string, any>>' is not assignable to type 'AuthRequest'.
            Types of property 'user' are incompatible.
              Type '{ id: string; email: string; role: string; name?: string | undefined; permissions?: string[] | undefined; } | undefined' is not assignable to type '{ id: string; email: string; role: string; permissions: any; } | undefined'.
                Type '{ id: string; email: string; role: string; name?: string | undefined; permissions?: string[] | undefined; }' is not assignable to type '{ id: string; email: string; role: string; permissions: any; }'.
                  Property 'permissions' is optional in type '{ id: string; email: string; role: string; name?: string | undefined; permissions?: string[] | undefined; }' but required in type '{ id: string; email: string; role: string; permissions: any; }'.
server/src/routes/ibabsRoutes.ts(302,3): error TS2769: No overload matches this call.
  The last overload gave the following error.
    Argument of type '(req: AuthRequest, res: Response, next: NextFunction) => Promise<Response<any, Record<string, any>> | undefined>' is not assignable to parameter of type 'RequestHandlerParams<ParamsDictionary, any, any, ParsedQs, Record<string, any>>'.
      Type '(req: AuthRequest, res: Response, next: NextFunction) => Promise<Response<any, Record<string, any>> | undefined>' is not assignable to type 'RequestHandler<ParamsDictionary, any, any, ParsedQs, Record<string, any>>'.
        Types of parameters 'req' and 'req' are incompatible.
          Type 'Request<ParamsDictionary, any, any, ParsedQs, Record<string, any>>' is not assignable to type 'AuthRequest'.
            Types of property 'user' are incompatible.
              Type '{ id: string; email: string; role: string; name?: string | undefined; permissions?: string[] | undefined; } | undefined' is not assignable to type '{ id: string; email: string; role: string; permissions: any; } | undefined'.
                Type '{ id: string; email: string; role: string; name?: string | undefined; permissions?: string[] | undefined; }' is not assignable to type '{ id: string; email: string; role: string; permissions: any; }'.
                  Property 'permissions' is optional in type '{ id: string; email: string; role: string; name?: string | undefined; permissions?: string[] | undefined; }' but required in type '{ id: string; email: string; role: string; permissions: any; }'.
server/src/routes/ibabsRoutes.ts(351,3): error TS2769: No overload matches this call.
  The last overload gave the following error.
    Argument of type '(req: AuthRequest, res: Response, next: NextFunction) => Promise<Response<any, Record<string, any>> | undefined>' is not assignable to parameter of type 'RequestHandlerParams<ParamsDictionary, any, any, ParsedQs, Record<string, any>>'.
      Type '(req: AuthRequest, res: Response, next: NextFunction) => Promise<Response<any, Record<string, any>> | undefined>' is not assignable to type 'RequestHandler<ParamsDictionary, any, any, ParsedQs, Record<string, any>>'.
        Types of parameters 'req' and 'req' are incompatible.
          Type 'Request<ParamsDictionary, any, any, ParsedQs, Record<string, any>>' is not assignable to type 'AuthRequest'.
            Types of property 'user' are incompatible.
              Type '{ id: string; email: string; role: string; name?: string | undefined; permissions?: string[] | undefined; } | undefined' is not assignable to type '{ id: string; email: string; role: string; permissions: any; } | undefined'.
                Type '{ id: string; email: string; role: string; name?: string | undefined; permissions?: string[] | undefined; }' is not assignable to type '{ id: string; email: string; role: string; permissions: any; }'.
                  Property 'permissions' is optional in type '{ id: string; email: string; role: string; name?: string | undefined; permissions?: string[] | undefined; }' but required in type '{ id: string; email: string; role: string; permissions: any; }'.
server/src/routes/ibabsRoutes.ts(417,3): error TS2769: No overload matches this call.
  The last overload gave the following error.
    Argument of type '(req: AuthRequest, res: Response, next: NextFunction) => Promise<Response<any, Record<string, any>> | undefined>' is not assignable to parameter of type 'RequestHandlerParams<ParamsDictionary, any, any, ParsedQs, Record<string, any>>'.
      Type '(req: AuthRequest, res: Response, next: NextFunction) => Promise<Response<any, Record<string, any>> | undefined>' is not assignable to type 'RequestHandler<ParamsDictionary, any, any, ParsedQs, Record<string, any>>'.
        Types of parameters 'req' and 'req' are incompatible.
          Type 'Request<ParamsDictionary, any, any, ParsedQs, Record<string, any>>' is not assignable to type 'AuthRequest'.
            Types of property 'user' are incompatible.
              Type '{ id: string; email: string; role: string; name?: string | undefined; permissions?: string[] | undefined; } | undefined' is not assignable to type '{ id: string; email: string; role: string; permissions: any; } | undefined'.
                Type '{ id: string; email: string; role: string; name?: string | undefined; permissions?: string[] | undefined; }' is not assignable to type '{ id: string; email: string; role: string; permissions: any; }'.
                  Property 'permissions' is optional in type '{ id: string; email: string; role: string; name?: string | undefined; permissions?: string[] | undefined; }' but required in type '{ id: string; email: string; role: string; permissions: any; }'.
server/src/routes/ibabsRoutes.ts(465,3): error TS2769: No overload matches this call.
  The last overload gave the following error.
    Argument of type '(req: AuthRequest, res: Response, next: NextFunction) => Promise<Response<any, Record<string, any>> | undefined>' is not assignable to parameter of type 'RequestHandlerParams<ParamsDictionary, any, any, ParsedQs, Record<string, any>>'.
      Type '(req: AuthRequest, res: Response, next: NextFunction) => Promise<Response<any, Record<string, any>> | undefined>' is not assignable to type 'RequestHandler<ParamsDictionary, any, any, ParsedQs, Record<string, any>>'.
        Types of parameters 'req' and 'req' are incompatible.
          Type 'Request<ParamsDictionary, any, any, ParsedQs, Record<string, any>>' is not assignable to type 'AuthRequest'.
            Types of property 'user' are incompatible.
              Type '{ id: string; email: string; role: string; name?: string | undefined; permissions?: string[] | undefined; } | undefined' is not assignable to type '{ id: string; email: string; role: string; permissions: any; } | undefined'.
                Type '{ id: string; email: string; role: string; name?: string | undefined; permissions?: string[] | undefined; }' is not assignable to type '{ id: string; email: string; role: string; permissions: any; }'.
                  Property 'permissions' is optional in type '{ id: string; email: string; role: string; name?: string | undefined; permissions?: string[] | undefined; }' but required in type '{ id: string; email: string; role: string; permissions: any; }'.
server/src/routes/jiraLinkage.ts(12,3): error TS2769: No overload matches this call.
  The last overload gave the following error.
    Argument of type '(req: AuthRequest, res: Response, next: NextFunction) => Promise<Response<any, Record<string, any>> | undefined>' is not assignable to parameter of type 'RequestHandlerParams<ParamsDictionary, any, any, ParsedQs, Record<string, any>>'.
      Type '(req: AuthRequest, res: Response, next: NextFunction) => Promise<Response<any, Record<string, any>> | undefined>' is not assignable to type 'RequestHandler<ParamsDictionary, any, any, ParsedQs, Record<string, any>>'.
        Types of parameters 'req' and 'req' are incompatible.
          Type 'Request<ParamsDictionary, any, any, ParsedQs, Record<string, any>>' is not assignable to type 'AuthRequest'.
            Types of property 'user' are incompatible.
              Type '{ id: string; email: string; role: string; name?: string | undefined; permissions?: string[] | undefined; } | undefined' is not assignable to type '{ id: string; email: string; role: string; permissions: any; } | undefined'.
                Type '{ id: string; email: string; role: string; name?: string | undefined; permissions?: string[] | undefined; }' is not assignable to type '{ id: string; email: string; role: string; permissions: any; }'.
                  Property 'permissions' is optional in type '{ id: string; email: string; role: string; name?: string | undefined; permissions?: string[] | undefined; }' but required in type '{ id: string; email: string; role: string; permissions: any; }'.
server/src/routes/jiraLinkage.ts(43,3): error TS2769: No overload matches this call.
  The last overload gave the following error.
    Argument of type '(req: AuthRequest, res: Response, next: NextFunction) => Promise<Response<any, Record<string, any>> | undefined>' is not assignable to parameter of type 'RequestHandlerParams<ParamsDictionary, any, any, ParsedQs, Record<string, any>>'.
      Type '(req: AuthRequest, res: Response, next: NextFunction) => Promise<Response<any, Record<string, any>> | undefined>' is not assignable to type 'RequestHandler<ParamsDictionary, any, any, ParsedQs, Record<string, any>>'.
        Types of parameters 'req' and 'req' are incompatible.
          Type 'Request<ParamsDictionary, any, any, ParsedQs, Record<string, any>>' is not assignable to type 'AuthRequest'.
            Types of property 'user' are incompatible.
              Type '{ id: string; email: string; role: string; name?: string | undefined; permissions?: string[] | undefined; } | undefined' is not assignable to type '{ id: string; email: string; role: string; permissions: any; } | undefined'.
                Type '{ id: string; email: string; role: string; name?: string | undefined; permissions?: string[] | undefined; }' is not assignable to type '{ id: string; email: string; role: string; permissions: any; }'.
                  Property 'permissions' is optional in type '{ id: string; email: string; role: string; name?: string | undefined; permissions?: string[] | undefined; }' but required in type '{ id: string; email: string; role: string; permissions: any; }'.
server/src/routes/jiraLinkage.ts(76,3): error TS2769: No overload matches this call.
  The last overload gave the following error.
    Argument of type '(req: AuthRequest, res: Response, next: NextFunction) => Promise<Response<any, Record<string, any>> | undefined>' is not assignable to parameter of type 'RequestHandlerParams<ParamsDictionary, any, any, ParsedQs, Record<string, any>>'.
      Type '(req: AuthRequest, res: Response, next: NextFunction) => Promise<Response<any, Record<string, any>> | undefined>' is not assignable to type 'RequestHandler<ParamsDictionary, any, any, ParsedQs, Record<string, any>>'.
        Types of parameters 'req' and 'req' are incompatible.
          Type 'Request<ParamsDictionary, any, any, ParsedQs, Record<string, any>>' is not assignable to type 'AuthRequest'.
            Types of property 'user' are incompatible.
              Type '{ id: string; email: string; role: string; name?: string | undefined; permissions?: string[] | undefined; } | undefined' is not assignable to type '{ id: string; email: string; role: string; permissions: any; } | undefined'.
                Type '{ id: string; email: string; role: string; name?: string | undefined; permissions?: string[] | undefined; }' is not assignable to type '{ id: string; email: string; role: string; permissions: any; }'.
                  Property 'permissions' is optional in type '{ id: string; email: string; role: string; name?: string | undefined; permissions?: string[] | undefined; }' but required in type '{ id: string; email: string; role: string; permissions: any; }'.
server/src/routes/jiraLinkage.ts(153,3): error TS2769: No overload matches this call.
  The last overload gave the following error.
    Argument of type '(req: AuthRequest, res: Response, next: NextFunction) => Promise<Response<any, Record<string, any>> | undefined>' is not assignable to parameter of type 'RequestHandlerParams<ParamsDictionary, any, any, ParsedQs, Record<string, any>>'.
      Type '(req: AuthRequest, res: Response, next: NextFunction) => Promise<Response<any, Record<string, any>> | undefined>' is not assignable to type 'RequestHandler<ParamsDictionary, any, any, ParsedQs, Record<string, any>>'.
        Types of parameters 'req' and 'req' are incompatible.
          Type 'Request<ParamsDictionary, any, any, ParsedQs, Record<string, any>>' is not assignable to type 'AuthRequest'.
            Types of property 'user' are incompatible.
              Type '{ id: string; email: string; role: string; name?: string | undefined; permissions?: string[] | undefined; } | undefined' is not assignable to type '{ id: string; email: string; role: string; permissions: any; } | undefined'.
                Type '{ id: string; email: string; role: string; name?: string | undefined; permissions?: string[] | undefined; }' is not assignable to type '{ id: string; email: string; role: string; permissions: any; }'.
                  Property 'permissions' is optional in type '{ id: string; email: string; role: string; name?: string | undefined; permissions?: string[] | undefined; }' but required in type '{ id: string; email: string; role: string; permissions: any; }'.
server/src/routes/jiraLinkage.ts(245,47): error TS18047: 'result' is possibly 'null'.
server/src/routes/jiraLinkage.ts(248,18): error TS18047: 'result' is possibly 'null'.
server/src/routes/jiraLinkage.ts(249,19): error TS18047: 'result' is possibly 'null'.
server/src/routes/jiraLinkage.ts(250,19): error TS18047: 'result' is possibly 'null'.
server/src/routes/jiraLinkage.ts(251,18): error TS18047: 'result' is possibly 'null'.
server/src/routes/jiraLinkage.ts(294,3): error TS2769: No overload matches this call.
  The last overload gave the following error.
    Argument of type '(req: AuthRequest, res: Response, next: NextFunction) => Promise<Response<any, Record<string, any>> | undefined>' is not assignable to parameter of type 'RequestHandlerParams<ParamsDictionary, any, any, ParsedQs, Record<string, any>>'.
      Type '(req: AuthRequest, res: Response, next: NextFunction) => Promise<Response<any, Record<string, any>> | undefined>' is not assignable to type 'RequestHandler<ParamsDictionary, any, any, ParsedQs, Record<string, any>>'.
        Types of parameters 'req' and 'req' are incompatible.
          Type 'Request<ParamsDictionary, any, any, ParsedQs, Record<string, any>>' is not assignable to type 'AuthRequest'.
            Types of property 'user' are incompatible.
              Type '{ id: string; email: string; role: string; name?: string | undefined; permissions?: string[] | undefined; } | undefined' is not assignable to type '{ id: string; email: string; role: string; permissions: any; } | undefined'.
                Type '{ id: string; email: string; role: string; name?: string | undefined; permissions?: string[] | undefined; }' is not assignable to type '{ id: string; email: string; role: string; permissions: any; }'.
                  Property 'permissions' is optional in type '{ id: string; email: string; role: string; name?: string | undefined; permissions?: string[] | undefined; }' but required in type '{ id: string; email: string; role: string; permissions: any; }'.
server/src/routes/jobs-diagnostics.ts(29,3): error TS2769: No overload matches this call.
  The last overload gave the following error.
    Argument of type '(req: AuthRequest, res: Response, next: NextFunction) => Promise<Response<any, Record<string, any>> | undefined>' is not assignable to parameter of type 'RequestHandlerParams<ParamsDictionary, any, any, ParsedQs, Record<string, any>>'.
      Type '(req: AuthRequest, res: Response, next: NextFunction) => Promise<Response<any, Record<string, any>> | undefined>' is not assignable to type 'RequestHandler<ParamsDictionary, any, any, ParsedQs, Record<string, any>>'.
        Types of parameters 'req' and 'req' are incompatible.
          Type 'Request<ParamsDictionary, any, any, ParsedQs, Record<string, any>>' is not assignable to type 'AuthRequest'.
            Types of property 'user' are incompatible.
              Type '{ id: string; email: string; role: string; name?: string | undefined; permissions?: string[] | undefined; } | undefined' is not assignable to type '{ id: string; email: string; role: string; permissions: any; } | undefined'.
                Type '{ id: string; email: string; role: string; name?: string | undefined; permissions?: string[] | undefined; }' is not assignable to type '{ id: string; email: string; role: string; permissions: any; }'.
                  Property 'permissions' is optional in type '{ id: string; email: string; role: string; name?: string | undefined; permissions?: string[] | undefined; }' but required in type '{ id: string; email: string; role: string; permissions: any; }'.
server/src/routes/jobs-diagnostics.ts(98,49): error TS7006: Parameter 'j' implicitly has an 'any' type.
server/src/routes/jobs-diagnostics.ts(191,3): error TS2769: No overload matches this call.
  The last overload gave the following error.
    Argument of type '(req: AuthRequest, res: Response, next: NextFunction) => Promise<Response<any, Record<string, any>> | undefined>' is not assignable to parameter of type 'RequestHandlerParams<ParamsDictionary, any, any, ParsedQs, Record<string, any>>'.
      Type '(req: AuthRequest, res: Response, next: NextFunction) => Promise<Response<any, Record<string, any>> | undefined>' is not assignable to type 'RequestHandler<ParamsDictionary, any, any, ParsedQs, Record<string, any>>'.
        Types of parameters 'req' and 'req' are incompatible.
          Type 'Request<ParamsDictionary, any, any, ParsedQs, Record<string, any>>' is not assignable to type 'AuthRequest'.
            Types of property 'user' are incompatible.
              Type '{ id: string; email: string; role: string; name?: string | undefined; permissions?: string[] | undefined; } | undefined' is not assignable to type '{ id: string; email: string; role: string; permissions: any; } | undefined'.
                Type '{ id: string; email: string; role: string; name?: string | undefined; permissions?: string[] | undefined; }' is not assignable to type '{ id: string; email: string; role: string; permissions: any; }'.
                  Property 'permissions' is optional in type '{ id: string; email: string; role: string; name?: string | undefined; permissions?: string[] | undefined; }' but required in type '{ id: string; email: string; role: string; permissions: any; }'.
server/src/routes/jobs.ts(84,3): error TS2769: No overload matches this call.
  The last overload gave the following error.
    Argument of type '(req: AuthRequest, res: Response, next: NextFunction) => Promise<Response<any, Record<string, any>> | undefined>' is not assignable to parameter of type 'RequestHandlerParams<ParamsDictionary, any, any, ParsedQs, Record<string, any>>'.
      Type '(req: AuthRequest, res: Response, next: NextFunction) => Promise<Response<any, Record<string, any>> | undefined>' is not assignable to type 'RequestHandler<ParamsDictionary, any, any, ParsedQs, Record<string, any>>'.
        Types of parameters 'req' and 'req' are incompatible.
          Type 'Request<ParamsDictionary, any, any, ParsedQs, Record<string, any>>' is not assignable to type 'AuthRequest'.
            Types of property 'user' are incompatible.
              Type '{ id: string; email: string; role: string; name?: string | undefined; permissions?: string[] | undefined; } | undefined' is not assignable to type '{ id: string; email: string; role: string; permissions: any; } | undefined'.
                Type '{ id: string; email: string; role: string; name?: string | undefined; permissions?: string[] | undefined; }' is not assignable to type '{ id: string; email: string; role: string; permissions: any; }'.
                  Property 'permissions' is optional in type '{ id: string; email: string; role: string; name?: string | undefined; permissions?: string[] | undefined; }' but required in type '{ id: string; email: string; role: string; permissions: any; }'.
server/src/routes/jobs.ts(276,3): error TS2769: No overload matches this call.
  The last overload gave the following error.
    Argument of type '(req: AuthRequest, res: Response, next: NextFunction) => Promise<Response<any, Record<string, any>> | undefined>' is not assignable to parameter of type 'RequestHandlerParams<ParamsDictionary, any, any, ParsedQs, Record<string, any>>'.
      Type '(req: AuthRequest, res: Response, next: NextFunction) => Promise<Response<any, Record<string, any>> | undefined>' is not assignable to type 'RequestHandler<ParamsDictionary, any, any, ParsedQs, Record<string, any>>'.
        Types of parameters 'req' and 'req' are incompatible.
          Type 'Request<ParamsDictionary, any, any, ParsedQs, Record<string, any>>' is not assignable to type 'AuthRequest'.
            Types of property 'user' are incompatible.
              Type '{ id: string; email: string; role: string; name?: string | undefined; permissions?: string[] | undefined; } | undefined' is not assignable to type '{ id: string; email: string; role: string; permissions: any; } | undefined'.
                Type '{ id: string; email: string; role: string; name?: string | undefined; permissions?: string[] | undefined; }' is not assignable to type '{ id: string; email: string; role: string; permissions: any; }'.
                  Property 'permissions' is optional in type '{ id: string; email: string; role: string; name?: string | undefined; permissions?: string[] | undefined; }' but required in type '{ id: string; email: string; role: string; permissions: any; }'.
server/src/routes/jobs.ts(316,3): error TS2769: No overload matches this call.
  The last overload gave the following error.
    Argument of type '(req: AuthRequest, res: Response, next: NextFunction) => Promise<Response<any, Record<string, any>> | undefined>' is not assignable to parameter of type 'RequestHandlerParams<ParamsDictionary, any, any, ParsedQs, Record<string, any>>'.
      Type '(req: AuthRequest, res: Response, next: NextFunction) => Promise<Response<any, Record<string, any>> | undefined>' is not assignable to type 'RequestHandler<ParamsDictionary, any, any, ParsedQs, Record<string, any>>'.
        Types of parameters 'req' and 'req' are incompatible.
          Type 'Request<ParamsDictionary, any, any, ParsedQs, Record<string, any>>' is not assignable to type 'AuthRequest'.
            Types of property 'user' are incompatible.
              Type '{ id: string; email: string; role: string; name?: string | undefined; permissions?: string[] | undefined; } | undefined' is not assignable to type '{ id: string; email: string; role: string; permissions: any; } | undefined'.
                Type '{ id: string; email: string; role: string; name?: string | undefined; permissions?: string[] | undefined; }' is not assignable to type '{ id: string; email: string; role: string; permissions: any; }'.
                  Property 'permissions' is optional in type '{ id: string; email: string; role: string; name?: string | undefined; permissions?: string[] | undefined; }' but required in type '{ id: string; email: string; role: string; permissions: any; }'.
server/src/routes/jobs.ts(354,3): error TS2769: No overload matches this call.
  The last overload gave the following error.
    Argument of type '(req: AuthRequest, res: Response, next: NextFunction) => Promise<Response<any, Record<string, any>> | undefined>' is not assignable to parameter of type 'RequestHandlerParams<ParamsDictionary, any, any, ParsedQs, Record<string, any>>'.
      Type '(req: AuthRequest, res: Response, next: NextFunction) => Promise<Response<any, Record<string, any>> | undefined>' is not assignable to type 'RequestHandler<ParamsDictionary, any, any, ParsedQs, Record<string, any>>'.
        Types of parameters 'req' and 'req' are incompatible.
          Type 'Request<ParamsDictionary, any, any, ParsedQs, Record<string, any>>' is not assignable to type 'AuthRequest'.
            Types of property 'user' are incompatible.
              Type '{ id: string; email: string; role: string; name?: string | undefined; permissions?: string[] | undefined; } | undefined' is not assignable to type '{ id: string; email: string; role: string; permissions: any; } | undefined'.
                Type '{ id: string; email: string; role: string; name?: string | undefined; permissions?: string[] | undefined; }' is not assignable to type '{ id: string; email: string; role: string; permissions: any; }'.
                  Property 'permissions' is optional in type '{ id: string; email: string; role: string; name?: string | undefined; permissions?: string[] | undefined; }' but required in type '{ id: string; email: string; role: string; permissions: any; }'.
server/src/routes/jobs.ts(402,3): error TS2769: No overload matches this call.
  The last overload gave the following error.
    Argument of type '(req: AuthRequest, res: Response, next: NextFunction) => Promise<Response<any, Record<string, any>> | undefined>' is not assignable to parameter of type 'RequestHandlerParams<ParamsDictionary, any, any, ParsedQs, Record<string, any>>'.
      Type '(req: AuthRequest, res: Response, next: NextFunction) => Promise<Response<any, Record<string, any>> | undefined>' is not assignable to type 'RequestHandler<ParamsDictionary, any, any, ParsedQs, Record<string, any>>'.
        Types of parameters 'req' and 'req' are incompatible.
          Type 'Request<ParamsDictionary, any, any, ParsedQs, Record<string, any>>' is not assignable to type 'AuthRequest'.
            Types of property 'user' are incompatible.
              Type '{ id: string; email: string; role: string; name?: string | undefined; permissions?: string[] | undefined; } | undefined' is not assignable to type '{ id: string; email: string; role: string; permissions: any; } | undefined'.
                Type '{ id: string; email: string; role: string; name?: string | undefined; permissions?: string[] | undefined; }' is not assignable to type '{ id: string; email: string; role: string; permissions: any; }'.
                  Property 'permissions' is optional in type '{ id: string; email: string; role: string; name?: string | undefined; permissions?: string[] | undefined; }' but required in type '{ id: string; email: string; role: string; permissions: any; }'.
server/src/routes/jobs.ts(456,3): error TS2769: No overload matches this call.
  The last overload gave the following error.
    Argument of type '(req: AuthRequest, res: Response, next: NextFunction) => Promise<Response<any, Record<string, any>> | undefined>' is not assignable to parameter of type 'RequestHandlerParams<ParamsDictionary, any, any, ParsedQs, Record<string, any>>'.
      Type '(req: AuthRequest, res: Response, next: NextFunction) => Promise<Response<any, Record<string, any>> | undefined>' is not assignable to type 'RequestHandler<ParamsDictionary, any, any, ParsedQs, Record<string, any>>'.
        Types of parameters 'req' and 'req' are incompatible.
          Type 'Request<ParamsDictionary, any, any, ParsedQs, Record<string, any>>' is not assignable to type 'AuthRequest'.
            Types of property 'user' are incompatible.
              Type '{ id: string; email: string; role: string; name?: string | undefined; permissions?: string[] | undefined; } | undefined' is not assignable to type '{ id: string; email: string; role: string; permissions: any; } | undefined'.
                Type '{ id: string; email: string; role: string; name?: string | undefined; permissions?: string[] | undefined; }' is not assignable to type '{ id: string; email: string; role: string; permissions: any; }'.
                  Property 'permissions' is optional in type '{ id: string; email: string; role: string; name?: string | undefined; permissions?: string[] | undefined; }' but required in type '{ id: string; email: string; role: string; permissions: any; }'.
server/src/routes/jobs.ts(499,3): error TS2769: No overload matches this call.
  The last overload gave the following error.
    Argument of type '(req: AuthRequest, res: Response, next: NextFunction) => Promise<Response<any, Record<string, any>> | undefined>' is not assignable to parameter of type 'RequestHandlerParams<ParamsDictionary, any, any, ParsedQs, Record<string, any>>'.
      Type '(req: AuthRequest, res: Response, next: NextFunction) => Promise<Response<any, Record<string, any>> | undefined>' is not assignable to type 'RequestHandler<ParamsDictionary, any, any, ParsedQs, Record<string, any>>'.
        Types of parameters 'req' and 'req' are incompatible.
          Type 'Request<ParamsDictionary, any, any, ParsedQs, Record<string, any>>' is not assignable to type 'AuthRequest'.
            Types of property 'user' are incompatible.
              Type '{ id: string; email: string; role: string; name?: string | undefined; permissions?: string[] | undefined; } | undefined' is not assignable to type '{ id: string; email: string; role: string; permissions: any; } | undefined'.
                Type '{ id: string; email: string; role: string; name?: string | undefined; permissions?: string[] | undefined; }' is not assignable to type '{ id: string; email: string; role: string; permissions: any; }'.
                  Property 'permissions' is optional in type '{ id: string; email: string; role: string; name?: string | undefined; permissions?: string[] | undefined; }' but required in type '{ id: string; email: string; role: string; permissions: any; }'.
server/src/routes/jobs.ts(697,3): error TS2769: No overload matches this call.
  The last overload gave the following error.
    Argument of type '(req: AuthRequest, res: Response, next: NextFunction) => Promise<Response<any, Record<string, any>> | undefined>' is not assignable to parameter of type 'RequestHandlerParams<ParamsDictionary, any, any, ParsedQs, Record<string, any>>'.
      Type '(req: AuthRequest, res: Response, next: NextFunction) => Promise<Response<any, Record<string, any>> | undefined>' is not assignable to type 'RequestHandler<ParamsDictionary, any, any, ParsedQs, Record<string, any>>'.
        Types of parameters 'req' and 'req' are incompatible.
          Type 'Request<ParamsDictionary, any, any, ParsedQs, Record<string, any>>' is not assignable to type 'AuthRequest'.
            Types of property 'user' are incompatible.
              Type '{ id: string; email: string; role: string; name?: string | undefined; permissions?: string[] | undefined; } | undefined' is not assignable to type '{ id: string; email: string; role: string; permissions: any; } | undefined'.
                Type '{ id: string; email: string; role: string; name?: string | undefined; permissions?: string[] | undefined; }' is not assignable to type '{ id: string; email: string; role: string; permissions: any; }'.
                  Property 'permissions' is optional in type '{ id: string; email: string; role: string; name?: string | undefined; permissions?: string[] | undefined; }' but required in type '{ id: string; email: string; role: string; permissions: any; }'.
server/src/routes/jobs.ts(807,3): error TS2769: No overload matches this call.
  The last overload gave the following error.
    Argument of type '(req: AuthRequest, res: Response, next: NextFunction) => Promise<Response<any, Record<string, any>> | undefined>' is not assignable to parameter of type 'RequestHandlerParams<ParamsDictionary, any, any, ParsedQs, Record<string, any>>'.
      Type '(req: AuthRequest, res: Response, next: NextFunction) => Promise<Response<any, Record<string, any>> | undefined>' is not assignable to type 'RequestHandler<ParamsDictionary, any, any, ParsedQs, Record<string, any>>'.
        Types of parameters 'req' and 'req' are incompatible.
          Type 'Request<ParamsDictionary, any, any, ParsedQs, Record<string, any>>' is not assignable to type 'AuthRequest'.
            Types of property 'user' are incompatible.
              Type '{ id: string; email: string; role: string; name?: string | undefined; permissions?: string[] | undefined; } | undefined' is not assignable to type '{ id: string; email: string; role: string; permissions: any; } | undefined'.
                Type '{ id: string; email: string; role: string; name?: string | undefined; permissions?: string[] | undefined; }' is not assignable to type '{ id: string; email: string; role: string; permissions: any; }'.
                  Property 'permissions' is optional in type '{ id: string; email: string; role: string; name?: string | undefined; permissions?: string[] | undefined; }' but required in type '{ id: string; email: string; role: string; permissions: any; }'.
server/src/routes/jobs.ts(890,3): error TS2769: No overload matches this call.
  The last overload gave the following error.
    Argument of type '(req: AuthRequest, res: Response, next: NextFunction) => Promise<Response<any, Record<string, any>> | undefined>' is not assignable to parameter of type 'RequestHandlerParams<ParamsDictionary, any, any, ParsedQs, Record<string, any>>'.
      Type '(req: AuthRequest, res: Response, next: NextFunction) => Promise<Response<any, Record<string, any>> | undefined>' is not assignable to type 'RequestHandler<ParamsDictionary, any, any, ParsedQs, Record<string, any>>'.
        Types of parameters 'req' and 'req' are incompatible.
          Type 'Request<ParamsDictionary, any, any, ParsedQs, Record<string, any>>' is not assignable to type 'AuthRequest'.
            Types of property 'user' are incompatible.
              Type '{ id: string; email: string; role: string; name?: string | undefined; permissions?: string[] | undefined; } | undefined' is not assignable to type '{ id: string; email: string; role: string; permissions: any; } | undefined'.
                Type '{ id: string; email: string; role: string; name?: string | undefined; permissions?: string[] | undefined; }' is not assignable to type '{ id: string; email: string; role: string; permissions: any; }'.
                  Property 'permissions' is optional in type '{ id: string; email: string; role: string; name?: string | undefined; permissions?: string[] | undefined; }' but required in type '{ id: string; email: string; role: string; permissions: any; }'.
server/src/routes/jobs.ts(965,3): error TS2769: No overload matches this call.
  The last overload gave the following error.
    Argument of type '(req: AuthRequest, res: Response, next: NextFunction) => Promise<Response<any, Record<string, any>> | undefined>' is not assignable to parameter of type 'RequestHandlerParams<ParamsDictionary, any, any, ParsedQs, Record<string, any>>'.
      Type '(req: AuthRequest, res: Response, next: NextFunction) => Promise<Response<any, Record<string, any>> | undefined>' is not assignable to type 'RequestHandler<ParamsDictionary, any, any, ParsedQs, Record<string, any>>'.
        Types of parameters 'req' and 'req' are incompatible.
          Type 'Request<ParamsDictionary, any, any, ParsedQs, Record<string, any>>' is not assignable to type 'AuthRequest'.
            Types of property 'user' are incompatible.
              Type '{ id: string; email: string; role: string; name?: string | undefined; permissions?: string[] | undefined; } | undefined' is not assignable to type '{ id: string; email: string; role: string; permissions: any; } | undefined'.
                Type '{ id: string; email: string; role: string; name?: string | undefined; permissions?: string[] | undefined; }' is not assignable to type '{ id: string; email: string; role: string; permissions: any; }'.
                  Property 'permissions' is optional in type '{ id: string; email: string; role: string; name?: string | undefined; permissions?: string[] | undefined; }' but required in type '{ id: string; email: string; role: string; permissions: any; }'.
server/src/routes/jobs.ts(1091,3): error TS2769: No overload matches this call.
  The last overload gave the following error.
    Argument of type '(req: AuthRequest, res: Response, next: NextFunction) => Promise<Response<any, Record<string, any>> | undefined>' is not assignable to parameter of type 'RequestHandlerParams<ParamsDictionary, any, any, ParsedQs, Record<string, any>>'.
      Type '(req: AuthRequest, res: Response, next: NextFunction) => Promise<Response<any, Record<string, any>> | undefined>' is not assignable to type 'RequestHandler<ParamsDictionary, any, any, ParsedQs, Record<string, any>>'.
        Types of parameters 'req' and 'req' are incompatible.
          Type 'Request<ParamsDictionary, any, any, ParsedQs, Record<string, any>>' is not assignable to type 'AuthRequest'.
            Types of property 'user' are incompatible.
              Type '{ id: string; email: string; role: string; name?: string | undefined; permissions?: string[] | undefined; } | undefined' is not assignable to type '{ id: string; email: string; role: string; permissions: any; } | undefined'.
                Type '{ id: string; email: string; role: string; name?: string | undefined; permissions?: string[] | undefined; }' is not assignable to type '{ id: string; email: string; role: string; permissions: any; }'.
                  Property 'permissions' is optional in type '{ id: string; email: string; role: string; name?: string | undefined; permissions?: string[] | undefined; }' but required in type '{ id: string; email: string; role: string; permissions: any; }'.
server/src/routes/jobs.ts(1173,93): error TS7006: Parameter 'a' implicitly has an 'any' type.
server/src/routes/jobs.ts(1173,96): error TS7006: Parameter 'b' implicitly has an 'any' type.
server/src/routes/knowledge-base.ts(15,12): error TS2769: No overload matches this call.
  The last overload gave the following error.
    Argument of type '(req: AuthRequest, res: Response, next: NextFunction) => Promise<Response<any, Record<string, any>> | undefined>' is not assignable to parameter of type 'PathParams'.
server/src/routes/lessonsLearnedRoutes.ts(31,44): error TS2769: No overload matches this call.
  The last overload gave the following error.
    Argument of type '(req: AuthRequest, res: Response, next: NextFunction) => Promise<Response<any, Record<string, any>> | undefined>' is not assignable to parameter of type 'RequestHandlerParams<ParamsDictionary, any, any, ParsedQs, Record<string, any>>'.
      Type '(req: AuthRequest, res: Response, next: NextFunction) => Promise<Response<any, Record<string, any>> | undefined>' is not assignable to type 'RequestHandler<ParamsDictionary, any, any, ParsedQs, Record<string, any>>'.
        Types of parameters 'req' and 'req' are incompatible.
          Type 'Request<ParamsDictionary, any, any, ParsedQs, Record<string, any>>' is not assignable to type 'AuthRequest'.
            Types of property 'user' are incompatible.
              Type '{ id: string; email: string; role: string; name?: string | undefined; permissions?: string[] | undefined; } | undefined' is not assignable to type '{ id: string; email: string; role: string; permissions: any; } | undefined'.
                Type '{ id: string; email: string; role: string; name?: string | undefined; permissions?: string[] | undefined; }' is not assignable to type '{ id: string; email: string; role: string; permissions: any; }'.
                  Property 'permissions' is optional in type '{ id: string; email: string; role: string; name?: string | undefined; permissions?: string[] | undefined; }' but required in type '{ id: string; email: string; role: string; permissions: any; }'.
server/src/routes/lessonsLearnedRoutes.ts(129,34): error TS2769: No overload matches this call.
  The last overload gave the following error.
    Argument of type '(req: AuthRequest, res: Response, next: NextFunction) => Promise<Response<any, Record<string, any>> | undefined>' is not assignable to parameter of type 'RequestHandlerParams<ParamsDictionary, any, any, ParsedQs, Record<string, any>>'.
      Type '(req: AuthRequest, res: Response, next: NextFunction) => Promise<Response<any, Record<string, any>> | undefined>' is not assignable to type 'RequestHandler<ParamsDictionary, any, any, ParsedQs, Record<string, any>>'.
        Types of parameters 'req' and 'req' are incompatible.
          Type 'Request<ParamsDictionary, any, any, ParsedQs, Record<string, any>>' is not assignable to type 'AuthRequest'.
            Types of property 'user' are incompatible.
              Type '{ id: string; email: string; role: string; name?: string | undefined; permissions?: string[] | undefined; } | undefined' is not assignable to type '{ id: string; email: string; role: string; permissions: any; } | undefined'.
                Type '{ id: string; email: string; role: string; name?: string | undefined; permissions?: string[] | undefined; }' is not assignable to type '{ id: string; email: string; role: string; permissions: any; }'.
                  Property 'permissions' is optional in type '{ id: string; email: string; role: string; name?: string | undefined; permissions?: string[] | undefined; }' but required in type '{ id: string; email: string; role: string; permissions: any; }'.
server/src/routes/lessonsLearnedRoutes.ts(178,45): error TS2769: No overload matches this call.
  The last overload gave the following error.
    Argument of type '(req: AuthRequest, res: Response, next: NextFunction) => Promise<Response<any, Record<string, any>> | undefined>' is not assignable to parameter of type 'RequestHandlerParams<ParamsDictionary, any, any, ParsedQs, Record<string, any>>'.
      Type '(req: AuthRequest, res: Response, next: NextFunction) => Promise<Response<any, Record<string, any>> | undefined>' is not assignable to type 'RequestHandler<ParamsDictionary, any, any, ParsedQs, Record<string, any>>'.
        Types of parameters 'req' and 'req' are incompatible.
          Type 'Request<ParamsDictionary, any, any, ParsedQs, Record<string, any>>' is not assignable to type 'AuthRequest'.
            Types of property 'user' are incompatible.
              Type '{ id: string; email: string; role: string; name?: string | undefined; permissions?: string[] | undefined; } | undefined' is not assignable to type '{ id: string; email: string; role: string; permissions: any; } | undefined'.
                Type '{ id: string; email: string; role: string; name?: string | undefined; permissions?: string[] | undefined; }' is not assignable to type '{ id: string; email: string; role: string; permissions: any; }'.
                  Property 'permissions' is optional in type '{ id: string; email: string; role: string; name?: string | undefined; permissions?: string[] | undefined; }' but required in type '{ id: string; email: string; role: string; permissions: any; }'.
server/src/routes/lessonsLearnedRoutes.ts(195,66): error TS18048: 'req.user' is possibly 'undefined'.
server/src/routes/lessonsLearnedRoutes.ts(219,34): error TS2769: No overload matches this call.
  The last overload gave the following error.
    Argument of type '(req: AuthRequest, res: Response, next: NextFunction) => Promise<Response<any, Record<string, any>> | undefined>' is not assignable to parameter of type 'RequestHandlerParams<ParamsDictionary, any, any, ParsedQs, Record<string, any>>'.
      Type '(req: AuthRequest, res: Response, next: NextFunction) => Promise<Response<any, Record<string, any>> | undefined>' is not assignable to type 'RequestHandler<ParamsDictionary, any, any, ParsedQs, Record<string, any>>'.
        Types of parameters 'req' and 'req' are incompatible.
          Type 'Request<ParamsDictionary, any, any, ParsedQs, Record<string, any>>' is not assignable to type 'AuthRequest'.
            Types of property 'user' are incompatible.
              Type '{ id: string; email: string; role: string; name?: string | undefined; permissions?: string[] | undefined; } | undefined' is not assignable to type '{ id: string; email: string; role: string; permissions: any; } | undefined'.
                Type '{ id: string; email: string; role: string; name?: string | undefined; permissions?: string[] | undefined; }' is not assignable to type '{ id: string; email: string; role: string; permissions: any; }'.
                  Property 'permissions' is optional in type '{ id: string; email: string; role: string; name?: string | undefined; permissions?: string[] | undefined; }' but required in type '{ id: string; email: string; role: string; permissions: any; }'.
server/src/routes/lessonsLearnedRoutes.ts(248,83): error TS18048: 'req.user' is possibly 'undefined'.
server/src/routes/lessonsLearnedRoutes.ts(272,37): error TS2769: No overload matches this call.
  The last overload gave the following error.
    Argument of type '(req: AuthRequest, res: Response, next: NextFunction) => Promise<Response<any, Record<string, any>> | undefined>' is not assignable to parameter of type 'RequestHandlerParams<ParamsDictionary, any, any, ParsedQs, Record<string, any>>'.
      Type '(req: AuthRequest, res: Response, next: NextFunction) => Promise<Response<any, Record<string, any>> | undefined>' is not assignable to type 'RequestHandler<ParamsDictionary, any, any, ParsedQs, Record<string, any>>'.
        Types of parameters 'req' and 'req' are incompatible.
          Type 'Request<ParamsDictionary, any, any, ParsedQs, Record<string, any>>' is not assignable to type 'AuthRequest'.
            Types of property 'user' are incompatible.
              Type '{ id: string; email: string; role: string; name?: string | undefined; permissions?: string[] | undefined; } | undefined' is not assignable to type '{ id: string; email: string; role: string; permissions: any; } | undefined'.
                Type '{ id: string; email: string; role: string; name?: string | undefined; permissions?: string[] | undefined; }' is not assignable to type '{ id: string; email: string; role: string; permissions: any; }'.
                  Property 'permissions' is optional in type '{ id: string; email: string; role: string; name?: string | undefined; permissions?: string[] | undefined; }' but required in type '{ id: string; email: string; role: string; permissions: any; }'.
server/src/routes/lessonsLearnedRoutes.ts(323,60): error TS2769: No overload matches this call.
  The last overload gave the following error.
    Argument of type '(req: AuthRequest, res: Response, next: NextFunction) => Promise<Response<any, Record<string, any>> | undefined>' is not assignable to parameter of type 'RequestHandlerParams<ParamsDictionary, any, any, ParsedQs, Record<string, any>>'.
      Type '(req: AuthRequest, res: Response, next: NextFunction) => Promise<Response<any, Record<string, any>> | undefined>' is not assignable to type 'RequestHandler<ParamsDictionary, any, any, ParsedQs, Record<string, any>>'.
        Types of parameters 'req' and 'req' are incompatible.
          Type 'Request<ParamsDictionary, any, any, ParsedQs, Record<string, any>>' is not assignable to type 'AuthRequest'.
            Types of property 'user' are incompatible.
              Type '{ id: string; email: string; role: string; name?: string | undefined; permissions?: string[] | undefined; } | undefined' is not assignable to type '{ id: string; email: string; role: string; permissions: any; } | undefined'.
                Type '{ id: string; email: string; role: string; name?: string | undefined; permissions?: string[] | undefined; }' is not assignable to type '{ id: string; email: string; role: string; permissions: any; }'.
                  Property 'permissions' is optional in type '{ id: string; email: string; role: string; name?: string | undefined; permissions?: string[] | undefined; }' but required in type '{ id: string; email: string; role: string; permissions: any; }'.
server/src/routes/lessonsLearnedRoutes.ts(363,65): error TS2769: No overload matches this call.
  The last overload gave the following error.
    Argument of type '(req: AuthRequest, res: Response, next: NextFunction) => Promise<Response<any, Record<string, any>> | undefined>' is not assignable to parameter of type 'RequestHandlerParams<ParamsDictionary, any, any, ParsedQs, Record<string, any>>'.
      Type '(req: AuthRequest, res: Response, next: NextFunction) => Promise<Response<any, Record<string, any>> | undefined>' is not assignable to type 'RequestHandler<ParamsDictionary, any, any, ParsedQs, Record<string, any>>'.
        Types of parameters 'req' and 'req' are incompatible.
          Type 'Request<ParamsDictionary, any, any, ParsedQs, Record<string, any>>' is not assignable to type 'AuthRequest'.
            Types of property 'user' are incompatible.
              Type '{ id: string; email: string; role: string; name?: string | undefined; permissions?: string[] | undefined; } | undefined' is not assignable to type '{ id: string; email: string; role: string; permissions: any; } | undefined'.
                Type '{ id: string; email: string; role: string; name?: string | undefined; permissions?: string[] | undefined; }' is not assignable to type '{ id: string; email: string; role: string; permissions: any; }'.
                  Property 'permissions' is optional in type '{ id: string; email: string; role: string; name?: string | undefined; permissions?: string[] | undefined; }' but required in type '{ id: string; email: string; role: string; permissions: any; }'.
server/src/routes/lessonsLearnedRoutes.ts(379,82): error TS18048: 'req.user' is possibly 'undefined'.
server/src/routes/lessonsLearnedRoutes.ts(404,50): error TS2769: No overload matches this call.
  The last overload gave the following error.
    Argument of type '(req: AuthRequest, res: Response, next: NextFunction) => Promise<Response<any, Record<string, any>> | undefined>' is not assignable to parameter of type 'RequestHandlerParams<ParamsDictionary, any, any, ParsedQs, Record<string, any>>'.
      Type '(req: AuthRequest, res: Response, next: NextFunction) => Promise<Response<any, Record<string, any>> | undefined>' is not assignable to type 'RequestHandler<ParamsDictionary, any, any, ParsedQs, Record<string, any>>'.
        Types of parameters 'req' and 'req' are incompatible.
          Type 'Request<ParamsDictionary, any, any, ParsedQs, Record<string, any>>' is not assignable to type 'AuthRequest'.
            Types of property 'user' are incompatible.
              Type '{ id: string; email: string; role: string; name?: string | undefined; permissions?: string[] | undefined; } | undefined' is not assignable to type '{ id: string; email: string; role: string; permissions: any; } | undefined'.
                Type '{ id: string; email: string; role: string; name?: string | undefined; permissions?: string[] | undefined; }' is not assignable to type '{ id: string; email: string; role: string; permissions: any; }'.
                  Property 'permissions' is optional in type '{ id: string; email: string; role: string; name?: string | undefined; permissions?: string[] | undefined; }' but required in type '{ id: string; email: string; role: string; permissions: any; }'.
server/src/routes/lessonsLearnedRoutes.ts(432,88): error TS18048: 'req.user' is possibly 'undefined'.
server/src/routes/lessonsLearnedRoutes.ts(458,42): error TS2769: No overload matches this call.
  The last overload gave the following error.
    Argument of type '(req: AuthRequest, res: Response, next: NextFunction) => Promise<Response<any, Record<string, any>> | undefined>' is not assignable to parameter of type 'RequestHandlerParams<ParamsDictionary, any, any, ParsedQs, Record<string, any>>'.
      Type '(req: AuthRequest, res: Response, next: NextFunction) => Promise<Response<any, Record<string, any>> | undefined>' is not assignable to type 'RequestHandler<ParamsDictionary, any, any, ParsedQs, Record<string, any>>'.
        Types of parameters 'req' and 'req' are incompatible.
          Type 'Request<ParamsDictionary, any, any, ParsedQs, Record<string, any>>' is not assignable to type 'AuthRequest'.
            Types of property 'user' are incompatible.
              Type '{ id: string; email: string; role: string; name?: string | undefined; permissions?: string[] | undefined; } | undefined' is not assignable to type '{ id: string; email: string; role: string; permissions: any; } | undefined'.
                Type '{ id: string; email: string; role: string; name?: string | undefined; permissions?: string[] | undefined; }' is not assignable to type '{ id: string; email: string; role: string; permissions: any; }'.
                  Property 'permissions' is optional in type '{ id: string; email: string; role: string; name?: string | undefined; permissions?: string[] | undefined; }' but required in type '{ id: string; email: string; role: string; permissions: any; }'.
server/src/routes/mediaRoutes.ts(29,24): error TS2769: No overload matches this call.
  The last overload gave the following error.
    Argument of type '(req: AuthRequest, res: Response, next: NextFunction) => Promise<Response<any, Record<string, any>> | undefined>' is not assignable to parameter of type 'RequestHandlerParams<ParamsDictionary, any, any, ParsedQs, Record<string, any>>'.
      Type '(req: AuthRequest, res: Response, next: NextFunction) => Promise<Response<any, Record<string, any>> | undefined>' is not assignable to type 'RequestHandler<ParamsDictionary, any, any, ParsedQs, Record<string, any>>'.
        Types of parameters 'req' and 'req' are incompatible.
          Type 'Request<ParamsDictionary, any, any, ParsedQs, Record<string, any>>' is not assignable to type 'AuthRequest'.
            Types of property 'user' are incompatible.
              Type '{ id: string; email: string; role: string; name?: string | undefined; permissions?: string[] | undefined; } | undefined' is not assignable to type '{ id: string; email: string; role: string; permissions: any; } | undefined'.
                Type '{ id: string; email: string; role: string; name?: string | undefined; permissions?: string[] | undefined; }' is not assignable to type '{ id: string; email: string; role: string; permissions: any; }'.
                  Property 'permissions' is optional in type '{ id: string; email: string; role: string; name?: string | undefined; permissions?: string[] | undefined; }' but required in type '{ id: string; email: string; role: string; permissions: any; }'.
server/src/routes/mitigationPlanRoutes.ts(32,3): error TS2769: No overload matches this call.
  The last overload gave the following error.
    Argument of type '(req: AuthRequest, res: Response, next: NextFunction) => Promise<Response<any, Record<string, any>> | undefined>' is not assignable to parameter of type 'RequestHandlerParams<ParamsDictionary, any, any, ParsedQs, Record<string, any>>'.
      Type '(req: AuthRequest, res: Response, next: NextFunction) => Promise<Response<any, Record<string, any>> | undefined>' is not assignable to type 'RequestHandler<ParamsDictionary, any, any, ParsedQs, Record<string, any>>'.
        Types of parameters 'req' and 'req' are incompatible.
          Type 'Request<ParamsDictionary, any, any, ParsedQs, Record<string, any>>' is not assignable to type 'AuthRequest'.
            Types of property 'user' are incompatible.
              Type '{ id: string; email: string; role: string; name?: string | undefined; permissions?: string[] | undefined; } | undefined' is not assignable to type '{ id: string; email: string; role: string; permissions: any; } | undefined'.
                Type '{ id: string; email: string; role: string; name?: string | undefined; permissions?: string[] | undefined; }' is not assignable to type '{ id: string; email: string; role: string; permissions: any; }'.
                  Property 'permissions' is optional in type '{ id: string; email: string; role: string; name?: string | undefined; permissions?: string[] | undefined; }' but required in type '{ id: string; email: string; role: string; permissions: any; }'.
server/src/routes/mitigationPlanRoutes.ts(87,3): error TS2769: No overload matches this call.
  The last overload gave the following error.
    Argument of type '(req: AuthRequest, res: Response, next: NextFunction) => Promise<Response<any, Record<string, any>> | undefined>' is not assignable to parameter of type 'RequestHandlerParams<ParamsDictionary, any, any, ParsedQs, Record<string, any>>'.
      Type '(req: AuthRequest, res: Response, next: NextFunction) => Promise<Response<any, Record<string, any>> | undefined>' is not assignable to type 'RequestHandler<ParamsDictionary, any, any, ParsedQs, Record<string, any>>'.
        Types of parameters 'req' and 'req' are incompatible.
          Type 'Request<ParamsDictionary, any, any, ParsedQs, Record<string, any>>' is not assignable to type 'AuthRequest'.
            Types of property 'user' are incompatible.
              Type '{ id: string; email: string; role: string; name?: string | undefined; permissions?: string[] | undefined; } | undefined' is not assignable to type '{ id: string; email: string; role: string; permissions: any; } | undefined'.
                Type '{ id: string; email: string; role: string; name?: string | undefined; permissions?: string[] | undefined; }' is not assignable to type '{ id: string; email: string; role: string; permissions: any; }'.
                  Property 'permissions' is optional in type '{ id: string; email: string; role: string; name?: string | undefined; permissions?: string[] | undefined; }' but required in type '{ id: string; email: string; role: string; permissions: any; }'.
server/src/routes/mitigationPlanRoutes.ts(140,3): error TS2769: No overload matches this call.
  The last overload gave the following error.
    Argument of type '(req: AuthRequest, res: Response, next: NextFunction) => Promise<Response<any, Record<string, any>> | undefined>' is not assignable to parameter of type 'RequestHandlerParams<ParamsDictionary, any, any, ParsedQs, Record<string, any>>'.
      Type '(req: AuthRequest, res: Response, next: NextFunction) => Promise<Response<any, Record<string, any>> | undefined>' is not assignable to type 'RequestHandler<ParamsDictionary, any, any, ParsedQs, Record<string, any>>'.
        Types of parameters 'req' and 'req' are incompatible.
          Type 'Request<ParamsDictionary, any, any, ParsedQs, Record<string, any>>' is not assignable to type 'AuthRequest'.
            Types of property 'user' are incompatible.
              Type '{ id: string; email: string; role: string; name?: string | undefined; permissions?: string[] | undefined; } | undefined' is not assignable to type '{ id: string; email: string; role: string; permissions: any; } | undefined'.
                Type '{ id: string; email: string; role: string; name?: string | undefined; permissions?: string[] | undefined; }' is not assignable to type '{ id: string; email: string; role: string; permissions: any; }'.
                  Property 'permissions' is optional in type '{ id: string; email: string; role: string; name?: string | undefined; permissions?: string[] | undefined; }' but required in type '{ id: string; email: string; role: string; permissions: any; }'.
server/src/routes/mitigationPlanRoutes.ts(383,3): error TS2769: No overload matches this call.
  The last overload gave the following error.
    Argument of type '(req: AuthRequest, res: Response, next: NextFunction) => Promise<Response<any, Record<string, any>> | undefined>' is not assignable to parameter of type 'RequestHandlerParams<ParamsDictionary, any, any, ParsedQs, Record<string, any>>'.
      Type '(req: AuthRequest, res: Response, next: NextFunction) => Promise<Response<any, Record<string, any>> | undefined>' is not assignable to type 'RequestHandler<ParamsDictionary, any, any, ParsedQs, Record<string, any>>'.
        Types of parameters 'req' and 'req' are incompatible.
          Type 'Request<ParamsDictionary, any, any, ParsedQs, Record<string, any>>' is not assignable to type 'AuthRequest'.
            Types of property 'user' are incompatible.
              Type '{ id: string; email: string; role: string; name?: string | undefined; permissions?: string[] | undefined; } | undefined' is not assignable to type '{ id: string; email: string; role: string; permissions: any; } | undefined'.
                Type '{ id: string; email: string; role: string; name?: string | undefined; permissions?: string[] | undefined; }' is not assignable to type '{ id: string; email: string; role: string; permissions: any; }'.
                  Property 'permissions' is optional in type '{ id: string; email: string; role: string; name?: string | undefined; permissions?: string[] | undefined; }' but required in type '{ id: string; email: string; role: string; permissions: any; }'.
server/src/routes/mitigationPlanRoutes.ts(420,3): error TS2769: No overload matches this call.
  The last overload gave the following error.
    Argument of type '(req: AuthRequest, res: Response, next: NextFunction) => Promise<Response<any, Record<string, any>> | undefined>' is not assignable to parameter of type 'RequestHandlerParams<ParamsDictionary, any, any, ParsedQs, Record<string, any>>'.
      Type '(req: AuthRequest, res: Response, next: NextFunction) => Promise<Response<any, Record<string, any>> | undefined>' is not assignable to type 'RequestHandler<ParamsDictionary, any, any, ParsedQs, Record<string, any>>'.
        Types of parameters 'req' and 'req' are incompatible.
          Type 'Request<ParamsDictionary, any, any, ParsedQs, Record<string, any>>' is not assignable to type 'AuthRequest'.
            Types of property 'user' are incompatible.
              Type '{ id: string; email: string; role: string; name?: string | undefined; permissions?: string[] | undefined; } | undefined' is not assignable to type '{ id: string; email: string; role: string; permissions: any; } | undefined'.
                Type '{ id: string; email: string; role: string; name?: string | undefined; permissions?: string[] | undefined; }' is not assignable to type '{ id: string; email: string; role: string; permissions: any; }'.
                  Property 'permissions' is optional in type '{ id: string; email: string; role: string; name?: string | undefined; permissions?: string[] | undefined; }' but required in type '{ id: string; email: string; role: string; permissions: any; }'.
server/src/routes/mitigationPlanRoutes.ts(461,3): error TS2769: No overload matches this call.
  The last overload gave the following error.
    Argument of type '(req: AuthRequest, res: Response, next: NextFunction) => Promise<Response<any, Record<string, any>> | undefined>' is not assignable to parameter of type 'RequestHandlerParams<ParamsDictionary, any, any, ParsedQs, Record<string, any>>'.
      Type '(req: AuthRequest, res: Response, next: NextFunction) => Promise<Response<any, Record<string, any>> | undefined>' is not assignable to type 'RequestHandler<ParamsDictionary, any, any, ParsedQs, Record<string, any>>'.
        Types of parameters 'req' and 'req' are incompatible.
          Type 'Request<ParamsDictionary, any, any, ParsedQs, Record<string, any>>' is not assignable to type 'AuthRequest'.
            Types of property 'user' are incompatible.
              Type '{ id: string; email: string; role: string; name?: string | undefined; permissions?: string[] | undefined; } | undefined' is not assignable to type '{ id: string; email: string; role: string; permissions: any; } | undefined'.
                Type '{ id: string; email: string; role: string; name?: string | undefined; permissions?: string[] | undefined; }' is not assignable to type '{ id: string; email: string; role: string; permissions: any; }'.
                  Property 'permissions' is optional in type '{ id: string; email: string; role: string; name?: string | undefined; permissions?: string[] | undefined; }' but required in type '{ id: string; email: string; role: string; permissions: any; }'.
server/src/routes/mitigationPlanRoutes.ts(510,3): error TS2769: No overload matches this call.
  The last overload gave the following error.
    Argument of type '(req: AuthRequest, res: Response, next: NextFunction) => Promise<Response<any, Record<string, any>> | undefined>' is not assignable to parameter of type 'RequestHandlerParams<ParamsDictionary, any, any, ParsedQs, Record<string, any>>'.
      Type '(req: AuthRequest, res: Response, next: NextFunction) => Promise<Response<any, Record<string, any>> | undefined>' is not assignable to type 'RequestHandler<ParamsDictionary, any, any, ParsedQs, Record<string, any>>'.
        Types of parameters 'req' and 'req' are incompatible.
          Type 'Request<ParamsDictionary, any, any, ParsedQs, Record<string, any>>' is not assignable to type 'AuthRequest'.
            Types of property 'user' are incompatible.
              Type '{ id: string; email: string; role: string; name?: string | undefined; permissions?: string[] | undefined; } | undefined' is not assignable to type '{ id: string; email: string; role: string; permissions: any; } | undefined'.
                Type '{ id: string; email: string; role: string; name?: string | undefined; permissions?: string[] | undefined; }' is not assignable to type '{ id: string; email: string; role: string; permissions: any; }'.
                  Property 'permissions' is optional in type '{ id: string; email: string; role: string; name?: string | undefined; permissions?: string[] | undefined; }' but required in type '{ id: string; email: string; role: string; permissions: any; }'.
server/src/routes/mitigationPlanRoutes.ts(565,3): error TS2769: No overload matches this call.
  The last overload gave the following error.
    Argument of type '(req: AuthRequest, res: Response, next: NextFunction) => Promise<Response<any, Record<string, any>> | undefined>' is not assignable to parameter of type 'RequestHandlerParams<ParamsDictionary, any, any, ParsedQs, Record<string, any>>'.
      Type '(req: AuthRequest, res: Response, next: NextFunction) => Promise<Response<any, Record<string, any>> | undefined>' is not assignable to type 'RequestHandler<ParamsDictionary, any, any, ParsedQs, Record<string, any>>'.
        Types of parameters 'req' and 'req' are incompatible.
          Type 'Request<ParamsDictionary, any, any, ParsedQs, Record<string, any>>' is not assignable to type 'AuthRequest'.
            Types of property 'user' are incompatible.
              Type '{ id: string; email: string; role: string; name?: string | undefined; permissions?: string[] | undefined; } | undefined' is not assignable to type '{ id: string; email: string; role: string; permissions: any; } | undefined'.
                Type '{ id: string; email: string; role: string; name?: string | undefined; permissions?: string[] | undefined; }' is not assignable to type '{ id: string; email: string; role: string; permissions: any; }'.
                  Property 'permissions' is optional in type '{ id: string; email: string; role: string; name?: string | undefined; permissions?: string[] | undefined; }' but required in type '{ id: string; email: string; role: string; permissions: any; }'.
server/src/routes/notifications.ts(27,5): error TS2769: No overload matches this call.
  The last overload gave the following error.
    Argument of type '(req: AuthRequest, res: Response, next: NextFunction) => Promise<Response<any, Record<string, any>> | undefined>' is not assignable to parameter of type 'RequestHandlerParams<ParamsDictionary, any, any, ParsedQs, Record<string, any>>'.
      Type '(req: AuthRequest, res: Response, next: NextFunction) => Promise<Response<any, Record<string, any>> | undefined>' is not assignable to type 'RequestHandler<ParamsDictionary, any, any, ParsedQs, Record<string, any>>'.
        Types of parameters 'req' and 'req' are incompatible.
          Type 'Request<ParamsDictionary, any, any, ParsedQs, Record<string, any>>' is not assignable to type 'AuthRequest'.
            Types of property 'user' are incompatible.
              Type '{ id: string; email: string; role: string; name?: string | undefined; permissions?: string[] | undefined; } | undefined' is not assignable to type '{ id: string; email: string; role: string; permissions: any; } | undefined'.
                Type '{ id: string; email: string; role: string; name?: string | undefined; permissions?: string[] | undefined; }' is not assignable to type '{ id: string; email: string; role: string; permissions: any; }'.
                  Property 'permissions' is optional in type '{ id: string; email: string; role: string; name?: string | undefined; permissions?: string[] | undefined; }' but required in type '{ id: string; email: string; role: string; permissions: any; }'.
server/src/routes/notifications.ts(57,32): error TS2769: No overload matches this call.
  The last overload gave the following error.
    Argument of type '(req: AuthRequest, res: Response, next: NextFunction) => Promise<Response<any, Record<string, any>> | undefined>' is not assignable to parameter of type 'RequestHandlerParams<ParamsDictionary, any, any, ParsedQs, Record<string, any>>'.
      Type '(req: AuthRequest, res: Response, next: NextFunction) => Promise<Response<any, Record<string, any>> | undefined>' is not assignable to type 'RequestHandler<ParamsDictionary, any, any, ParsedQs, Record<string, any>>'.
        Types of parameters 'req' and 'req' are incompatible.
          Type 'Request<ParamsDictionary, any, any, ParsedQs, Record<string, any>>' is not assignable to type 'AuthRequest'.
            Types of property 'user' are incompatible.
              Type '{ id: string; email: string; role: string; name?: string | undefined; permissions?: string[] | undefined; } | undefined' is not assignable to type '{ id: string; email: string; role: string; permissions: any; } | undefined'.
                Type '{ id: string; email: string; role: string; name?: string | undefined; permissions?: string[] | undefined; }' is not assignable to type '{ id: string; email: string; role: string; permissions: any; }'.
                  Property 'permissions' is optional in type '{ id: string; email: string; role: string; name?: string | undefined; permissions?: string[] | undefined; }' but required in type '{ id: string; email: string; role: string; permissions: any; }'.
server/src/routes/notifications.ts(76,26): error TS2769: No overload matches this call.
  The last overload gave the following error.
    Argument of type '(req: AuthRequest, res: Response, next: NextFunction) => Promise<Response<any, Record<string, any>> | undefined>' is not assignable to parameter of type 'RequestHandlerParams<ParamsDictionary, any, any, ParsedQs, Record<string, any>>'.
      Type '(req: AuthRequest, res: Response, next: NextFunction) => Promise<Response<any, Record<string, any>> | undefined>' is not assignable to type 'RequestHandler<ParamsDictionary, any, any, ParsedQs, Record<string, any>>'.
        Types of parameters 'req' and 'req' are incompatible.
          Type 'Request<ParamsDictionary, any, any, ParsedQs, Record<string, any>>' is not assignable to type 'AuthRequest'.
            Types of property 'user' are incompatible.
              Type '{ id: string; email: string; role: string; name?: string | undefined; permissions?: string[] | undefined; } | undefined' is not assignable to type '{ id: string; email: string; role: string; permissions: any; } | undefined'.
                Type '{ id: string; email: string; role: string; name?: string | undefined; permissions?: string[] | undefined; }' is not assignable to type '{ id: string; email: string; role: string; permissions: any; }'.
                  Property 'permissions' is optional in type '{ id: string; email: string; role: string; name?: string | undefined; permissions?: string[] | undefined; }' but required in type '{ id: string; email: string; role: string; permissions: any; }'.
server/src/routes/okrRoutes.ts(113,3): error TS2769: No overload matches this call.
  The last overload gave the following error.
    Argument of type '(req: AuthRequest, res: Response, next: NextFunction) => Promise<Response<any, Record<string, any>> | undefined>' is not assignable to parameter of type 'RequestHandlerParams<ParamsDictionary, any, any, ParsedQs, Record<string, any>>'.
      Type '(req: AuthRequest, res: Response, next: NextFunction) => Promise<Response<any, Record<string, any>> | undefined>' is not assignable to type 'RequestHandler<ParamsDictionary, any, any, ParsedQs, Record<string, any>>'.
        Types of parameters 'req' and 'req' are incompatible.
          Type 'Request<ParamsDictionary, any, any, ParsedQs, Record<string, any>>' is not assignable to type 'AuthRequest'.
            Types of property 'user' are incompatible.
              Type '{ id: string; email: string; role: string; name?: string | undefined; permissions?: string[] | undefined; } | undefined' is not assignable to type '{ id: string; email: string; role: string; permissions: any; } | undefined'.
                Type '{ id: string; email: string; role: string; name?: string | undefined; permissions?: string[] | undefined; }' is not assignable to type '{ id: string; email: string; role: string; permissions: any; }'.
                  Property 'permissions' is optional in type '{ id: string; email: string; role: string; name?: string | undefined; permissions?: string[] | undefined; }' but required in type '{ id: string; email: string; role: string; permissions: any; }'.
server/src/routes/okrRoutes.ts(130,9): error TS2322: Type 'string | null | undefined' is not assignable to type 'string | undefined'.
  Type 'null' is not assignable to type 'string | undefined'.
server/src/routes/okrRoutes.ts(153,3): error TS2769: No overload matches this call.
  The last overload gave the following error.
    Argument of type '(req: AuthRequest, res: Response, next: NextFunction) => Promise<Response<any, Record<string, any>> | undefined>' is not assignable to parameter of type 'RequestHandlerParams<ParamsDictionary, any, any, ParsedQs, Record<string, any>>'.
      Type '(req: AuthRequest, res: Response, next: NextFunction) => Promise<Response<any, Record<string, any>> | undefined>' is not assignable to type 'RequestHandler<ParamsDictionary, any, any, ParsedQs, Record<string, any>>'.
        Types of parameters 'req' and 'req' are incompatible.
          Type 'Request<ParamsDictionary, any, any, ParsedQs, Record<string, any>>' is not assignable to type 'AuthRequest'.
            Types of property 'user' are incompatible.
              Type '{ id: string; email: string; role: string; name?: string | undefined; permissions?: string[] | undefined; } | undefined' is not assignable to type '{ id: string; email: string; role: string; permissions: any; } | undefined'.
                Type '{ id: string; email: string; role: string; name?: string | undefined; permissions?: string[] | undefined; }' is not assignable to type '{ id: string; email: string; role: string; permissions: any; }'.
                  Property 'permissions' is optional in type '{ id: string; email: string; role: string; name?: string | undefined; permissions?: string[] | undefined; }' but required in type '{ id: string; email: string; role: string; permissions: any; }'.
server/src/routes/okrRoutes.ts(184,3): error TS2769: No overload matches this call.
  The last overload gave the following error.
    Argument of type '(req: AuthRequest, res: Response, next: NextFunction) => Promise<Response<any, Record<string, any>> | undefined>' is not assignable to parameter of type 'RequestHandlerParams<ParamsDictionary, any, any, ParsedQs, Record<string, any>>'.
      Type '(req: AuthRequest, res: Response, next: NextFunction) => Promise<Response<any, Record<string, any>> | undefined>' is not assignable to type 'RequestHandler<ParamsDictionary, any, any, ParsedQs, Record<string, any>>'.
        Types of parameters 'req' and 'req' are incompatible.
          Type 'Request<ParamsDictionary, any, any, ParsedQs, Record<string, any>>' is not assignable to type 'AuthRequest'.
            Types of property 'user' are incompatible.
              Type '{ id: string; email: string; role: string; name?: string | undefined; permissions?: string[] | undefined; } | undefined' is not assignable to type '{ id: string; email: string; role: string; permissions: any; } | undefined'.
                Type '{ id: string; email: string; role: string; name?: string | undefined; permissions?: string[] | undefined; }' is not assignable to type '{ id: string; email: string; role: string; permissions: any; }'.
                  Property 'permissions' is optional in type '{ id: string; email: string; role: string; name?: string | undefined; permissions?: string[] | undefined; }' but required in type '{ id: string; email: string; role: string; permissions: any; }'.
server/src/routes/okrRoutes.ts(215,3): error TS2769: No overload matches this call.
  The last overload gave the following error.
    Argument of type '(req: AuthRequest, res: Response, next: NextFunction) => Promise<Response<any, Record<string, any>> | undefined>' is not assignable to parameter of type 'RequestHandlerParams<ParamsDictionary, any, any, ParsedQs, Record<string, any>>'.
      Type '(req: AuthRequest, res: Response, next: NextFunction) => Promise<Response<any, Record<string, any>> | undefined>' is not assignable to type 'RequestHandler<ParamsDictionary, any, any, ParsedQs, Record<string, any>>'.
        Types of parameters 'req' and 'req' are incompatible.
          Type 'Request<ParamsDictionary, any, any, ParsedQs, Record<string, any>>' is not assignable to type 'AuthRequest'.
            Types of property 'user' are incompatible.
              Type '{ id: string; email: string; role: string; name?: string | undefined; permissions?: string[] | undefined; } | undefined' is not assignable to type '{ id: string; email: string; role: string; permissions: any; } | undefined'.
                Type '{ id: string; email: string; role: string; name?: string | undefined; permissions?: string[] | undefined; }' is not assignable to type '{ id: string; email: string; role: string; permissions: any; }'.
                  Property 'permissions' is optional in type '{ id: string; email: string; role: string; name?: string | undefined; permissions?: string[] | undefined; }' but required in type '{ id: string; email: string; role: string; permissions: any; }'.
server/src/routes/okrRoutes.ts(252,3): error TS2769: No overload matches this call.
  The last overload gave the following error.
    Argument of type '(req: AuthRequest, res: Response, next: NextFunction) => Promise<Response<any, Record<string, any>> | undefined>' is not assignable to parameter of type 'RequestHandlerParams<ParamsDictionary, any, any, ParsedQs, Record<string, any>>'.
      Type '(req: AuthRequest, res: Response, next: NextFunction) => Promise<Response<any, Record<string, any>> | undefined>' is not assignable to type 'RequestHandler<ParamsDictionary, any, any, ParsedQs, Record<string, any>>'.
        Types of parameters 'req' and 'req' are incompatible.
          Type 'Request<ParamsDictionary, any, any, ParsedQs, Record<string, any>>' is not assignable to type 'AuthRequest'.
            Types of property 'user' are incompatible.
              Type '{ id: string; email: string; role: string; name?: string | undefined; permissions?: string[] | undefined; } | undefined' is not assignable to type '{ id: string; email: string; role: string; permissions: any; } | undefined'.
                Type '{ id: string; email: string; role: string; name?: string | undefined; permissions?: string[] | undefined; }' is not assignable to type '{ id: string; email: string; role: string; permissions: any; }'.
                  Property 'permissions' is optional in type '{ id: string; email: string; role: string; name?: string | undefined; permissions?: string[] | undefined; }' but required in type '{ id: string; email: string; role: string; permissions: any; }'.
server/src/routes/okrRoutes.ts(287,3): error TS2769: No overload matches this call.
  The last overload gave the following error.
    Argument of type '(req: AuthRequest, res: Response, next: NextFunction) => Promise<Response<any, Record<string, any>> | undefined>' is not assignable to parameter of type 'RequestHandlerParams<ParamsDictionary, any, any, ParsedQs, Record<string, any>>'.
      Type '(req: AuthRequest, res: Response, next: NextFunction) => Promise<Response<any, Record<string, any>> | undefined>' is not assignable to type 'RequestHandler<ParamsDictionary, any, any, ParsedQs, Record<string, any>>'.
        Types of parameters 'req' and 'req' are incompatible.
          Type 'Request<ParamsDictionary, any, any, ParsedQs, Record<string, any>>' is not assignable to type 'AuthRequest'.
            Types of property 'user' are incompatible.
              Type '{ id: string; email: string; role: string; name?: string | undefined; permissions?: string[] | undefined; } | undefined' is not assignable to type '{ id: string; email: string; role: string; permissions: any; } | undefined'.
                Type '{ id: string; email: string; role: string; name?: string | undefined; permissions?: string[] | undefined; }' is not assignable to type '{ id: string; email: string; role: string; permissions: any; }'.
                  Property 'permissions' is optional in type '{ id: string; email: string; role: string; name?: string | undefined; permissions?: string[] | undefined; }' but required in type '{ id: string; email: string; role: string; permissions: any; }'.
server/src/routes/okrRoutes.ts(324,3): error TS2769: No overload matches this call.
  The last overload gave the following error.
    Argument of type '(req: AuthRequest, res: Response, next: NextFunction) => Promise<Response<any, Record<string, any>> | undefined>' is not assignable to parameter of type 'RequestHandlerParams<ParamsDictionary, any, any, ParsedQs, Record<string, any>>'.
      Type '(req: AuthRequest, res: Response, next: NextFunction) => Promise<Response<any, Record<string, any>> | undefined>' is not assignable to type 'RequestHandler<ParamsDictionary, any, any, ParsedQs, Record<string, any>>'.
        Types of parameters 'req' and 'req' are incompatible.
          Type 'Request<ParamsDictionary, any, any, ParsedQs, Record<string, any>>' is not assignable to type 'AuthRequest'.
            Types of property 'user' are incompatible.
              Type '{ id: string; email: string; role: string; name?: string | undefined; permissions?: string[] | undefined; } | undefined' is not assignable to type '{ id: string; email: string; role: string; permissions: any; } | undefined'.
                Type '{ id: string; email: string; role: string; name?: string | undefined; permissions?: string[] | undefined; }' is not assignable to type '{ id: string; email: string; role: string; permissions: any; }'.
                  Property 'permissions' is optional in type '{ id: string; email: string; role: string; name?: string | undefined; permissions?: string[] | undefined; }' but required in type '{ id: string; email: string; role: string; permissions: any; }'.
server/src/routes/okrRoutes.ts(366,3): error TS2769: No overload matches this call.
  The last overload gave the following error.
    Argument of type '(req: AuthRequest, res: Response, next: NextFunction) => Promise<Response<any, Record<string, any>> | undefined>' is not assignable to parameter of type 'RequestHandlerParams<ParamsDictionary, any, any, ParsedQs, Record<string, any>>'.
      Type '(req: AuthRequest, res: Response, next: NextFunction) => Promise<Response<any, Record<string, any>> | undefined>' is not assignable to type 'RequestHandler<ParamsDictionary, any, any, ParsedQs, Record<string, any>>'.
        Types of parameters 'req' and 'req' are incompatible.
          Type 'Request<ParamsDictionary, any, any, ParsedQs, Record<string, any>>' is not assignable to type 'AuthRequest'.
            Types of property 'user' are incompatible.
              Type '{ id: string; email: string; role: string; name?: string | undefined; permissions?: string[] | undefined; } | undefined' is not assignable to type '{ id: string; email: string; role: string; permissions: any; } | undefined'.
                Type '{ id: string; email: string; role: string; name?: string | undefined; permissions?: string[] | undefined; }' is not assignable to type '{ id: string; email: string; role: string; permissions: any; }'.
                  Property 'permissions' is optional in type '{ id: string; email: string; role: string; name?: string | undefined; permissions?: string[] | undefined; }' but required in type '{ id: string; email: string; role: string; permissions: any; }'.
server/src/routes/okrRoutes.ts(396,3): error TS2769: No overload matches this call.
  The last overload gave the following error.
    Argument of type '(req: AuthRequest, res: Response, next: NextFunction) => Promise<Response<any, Record<string, any>> | undefined>' is not assignable to parameter of type 'RequestHandlerParams<ParamsDictionary, any, any, ParsedQs, Record<string, any>>'.
      Type '(req: AuthRequest, res: Response, next: NextFunction) => Promise<Response<any, Record<string, any>> | undefined>' is not assignable to type 'RequestHandler<ParamsDictionary, any, any, ParsedQs, Record<string, any>>'.
        Types of parameters 'req' and 'req' are incompatible.
          Type 'Request<ParamsDictionary, any, any, ParsedQs, Record<string, any>>' is not assignable to type 'AuthRequest'.
            Types of property 'user' are incompatible.
              Type '{ id: string; email: string; role: string; name?: string | undefined; permissions?: string[] | undefined; } | undefined' is not assignable to type '{ id: string; email: string; role: string; permissions: any; } | undefined'.
                Type '{ id: string; email: string; role: string; name?: string | undefined; permissions?: string[] | undefined; }' is not assignable to type '{ id: string; email: string; role: string; permissions: any; }'.
                  Property 'permissions' is optional in type '{ id: string; email: string; role: string; name?: string | undefined; permissions?: string[] | undefined; }' but required in type '{ id: string; email: string; role: string; permissions: any; }'.
server/src/routes/okrRoutes.ts(433,3): error TS2769: No overload matches this call.
  The last overload gave the following error.
    Argument of type '(req: AuthRequest, res: Response, next: NextFunction) => Promise<Response<any, Record<string, any>> | undefined>' is not assignable to parameter of type 'RequestHandlerParams<ParamsDictionary, any, any, ParsedQs, Record<string, any>>'.
      Type '(req: AuthRequest, res: Response, next: NextFunction) => Promise<Response<any, Record<string, any>> | undefined>' is not assignable to type 'RequestHandler<ParamsDictionary, any, any, ParsedQs, Record<string, any>>'.
        Types of parameters 'req' and 'req' are incompatible.
          Type 'Request<ParamsDictionary, any, any, ParsedQs, Record<string, any>>' is not assignable to type 'AuthRequest'.
            Types of property 'user' are incompatible.
              Type '{ id: string; email: string; role: string; name?: string | undefined; permissions?: string[] | undefined; } | undefined' is not assignable to type '{ id: string; email: string; role: string; permissions: any; } | undefined'.
                Type '{ id: string; email: string; role: string; name?: string | undefined; permissions?: string[] | undefined; }' is not assignable to type '{ id: string; email: string; role: string; permissions: any; }'.
                  Property 'permissions' is optional in type '{ id: string; email: string; role: string; name?: string | undefined; permissions?: string[] | undefined; }' but required in type '{ id: string; email: string; role: string; permissions: any; }'.
server/src/routes/performanceActuals.ts(50,3): error TS2769: No overload matches this call.
  The last overload gave the following error.
    Argument of type '(req: AuthRequest, res: Response, next: NextFunction) => Promise<Response<any, Record<string, any>> | undefined>' is not assignable to parameter of type 'RequestHandlerParams<ParamsDictionary, any, any, ParsedQs, Record<string, any>>'.
      Type '(req: AuthRequest, res: Response, next: NextFunction) => Promise<Response<any, Record<string, any>> | undefined>' is not assignable to type 'RequestHandler<ParamsDictionary, any, any, ParsedQs, Record<string, any>>'.
        Types of parameters 'req' and 'req' are incompatible.
          Type 'Request<ParamsDictionary, any, any, ParsedQs, Record<string, any>>' is not assignable to type 'AuthRequest'.
            Types of property 'user' are incompatible.
              Type '{ id: string; email: string; role: string; name?: string | undefined; permissions?: string[] | undefined; } | undefined' is not assignable to type '{ id: string; email: string; role: string; permissions: any; } | undefined'.
                Type '{ id: string; email: string; role: string; name?: string | undefined; permissions?: string[] | undefined; }' is not assignable to type '{ id: string; email: string; role: string; permissions: any; }'.
                  Property 'permissions' is optional in type '{ id: string; email: string; role: string; name?: string | undefined; permissions?: string[] | undefined; }' but required in type '{ id: string; email: string; role: string; permissions: any; }'.
server/src/routes/performanceActuals.ts(196,3): error TS2769: No overload matches this call.
  The last overload gave the following error.
    Argument of type '(req: AuthRequest, res: Response, next: NextFunction) => Promise<Response<any, Record<string, any>> | undefined>' is not assignable to parameter of type 'RequestHandlerParams<ParamsDictionary, any, any, ParsedQs, Record<string, any>>'.
      Type '(req: AuthRequest, res: Response, next: NextFunction) => Promise<Response<any, Record<string, any>> | undefined>' is not assignable to type 'RequestHandler<ParamsDictionary, any, any, ParsedQs, Record<string, any>>'.
        Types of parameters 'req' and 'req' are incompatible.
          Type 'Request<ParamsDictionary, any, any, ParsedQs, Record<string, any>>' is not assignable to type 'AuthRequest'.
            Types of property 'user' are incompatible.
              Type '{ id: string; email: string; role: string; name?: string | undefined; permissions?: string[] | undefined; } | undefined' is not assignable to type '{ id: string; email: string; role: string; permissions: any; } | undefined'.
                Type '{ id: string; email: string; role: string; name?: string | undefined; permissions?: string[] | undefined; }' is not assignable to type '{ id: string; email: string; role: string; permissions: any; }'.
                  Property 'permissions' is optional in type '{ id: string; email: string; role: string; name?: string | undefined; permissions?: string[] | undefined; }' but required in type '{ id: string; email: string; role: string; permissions: any; }'.
server/src/routes/performanceActuals.ts(346,3): error TS2769: No overload matches this call.
  The last overload gave the following error.
    Argument of type '(req: AuthRequest, res: Response, next: NextFunction) => Promise<Response<any, Record<string, any>> | undefined>' is not assignable to parameter of type 'RequestHandlerParams<ParamsDictionary, any, any, ParsedQs, Record<string, any>>'.
      Type '(req: AuthRequest, res: Response, next: NextFunction) => Promise<Response<any, Record<string, any>> | undefined>' is not assignable to type 'RequestHandler<ParamsDictionary, any, any, ParsedQs, Record<string, any>>'.
        Types of parameters 'req' and 'req' are incompatible.
          Type 'Request<ParamsDictionary, any, any, ParsedQs, Record<string, any>>' is not assignable to type 'AuthRequest'.
            Types of property 'user' are incompatible.
              Type '{ id: string; email: string; role: string; name?: string | undefined; permissions?: string[] | undefined; } | undefined' is not assignable to type '{ id: string; email: string; role: string; permissions: any; } | undefined'.
                Type '{ id: string; email: string; role: string; name?: string | undefined; permissions?: string[] | undefined; }' is not assignable to type '{ id: string; email: string; role: string; permissions: any; }'.
                  Property 'permissions' is optional in type '{ id: string; email: string; role: string; name?: string | undefined; permissions?: string[] | undefined; }' but required in type '{ id: string; email: string; role: string; permissions: any; }'.
server/src/routes/pipeline.ts(38,3): error TS2769: No overload matches this call.
  The last overload gave the following error.
    Argument of type '(req: AuthRequest, res: Response, next: NextFunction) => Promise<Response<any, Record<string, any>> | undefined>' is not assignable to parameter of type 'RequestHandlerParams<ParamsDictionary, any, any, ParsedQs, Record<string, any>>'.
      Type '(req: AuthRequest, res: Response, next: NextFunction) => Promise<Response<any, Record<string, any>> | undefined>' is not assignable to type 'RequestHandler<ParamsDictionary, any, any, ParsedQs, Record<string, any>>'.
        Types of parameters 'req' and 'req' are incompatible.
          Type 'Request<ParamsDictionary, any, any, ParsedQs, Record<string, any>>' is not assignable to type 'AuthRequest'.
            Types of property 'user' are incompatible.
              Type '{ id: string; email: string; role: string; name?: string | undefined; permissions?: string[] | undefined; } | undefined' is not assignable to type '{ id: string; email: string; role: string; permissions: any; } | undefined'.
                Type '{ id: string; email: string; role: string; name?: string | undefined; permissions?: string[] | undefined; }' is not assignable to type '{ id: string; email: string; role: string; permissions: any; }'.
                  Property 'permissions' is optional in type '{ id: string; email: string; role: string; name?: string | undefined; permissions?: string[] | undefined; }' but required in type '{ id: string; email: string; role: string; permissions: any; }'.
server/src/routes/pipeline.ts(176,18): error TS18046: 'error' is of type 'unknown'.
server/src/routes/pipeline.ts(187,3): error TS2769: No overload matches this call.
  The last overload gave the following error.
    Argument of type '(req: AuthRequest, res: Response, next: NextFunction) => Promise<Response<any, Record<string, any>> | undefined>' is not assignable to parameter of type 'RequestHandlerParams<ParamsDictionary, any, any, ParsedQs, Record<string, any>>'.
      Type '(req: AuthRequest, res: Response, next: NextFunction) => Promise<Response<any, Record<string, any>> | undefined>' is not assignable to type 'RequestHandler<ParamsDictionary, any, any, ParsedQs, Record<string, any>>'.
        Types of parameters 'req' and 'req' are incompatible.
          Type 'Request<ParamsDictionary, any, any, ParsedQs, Record<string, any>>' is not assignable to type 'AuthRequest'.
            Types of property 'user' are incompatible.
              Type '{ id: string; email: string; role: string; name?: string | undefined; permissions?: string[] | undefined; } | undefined' is not assignable to type '{ id: string; email: string; role: string; permissions: any; } | undefined'.
                Type '{ id: string; email: string; role: string; name?: string | undefined; permissions?: string[] | undefined; }' is not assignable to type '{ id: string; email: string; role: string; permissions: any; }'.
                  Property 'permissions' is optional in type '{ id: string; email: string; role: string; name?: string | undefined; permissions?: string[] | undefined; }' but required in type '{ id: string; email: string; role: string; permissions: any; }'.
server/src/routes/pipeline.ts(242,62): error TS7006: Parameter 's' implicitly has an 'any' type.
server/src/routes/pipeline.ts(285,18): error TS18046: 'error' is of type 'unknown'.
server/src/routes/pipeline.ts(296,3): error TS2769: No overload matches this call.
  The last overload gave the following error.
    Argument of type '(req: AuthRequest, res: Response, next: NextFunction) => Promise<Response<any, Record<string, any>> | undefined>' is not assignable to parameter of type 'RequestHandlerParams<ParamsDictionary, any, any, ParsedQs, Record<string, any>>'.
      Type '(req: AuthRequest, res: Response, next: NextFunction) => Promise<Response<any, Record<string, any>> | undefined>' is not assignable to type 'RequestHandler<ParamsDictionary, any, any, ParsedQs, Record<string, any>>'.
        Types of parameters 'req' and 'req' are incompatible.
          Type 'Request<ParamsDictionary, any, any, ParsedQs, Record<string, any>>' is not assignable to type 'AuthRequest'.
            Types of property 'user' are incompatible.
              Type '{ id: string; email: string; role: string; name?: string | undefined; permissions?: string[] | undefined; } | undefined' is not assignable to type '{ id: string; email: string; role: string; permissions: any; } | undefined'.
                Type '{ id: string; email: string; role: string; name?: string | undefined; permissions?: string[] | undefined; }' is not assignable to type '{ id: string; email: string; role: string; permissions: any; }'.
                  Property 'permissions' is optional in type '{ id: string; email: string; role: string; name?: string | undefined; permissions?: string[] | undefined; }' but required in type '{ id: string; email: string; role: string; permissions: any; }'.
server/src/routes/pipeline.ts(319,18): error TS18046: 'error' is of type 'unknown'.
server/src/routes/pipeline.ts(330,3): error TS2769: No overload matches this call.
  The last overload gave the following error.
    Argument of type '(req: AuthRequest, res: Response, next: NextFunction) => Promise<Response<any, Record<string, any>> | undefined>' is not assignable to parameter of type 'RequestHandlerParams<ParamsDictionary, any, any, ParsedQs, Record<string, any>>'.
      Type '(req: AuthRequest, res: Response, next: NextFunction) => Promise<Response<any, Record<string, any>> | undefined>' is not assignable to type 'RequestHandler<ParamsDictionary, any, any, ParsedQs, Record<string, any>>'.
        Types of parameters 'req' and 'req' are incompatible.
          Type 'Request<ParamsDictionary, any, any, ParsedQs, Record<string, any>>' is not assignable to type 'AuthRequest'.
            Types of property 'user' are incompatible.
              Type '{ id: string; email: string; role: string; name?: string | undefined; permissions?: string[] | undefined; } | undefined' is not assignable to type '{ id: string; email: string; role: string; permissions: any; } | undefined'.
                Type '{ id: string; email: string; role: string; name?: string | undefined; permissions?: string[] | undefined; }' is not assignable to type '{ id: string; email: string; role: string; permissions: any; }'.
                  Property 'permissions' is optional in type '{ id: string; email: string; role: string; name?: string | undefined; permissions?: string[] | undefined; }' but required in type '{ id: string; email: string; role: string; permissions: any; }'.
server/src/routes/pipeline.ts(400,18): error TS18046: 'error' is of type 'unknown'.
server/src/routes/pipeline.ts(411,3): error TS2769: No overload matches this call.
  The last overload gave the following error.
    Argument of type '(req: AuthRequest, res: Response, next: NextFunction) => Promise<Response<any, Record<string, any>> | undefined>' is not assignable to parameter of type 'RequestHandlerParams<ParamsDictionary, any, any, ParsedQs, Record<string, any>>'.
      Type '(req: AuthRequest, res: Response, next: NextFunction) => Promise<Response<any, Record<string, any>> | undefined>' is not assignable to type 'RequestHandler<ParamsDictionary, any, any, ParsedQs, Record<string, any>>'.
        Types of parameters 'req' and 'req' are incompatible.
          Type 'Request<ParamsDictionary, any, any, ParsedQs, Record<string, any>>' is not assignable to type 'AuthRequest'.
            Types of property 'user' are incompatible.
              Type '{ id: string; email: string; role: string; name?: string | undefined; permissions?: string[] | undefined; } | undefined' is not assignable to type '{ id: string; email: string; role: string; permissions: any; } | undefined'.
                Type '{ id: string; email: string; role: string; name?: string | undefined; permissions?: string[] | undefined; }' is not assignable to type '{ id: string; email: string; role: string; permissions: any; }'.
                  Property 'permissions' is optional in type '{ id: string; email: string; role: string; name?: string | undefined; permissions?: string[] | undefined; }' but required in type '{ id: string; email: string; role: string; permissions: any; }'.
server/src/routes/pipeline.ts(453,18): error TS18046: 'error' is of type 'unknown'.
server/src/routes/pipeline.ts(464,3): error TS2769: No overload matches this call.
  The last overload gave the following error.
    Argument of type '(req: AuthRequest, res: Response, next: NextFunction) => Promise<Response<any, Record<string, any>> | undefined>' is not assignable to parameter of type 'RequestHandlerParams<ParamsDictionary, any, any, ParsedQs, Record<string, any>>'.
      Type '(req: AuthRequest, res: Response, next: NextFunction) => Promise<Response<any, Record<string, any>> | undefined>' is not assignable to type 'RequestHandler<ParamsDictionary, any, any, ParsedQs, Record<string, any>>'.
        Types of parameters 'req' and 'req' are incompatible.
          Type 'Request<ParamsDictionary, any, any, ParsedQs, Record<string, any>>' is not assignable to type 'AuthRequest'.
            Types of property 'user' are incompatible.
              Type '{ id: string; email: string; role: string; name?: string | undefined; permissions?: string[] | undefined; } | undefined' is not assignable to type '{ id: string; email: string; role: string; permissions: any; } | undefined'.
                Type '{ id: string; email: string; role: string; name?: string | undefined; permissions?: string[] | undefined; }' is not assignable to type '{ id: string; email: string; role: string; permissions: any; }'.
                  Property 'permissions' is optional in type '{ id: string; email: string; role: string; name?: string | undefined; permissions?: string[] | undefined; }' but required in type '{ id: string; email: string; role: string; permissions: any; }'.
server/src/routes/pipeline.ts(517,18): error TS18046: 'error' is of type 'unknown'.
server/src/routes/pipeline.ts(528,3): error TS2769: No overload matches this call.
  The last overload gave the following error.
    Argument of type '(req: AuthRequest, res: Response, next: NextFunction) => Promise<Response<any, Record<string, any>> | undefined>' is not assignable to parameter of type 'RequestHandlerParams<ParamsDictionary, any, any, ParsedQs, Record<string, any>>'.
      Type '(req: AuthRequest, res: Response, next: NextFunction) => Promise<Response<any, Record<string, any>> | undefined>' is not assignable to type 'RequestHandler<ParamsDictionary, any, any, ParsedQs, Record<string, any>>'.
        Types of parameters 'req' and 'req' are incompatible.
          Type 'Request<ParamsDictionary, any, any, ParsedQs, Record<string, any>>' is not assignable to type 'AuthRequest'.
            Types of property 'user' are incompatible.
              Type '{ id: string; email: string; role: string; name?: string | undefined; permissions?: string[] | undefined; } | undefined' is not assignable to type '{ id: string; email: string; role: string; permissions: any; } | undefined'.
                Type '{ id: string; email: string; role: string; name?: string | undefined; permissions?: string[] | undefined; }' is not assignable to type '{ id: string; email: string; role: string; permissions: any; }'.
                  Property 'permissions' is optional in type '{ id: string; email: string; role: string; name?: string | undefined; permissions?: string[] | undefined; }' but required in type '{ id: string; email: string; role: string; permissions: any; }'.
server/src/routes/pipeline.ts(597,18): error TS18046: 'error' is of type 'unknown'.
server/src/routes/pipeline.ts(608,3): error TS2769: No overload matches this call.
  The last overload gave the following error.
    Argument of type '(req: AuthRequest, res: Response, next: NextFunction) => Promise<Response<any, Record<string, any>> | undefined>' is not assignable to parameter of type 'RequestHandlerParams<ParamsDictionary, any, any, ParsedQs, Record<string, any>>'.
      Type '(req: AuthRequest, res: Response, next: NextFunction) => Promise<Response<any, Record<string, any>> | undefined>' is not assignable to type 'RequestHandler<ParamsDictionary, any, any, ParsedQs, Record<string, any>>'.
        Types of parameters 'req' and 'req' are incompatible.
          Type 'Request<ParamsDictionary, any, any, ParsedQs, Record<string, any>>' is not assignable to type 'AuthRequest'.
            Types of property 'user' are incompatible.
              Type '{ id: string; email: string; role: string; name?: string | undefined; permissions?: string[] | undefined; } | undefined' is not assignable to type '{ id: string; email: string; role: string; permissions: any; } | undefined'.
                Type '{ id: string; email: string; role: string; name?: string | undefined; permissions?: string[] | undefined; }' is not assignable to type '{ id: string; email: string; role: string; permissions: any; }'.
                  Property 'permissions' is optional in type '{ id: string; email: string; role: string; name?: string | undefined; permissions?: string[] | undefined; }' but required in type '{ id: string; email: string; role: string; permissions: any; }'.
server/src/routes/pipeline.ts(636,18): error TS18046: 'error' is of type 'unknown'.
server/src/routes/pmbok6Routes.ts(53,3): error TS2769: No overload matches this call.
  The last overload gave the following error.
    Argument of type '(req: AuthRequest, res: Response, next: NextFunction) => Promise<Response<any, Record<string, any>> | undefined>' is not assignable to parameter of type 'RequestHandlerParams<ParamsDictionary, any, any, ParsedQs, Record<string, any>>'.
      Type '(req: AuthRequest, res: Response, next: NextFunction) => Promise<Response<any, Record<string, any>> | undefined>' is not assignable to type 'RequestHandler<ParamsDictionary, any, any, ParsedQs, Record<string, any>>'.
        Types of parameters 'req' and 'req' are incompatible.
          Type 'Request<ParamsDictionary, any, any, ParsedQs, Record<string, any>>' is not assignable to type 'AuthRequest'.
            Types of property 'user' are incompatible.
              Type '{ id: string; email: string; role: string; name?: string | undefined; permissions?: string[] | undefined; } | undefined' is not assignable to type '{ id: string; email: string; role: string; permissions: any; } | undefined'.
                Type '{ id: string; email: string; role: string; name?: string | undefined; permissions?: string[] | undefined; }' is not assignable to type '{ id: string; email: string; role: string; permissions: any; }'.
                  Property 'permissions' is optional in type '{ id: string; email: string; role: string; name?: string | undefined; permissions?: string[] | undefined; }' but required in type '{ id: string; email: string; role: string; permissions: any; }'.
server/src/routes/pmbok6Routes.ts(93,3): error TS2769: No overload matches this call.
  The last overload gave the following error.
    Argument of type '(req: AuthRequest, res: Response, next: NextFunction) => Promise<Response<any, Record<string, any>> | undefined>' is not assignable to parameter of type 'RequestHandlerParams<ParamsDictionary, any, any, ParsedQs, Record<string, any>>'.
      Type '(req: AuthRequest, res: Response, next: NextFunction) => Promise<Response<any, Record<string, any>> | undefined>' is not assignable to type 'RequestHandler<ParamsDictionary, any, any, ParsedQs, Record<string, any>>'.
        Types of parameters 'req' and 'req' are incompatible.
          Type 'Request<ParamsDictionary, any, any, ParsedQs, Record<string, any>>' is not assignable to type 'AuthRequest'.
            Types of property 'user' are incompatible.
              Type '{ id: string; email: string; role: string; name?: string | undefined; permissions?: string[] | undefined; } | undefined' is not assignable to type '{ id: string; email: string; role: string; permissions: any; } | undefined'.
                Type '{ id: string; email: string; role: string; name?: string | undefined; permissions?: string[] | undefined; }' is not assignable to type '{ id: string; email: string; role: string; permissions: any; }'.
                  Property 'permissions' is optional in type '{ id: string; email: string; role: string; name?: string | undefined; permissions?: string[] | undefined; }' but required in type '{ id: string; email: string; role: string; permissions: any; }'.
server/src/routes/pmbok6Routes.ts(148,3): error TS2769: No overload matches this call.
  The last overload gave the following error.
    Argument of type '(req: AuthRequest, res: Response, next: NextFunction) => Promise<Response<any, Record<string, any>> | undefined>' is not assignable to parameter of type 'RequestHandlerParams<ParamsDictionary, any, any, ParsedQs, Record<string, any>>'.
      Type '(req: AuthRequest, res: Response, next: NextFunction) => Promise<Response<any, Record<string, any>> | undefined>' is not assignable to type 'RequestHandler<ParamsDictionary, any, any, ParsedQs, Record<string, any>>'.
        Types of parameters 'req' and 'req' are incompatible.
          Type 'Request<ParamsDictionary, any, any, ParsedQs, Record<string, any>>' is not assignable to type 'AuthRequest'.
            Types of property 'user' are incompatible.
              Type '{ id: string; email: string; role: string; name?: string | undefined; permissions?: string[] | undefined; } | undefined' is not assignable to type '{ id: string; email: string; role: string; permissions: any; } | undefined'.
                Type '{ id: string; email: string; role: string; name?: string | undefined; permissions?: string[] | undefined; }' is not assignable to type '{ id: string; email: string; role: string; permissions: any; }'.
                  Property 'permissions' is optional in type '{ id: string; email: string; role: string; name?: string | undefined; permissions?: string[] | undefined; }' but required in type '{ id: string; email: string; role: string; permissions: any; }'.
server/src/routes/pmbok6Routes.ts(188,3): error TS2769: No overload matches this call.
  The last overload gave the following error.
    Argument of type '(req: AuthRequest, res: Response, next: NextFunction) => Promise<Response<any, Record<string, any>> | undefined>' is not assignable to parameter of type 'RequestHandlerParams<ParamsDictionary, any, any, ParsedQs, Record<string, any>>'.
      Type '(req: AuthRequest, res: Response, next: NextFunction) => Promise<Response<any, Record<string, any>> | undefined>' is not assignable to type 'RequestHandler<ParamsDictionary, any, any, ParsedQs, Record<string, any>>'.
        Types of parameters 'req' and 'req' are incompatible.
          Type 'Request<ParamsDictionary, any, any, ParsedQs, Record<string, any>>' is not assignable to type 'AuthRequest'.
            Types of property 'user' are incompatible.
              Type '{ id: string; email: string; role: string; name?: string | undefined; permissions?: string[] | undefined; } | undefined' is not assignable to type '{ id: string; email: string; role: string; permissions: any; } | undefined'.
                Type '{ id: string; email: string; role: string; name?: string | undefined; permissions?: string[] | undefined; }' is not assignable to type '{ id: string; email: string; role: string; permissions: any; }'.
                  Property 'permissions' is optional in type '{ id: string; email: string; role: string; name?: string | undefined; permissions?: string[] | undefined; }' but required in type '{ id: string; email: string; role: string; permissions: any; }'.
server/src/routes/pmbok6Routes.ts(243,3): error TS2769: No overload matches this call.
  The last overload gave the following error.
    Argument of type '(req: AuthRequest, res: Response, next: NextFunction) => Promise<Response<any, Record<string, any>> | undefined>' is not assignable to parameter of type 'RequestHandlerParams<ParamsDictionary, any, any, ParsedQs, Record<string, any>>'.
      Type '(req: AuthRequest, res: Response, next: NextFunction) => Promise<Response<any, Record<string, any>> | undefined>' is not assignable to type 'RequestHandler<ParamsDictionary, any, any, ParsedQs, Record<string, any>>'.
        Types of parameters 'req' and 'req' are incompatible.
          Type 'Request<ParamsDictionary, any, any, ParsedQs, Record<string, any>>' is not assignable to type 'AuthRequest'.
            Types of property 'user' are incompatible.
              Type '{ id: string; email: string; role: string; name?: string | undefined; permissions?: string[] | undefined; } | undefined' is not assignable to type '{ id: string; email: string; role: string; permissions: any; } | undefined'.
                Type '{ id: string; email: string; role: string; name?: string | undefined; permissions?: string[] | undefined; }' is not assignable to type '{ id: string; email: string; role: string; permissions: any; }'.
                  Property 'permissions' is optional in type '{ id: string; email: string; role: string; name?: string | undefined; permissions?: string[] | undefined; }' but required in type '{ id: string; email: string; role: string; permissions: any; }'.
server/src/routes/pmbok6Routes.ts(407,3): error TS2769: No overload matches this call.
  The last overload gave the following error.
    Argument of type '(req: AuthRequest, res: Response, next: NextFunction) => Promise<Response<any, Record<string, any>> | undefined>' is not assignable to parameter of type 'RequestHandlerParams<ParamsDictionary, any, any, ParsedQs, Record<string, any>>'.
      Type '(req: AuthRequest, res: Response, next: NextFunction) => Promise<Response<any, Record<string, any>> | undefined>' is not assignable to type 'RequestHandler<ParamsDictionary, any, any, ParsedQs, Record<string, any>>'.
        Types of parameters 'req' and 'req' are incompatible.
          Type 'Request<ParamsDictionary, any, any, ParsedQs, Record<string, any>>' is not assignable to type 'AuthRequest'.
            Types of property 'user' are incompatible.
              Type '{ id: string; email: string; role: string; name?: string | undefined; permissions?: string[] | undefined; } | undefined' is not assignable to type '{ id: string; email: string; role: string; permissions: any; } | undefined'.
                Type '{ id: string; email: string; role: string; name?: string | undefined; permissions?: string[] | undefined; }' is not assignable to type '{ id: string; email: string; role: string; permissions: any; }'.
                  Property 'permissions' is optional in type '{ id: string; email: string; role: string; name?: string | undefined; permissions?: string[] | undefined; }' but required in type '{ id: string; email: string; role: string; permissions: any; }'.
server/src/routes/pmbok6Routes.ts(501,3): error TS2769: No overload matches this call.
  The last overload gave the following error.
    Argument of type '(req: AuthRequest, res: Response, next: NextFunction) => Promise<Response<any, Record<string, any>> | undefined>' is not assignable to parameter of type 'RequestHandlerParams<ParamsDictionary, any, any, ParsedQs, Record<string, any>>'.
      Type '(req: AuthRequest, res: Response, next: NextFunction) => Promise<Response<any, Record<string, any>> | undefined>' is not assignable to type 'RequestHandler<ParamsDictionary, any, any, ParsedQs, Record<string, any>>'.
        Types of parameters 'req' and 'req' are incompatible.
          Type 'Request<ParamsDictionary, any, any, ParsedQs, Record<string, any>>' is not assignable to type 'AuthRequest'.
            Types of property 'user' are incompatible.
              Type '{ id: string; email: string; role: string; name?: string | undefined; permissions?: string[] | undefined; } | undefined' is not assignable to type '{ id: string; email: string; role: string; permissions: any; } | undefined'.
                Type '{ id: string; email: string; role: string; name?: string | undefined; permissions?: string[] | undefined; }' is not assignable to type '{ id: string; email: string; role: string; permissions: any; }'.
                  Property 'permissions' is optional in type '{ id: string; email: string; role: string; name?: string | undefined; permissions?: string[] | undefined; }' but required in type '{ id: string; email: string; role: string; permissions: any; }'.
server/src/routes/pmbok6Routes.ts(572,3): error TS2769: No overload matches this call.
  The last overload gave the following error.
    Argument of type '(req: AuthRequest, res: Response, next: NextFunction) => Promise<Response<any, Record<string, any>> | undefined>' is not assignable to parameter of type 'RequestHandlerParams<ParamsDictionary, any, any, ParsedQs, Record<string, any>>'.
      Type '(req: AuthRequest, res: Response, next: NextFunction) => Promise<Response<any, Record<string, any>> | undefined>' is not assignable to type 'RequestHandler<ParamsDictionary, any, any, ParsedQs, Record<string, any>>'.
        Types of parameters 'req' and 'req' are incompatible.
          Type 'Request<ParamsDictionary, any, any, ParsedQs, Record<string, any>>' is not assignable to type 'AuthRequest'.
            Types of property 'user' are incompatible.
              Type '{ id: string; email: string; role: string; name?: string | undefined; permissions?: string[] | undefined; } | undefined' is not assignable to type '{ id: string; email: string; role: string; permissions: any; } | undefined'.
                Type '{ id: string; email: string; role: string; name?: string | undefined; permissions?: string[] | undefined; }' is not assignable to type '{ id: string; email: string; role: string; permissions: any; }'.
                  Property 'permissions' is optional in type '{ id: string; email: string; role: string; name?: string | undefined; permissions?: string[] | undefined; }' but required in type '{ id: string; email: string; role: string; permissions: any; }'.
server/src/routes/prioritizationRoutes.ts(87,25): error TS2769: No overload matches this call.
  The last overload gave the following error.
    Argument of type '(req: AuthRequest, res: Response, next: NextFunction) => Promise<Response<any, Record<string, any>> | undefined>' is not assignable to parameter of type 'RequestHandlerParams<ParamsDictionary, any, any, ParsedQs, Record<string, any>>'.
      Type '(req: AuthRequest, res: Response, next: NextFunction) => Promise<Response<any, Record<string, any>> | undefined>' is not assignable to type 'RequestHandler<ParamsDictionary, any, any, ParsedQs, Record<string, any>>'.
        Types of parameters 'req' and 'req' are incompatible.
          Type 'Request<ParamsDictionary, any, any, ParsedQs, Record<string, any>>' is not assignable to type 'AuthRequest'.
            Types of property 'user' are incompatible.
              Type '{ id: string; email: string; role: string; name?: string | undefined; permissions?: string[] | undefined; } | undefined' is not assignable to type '{ id: string; email: string; role: string; permissions: any; } | undefined'.
                Type '{ id: string; email: string; role: string; name?: string | undefined; permissions?: string[] | undefined; }' is not assignable to type '{ id: string; email: string; role: string; permissions: any; }'.
                  Property 'permissions' is optional in type '{ id: string; email: string; role: string; name?: string | undefined; permissions?: string[] | undefined; }' but required in type '{ id: string; email: string; role: string; permissions: any; }'.
server/src/routes/prioritizationRoutes.ts(114,3): error TS2769: No overload matches this call.
  The last overload gave the following error.
    Argument of type '(req: AuthRequest, res: Response, next: NextFunction) => Promise<Response<any, Record<string, any>> | undefined>' is not assignable to parameter of type 'RequestHandlerParams<ParamsDictionary, any, any, ParsedQs, Record<string, any>>'.
      Type '(req: AuthRequest, res: Response, next: NextFunction) => Promise<Response<any, Record<string, any>> | undefined>' is not assignable to type 'RequestHandler<ParamsDictionary, any, any, ParsedQs, Record<string, any>>'.
        Types of parameters 'req' and 'req' are incompatible.
          Type 'Request<ParamsDictionary, any, any, ParsedQs, Record<string, any>>' is not assignable to type 'AuthRequest'.
            Types of property 'user' are incompatible.
              Type '{ id: string; email: string; role: string; name?: string | undefined; permissions?: string[] | undefined; } | undefined' is not assignable to type '{ id: string; email: string; role: string; permissions: any; } | undefined'.
                Type '{ id: string; email: string; role: string; name?: string | undefined; permissions?: string[] | undefined; }' is not assignable to type '{ id: string; email: string; role: string; permissions: any; }'.
                  Property 'permissions' is optional in type '{ id: string; email: string; role: string; name?: string | undefined; permissions?: string[] | undefined; }' but required in type '{ id: string; email: string; role: string; permissions: any; }'.
server/src/routes/prioritizationRoutes.ts(145,3): error TS2769: No overload matches this call.
  The last overload gave the following error.
    Argument of type '(req: AuthRequest, res: Response, next: NextFunction) => Promise<Response<any, Record<string, any>> | undefined>' is not assignable to parameter of type 'RequestHandlerParams<ParamsDictionary, any, any, ParsedQs, Record<string, any>>'.
      Type '(req: AuthRequest, res: Response, next: NextFunction) => Promise<Response<any, Record<string, any>> | undefined>' is not assignable to type 'RequestHandler<ParamsDictionary, any, any, ParsedQs, Record<string, any>>'.
        Types of parameters 'req' and 'req' are incompatible.
          Type 'Request<ParamsDictionary, any, any, ParsedQs, Record<string, any>>' is not assignable to type 'AuthRequest'.
            Types of property 'user' are incompatible.
              Type '{ id: string; email: string; role: string; name?: string | undefined; permissions?: string[] | undefined; } | undefined' is not assignable to type '{ id: string; email: string; role: string; permissions: any; } | undefined'.
                Type '{ id: string; email: string; role: string; name?: string | undefined; permissions?: string[] | undefined; }' is not assignable to type '{ id: string; email: string; role: string; permissions: any; }'.
                  Property 'permissions' is optional in type '{ id: string; email: string; role: string; name?: string | undefined; permissions?: string[] | undefined; }' but required in type '{ id: string; email: string; role: string; permissions: any; }'.
server/src/routes/prioritizationRoutes.ts(175,3): error TS2769: No overload matches this call.
  The last overload gave the following error.
    Argument of type '(req: AuthRequest, res: Response, next: NextFunction) => Promise<Response<any, Record<string, any>> | undefined>' is not assignable to parameter of type 'RequestHandlerParams<ParamsDictionary, any, any, ParsedQs, Record<string, any>>'.
      Type '(req: AuthRequest, res: Response, next: NextFunction) => Promise<Response<any, Record<string, any>> | undefined>' is not assignable to type 'RequestHandler<ParamsDictionary, any, any, ParsedQs, Record<string, any>>'.
        Types of parameters 'req' and 'req' are incompatible.
          Type 'Request<ParamsDictionary, any, any, ParsedQs, Record<string, any>>' is not assignable to type 'AuthRequest'.
            Types of property 'user' are incompatible.
              Type '{ id: string; email: string; role: string; name?: string | undefined; permissions?: string[] | undefined; } | undefined' is not assignable to type '{ id: string; email: string; role: string; permissions: any; } | undefined'.
                Type '{ id: string; email: string; role: string; name?: string | undefined; permissions?: string[] | undefined; }' is not assignable to type '{ id: string; email: string; role: string; permissions: any; }'.
                  Property 'permissions' is optional in type '{ id: string; email: string; role: string; name?: string | undefined; permissions?: string[] | undefined; }' but required in type '{ id: string; email: string; role: string; permissions: any; }'.
server/src/routes/prioritizationRoutes.ts(209,3): error TS2769: No overload matches this call.
  The last overload gave the following error.
    Argument of type '(req: AuthRequest, res: Response, next: NextFunction) => Promise<Response<any, Record<string, any>> | undefined>' is not assignable to parameter of type 'RequestHandlerParams<ParamsDictionary, any, any, ParsedQs, Record<string, any>>'.
      Type '(req: AuthRequest, res: Response, next: NextFunction) => Promise<Response<any, Record<string, any>> | undefined>' is not assignable to type 'RequestHandler<ParamsDictionary, any, any, ParsedQs, Record<string, any>>'.
        Types of parameters 'req' and 'req' are incompatible.
          Type 'Request<ParamsDictionary, any, any, ParsedQs, Record<string, any>>' is not assignable to type 'AuthRequest'.
            Types of property 'user' are incompatible.
              Type '{ id: string; email: string; role: string; name?: string | undefined; permissions?: string[] | undefined; } | undefined' is not assignable to type '{ id: string; email: string; role: string; permissions: any; } | undefined'.
                Type '{ id: string; email: string; role: string; name?: string | undefined; permissions?: string[] | undefined; }' is not assignable to type '{ id: string; email: string; role: string; permissions: any; }'.
                  Property 'permissions' is optional in type '{ id: string; email: string; role: string; name?: string | undefined; permissions?: string[] | undefined; }' but required in type '{ id: string; email: string; role: string; permissions: any; }'.
server/src/routes/prioritizationRoutes.ts(249,3): error TS2769: No overload matches this call.
  The last overload gave the following error.
    Argument of type '(req: AuthRequest, res: Response, next: NextFunction) => Promise<Response<any, Record<string, any>> | undefined>' is not assignable to parameter of type 'RequestHandlerParams<ParamsDictionary, any, any, ParsedQs, Record<string, any>>'.
      Type '(req: AuthRequest, res: Response, next: NextFunction) => Promise<Response<any, Record<string, any>> | undefined>' is not assignable to type 'RequestHandler<ParamsDictionary, any, any, ParsedQs, Record<string, any>>'.
        Types of parameters 'req' and 'req' are incompatible.
          Type 'Request<ParamsDictionary, any, any, ParsedQs, Record<string, any>>' is not assignable to type 'AuthRequest'.
            Types of property 'user' are incompatible.
              Type '{ id: string; email: string; role: string; name?: string | undefined; permissions?: string[] | undefined; } | undefined' is not assignable to type '{ id: string; email: string; role: string; permissions: any; } | undefined'.
                Type '{ id: string; email: string; role: string; name?: string | undefined; permissions?: string[] | undefined; }' is not assignable to type '{ id: string; email: string; role: string; permissions: any; }'.
                  Property 'permissions' is optional in type '{ id: string; email: string; role: string; name?: string | undefined; permissions?: string[] | undefined; }' but required in type '{ id: string; email: string; role: string; permissions: any; }'.
server/src/routes/prioritizationRoutes.ts(276,3): error TS2769: No overload matches this call.
  The last overload gave the following error.
    Argument of type '(req: AuthRequest, res: Response, next: NextFunction) => Promise<Response<any, Record<string, any>> | undefined>' is not assignable to parameter of type 'RequestHandlerParams<ParamsDictionary, any, any, ParsedQs, Record<string, any>>'.
      Type '(req: AuthRequest, res: Response, next: NextFunction) => Promise<Response<any, Record<string, any>> | undefined>' is not assignable to type 'RequestHandler<ParamsDictionary, any, any, ParsedQs, Record<string, any>>'.
        Types of parameters 'req' and 'req' are incompatible.
          Type 'Request<ParamsDictionary, any, any, ParsedQs, Record<string, any>>' is not assignable to type 'AuthRequest'.
            Types of property 'user' are incompatible.
              Type '{ id: string; email: string; role: string; name?: string | undefined; permissions?: string[] | undefined; } | undefined' is not assignable to type '{ id: string; email: string; role: string; permissions: any; } | undefined'.
                Type '{ id: string; email: string; role: string; name?: string | undefined; permissions?: string[] | undefined; }' is not assignable to type '{ id: string; email: string; role: string; permissions: any; }'.
                  Property 'permissions' is optional in type '{ id: string; email: string; role: string; name?: string | undefined; permissions?: string[] | undefined; }' but required in type '{ id: string; email: string; role: string; permissions: any; }'.
server/src/routes/prioritizationRoutes.ts(318,3): error TS2769: No overload matches this call.
  The last overload gave the following error.
    Argument of type '(req: AuthRequest, res: Response, next: NextFunction) => Promise<Response<any, Record<string, any>> | undefined>' is not assignable to parameter of type 'RequestHandlerParams<ParamsDictionary, any, any, ParsedQs, Record<string, any>>'.
      Type '(req: AuthRequest, res: Response, next: NextFunction) => Promise<Response<any, Record<string, any>> | undefined>' is not assignable to type 'RequestHandler<ParamsDictionary, any, any, ParsedQs, Record<string, any>>'.
        Types of parameters 'req' and 'req' are incompatible.
          Type 'Request<ParamsDictionary, any, any, ParsedQs, Record<string, any>>' is not assignable to type 'AuthRequest'.
            Types of property 'user' are incompatible.
              Type '{ id: string; email: string; role: string; name?: string | undefined; permissions?: string[] | undefined; } | undefined' is not assignable to type '{ id: string; email: string; role: string; permissions: any; } | undefined'.
                Type '{ id: string; email: string; role: string; name?: string | undefined; permissions?: string[] | undefined; }' is not assignable to type '{ id: string; email: string; role: string; permissions: any; }'.
                  Property 'permissions' is optional in type '{ id: string; email: string; role: string; name?: string | undefined; permissions?: string[] | undefined; }' but required in type '{ id: string; email: string; role: string; permissions: any; }'.
server/src/routes/prioritizationRoutes.ts(357,3): error TS2769: No overload matches this call.
  The last overload gave the following error.
    Argument of type '(req: AuthRequest, res: Response, next: NextFunction) => Promise<Response<any, Record<string, any>> | undefined>' is not assignable to parameter of type 'RequestHandlerParams<ParamsDictionary, any, any, ParsedQs, Record<string, any>>'.
      Type '(req: AuthRequest, res: Response, next: NextFunction) => Promise<Response<any, Record<string, any>> | undefined>' is not assignable to type 'RequestHandler<ParamsDictionary, any, any, ParsedQs, Record<string, any>>'.
        Types of parameters 'req' and 'req' are incompatible.
          Type 'Request<ParamsDictionary, any, any, ParsedQs, Record<string, any>>' is not assignable to type 'AuthRequest'.
            Types of property 'user' are incompatible.
              Type '{ id: string; email: string; role: string; name?: string | undefined; permissions?: string[] | undefined; } | undefined' is not assignable to type '{ id: string; email: string; role: string; permissions: any; } | undefined'.
                Type '{ id: string; email: string; role: string; name?: string | undefined; permissions?: string[] | undefined; }' is not assignable to type '{ id: string; email: string; role: string; permissions: any; }'.
                  Property 'permissions' is optional in type '{ id: string; email: string; role: string; name?: string | undefined; permissions?: string[] | undefined; }' but required in type '{ id: string; email: string; role: string; permissions: any; }'.
server/src/routes/prioritizationRoutes.ts(390,25): error TS2769: No overload matches this call.
  The last overload gave the following error.
    Argument of type '(req: AuthRequest, res: Response, next: NextFunction) => Promise<Response<any, Record<string, any>> | undefined>' is not assignable to parameter of type 'RequestHandlerParams<ParamsDictionary, any, any, ParsedQs, Record<string, any>>'.
      Type '(req: AuthRequest, res: Response, next: NextFunction) => Promise<Response<any, Record<string, any>> | undefined>' is not assignable to type 'RequestHandler<ParamsDictionary, any, any, ParsedQs, Record<string, any>>'.
        Types of parameters 'req' and 'req' are incompatible.
          Type 'Request<ParamsDictionary, any, any, ParsedQs, Record<string, any>>' is not assignable to type 'AuthRequest'.
            Types of property 'user' are incompatible.
              Type '{ id: string; email: string; role: string; name?: string | undefined; permissions?: string[] | undefined; } | undefined' is not assignable to type '{ id: string; email: string; role: string; permissions: any; } | undefined'.
                Type '{ id: string; email: string; role: string; name?: string | undefined; permissions?: string[] | undefined; }' is not assignable to type '{ id: string; email: string; role: string; permissions: any; }'.
                  Property 'permissions' is optional in type '{ id: string; email: string; role: string; name?: string | undefined; permissions?: string[] | undefined; }' but required in type '{ id: string; email: string; role: string; permissions: any; }'.
server/src/routes/prioritizationRoutes.ts(422,3): error TS2769: No overload matches this call.
  The last overload gave the following error.
    Argument of type '(req: AuthRequest, res: Response, next: NextFunction) => Promise<Response<any, Record<string, any>> | undefined>' is not assignable to parameter of type 'RequestHandlerParams<ParamsDictionary, any, any, ParsedQs, Record<string, any>>'.
      Type '(req: AuthRequest, res: Response, next: NextFunction) => Promise<Response<any, Record<string, any>> | undefined>' is not assignable to type 'RequestHandler<ParamsDictionary, any, any, ParsedQs, Record<string, any>>'.
        Types of parameters 'req' and 'req' are incompatible.
          Type 'Request<ParamsDictionary, any, any, ParsedQs, Record<string, any>>' is not assignable to type 'AuthRequest'.
            Types of property 'user' are incompatible.
              Type '{ id: string; email: string; role: string; name?: string | undefined; permissions?: string[] | undefined; } | undefined' is not assignable to type '{ id: string; email: string; role: string; permissions: any; } | undefined'.
                Type '{ id: string; email: string; role: string; name?: string | undefined; permissions?: string[] | undefined; }' is not assignable to type '{ id: string; email: string; role: string; permissions: any; }'.
                  Property 'permissions' is optional in type '{ id: string; email: string; role: string; name?: string | undefined; permissions?: string[] | undefined; }' but required in type '{ id: string; email: string; role: string; permissions: any; }'.
server/src/routes/prioritizationRoutes.ts(452,3): error TS2769: No overload matches this call.
  The last overload gave the following error.
    Argument of type '(req: AuthRequest, res: Response, next: NextFunction) => Promise<Response<any, Record<string, any>> | undefined>' is not assignable to parameter of type 'RequestHandlerParams<ParamsDictionary, any, any, ParsedQs, Record<string, any>>'.
      Type '(req: AuthRequest, res: Response, next: NextFunction) => Promise<Response<any, Record<string, any>> | undefined>' is not assignable to type 'RequestHandler<ParamsDictionary, any, any, ParsedQs, Record<string, any>>'.
        Types of parameters 'req' and 'req' are incompatible.
          Type 'Request<ParamsDictionary, any, any, ParsedQs, Record<string, any>>' is not assignable to type 'AuthRequest'.
            Types of property 'user' are incompatible.
              Type '{ id: string; email: string; role: string; name?: string | undefined; permissions?: string[] | undefined; } | undefined' is not assignable to type '{ id: string; email: string; role: string; permissions: any; } | undefined'.
                Type '{ id: string; email: string; role: string; name?: string | undefined; permissions?: string[] | undefined; }' is not assignable to type '{ id: string; email: string; role: string; permissions: any; }'.
                  Property 'permissions' is optional in type '{ id: string; email: string; role: string; name?: string | undefined; permissions?: string[] | undefined; }' but required in type '{ id: string; email: string; role: string; permissions: any; }'.
server/src/routes/process-flow.ts(30,3): error TS2769: No overload matches this call.
  The last overload gave the following error.
    Argument of type '(req: AuthRequest, res: Response, next: NextFunction) => Promise<Response<any, Record<string, any>> | undefined>' is not assignable to parameter of type 'RequestHandlerParams<ParamsDictionary, any, any, ParsedQs, Record<string, any>>'.
      Type '(req: AuthRequest, res: Response, next: NextFunction) => Promise<Response<any, Record<string, any>> | undefined>' is not assignable to type 'RequestHandler<ParamsDictionary, any, any, ParsedQs, Record<string, any>>'.
        Types of parameters 'req' and 'req' are incompatible.
          Type 'Request<ParamsDictionary, any, any, ParsedQs, Record<string, any>>' is not assignable to type 'AuthRequest'.
            Types of property 'user' are incompatible.
              Type '{ id: string; email: string; role: string; name?: string | undefined; permissions?: string[] | undefined; } | undefined' is not assignable to type '{ id: string; email: string; role: string; permissions: any; } | undefined'.
                Type '{ id: string; email: string; role: string; name?: string | undefined; permissions?: string[] | undefined; }' is not assignable to type '{ id: string; email: string; role: string; permissions: any; }'.
                  Property 'permissions' is optional in type '{ id: string; email: string; role: string; name?: string | undefined; permissions?: string[] | undefined; }' but required in type '{ id: string; email: string; role: string; permissions: any; }'.
server/src/routes/process-flow.ts(50,18): error TS18046: 'error' is of type 'unknown'.
server/src/routes/process-flow.ts(61,3): error TS2769: No overload matches this call.
  The last overload gave the following error.
    Argument of type '(req: AuthRequest, res: Response, next: NextFunction) => Promise<Response<any, Record<string, any>> | undefined>' is not assignable to parameter of type 'RequestHandlerParams<ParamsDictionary, any, any, ParsedQs, Record<string, any>>'.
      Type '(req: AuthRequest, res: Response, next: NextFunction) => Promise<Response<any, Record<string, any>> | undefined>' is not assignable to type 'RequestHandler<ParamsDictionary, any, any, ParsedQs, Record<string, any>>'.
        Types of parameters 'req' and 'req' are incompatible.
          Type 'Request<ParamsDictionary, any, any, ParsedQs, Record<string, any>>' is not assignable to type 'AuthRequest'.
            Types of property 'user' are incompatible.
              Type '{ id: string; email: string; role: string; name?: string | undefined; permissions?: string[] | undefined; } | undefined' is not assignable to type '{ id: string; email: string; role: string; permissions: any; } | undefined'.
                Type '{ id: string; email: string; role: string; name?: string | undefined; permissions?: string[] | undefined; }' is not assignable to type '{ id: string; email: string; role: string; permissions: any; }'.
                  Property 'permissions' is optional in type '{ id: string; email: string; role: string; name?: string | undefined; permissions?: string[] | undefined; }' but required in type '{ id: string; email: string; role: string; permissions: any; }'.
server/src/routes/process-flow.ts(81,18): error TS18046: 'error' is of type 'unknown'.
server/src/routes/process-flow.ts(92,3): error TS2769: No overload matches this call.
  The last overload gave the following error.
    Argument of type '(req: AuthRequest, res: Response, next: NextFunction) => Promise<Response<any, Record<string, any>> | undefined>' is not assignable to parameter of type 'RequestHandlerParams<ParamsDictionary, any, any, ParsedQs, Record<string, any>>'.
      Type '(req: AuthRequest, res: Response, next: NextFunction) => Promise<Response<any, Record<string, any>> | undefined>' is not assignable to type 'RequestHandler<ParamsDictionary, any, any, ParsedQs, Record<string, any>>'.
        Types of parameters 'req' and 'req' are incompatible.
          Type 'Request<ParamsDictionary, any, any, ParsedQs, Record<string, any>>' is not assignable to type 'AuthRequest'.
            Types of property 'user' are incompatible.
              Type '{ id: string; email: string; role: string; name?: string | undefined; permissions?: string[] | undefined; } | undefined' is not assignable to type '{ id: string; email: string; role: string; permissions: any; } | undefined'.
                Type '{ id: string; email: string; role: string; name?: string | undefined; permissions?: string[] | undefined; }' is not assignable to type '{ id: string; email: string; role: string; permissions: any; }'.
                  Property 'permissions' is optional in type '{ id: string; email: string; role: string; name?: string | undefined; permissions?: string[] | undefined; }' but required in type '{ id: string; email: string; role: string; permissions: any; }'.
server/src/routes/process-flow.ts(114,18): error TS18046: 'error' is of type 'unknown'.
server/src/routes/process-flow.ts(125,3): error TS2769: No overload matches this call.
  The last overload gave the following error.
    Argument of type '(req: AuthRequest, res: Response, next: NextFunction) => Promise<Response<any, Record<string, any>> | undefined>' is not assignable to parameter of type 'RequestHandlerParams<ParamsDictionary, any, any, ParsedQs, Record<string, any>>'.
      Type '(req: AuthRequest, res: Response, next: NextFunction) => Promise<Response<any, Record<string, any>> | undefined>' is not assignable to type 'RequestHandler<ParamsDictionary, any, any, ParsedQs, Record<string, any>>'.
        Types of parameters 'req' and 'req' are incompatible.
          Type 'Request<ParamsDictionary, any, any, ParsedQs, Record<string, any>>' is not assignable to type 'AuthRequest'.
            Types of property 'user' are incompatible.
              Type '{ id: string; email: string; role: string; name?: string | undefined; permissions?: string[] | undefined; } | undefined' is not assignable to type '{ id: string; email: string; role: string; permissions: any; } | undefined'.
                Type '{ id: string; email: string; role: string; name?: string | undefined; permissions?: string[] | undefined; }' is not assignable to type '{ id: string; email: string; role: string; permissions: any; }'.
                  Property 'permissions' is optional in type '{ id: string; email: string; role: string; name?: string | undefined; permissions?: string[] | undefined; }' but required in type '{ id: string; email: string; role: string; permissions: any; }'.
server/src/routes/process-flow.ts(147,18): error TS18046: 'error' is of type 'unknown'.
server/src/routes/process-flow.ts(158,3): error TS2769: No overload matches this call.
  The last overload gave the following error.
    Argument of type '(req: AuthRequest, res: Response, next: NextFunction) => Promise<Response<any, Record<string, any>> | undefined>' is not assignable to parameter of type 'RequestHandlerParams<ParamsDictionary, any, any, ParsedQs, Record<string, any>>'.
      Type '(req: AuthRequest, res: Response, next: NextFunction) => Promise<Response<any, Record<string, any>> | undefined>' is not assignable to type 'RequestHandler<ParamsDictionary, any, any, ParsedQs, Record<string, any>>'.
        Types of parameters 'req' and 'req' are incompatible.
          Type 'Request<ParamsDictionary, any, any, ParsedQs, Record<string, any>>' is not assignable to type 'AuthRequest'.
            Types of property 'user' are incompatible.
              Type '{ id: string; email: string; role: string; name?: string | undefined; permissions?: string[] | undefined; } | undefined' is not assignable to type '{ id: string; email: string; role: string; permissions: any; } | undefined'.
                Type '{ id: string; email: string; role: string; name?: string | undefined; permissions?: string[] | undefined; }' is not assignable to type '{ id: string; email: string; role: string; permissions: any; }'.
                  Property 'permissions' is optional in type '{ id: string; email: string; role: string; name?: string | undefined; permissions?: string[] | undefined; }' but required in type '{ id: string; email: string; role: string; permissions: any; }'.
server/src/routes/process-flow.ts(217,18): error TS18046: 'error' is of type 'unknown'.
server/src/routes/process-flow.ts(228,3): error TS2769: No overload matches this call.
  The last overload gave the following error.
    Argument of type '(req: AuthRequest, res: Response, next: NextFunction) => Promise<Response<any, Record<string, any>> | undefined>' is not assignable to parameter of type 'RequestHandlerParams<ParamsDictionary, any, any, ParsedQs, Record<string, any>>'.
      Type '(req: AuthRequest, res: Response, next: NextFunction) => Promise<Response<any, Record<string, any>> | undefined>' is not assignable to type 'RequestHandler<ParamsDictionary, any, any, ParsedQs, Record<string, any>>'.
        Types of parameters 'req' and 'req' are incompatible.
          Type 'Request<ParamsDictionary, any, any, ParsedQs, Record<string, any>>' is not assignable to type 'AuthRequest'.
            Types of property 'user' are incompatible.
              Type '{ id: string; email: string; role: string; name?: string | undefined; permissions?: string[] | undefined; } | undefined' is not assignable to type '{ id: string; email: string; role: string; permissions: any; } | undefined'.
                Type '{ id: string; email: string; role: string; name?: string | undefined; permissions?: string[] | undefined; }' is not assignable to type '{ id: string; email: string; role: string; permissions: any; }'.
                  Property 'permissions' is optional in type '{ id: string; email: string; role: string; name?: string | undefined; permissions?: string[] | undefined; }' but required in type '{ id: string; email: string; role: string; permissions: any; }'.
server/src/routes/process-flow.ts(265,18): error TS18046: 'error' is of type 'unknown'.
server/src/routes/process-flow.ts(276,3): error TS2769: No overload matches this call.
  The last overload gave the following error.
    Argument of type '(req: AuthRequest, res: Response, next: NextFunction) => Promise<Response<any, Record<string, any>> | undefined>' is not assignable to parameter of type 'RequestHandlerParams<ParamsDictionary, any, any, ParsedQs, Record<string, any>>'.
      Type '(req: AuthRequest, res: Response, next: NextFunction) => Promise<Response<any, Record<string, any>> | undefined>' is not assignable to type 'RequestHandler<ParamsDictionary, any, any, ParsedQs, Record<string, any>>'.
        Types of parameters 'req' and 'req' are incompatible.
          Type 'Request<ParamsDictionary, any, any, ParsedQs, Record<string, any>>' is not assignable to type 'AuthRequest'.
            Types of property 'user' are incompatible.
              Type '{ id: string; email: string; role: string; name?: string | undefined; permissions?: string[] | undefined; } | undefined' is not assignable to type '{ id: string; email: string; role: string; permissions: any; } | undefined'.
                Type '{ id: string; email: string; role: string; name?: string | undefined; permissions?: string[] | undefined; }' is not assignable to type '{ id: string; email: string; role: string; permissions: any; }'.
                  Property 'permissions' is optional in type '{ id: string; email: string; role: string; name?: string | undefined; permissions?: string[] | undefined; }' but required in type '{ id: string; email: string; role: string; permissions: any; }'.
server/src/routes/process-flow.ts(337,18): error TS18046: 'error' is of type 'unknown'.
server/src/routes/process-flow.ts(348,3): error TS2769: No overload matches this call.
  The last overload gave the following error.
    Argument of type '(req: AuthRequest, res: Response, next: NextFunction) => Promise<Response<any, Record<string, any>> | undefined>' is not assignable to parameter of type 'RequestHandlerParams<ParamsDictionary, any, any, ParsedQs, Record<string, any>>'.
      Type '(req: AuthRequest, res: Response, next: NextFunction) => Promise<Response<any, Record<string, any>> | undefined>' is not assignable to type 'RequestHandler<ParamsDictionary, any, any, ParsedQs, Record<string, any>>'.
        Types of parameters 'req' and 'req' are incompatible.
          Type 'Request<ParamsDictionary, any, any, ParsedQs, Record<string, any>>' is not assignable to type 'AuthRequest'.
            Types of property 'user' are incompatible.
              Type '{ id: string; email: string; role: string; name?: string | undefined; permissions?: string[] | undefined; } | undefined' is not assignable to type '{ id: string; email: string; role: string; permissions: any; } | undefined'.
                Type '{ id: string; email: string; role: string; name?: string | undefined; permissions?: string[] | undefined; }' is not assignable to type '{ id: string; email: string; role: string; permissions: any; }'.
                  Property 'permissions' is optional in type '{ id: string; email: string; role: string; name?: string | undefined; permissions?: string[] | undefined; }' but required in type '{ id: string; email: string; role: string; permissions: any; }'.
server/src/routes/process-flow.ts(380,18): error TS18046: 'error' is of type 'unknown'.
server/src/routes/process-flow.ts(390,3): error TS2769: No overload matches this call.
  The last overload gave the following error.
    Argument of type '(req: AuthRequest, res: Response, next: NextFunction) => Promise<Response<any, Record<string, any>> | undefined>' is not assignable to parameter of type 'RequestHandlerParams<ParamsDictionary, any, any, ParsedQs, Record<string, any>>'.
      Type '(req: AuthRequest, res: Response, next: NextFunction) => Promise<Response<any, Record<string, any>> | undefined>' is not assignable to type 'RequestHandler<ParamsDictionary, any, any, ParsedQs, Record<string, any>>'.
        Types of parameters 'req' and 'req' are incompatible.
          Type 'Request<ParamsDictionary, any, any, ParsedQs, Record<string, any>>' is not assignable to type 'AuthRequest'.
            Types of property 'user' are incompatible.
              Type '{ id: string; email: string; role: string; name?: string | undefined; permissions?: string[] | undefined; } | undefined' is not assignable to type '{ id: string; email: string; role: string; permissions: any; } | undefined'.
                Type '{ id: string; email: string; role: string; name?: string | undefined; permissions?: string[] | undefined; }' is not assignable to type '{ id: string; email: string; role: string; permissions: any; }'.
                  Property 'permissions' is optional in type '{ id: string; email: string; role: string; name?: string | undefined; permissions?: string[] | undefined; }' but required in type '{ id: string; email: string; role: string; permissions: any; }'.
server/src/routes/process-flow.ts(475,3): error TS2769: No overload matches this call.
  The last overload gave the following error.
    Argument of type '(req: AuthRequest, res: Response, next: NextFunction) => Promise<Response<any, Record<string, any>> | undefined>' is not assignable to parameter of type 'RequestHandlerParams<ParamsDictionary, any, any, ParsedQs, Record<string, any>>'.
      Type '(req: AuthRequest, res: Response, next: NextFunction) => Promise<Response<any, Record<string, any>> | undefined>' is not assignable to type 'RequestHandler<ParamsDictionary, any, any, ParsedQs, Record<string, any>>'.
        Types of parameters 'req' and 'req' are incompatible.
          Type 'Request<ParamsDictionary, any, any, ParsedQs, Record<string, any>>' is not assignable to type 'AuthRequest'.
            Types of property 'user' are incompatible.
              Type '{ id: string; email: string; role: string; name?: string | undefined; permissions?: string[] | undefined; } | undefined' is not assignable to type '{ id: string; email: string; role: string; permissions: any; } | undefined'.
                Type '{ id: string; email: string; role: string; name?: string | undefined; permissions?: string[] | undefined; }' is not assignable to type '{ id: string; email: string; role: string; permissions: any; }'.
                  Property 'permissions' is optional in type '{ id: string; email: string; role: string; name?: string | undefined; permissions?: string[] | undefined; }' but required in type '{ id: string; email: string; role: string; permissions: any; }'.
server/src/routes/process-flow.ts(512,18): error TS18046: 'error' is of type 'unknown'.
server/src/routes/programRoutes.ts(39,17): error TS2769: No overload matches this call.
  The last overload gave the following error.
    Argument of type '(req: AuthRequest, res: Response, next: NextFunction) => Promise<Response<any, Record<string, any>> | undefined>' is not assignable to parameter of type 'RequestHandlerParams<ParamsDictionary, any, any, ParsedQs, Record<string, any>>'.
      Type '(req: AuthRequest, res: Response, next: NextFunction) => Promise<Response<any, Record<string, any>> | undefined>' is not assignable to type 'RequestHandler<ParamsDictionary, any, any, ParsedQs, Record<string, any>>'.
        Types of parameters 'req' and 'req' are incompatible.
          Type 'Request<ParamsDictionary, any, any, ParsedQs, Record<string, any>>' is not assignable to type 'AuthRequest'.
            Types of property 'user' are incompatible.
              Type '{ id: string; email: string; role: string; name?: string | undefined; permissions?: string[] | undefined; } | undefined' is not assignable to type '{ id: string; email: string; role: string; permissions: any; } | undefined'.
                Type '{ id: string; email: string; role: string; name?: string | undefined; permissions?: string[] | undefined; }' is not assignable to type '{ id: string; email: string; role: string; permissions: any; }'.
                  Property 'permissions' is optional in type '{ id: string; email: string; role: string; name?: string | undefined; permissions?: string[] | undefined; }' but required in type '{ id: string; email: string; role: string; permissions: any; }'.
server/src/routes/programRoutes.ts(59,18): error TS2769: No overload matches this call.
  The last overload gave the following error.
    Argument of type '(req: AuthRequest, res: Response, next: NextFunction) => Promise<Response<any, Record<string, any>> | undefined>' is not assignable to parameter of type 'RequestHandlerParams<ParamsDictionary, any, any, ParsedQs, Record<string, any>>'.
      Type '(req: AuthRequest, res: Response, next: NextFunction) => Promise<Response<any, Record<string, any>> | undefined>' is not assignable to type 'RequestHandler<ParamsDictionary, any, any, ParsedQs, Record<string, any>>'.
        Types of parameters 'req' and 'req' are incompatible.
          Type 'Request<ParamsDictionary, any, any, ParsedQs, Record<string, any>>' is not assignable to type 'AuthRequest'.
            Types of property 'user' are incompatible.
              Type '{ id: string; email: string; role: string; name?: string | undefined; permissions?: string[] | undefined; } | undefined' is not assignable to type '{ id: string; email: string; role: string; permissions: any; } | undefined'.
                Type '{ id: string; email: string; role: string; name?: string | undefined; permissions?: string[] | undefined; }' is not assignable to type '{ id: string; email: string; role: string; permissions: any; }'.
                  Property 'permissions' is optional in type '{ id: string; email: string; role: string; name?: string | undefined; permissions?: string[] | undefined; }' but required in type '{ id: string; email: string; role: string; permissions: any; }'.
server/src/routes/programRoutes.ts(86,26): error TS2769: No overload matches this call.
  The last overload gave the following error.
    Argument of type '(req: AuthRequest, res: Response, next: NextFunction) => Promise<Response<any, Record<string, any>> | undefined>' is not assignable to parameter of type 'RequestHandlerParams<ParamsDictionary, any, any, ParsedQs, Record<string, any>>'.
      Type '(req: AuthRequest, res: Response, next: NextFunction) => Promise<Response<any, Record<string, any>> | undefined>' is not assignable to type 'RequestHandler<ParamsDictionary, any, any, ParsedQs, Record<string, any>>'.
        Types of parameters 'req' and 'req' are incompatible.
          Type 'Request<ParamsDictionary, any, any, ParsedQs, Record<string, any>>' is not assignable to type 'AuthRequest'.
            Types of property 'user' are incompatible.
              Type '{ id: string; email: string; role: string; name?: string | undefined; permissions?: string[] | undefined; } | undefined' is not assignable to type '{ id: string; email: string; role: string; permissions: any; } | undefined'.
                Type '{ id: string; email: string; role: string; name?: string | undefined; permissions?: string[] | undefined; }' is not assignable to type '{ id: string; email: string; role: string; permissions: any; }'.
                  Property 'permissions' is optional in type '{ id: string; email: string; role: string; name?: string | undefined; permissions?: string[] | undefined; }' but required in type '{ id: string; email: string; role: string; permissions: any; }'.
server/src/routes/programRoutes.ts(233,28): error TS2769: No overload matches this call.
  The last overload gave the following error.
    Argument of type '(req: AuthRequest, res: Response, next: NextFunction) => Promise<Response<any, Record<string, any>> | undefined>' is not assignable to parameter of type 'RequestHandlerParams<ParamsDictionary, any, any, ParsedQs, Record<string, any>>'.
      Type '(req: AuthRequest, res: Response, next: NextFunction) => Promise<Response<any, Record<string, any>> | undefined>' is not assignable to type 'RequestHandler<ParamsDictionary, any, any, ParsedQs, Record<string, any>>'.
        Types of parameters 'req' and 'req' are incompatible.
          Type 'Request<ParamsDictionary, any, any, ParsedQs, Record<string, any>>' is not assignable to type 'AuthRequest'.
            Types of property 'user' are incompatible.
              Type '{ id: string; email: string; role: string; name?: string | undefined; permissions?: string[] | undefined; } | undefined' is not assignable to type '{ id: string; email: string; role: string; permissions: any; } | undefined'.
                Type '{ id: string; email: string; role: string; name?: string | undefined; permissions?: string[] | undefined; }' is not assignable to type '{ id: string; email: string; role: string; permissions: any; }'.
                  Property 'permissions' is optional in type '{ id: string; email: string; role: string; name?: string | undefined; permissions?: string[] | undefined; }' but required in type '{ id: string; email: string; role: string; permissions: any; }'.
server/src/routes/programRoutes.ts(324,28): error TS2769: No overload matches this call.
  The last overload gave the following error.
    Argument of type '(req: AuthRequest, res: Response, next: NextFunction) => Promise<Response<any, Record<string, any>> | undefined>' is not assignable to parameter of type 'RequestHandlerParams<ParamsDictionary, any, any, ParsedQs, Record<string, any>>'.
      Type '(req: AuthRequest, res: Response, next: NextFunction) => Promise<Response<any, Record<string, any>> | undefined>' is not assignable to type 'RequestHandler<ParamsDictionary, any, any, ParsedQs, Record<string, any>>'.
        Types of parameters 'req' and 'req' are incompatible.
          Type 'Request<ParamsDictionary, any, any, ParsedQs, Record<string, any>>' is not assignable to type 'AuthRequest'.
            Types of property 'user' are incompatible.
              Type '{ id: string; email: string; role: string; name?: string | undefined; permissions?: string[] | undefined; } | undefined' is not assignable to type '{ id: string; email: string; role: string; permissions: any; } | undefined'.
                Type '{ id: string; email: string; role: string; name?: string | undefined; permissions?: string[] | undefined; }' is not assignable to type '{ id: string; email: string; role: string; permissions: any; }'.
                  Property 'permissions' is optional in type '{ id: string; email: string; role: string; name?: string | undefined; permissions?: string[] | undefined; }' but required in type '{ id: string; email: string; role: string; permissions: any; }'.
server/src/routes/programRoutes.ts(355,31): error TS2769: No overload matches this call.
  The last overload gave the following error.
    Argument of type '(req: AuthRequest, res: Response, next: NextFunction) => Promise<Response<any, Record<string, any>> | undefined>' is not assignable to parameter of type 'RequestHandlerParams<ParamsDictionary, any, any, ParsedQs, Record<string, any>>'.
      Type '(req: AuthRequest, res: Response, next: NextFunction) => Promise<Response<any, Record<string, any>> | undefined>' is not assignable to type 'RequestHandler<ParamsDictionary, any, any, ParsedQs, Record<string, any>>'.
        Types of parameters 'req' and 'req' are incompatible.
          Type 'Request<ParamsDictionary, any, any, ParsedQs, Record<string, any>>' is not assignable to type 'AuthRequest'.
            Types of property 'user' are incompatible.
              Type '{ id: string; email: string; role: string; name?: string | undefined; permissions?: string[] | undefined; } | undefined' is not assignable to type '{ id: string; email: string; role: string; permissions: any; } | undefined'.
                Type '{ id: string; email: string; role: string; name?: string | undefined; permissions?: string[] | undefined; }' is not assignable to type '{ id: string; email: string; role: string; permissions: any; }'.
                  Property 'permissions' is optional in type '{ id: string; email: string; role: string; name?: string | undefined; permissions?: string[] | undefined; }' but required in type '{ id: string; email: string; role: string; permissions: any; }'.
server/src/routes/programRoutes.ts(374,24): error TS2769: No overload matches this call.
  The last overload gave the following error.
    Argument of type '(req: AuthRequest, res: Response, next: NextFunction) => Promise<Response<any, Record<string, any>> | undefined>' is not assignable to parameter of type 'RequestHandlerParams<ParamsDictionary, any, any, ParsedQs, Record<string, any>>'.
      Type '(req: AuthRequest, res: Response, next: NextFunction) => Promise<Response<any, Record<string, any>> | undefined>' is not assignable to type 'RequestHandler<ParamsDictionary, any, any, ParsedQs, Record<string, any>>'.
        Types of parameters 'req' and 'req' are incompatible.
          Type 'Request<ParamsDictionary, any, any, ParsedQs, Record<string, any>>' is not assignable to type 'AuthRequest'.
            Types of property 'user' are incompatible.
              Type '{ id: string; email: string; role: string; name?: string | undefined; permissions?: string[] | undefined; } | undefined' is not assignable to type '{ id: string; email: string; role: string; permissions: any; } | undefined'.
                Type '{ id: string; email: string; role: string; name?: string | undefined; permissions?: string[] | undefined; }' is not assignable to type '{ id: string; email: string; role: string; permissions: any; }'.
                  Property 'permissions' is optional in type '{ id: string; email: string; role: string; name?: string | undefined; permissions?: string[] | undefined; }' but required in type '{ id: string; email: string; role: string; permissions: any; }'.
server/src/routes/programRoutes.ts(400,32): error TS2769: No overload matches this call.
  The last overload gave the following error.
    Argument of type '(req: AuthRequest, res: Response, next: NextFunction) => Promise<Response<any, Record<string, any>> | undefined>' is not assignable to parameter of type 'RequestHandlerParams<ParamsDictionary, any, any, ParsedQs, Record<string, any>>'.
      Type '(req: AuthRequest, res: Response, next: NextFunction) => Promise<Response<any, Record<string, any>> | undefined>' is not assignable to type 'RequestHandler<ParamsDictionary, any, any, ParsedQs, Record<string, any>>'.
        Types of parameters 'req' and 'req' are incompatible.
          Type 'Request<ParamsDictionary, any, any, ParsedQs, Record<string, any>>' is not assignable to type 'AuthRequest'.
            Types of property 'user' are incompatible.
              Type '{ id: string; email: string; role: string; name?: string | undefined; permissions?: string[] | undefined; } | undefined' is not assignable to type '{ id: string; email: string; role: string; permissions: any; } | undefined'.
                Type '{ id: string; email: string; role: string; name?: string | undefined; permissions?: string[] | undefined; }' is not assignable to type '{ id: string; email: string; role: string; permissions: any; }'.
                  Property 'permissions' is optional in type '{ id: string; email: string; role: string; name?: string | undefined; permissions?: string[] | undefined; }' but required in type '{ id: string; email: string; role: string; permissions: any; }'.
server/src/routes/programRoutes.ts(423,33): error TS2769: No overload matches this call.
  The last overload gave the following error.
    Argument of type '(req: AuthRequest, res: Response, next: NextFunction) => Promise<Response<any, Record<string, any>> | undefined>' is not assignable to parameter of type 'RequestHandlerParams<ParamsDictionary, any, any, ParsedQs, Record<string, any>>'.
      Type '(req: AuthRequest, res: Response, next: NextFunction) => Promise<Response<any, Record<string, any>> | undefined>' is not assignable to type 'RequestHandler<ParamsDictionary, any, any, ParsedQs, Record<string, any>>'.
        Types of parameters 'req' and 'req' are incompatible.
          Type 'Request<ParamsDictionary, any, any, ParsedQs, Record<string, any>>' is not assignable to type 'AuthRequest'.
            Types of property 'user' are incompatible.
              Type '{ id: string; email: string; role: string; name?: string | undefined; permissions?: string[] | undefined; } | undefined' is not assignable to type '{ id: string; email: string; role: string; permissions: any; } | undefined'.
                Type '{ id: string; email: string; role: string; name?: string | undefined; permissions?: string[] | undefined; }' is not assignable to type '{ id: string; email: string; role: string; permissions: any; }'.
                  Property 'permissions' is optional in type '{ id: string; email: string; role: string; name?: string | undefined; permissions?: string[] | undefined; }' but required in type '{ id: string; email: string; role: string; permissions: any; }'.
server/src/routes/programRoutes.ts(445,40): error TS2769: No overload matches this call.
  The last overload gave the following error.
    Argument of type '(req: AuthRequest, res: Response, next: NextFunction) => Promise<Response<any, Record<string, any>> | undefined>' is not assignable to parameter of type 'RequestHandlerParams<ParamsDictionary, any, any, ParsedQs, Record<string, any>>'.
      Type '(req: AuthRequest, res: Response, next: NextFunction) => Promise<Response<any, Record<string, any>> | undefined>' is not assignable to type 'RequestHandler<ParamsDictionary, any, any, ParsedQs, Record<string, any>>'.
        Types of parameters 'req' and 'req' are incompatible.
          Type 'Request<ParamsDictionary, any, any, ParsedQs, Record<string, any>>' is not assignable to type 'AuthRequest'.
            Types of property 'user' are incompatible.
              Type '{ id: string; email: string; role: string; name?: string | undefined; permissions?: string[] | undefined; } | undefined' is not assignable to type '{ id: string; email: string; role: string; permissions: any; } | undefined'.
                Type '{ id: string; email: string; role: string; name?: string | undefined; permissions?: string[] | undefined; }' is not assignable to type '{ id: string; email: string; role: string; permissions: any; }'.
                  Property 'permissions' is optional in type '{ id: string; email: string; role: string; name?: string | undefined; permissions?: string[] | undefined; }' but required in type '{ id: string; email: string; role: string; permissions: any; }'.
server/src/routes/programRoutes.ts(465,3): error TS2769: No overload matches this call.
  The last overload gave the following error.
    Argument of type '(req: AuthRequest, res: Response, next: NextFunction) => Promise<Response<any, Record<string, any>> | undefined>' is not assignable to parameter of type 'RequestHandlerParams<ParamsDictionary, any, any, ParsedQs, Record<string, any>>'.
      Type '(req: AuthRequest, res: Response, next: NextFunction) => Promise<Response<any, Record<string, any>> | undefined>' is not assignable to type 'RequestHandler<ParamsDictionary, any, any, ParsedQs, Record<string, any>>'.
        Types of parameters 'req' and 'req' are incompatible.
          Type 'Request<ParamsDictionary, any, any, ParsedQs, Record<string, any>>' is not assignable to type 'AuthRequest'.
            Types of property 'user' are incompatible.
              Type '{ id: string; email: string; role: string; name?: string | undefined; permissions?: string[] | undefined; } | undefined' is not assignable to type '{ id: string; email: string; role: string; permissions: any; } | undefined'.
                Type '{ id: string; email: string; role: string; name?: string | undefined; permissions?: string[] | undefined; }' is not assignable to type '{ id: string; email: string; role: string; permissions: any; }'.
                  Property 'permissions' is optional in type '{ id: string; email: string; role: string; name?: string | undefined; permissions?: string[] | undefined; }' but required in type '{ id: string; email: string; role: string; permissions: any; }'.
server/src/routes/programRoutes.ts(500,3): error TS2769: No overload matches this call.
  The last overload gave the following error.
    Argument of type '(req: AuthRequest, res: Response, next: NextFunction) => Promise<Response<any, Record<string, any>> | undefined>' is not assignable to parameter of type 'RequestHandlerParams<ParamsDictionary, any, any, ParsedQs, Record<string, any>>'.
      Type '(req: AuthRequest, res: Response, next: NextFunction) => Promise<Response<any, Record<string, any>> | undefined>' is not assignable to type 'RequestHandler<ParamsDictionary, any, any, ParsedQs, Record<string, any>>'.
        Types of parameters 'req' and 'req' are incompatible.
          Type 'Request<ParamsDictionary, any, any, ParsedQs, Record<string, any>>' is not assignable to type 'AuthRequest'.
            Types of property 'user' are incompatible.
              Type '{ id: string; email: string; role: string; name?: string | undefined; permissions?: string[] | undefined; } | undefined' is not assignable to type '{ id: string; email: string; role: string; permissions: any; } | undefined'.
                Type '{ id: string; email: string; role: string; name?: string | undefined; permissions?: string[] | undefined; }' is not assignable to type '{ id: string; email: string; role: string; permissions: any; }'.
                  Property 'permissions' is optional in type '{ id: string; email: string; role: string; name?: string | undefined; permissions?: string[] | undefined; }' but required in type '{ id: string; email: string; role: string; permissions: any; }'.
server/src/routes/programRoutes.ts(538,3): error TS2769: No overload matches this call.
  The last overload gave the following error.
    Argument of type '(req: AuthRequest, res: Response, next: NextFunction) => Promise<Response<any, Record<string, any>> | undefined>' is not assignable to parameter of type 'RequestHandlerParams<ParamsDictionary, any, any, ParsedQs, Record<string, any>>'.
      Type '(req: AuthRequest, res: Response, next: NextFunction) => Promise<Response<any, Record<string, any>> | undefined>' is not assignable to type 'RequestHandler<ParamsDictionary, any, any, ParsedQs, Record<string, any>>'.
        Types of parameters 'req' and 'req' are incompatible.
          Type 'Request<ParamsDictionary, any, any, ParsedQs, Record<string, any>>' is not assignable to type 'AuthRequest'.
            Types of property 'user' are incompatible.
              Type '{ id: string; email: string; role: string; name?: string | undefined; permissions?: string[] | undefined; } | undefined' is not assignable to type '{ id: string; email: string; role: string; permissions: any; } | undefined'.
                Type '{ id: string; email: string; role: string; name?: string | undefined; permissions?: string[] | undefined; }' is not assignable to type '{ id: string; email: string; role: string; permissions: any; }'.
                  Property 'permissions' is optional in type '{ id: string; email: string; role: string; name?: string | undefined; permissions?: string[] | undefined; }' but required in type '{ id: string; email: string; role: string; permissions: any; }'.
server/src/routes/programRoutes.ts(566,20): error TS2769: No overload matches this call.
  The last overload gave the following error.
    Argument of type '(req: AuthRequest, res: Response, next: NextFunction) => Promise<Response<any, Record<string, any>> | undefined>' is not assignable to parameter of type 'RequestHandlerParams<ParamsDictionary, any, any, ParsedQs, Record<string, any>>'.
      Type '(req: AuthRequest, res: Response, next: NextFunction) => Promise<Response<any, Record<string, any>> | undefined>' is not assignable to type 'RequestHandler<ParamsDictionary, any, any, ParsedQs, Record<string, any>>'.
        Types of parameters 'req' and 'req' are incompatible.
          Type 'Request<ParamsDictionary, any, any, ParsedQs, Record<string, any>>' is not assignable to type 'AuthRequest'.
            Types of property 'user' are incompatible.
              Type '{ id: string; email: string; role: string; name?: string | undefined; permissions?: string[] | undefined; } | undefined' is not assignable to type '{ id: string; email: string; role: string; permissions: any; } | undefined'.
                Type '{ id: string; email: string; role: string; name?: string | undefined; permissions?: string[] | undefined; }' is not assignable to type '{ id: string; email: string; role: string; permissions: any; }'.
                  Property 'permissions' is optional in type '{ id: string; email: string; role: string; name?: string | undefined; permissions?: string[] | undefined; }' but required in type '{ id: string; email: string; role: string; permissions: any; }'.
server/src/routes/programRoutes.ts(580,20): error TS2769: No overload matches this call.
  The last overload gave the following error.
    Argument of type '(req: AuthRequest, res: Response, next: NextFunction) => Promise<Response<any, Record<string, any>> | undefined>' is not assignable to parameter of type 'RequestHandlerParams<ParamsDictionary, any, any, ParsedQs, Record<string, any>>'.
      Type '(req: AuthRequest, res: Response, next: NextFunction) => Promise<Response<any, Record<string, any>> | undefined>' is not assignable to type 'RequestHandler<ParamsDictionary, any, any, ParsedQs, Record<string, any>>'.
        Types of parameters 'req' and 'req' are incompatible.
          Type 'Request<ParamsDictionary, any, any, ParsedQs, Record<string, any>>' is not assignable to type 'AuthRequest'.
            Types of property 'user' are incompatible.
              Type '{ id: string; email: string; role: string; name?: string | undefined; permissions?: string[] | undefined; } | undefined' is not assignable to type '{ id: string; email: string; role: string; permissions: any; } | undefined'.
                Type '{ id: string; email: string; role: string; name?: string | undefined; permissions?: string[] | undefined; }' is not assignable to type '{ id: string; email: string; role: string; permissions: any; }'.
                  Property 'permissions' is optional in type '{ id: string; email: string; role: string; name?: string | undefined; permissions?: string[] | undefined; }' but required in type '{ id: string; email: string; role: string; permissions: any; }'.
server/src/routes/programRoutes.ts(595,23): error TS2769: No overload matches this call.
  The last overload gave the following error.
    Argument of type '(req: AuthRequest, res: Response, next: NextFunction) => Promise<Response<any, Record<string, any>> | undefined>' is not assignable to parameter of type 'RequestHandlerParams<ParamsDictionary, any, any, ParsedQs, Record<string, any>>'.
      Type '(req: AuthRequest, res: Response, next: NextFunction) => Promise<Response<any, Record<string, any>> | undefined>' is not assignable to type 'RequestHandler<ParamsDictionary, any, any, ParsedQs, Record<string, any>>'.
        Types of parameters 'req' and 'req' are incompatible.
          Type 'Request<ParamsDictionary, any, any, ParsedQs, Record<string, any>>' is not assignable to type 'AuthRequest'.
            Types of property 'user' are incompatible.
              Type '{ id: string; email: string; role: string; name?: string | undefined; permissions?: string[] | undefined; } | undefined' is not assignable to type '{ id: string; email: string; role: string; permissions: any; } | undefined'.
                Type '{ id: string; email: string; role: string; name?: string | undefined; permissions?: string[] | undefined; }' is not assignable to type '{ id: string; email: string; role: string; permissions: any; }'.
                  Property 'permissions' is optional in type '{ id: string; email: string; role: string; name?: string | undefined; permissions?: string[] | undefined; }' but required in type '{ id: string; email: string; role: string; permissions: any; }'.
server/src/routes/programRoutes.ts(612,3): error TS2769: No overload matches this call.
  The last overload gave the following error.
    Argument of type '(req: AuthRequest, res: Response, next: NextFunction) => Promise<Response<any, Record<string, any>> | undefined>' is not assignable to parameter of type 'RequestHandlerParams<ParamsDictionary, any, any, ParsedQs, Record<string, any>>'.
      Type '(req: AuthRequest, res: Response, next: NextFunction) => Promise<Response<any, Record<string, any>> | undefined>' is not assignable to type 'RequestHandler<ParamsDictionary, any, any, ParsedQs, Record<string, any>>'.
        Types of parameters 'req' and 'req' are incompatible.
          Type 'Request<ParamsDictionary, any, any, ParsedQs, Record<string, any>>' is not assignable to type 'AuthRequest'.
            Types of property 'user' are incompatible.
              Type '{ id: string; email: string; role: string; name?: string | undefined; permissions?: string[] | undefined; } | undefined' is not assignable to type '{ id: string; email: string; role: string; permissions: any; } | undefined'.
                Type '{ id: string; email: string; role: string; name?: string | undefined; permissions?: string[] | undefined; }' is not assignable to type '{ id: string; email: string; role: string; permissions: any; }'.
                  Property 'permissions' is optional in type '{ id: string; email: string; role: string; name?: string | undefined; permissions?: string[] | undefined; }' but required in type '{ id: string; email: string; role: string; permissions: any; }'.
server/src/routes/programRoutes.ts(633,3): error TS2769: No overload matches this call.
  The last overload gave the following error.
    Argument of type '(req: AuthRequest, res: Response, next: NextFunction) => Promise<Response<any, Record<string, any>> | undefined>' is not assignable to parameter of type 'RequestHandlerParams<ParamsDictionary, any, any, ParsedQs, Record<string, any>>'.
      Type '(req: AuthRequest, res: Response, next: NextFunction) => Promise<Response<any, Record<string, any>> | undefined>' is not assignable to type 'RequestHandler<ParamsDictionary, any, any, ParsedQs, Record<string, any>>'.
        Types of parameters 'req' and 'req' are incompatible.
          Type 'Request<ParamsDictionary, any, any, ParsedQs, Record<string, any>>' is not assignable to type 'AuthRequest'.
            Types of property 'user' are incompatible.
              Type '{ id: string; email: string; role: string; name?: string | undefined; permissions?: string[] | undefined; } | undefined' is not assignable to type '{ id: string; email: string; role: string; permissions: any; } | undefined'.
                Type '{ id: string; email: string; role: string; name?: string | undefined; permissions?: string[] | undefined; }' is not assignable to type '{ id: string; email: string; role: string; permissions: any; }'.
                  Property 'permissions' is optional in type '{ id: string; email: string; role: string; name?: string | undefined; permissions?: string[] | undefined; }' but required in type '{ id: string; email: string; role: string; permissions: any; }'.
server/src/routes/programRoutes.ts(671,3): error TS2769: No overload matches this call.
  The last overload gave the following error.
    Argument of type '(req: AuthRequest, res: Response, next: NextFunction) => Promise<Response<any, Record<string, any>> | undefined>' is not assignable to parameter of type 'RequestHandlerParams<ParamsDictionary, any, any, ParsedQs, Record<string, any>>'.
      Type '(req: AuthRequest, res: Response, next: NextFunction) => Promise<Response<any, Record<string, any>> | undefined>' is not assignable to type 'RequestHandler<ParamsDictionary, any, any, ParsedQs, Record<string, any>>'.
        Types of parameters 'req' and 'req' are incompatible.
          Type 'Request<ParamsDictionary, any, any, ParsedQs, Record<string, any>>' is not assignable to type 'AuthRequest'.
            Types of property 'user' are incompatible.
              Type '{ id: string; email: string; role: string; name?: string | undefined; permissions?: string[] | undefined; } | undefined' is not assignable to type '{ id: string; email: string; role: string; permissions: any; } | undefined'.
                Type '{ id: string; email: string; role: string; name?: string | undefined; permissions?: string[] | undefined; }' is not assignable to type '{ id: string; email: string; role: string; permissions: any; }'.
                  Property 'permissions' is optional in type '{ id: string; email: string; role: string; name?: string | undefined; permissions?: string[] | undefined; }' but required in type '{ id: string; email: string; role: string; permissions: any; }'.
server/src/routes/programRoutes.ts(696,3): error TS2769: No overload matches this call.
  The last overload gave the following error.
    Argument of type '(req: AuthRequest, res: Response, next: NextFunction) => Promise<Response<any, Record<string, any>> | undefined>' is not assignable to parameter of type 'RequestHandlerParams<ParamsDictionary, any, any, ParsedQs, Record<string, any>>'.
      Type '(req: AuthRequest, res: Response, next: NextFunction) => Promise<Response<any, Record<string, any>> | undefined>' is not assignable to type 'RequestHandler<ParamsDictionary, any, any, ParsedQs, Record<string, any>>'.
        Types of parameters 'req' and 'req' are incompatible.
          Type 'Request<ParamsDictionary, any, any, ParsedQs, Record<string, any>>' is not assignable to type 'AuthRequest'.
            Types of property 'user' are incompatible.
              Type '{ id: string; email: string; role: string; name?: string | undefined; permissions?: string[] | undefined; } | undefined' is not assignable to type '{ id: string; email: string; role: string; permissions: any; } | undefined'.
                Type '{ id: string; email: string; role: string; name?: string | undefined; permissions?: string[] | undefined; }' is not assignable to type '{ id: string; email: string; role: string; permissions: any; }'.
                  Property 'permissions' is optional in type '{ id: string; email: string; role: string; name?: string | undefined; permissions?: string[] | undefined; }' but required in type '{ id: string; email: string; role: string; permissions: any; }'.
server/src/routes/programRoutes.ts(717,3): error TS2769: No overload matches this call.
  The last overload gave the following error.
    Argument of type '(req: AuthRequest, res: Response, next: NextFunction) => Promise<Response<any, Record<string, any>> | undefined>' is not assignable to parameter of type 'RequestHandlerParams<ParamsDictionary, any, any, ParsedQs, Record<string, any>>'.
      Type '(req: AuthRequest, res: Response, next: NextFunction) => Promise<Response<any, Record<string, any>> | undefined>' is not assignable to type 'RequestHandler<ParamsDictionary, any, any, ParsedQs, Record<string, any>>'.
        Types of parameters 'req' and 'req' are incompatible.
          Type 'Request<ParamsDictionary, any, any, ParsedQs, Record<string, any>>' is not assignable to type 'AuthRequest'.
            Types of property 'user' are incompatible.
              Type '{ id: string; email: string; role: string; name?: string | undefined; permissions?: string[] | undefined; } | undefined' is not assignable to type '{ id: string; email: string; role: string; permissions: any; } | undefined'.
                Type '{ id: string; email: string; role: string; name?: string | undefined; permissions?: string[] | undefined; }' is not assignable to type '{ id: string; email: string; role: string; permissions: any; }'.
                  Property 'permissions' is optional in type '{ id: string; email: string; role: string; name?: string | undefined; permissions?: string[] | undefined; }' but required in type '{ id: string; email: string; role: string; permissions: any; }'.
server/src/routes/programRoutes.ts(752,3): error TS2769: No overload matches this call.
  The last overload gave the following error.
    Argument of type '(req: AuthRequest, res: Response, next: NextFunction) => Promise<Response<any, Record<string, any>> | undefined>' is not assignable to parameter of type 'RequestHandlerParams<ParamsDictionary, any, any, ParsedQs, Record<string, any>>'.
      Type '(req: AuthRequest, res: Response, next: NextFunction) => Promise<Response<any, Record<string, any>> | undefined>' is not assignable to type 'RequestHandler<ParamsDictionary, any, any, ParsedQs, Record<string, any>>'.
        Types of parameters 'req' and 'req' are incompatible.
          Type 'Request<ParamsDictionary, any, any, ParsedQs, Record<string, any>>' is not assignable to type 'AuthRequest'.
            Types of property 'user' are incompatible.
              Type '{ id: string; email: string; role: string; name?: string | undefined; permissions?: string[] | undefined; } | undefined' is not assignable to type '{ id: string; email: string; role: string; permissions: any; } | undefined'.
                Type '{ id: string; email: string; role: string; name?: string | undefined; permissions?: string[] | undefined; }' is not assignable to type '{ id: string; email: string; role: string; permissions: any; }'.
                  Property 'permissions' is optional in type '{ id: string; email: string; role: string; name?: string | undefined; permissions?: string[] | undefined; }' but required in type '{ id: string; email: string; role: string; permissions: any; }'.
server/src/routes/programRoutes.ts(874,3): error TS2769: No overload matches this call.
  The last overload gave the following error.
    Argument of type '(req: AuthRequest, res: Response, next: NextFunction) => Promise<Response<any, Record<string, any>> | undefined>' is not assignable to parameter of type 'RequestHandlerParams<ParamsDictionary, any, any, ParsedQs, Record<string, any>>'.
      Type '(req: AuthRequest, res: Response, next: NextFunction) => Promise<Response<any, Record<string, any>> | undefined>' is not assignable to type 'RequestHandler<ParamsDictionary, any, any, ParsedQs, Record<string, any>>'.
        Types of parameters 'req' and 'req' are incompatible.
          Type 'Request<ParamsDictionary, any, any, ParsedQs, Record<string, any>>' is not assignable to type 'AuthRequest'.
            Types of property 'user' are incompatible.
              Type '{ id: string; email: string; role: string; name?: string | undefined; permissions?: string[] | undefined; } | undefined' is not assignable to type '{ id: string; email: string; role: string; permissions: any; } | undefined'.
                Type '{ id: string; email: string; role: string; name?: string | undefined; permissions?: string[] | undefined; }' is not assignable to type '{ id: string; email: string; role: string; permissions: any; }'.
                  Property 'permissions' is optional in type '{ id: string; email: string; role: string; name?: string | undefined; permissions?: string[] | undefined; }' but required in type '{ id: string; email: string; role: string; permissions: any; }'.
server/src/routes/programRoutes.ts(910,3): error TS2769: No overload matches this call.
  The last overload gave the following error.
    Argument of type '(req: AuthRequest, res: Response, next: NextFunction) => Promise<Response<any, Record<string, any>> | undefined>' is not assignable to parameter of type 'RequestHandlerParams<ParamsDictionary, any, any, ParsedQs, Record<string, any>>'.
      Type '(req: AuthRequest, res: Response, next: NextFunction) => Promise<Response<any, Record<string, any>> | undefined>' is not assignable to type 'RequestHandler<ParamsDictionary, any, any, ParsedQs, Record<string, any>>'.
        Types of parameters 'req' and 'req' are incompatible.
          Type 'Request<ParamsDictionary, any, any, ParsedQs, Record<string, any>>' is not assignable to type 'AuthRequest'.
            Types of property 'user' are incompatible.
              Type '{ id: string; email: string; role: string; name?: string | undefined; permissions?: string[] | undefined; } | undefined' is not assignable to type '{ id: string; email: string; role: string; permissions: any; } | undefined'.
                Type '{ id: string; email: string; role: string; name?: string | undefined; permissions?: string[] | undefined; }' is not assignable to type '{ id: string; email: string; role: string; permissions: any; }'.
                  Property 'permissions' is optional in type '{ id: string; email: string; role: string; name?: string | undefined; permissions?: string[] | undefined; }' but required in type '{ id: string; email: string; role: string; permissions: any; }'.
server/src/routes/programRoutes.ts(951,3): error TS2769: No overload matches this call.
  The last overload gave the following error.
    Argument of type '(req: AuthRequest, res: Response, next: NextFunction) => Promise<Response<any, Record<string, any>> | undefined>' is not assignable to parameter of type 'RequestHandlerParams<ParamsDictionary, any, any, ParsedQs, Record<string, any>>'.
      Type '(req: AuthRequest, res: Response, next: NextFunction) => Promise<Response<any, Record<string, any>> | undefined>' is not assignable to type 'RequestHandler<ParamsDictionary, any, any, ParsedQs, Record<string, any>>'.
        Types of parameters 'req' and 'req' are incompatible.
          Type 'Request<ParamsDictionary, any, any, ParsedQs, Record<string, any>>' is not assignable to type 'AuthRequest'.
            Types of property 'user' are incompatible.
              Type '{ id: string; email: string; role: string; name?: string | undefined; permissions?: string[] | undefined; } | undefined' is not assignable to type '{ id: string; email: string; role: string; permissions: any; } | undefined'.
                Type '{ id: string; email: string; role: string; name?: string | undefined; permissions?: string[] | undefined; }' is not assignable to type '{ id: string; email: string; role: string; permissions: any; }'.
                  Property 'permissions' is optional in type '{ id: string; email: string; role: string; name?: string | undefined; permissions?: string[] | undefined; }' but required in type '{ id: string; email: string; role: string; permissions: any; }'.
server/src/routes/programRoutes.ts(990,3): error TS2769: No overload matches this call.
  The last overload gave the following error.
    Argument of type '(req: AuthRequest, res: Response, next: NextFunction) => Promise<Response<any, Record<string, any>> | undefined>' is not assignable to parameter of type 'RequestHandlerParams<ParamsDictionary, any, any, ParsedQs, Record<string, any>>'.
      Type '(req: AuthRequest, res: Response, next: NextFunction) => Promise<Response<any, Record<string, any>> | undefined>' is not assignable to type 'RequestHandler<ParamsDictionary, any, any, ParsedQs, Record<string, any>>'.
        Types of parameters 'req' and 'req' are incompatible.
          Type 'Request<ParamsDictionary, any, any, ParsedQs, Record<string, any>>' is not assignable to type 'AuthRequest'.
            Types of property 'user' are incompatible.
              Type '{ id: string; email: string; role: string; name?: string | undefined; permissions?: string[] | undefined; } | undefined' is not assignable to type '{ id: string; email: string; role: string; permissions: any; } | undefined'.
                Type '{ id: string; email: string; role: string; name?: string | undefined; permissions?: string[] | undefined; }' is not assignable to type '{ id: string; email: string; role: string; permissions: any; }'.
                  Property 'permissions' is optional in type '{ id: string; email: string; role: string; name?: string | undefined; permissions?: string[] | undefined; }' but required in type '{ id: string; email: string; role: string; permissions: any; }'.
server/src/routes/programRoutes.ts(1031,3): error TS2769: No overload matches this call.
  The last overload gave the following error.
    Argument of type '(req: AuthRequest, res: Response, next: NextFunction) => Promise<Response<any, Record<string, any>> | undefined>' is not assignable to parameter of type 'RequestHandlerParams<ParamsDictionary, any, any, ParsedQs, Record<string, any>>'.
      Type '(req: AuthRequest, res: Response, next: NextFunction) => Promise<Response<any, Record<string, any>> | undefined>' is not assignable to type 'RequestHandler<ParamsDictionary, any, any, ParsedQs, Record<string, any>>'.
        Types of parameters 'req' and 'req' are incompatible.
          Type 'Request<ParamsDictionary, any, any, ParsedQs, Record<string, any>>' is not assignable to type 'AuthRequest'.
            Types of property 'user' are incompatible.
              Type '{ id: string; email: string; role: string; name?: string | undefined; permissions?: string[] | undefined; } | undefined' is not assignable to type '{ id: string; email: string; role: string; permissions: any; } | undefined'.
                Type '{ id: string; email: string; role: string; name?: string | undefined; permissions?: string[] | undefined; }' is not assignable to type '{ id: string; email: string; role: string; permissions: any; }'.
                  Property 'permissions' is optional in type '{ id: string; email: string; role: string; name?: string | undefined; permissions?: string[] | undefined; }' but required in type '{ id: string; email: string; role: string; permissions: any; }'.
server/src/routes/programRoutes.ts(1070,3): error TS2769: No overload matches this call.
  The last overload gave the following error.
    Argument of type '(req: AuthRequest, res: Response, next: NextFunction) => Promise<Response<any, Record<string, any>> | undefined>' is not assignable to parameter of type 'RequestHandlerParams<ParamsDictionary, any, any, ParsedQs, Record<string, any>>'.
      Type '(req: AuthRequest, res: Response, next: NextFunction) => Promise<Response<any, Record<string, any>> | undefined>' is not assignable to type 'RequestHandler<ParamsDictionary, any, any, ParsedQs, Record<string, any>>'.
        Types of parameters 'req' and 'req' are incompatible.
          Type 'Request<ParamsDictionary, any, any, ParsedQs, Record<string, any>>' is not assignable to type 'AuthRequest'.
            Types of property 'user' are incompatible.
              Type '{ id: string; email: string; role: string; name?: string | undefined; permissions?: string[] | undefined; } | undefined' is not assignable to type '{ id: string; email: string; role: string; permissions: any; } | undefined'.
                Type '{ id: string; email: string; role: string; name?: string | undefined; permissions?: string[] | undefined; }' is not assignable to type '{ id: string; email: string; role: string; permissions: any; }'.
                  Property 'permissions' is optional in type '{ id: string; email: string; role: string; name?: string | undefined; permissions?: string[] | undefined; }' but required in type '{ id: string; email: string; role: string; permissions: any; }'.
server/src/routes/programRoutes.ts(1102,3): error TS2769: No overload matches this call.
  The last overload gave the following error.
    Argument of type '(req: AuthRequest, res: Response, next: NextFunction) => Promise<Response<any, Record<string, any>> | undefined>' is not assignable to parameter of type 'RequestHandlerParams<ParamsDictionary, any, any, ParsedQs, Record<string, any>>'.
      Type '(req: AuthRequest, res: Response, next: NextFunction) => Promise<Response<any, Record<string, any>> | undefined>' is not assignable to type 'RequestHandler<ParamsDictionary, any, any, ParsedQs, Record<string, any>>'.
        Types of parameters 'req' and 'req' are incompatible.
          Type 'Request<ParamsDictionary, any, any, ParsedQs, Record<string, any>>' is not assignable to type 'AuthRequest'.
            Types of property 'user' are incompatible.
              Type '{ id: string; email: string; role: string; name?: string | undefined; permissions?: string[] | undefined; } | undefined' is not assignable to type '{ id: string; email: string; role: string; permissions: any; } | undefined'.
                Type '{ id: string; email: string; role: string; name?: string | undefined; permissions?: string[] | undefined; }' is not assignable to type '{ id: string; email: string; role: string; permissions: any; }'.
                  Property 'permissions' is optional in type '{ id: string; email: string; role: string; name?: string | undefined; permissions?: string[] | undefined; }' but required in type '{ id: string; email: string; role: string; permissions: any; }'.
server/src/routes/programRoutes.ts(1136,3): error TS2769: No overload matches this call.
  The last overload gave the following error.
    Argument of type '(req: AuthRequest, res: Response, next: NextFunction) => Promise<Response<any, Record<string, any>> | undefined>' is not assignable to parameter of type 'RequestHandlerParams<ParamsDictionary, any, any, ParsedQs, Record<string, any>>'.
      Type '(req: AuthRequest, res: Response, next: NextFunction) => Promise<Response<any, Record<string, any>> | undefined>' is not assignable to type 'RequestHandler<ParamsDictionary, any, any, ParsedQs, Record<string, any>>'.
        Types of parameters 'req' and 'req' are incompatible.
          Type 'Request<ParamsDictionary, any, any, ParsedQs, Record<string, any>>' is not assignable to type 'AuthRequest'.
            Types of property 'user' are incompatible.
              Type '{ id: string; email: string; role: string; name?: string | undefined; permissions?: string[] | undefined; } | undefined' is not assignable to type '{ id: string; email: string; role: string; permissions: any; } | undefined'.
                Type '{ id: string; email: string; role: string; name?: string | undefined; permissions?: string[] | undefined; }' is not assignable to type '{ id: string; email: string; role: string; permissions: any; }'.
                  Property 'permissions' is optional in type '{ id: string; email: string; role: string; name?: string | undefined; permissions?: string[] | undefined; }' but required in type '{ id: string; email: string; role: string; permissions: any; }'.
server/src/routes/programRoutes.ts(1175,3): error TS2769: No overload matches this call.
  The last overload gave the following error.
    Argument of type '(req: AuthRequest, res: Response, next: NextFunction) => Promise<Response<any, Record<string, any>> | undefined>' is not assignable to parameter of type 'RequestHandlerParams<ParamsDictionary, any, any, ParsedQs, Record<string, any>>'.
      Type '(req: AuthRequest, res: Response, next: NextFunction) => Promise<Response<any, Record<string, any>> | undefined>' is not assignable to type 'RequestHandler<ParamsDictionary, any, any, ParsedQs, Record<string, any>>'.
        Types of parameters 'req' and 'req' are incompatible.
          Type 'Request<ParamsDictionary, any, any, ParsedQs, Record<string, any>>' is not assignable to type 'AuthRequest'.
            Types of property 'user' are incompatible.
              Type '{ id: string; email: string; role: string; name?: string | undefined; permissions?: string[] | undefined; } | undefined' is not assignable to type '{ id: string; email: string; role: string; permissions: any; } | undefined'.
                Type '{ id: string; email: string; role: string; name?: string | undefined; permissions?: string[] | undefined; }' is not assignable to type '{ id: string; email: string; role: string; permissions: any; }'.
                  Property 'permissions' is optional in type '{ id: string; email: string; role: string; name?: string | undefined; permissions?: string[] | undefined; }' but required in type '{ id: string; email: string; role: string; permissions: any; }'.
server/src/routes/programRoutes.ts(1212,3): error TS2769: No overload matches this call.
  The last overload gave the following error.
    Argument of type '(req: AuthRequest, res: Response, next: NextFunction) => Promise<Response<any, Record<string, any>> | undefined>' is not assignable to parameter of type 'RequestHandlerParams<ParamsDictionary, any, any, ParsedQs, Record<string, any>>'.
      Type '(req: AuthRequest, res: Response, next: NextFunction) => Promise<Response<any, Record<string, any>> | undefined>' is not assignable to type 'RequestHandler<ParamsDictionary, any, any, ParsedQs, Record<string, any>>'.
        Types of parameters 'req' and 'req' are incompatible.
          Type 'Request<ParamsDictionary, any, any, ParsedQs, Record<string, any>>' is not assignable to type 'AuthRequest'.
            Types of property 'user' are incompatible.
              Type '{ id: string; email: string; role: string; name?: string | undefined; permissions?: string[] | undefined; } | undefined' is not assignable to type '{ id: string; email: string; role: string; permissions: any; } | undefined'.
                Type '{ id: string; email: string; role: string; name?: string | undefined; permissions?: string[] | undefined; }' is not assignable to type '{ id: string; email: string; role: string; permissions: any; }'.
                  Property 'permissions' is optional in type '{ id: string; email: string; role: string; name?: string | undefined; permissions?: string[] | undefined; }' but required in type '{ id: string; email: string; role: string; permissions: any; }'.
server/src/routes/programRoutes.ts(1248,3): error TS2769: No overload matches this call.
  The last overload gave the following error.
    Argument of type '(req: AuthRequest, res: Response, next: NextFunction) => Promise<Response<any, Record<string, any>> | undefined>' is not assignable to parameter of type 'RequestHandlerParams<ParamsDictionary, any, any, ParsedQs, Record<string, any>>'.
      Type '(req: AuthRequest, res: Response, next: NextFunction) => Promise<Response<any, Record<string, any>> | undefined>' is not assignable to type 'RequestHandler<ParamsDictionary, any, any, ParsedQs, Record<string, any>>'.
        Types of parameters 'req' and 'req' are incompatible.
          Type 'Request<ParamsDictionary, any, any, ParsedQs, Record<string, any>>' is not assignable to type 'AuthRequest'.
            Types of property 'user' are incompatible.
              Type '{ id: string; email: string; role: string; name?: string | undefined; permissions?: string[] | undefined; } | undefined' is not assignable to type '{ id: string; email: string; role: string; permissions: any; } | undefined'.
                Type '{ id: string; email: string; role: string; name?: string | undefined; permissions?: string[] | undefined; }' is not assignable to type '{ id: string; email: string; role: string; permissions: any; }'.
                  Property 'permissions' is optional in type '{ id: string; email: string; role: string; name?: string | undefined; permissions?: string[] | undefined; }' but required in type '{ id: string; email: string; role: string; permissions: any; }'.
server/src/routes/programRoutes.ts(1280,3): error TS2769: No overload matches this call.
  The last overload gave the following error.
    Argument of type '(req: AuthRequest, res: Response, next: NextFunction) => Promise<Response<any, Record<string, any>> | undefined>' is not assignable to parameter of type 'RequestHandlerParams<ParamsDictionary, any, any, ParsedQs, Record<string, any>>'.
      Type '(req: AuthRequest, res: Response, next: NextFunction) => Promise<Response<any, Record<string, any>> | undefined>' is not assignable to type 'RequestHandler<ParamsDictionary, any, any, ParsedQs, Record<string, any>>'.
        Types of parameters 'req' and 'req' are incompatible.
          Type 'Request<ParamsDictionary, any, any, ParsedQs, Record<string, any>>' is not assignable to type 'AuthRequest'.
            Types of property 'user' are incompatible.
              Type '{ id: string; email: string; role: string; name?: string | undefined; permissions?: string[] | undefined; } | undefined' is not assignable to type '{ id: string; email: string; role: string; permissions: any; } | undefined'.
                Type '{ id: string; email: string; role: string; name?: string | undefined; permissions?: string[] | undefined; }' is not assignable to type '{ id: string; email: string; role: string; permissions: any; }'.
                  Property 'permissions' is optional in type '{ id: string; email: string; role: string; name?: string | undefined; permissions?: string[] | undefined; }' but required in type '{ id: string; email: string; role: string; permissions: any; }'.
server/src/routes/programRoutes.ts(1321,3): error TS2769: No overload matches this call.
  The last overload gave the following error.
    Argument of type '(req: AuthRequest, res: Response, next: NextFunction) => Promise<Response<any, Record<string, any>> | undefined>' is not assignable to parameter of type 'RequestHandlerParams<ParamsDictionary, any, any, ParsedQs, Record<string, any>>'.
      Type '(req: AuthRequest, res: Response, next: NextFunction) => Promise<Response<any, Record<string, any>> | undefined>' is not assignable to type 'RequestHandler<ParamsDictionary, any, any, ParsedQs, Record<string, any>>'.
        Types of parameters 'req' and 'req' are incompatible.
          Type 'Request<ParamsDictionary, any, any, ParsedQs, Record<string, any>>' is not assignable to type 'AuthRequest'.
            Types of property 'user' are incompatible.
              Type '{ id: string; email: string; role: string; name?: string | undefined; permissions?: string[] | undefined; } | undefined' is not assignable to type '{ id: string; email: string; role: string; permissions: any; } | undefined'.
                Type '{ id: string; email: string; role: string; name?: string | undefined; permissions?: string[] | undefined; }' is not assignable to type '{ id: string; email: string; role: string; permissions: any; }'.
                  Property 'permissions' is optional in type '{ id: string; email: string; role: string; name?: string | undefined; permissions?: string[] | undefined; }' but required in type '{ id: string; email: string; role: string; permissions: any; }'.
server/src/routes/programRoutes.ts(1360,3): error TS2769: No overload matches this call.
  The last overload gave the following error.
    Argument of type '(req: AuthRequest, res: Response, next: NextFunction) => Promise<Response<any, Record<string, any>> | undefined>' is not assignable to parameter of type 'RequestHandlerParams<ParamsDictionary, any, any, ParsedQs, Record<string, any>>'.
      Type '(req: AuthRequest, res: Response, next: NextFunction) => Promise<Response<any, Record<string, any>> | undefined>' is not assignable to type 'RequestHandler<ParamsDictionary, any, any, ParsedQs, Record<string, any>>'.
        Types of parameters 'req' and 'req' are incompatible.
          Type 'Request<ParamsDictionary, any, any, ParsedQs, Record<string, any>>' is not assignable to type 'AuthRequest'.
            Types of property 'user' are incompatible.
              Type '{ id: string; email: string; role: string; name?: string | undefined; permissions?: string[] | undefined; } | undefined' is not assignable to type '{ id: string; email: string; role: string; permissions: any; } | undefined'.
                Type '{ id: string; email: string; role: string; name?: string | undefined; permissions?: string[] | undefined; }' is not assignable to type '{ id: string; email: string; role: string; permissions: any; }'.
                  Property 'permissions' is optional in type '{ id: string; email: string; role: string; name?: string | undefined; permissions?: string[] | undefined; }' but required in type '{ id: string; email: string; role: string; permissions: any; }'.
server/src/routes/programRoutes.ts(1392,3): error TS2769: No overload matches this call.
  The last overload gave the following error.
    Argument of type '(req: AuthRequest, res: Response, next: NextFunction) => Promise<Response<any, Record<string, any>> | undefined>' is not assignable to parameter of type 'RequestHandlerParams<ParamsDictionary, any, any, ParsedQs, Record<string, any>>'.
      Type '(req: AuthRequest, res: Response, next: NextFunction) => Promise<Response<any, Record<string, any>> | undefined>' is not assignable to type 'RequestHandler<ParamsDictionary, any, any, ParsedQs, Record<string, any>>'.
        Types of parameters 'req' and 'req' are incompatible.
          Type 'Request<ParamsDictionary, any, any, ParsedQs, Record<string, any>>' is not assignable to type 'AuthRequest'.
            Types of property 'user' are incompatible.
              Type '{ id: string; email: string; role: string; name?: string | undefined; permissions?: string[] | undefined; } | undefined' is not assignable to type '{ id: string; email: string; role: string; permissions: any; } | undefined'.
                Type '{ id: string; email: string; role: string; name?: string | undefined; permissions?: string[] | undefined; }' is not assignable to type '{ id: string; email: string; role: string; permissions: any; }'.
                  Property 'permissions' is optional in type '{ id: string; email: string; role: string; name?: string | undefined; permissions?: string[] | undefined; }' but required in type '{ id: string; email: string; role: string; permissions: any; }'.
server/src/routes/programRoutes.ts(1432,3): error TS2769: No overload matches this call.
  The last overload gave the following error.
    Argument of type '(req: AuthRequest, res: Response, next: NextFunction) => Promise<Response<any, Record<string, any>> | undefined>' is not assignable to parameter of type 'RequestHandlerParams<ParamsDictionary, any, any, ParsedQs, Record<string, any>>'.
      Type '(req: AuthRequest, res: Response, next: NextFunction) => Promise<Response<any, Record<string, any>> | undefined>' is not assignable to type 'RequestHandler<ParamsDictionary, any, any, ParsedQs, Record<string, any>>'.
        Types of parameters 'req' and 'req' are incompatible.
          Type 'Request<ParamsDictionary, any, any, ParsedQs, Record<string, any>>' is not assignable to type 'AuthRequest'.
            Types of property 'user' are incompatible.
              Type '{ id: string; email: string; role: string; name?: string | undefined; permissions?: string[] | undefined; } | undefined' is not assignable to type '{ id: string; email: string; role: string; permissions: any; } | undefined'.
                Type '{ id: string; email: string; role: string; name?: string | undefined; permissions?: string[] | undefined; }' is not assignable to type '{ id: string; email: string; role: string; permissions: any; }'.
                  Property 'permissions' is optional in type '{ id: string; email: string; role: string; name?: string | undefined; permissions?: string[] | undefined; }' but required in type '{ id: string; email: string; role: string; permissions: any; }'.
server/src/routes/programRoutes.ts(1471,3): error TS2769: No overload matches this call.
  The last overload gave the following error.
    Argument of type '(req: AuthRequest, res: Response, next: NextFunction) => Promise<Response<any, Record<string, any>> | undefined>' is not assignable to parameter of type 'RequestHandlerParams<ParamsDictionary, any, any, ParsedQs, Record<string, any>>'.
      Type '(req: AuthRequest, res: Response, next: NextFunction) => Promise<Response<any, Record<string, any>> | undefined>' is not assignable to type 'RequestHandler<ParamsDictionary, any, any, ParsedQs, Record<string, any>>'.
        Types of parameters 'req' and 'req' are incompatible.
          Type 'Request<ParamsDictionary, any, any, ParsedQs, Record<string, any>>' is not assignable to type 'AuthRequest'.
            Types of property 'user' are incompatible.
              Type '{ id: string; email: string; role: string; name?: string | undefined; permissions?: string[] | undefined; } | undefined' is not assignable to type '{ id: string; email: string; role: string; permissions: any; } | undefined'.
                Type '{ id: string; email: string; role: string; name?: string | undefined; permissions?: string[] | undefined; }' is not assignable to type '{ id: string; email: string; role: string; permissions: any; }'.
                  Property 'permissions' is optional in type '{ id: string; email: string; role: string; name?: string | undefined; permissions?: string[] | undefined; }' but required in type '{ id: string; email: string; role: string; permissions: any; }'.
server/src/routes/programRoutes.ts(1511,3): error TS2769: No overload matches this call.
  The last overload gave the following error.
    Argument of type '(req: AuthRequest, res: Response, next: NextFunction) => Promise<Response<any, Record<string, any>> | undefined>' is not assignable to parameter of type 'RequestHandlerParams<ParamsDictionary, any, any, ParsedQs, Record<string, any>>'.
      Type '(req: AuthRequest, res: Response, next: NextFunction) => Promise<Response<any, Record<string, any>> | undefined>' is not assignable to type 'RequestHandler<ParamsDictionary, any, any, ParsedQs, Record<string, any>>'.
        Types of parameters 'req' and 'req' are incompatible.
          Type 'Request<ParamsDictionary, any, any, ParsedQs, Record<string, any>>' is not assignable to type 'AuthRequest'.
            Types of property 'user' are incompatible.
              Type '{ id: string; email: string; role: string; name?: string | undefined; permissions?: string[] | undefined; } | undefined' is not assignable to type '{ id: string; email: string; role: string; permissions: any; } | undefined'.
                Type '{ id: string; email: string; role: string; name?: string | undefined; permissions?: string[] | undefined; }' is not assignable to type '{ id: string; email: string; role: string; permissions: any; }'.
                  Property 'permissions' is optional in type '{ id: string; email: string; role: string; name?: string | undefined; permissions?: string[] | undefined; }' but required in type '{ id: string; email: string; role: string; permissions: any; }'.
server/src/routes/projectSimilarity.ts(18,35): error TS2769: No overload matches this call.
  The last overload gave the following error.
    Argument of type '(req: AuthRequest, res: Response, next: NextFunction) => Promise<Response<any, Record<string, any>> | undefined>' is not assignable to parameter of type 'RequestHandlerParams<ParamsDictionary, any, any, ParsedQs, Record<string, any>>'.
      Type '(req: AuthRequest, res: Response, next: NextFunction) => Promise<Response<any, Record<string, any>> | undefined>' is not assignable to type 'RequestHandler<ParamsDictionary, any, any, ParsedQs, Record<string, any>>'.
        Types of parameters 'req' and 'req' are incompatible.
          Type 'Request<ParamsDictionary, any, any, ParsedQs, Record<string, any>>' is not assignable to type 'AuthRequest'.
            Types of property 'user' are incompatible.
              Type '{ id: string; email: string; role: string; name?: string | undefined; permissions?: string[] | undefined; } | undefined' is not assignable to type '{ id: string; email: string; role: string; permissions: any; } | undefined'.
                Type '{ id: string; email: string; role: string; name?: string | undefined; permissions?: string[] | undefined; }' is not assignable to type '{ id: string; email: string; role: string; permissions: any; }'.
                  Property 'permissions' is optional in type '{ id: string; email: string; role: string; name?: string | undefined; permissions?: string[] | undefined; }' but required in type '{ id: string; email: string; role: string; permissions: any; }'.
server/src/routes/projectSimilarity.ts(46,43): error TS2769: No overload matches this call.
  The last overload gave the following error.
    Argument of type '(req: AuthRequest, res: Response, next: NextFunction) => Promise<Response<any, Record<string, any>> | undefined>' is not assignable to parameter of type 'RequestHandlerParams<ParamsDictionary, any, any, ParsedQs, Record<string, any>>'.
      Type '(req: AuthRequest, res: Response, next: NextFunction) => Promise<Response<any, Record<string, any>> | undefined>' is not assignable to type 'RequestHandler<ParamsDictionary, any, any, ParsedQs, Record<string, any>>'.
        Types of parameters 'req' and 'req' are incompatible.
          Type 'Request<ParamsDictionary, any, any, ParsedQs, Record<string, any>>' is not assignable to type 'AuthRequest'.
            Types of property 'user' are incompatible.
              Type '{ id: string; email: string; role: string; name?: string | undefined; permissions?: string[] | undefined; } | undefined' is not assignable to type '{ id: string; email: string; role: string; permissions: any; } | undefined'.
                Type '{ id: string; email: string; role: string; name?: string | undefined; permissions?: string[] | undefined; }' is not assignable to type '{ id: string; email: string; role: string; permissions: any; }'.
                  Property 'permissions' is optional in type '{ id: string; email: string; role: string; name?: string | undefined; permissions?: string[] | undefined; }' but required in type '{ id: string; email: string; role: string; permissions: any; }'.
server/src/routes/projectSimilarity.ts(74,54): error TS2769: No overload matches this call.
  The last overload gave the following error.
    Argument of type '(req: AuthRequest, res: Response, next: NextFunction) => Promise<Response<any, Record<string, any>> | undefined>' is not assignable to parameter of type 'RequestHandlerParams<ParamsDictionary, any, any, ParsedQs, Record<string, any>>'.
      Type '(req: AuthRequest, res: Response, next: NextFunction) => Promise<Response<any, Record<string, any>> | undefined>' is not assignable to type 'RequestHandler<ParamsDictionary, any, any, ParsedQs, Record<string, any>>'.
        Types of parameters 'req' and 'req' are incompatible.
          Type 'Request<ParamsDictionary, any, any, ParsedQs, Record<string, any>>' is not assignable to type 'AuthRequest'.
            Types of property 'user' are incompatible.
              Type '{ id: string; email: string; role: string; name?: string | undefined; permissions?: string[] | undefined; } | undefined' is not assignable to type '{ id: string; email: string; role: string; permissions: any; } | undefined'.
                Type '{ id: string; email: string; role: string; name?: string | undefined; permissions?: string[] | undefined; }' is not assignable to type '{ id: string; email: string; role: string; permissions: any; }'.
                  Property 'permissions' is optional in type '{ id: string; email: string; role: string; name?: string | undefined; permissions?: string[] | undefined; }' but required in type '{ id: string; email: string; role: string; permissions: any; }'.
server/src/routes/projectSimilarity.ts(101,47): error TS2769: No overload matches this call.
  The last overload gave the following error.
    Argument of type '(req: AuthRequest, res: Response, next: NextFunction) => Promise<Response<any, Record<string, any>> | undefined>' is not assignable to parameter of type 'RequestHandlerParams<ParamsDictionary, any, any, ParsedQs, Record<string, any>>'.
      Type '(req: AuthRequest, res: Response, next: NextFunction) => Promise<Response<any, Record<string, any>> | undefined>' is not assignable to type 'RequestHandler<ParamsDictionary, any, any, ParsedQs, Record<string, any>>'.
        Types of parameters 'req' and 'req' are incompatible.
          Type 'Request<ParamsDictionary, any, any, ParsedQs, Record<string, any>>' is not assignable to type 'AuthRequest'.
            Types of property 'user' are incompatible.
              Type '{ id: string; email: string; role: string; name?: string | undefined; permissions?: string[] | undefined; } | undefined' is not assignable to type '{ id: string; email: string; role: string; permissions: any; } | undefined'.
                Type '{ id: string; email: string; role: string; name?: string | undefined; permissions?: string[] | undefined; }' is not assignable to type '{ id: string; email: string; role: string; permissions: any; }'.
                  Property 'permissions' is optional in type '{ id: string; email: string; role: string; name?: string | undefined; permissions?: string[] | undefined; }' but required in type '{ id: string; email: string; role: string; permissions: any; }'.
server/src/routes/projectSimilarity.ts(125,47): error TS2769: No overload matches this call.
  The last overload gave the following error.
    Argument of type '(req: AuthRequest, res: Response, next: NextFunction) => Promise<Response<any, Record<string, any>> | undefined>' is not assignable to parameter of type 'RequestHandlerParams<ParamsDictionary, any, any, ParsedQs, Record<string, any>>'.
      Type '(req: AuthRequest, res: Response, next: NextFunction) => Promise<Response<any, Record<string, any>> | undefined>' is not assignable to type 'RequestHandler<ParamsDictionary, any, any, ParsedQs, Record<string, any>>'.
        Types of parameters 'req' and 'req' are incompatible.
          Type 'Request<ParamsDictionary, any, any, ParsedQs, Record<string, any>>' is not assignable to type 'AuthRequest'.
            Types of property 'user' are incompatible.
              Type '{ id: string; email: string; role: string; name?: string | undefined; permissions?: string[] | undefined; } | undefined' is not assignable to type '{ id: string; email: string; role: string; permissions: any; } | undefined'.
                Type '{ id: string; email: string; role: string; name?: string | undefined; permissions?: string[] | undefined; }' is not assignable to type '{ id: string; email: string; role: string; permissions: any; }'.
                  Property 'permissions' is optional in type '{ id: string; email: string; role: string; name?: string | undefined; permissions?: string[] | undefined; }' but required in type '{ id: string; email: string; role: string; permissions: any; }'.
server/src/routes/projectSimilarity.ts(149,41): error TS2769: No overload matches this call.
  The last overload gave the following error.
    Argument of type '(req: AuthRequest, res: Response, next: NextFunction) => Promise<Response<any, Record<string, any>> | undefined>' is not assignable to parameter of type 'RequestHandlerParams<ParamsDictionary, any, any, ParsedQs, Record<string, any>>'.
      Type '(req: AuthRequest, res: Response, next: NextFunction) => Promise<Response<any, Record<string, any>> | undefined>' is not assignable to type 'RequestHandler<ParamsDictionary, any, any, ParsedQs, Record<string, any>>'.
        Types of parameters 'req' and 'req' are incompatible.
          Type 'Request<ParamsDictionary, any, any, ParsedQs, Record<string, any>>' is not assignable to type 'AuthRequest'.
            Types of property 'user' are incompatible.
              Type '{ id: string; email: string; role: string; name?: string | undefined; permissions?: string[] | undefined; } | undefined' is not assignable to type '{ id: string; email: string; role: string; permissions: any; } | undefined'.
                Type '{ id: string; email: string; role: string; name?: string | undefined; permissions?: string[] | undefined; }' is not assignable to type '{ id: string; email: string; role: string; permissions: any; }'.
                  Property 'permissions' is optional in type '{ id: string; email: string; role: string; name?: string | undefined; permissions?: string[] | undefined; }' but required in type '{ id: string; email: string; role: string; permissions: any; }'.
server/src/routes/projectSimilarity.ts(207,53): error TS2769: No overload matches this call.
  The last overload gave the following error.
    Argument of type '(req: AuthRequest, res: Response, next: NextFunction) => Promise<Response<any, Record<string, any>> | undefined>' is not assignable to parameter of type 'RequestHandlerParams<ParamsDictionary, any, any, ParsedQs, Record<string, any>>'.
      Type '(req: AuthRequest, res: Response, next: NextFunction) => Promise<Response<any, Record<string, any>> | undefined>' is not assignable to type 'RequestHandler<ParamsDictionary, any, any, ParsedQs, Record<string, any>>'.
        Types of parameters 'req' and 'req' are incompatible.
          Type 'Request<ParamsDictionary, any, any, ParsedQs, Record<string, any>>' is not assignable to type 'AuthRequest'.
            Types of property 'user' are incompatible.
              Type '{ id: string; email: string; role: string; name?: string | undefined; permissions?: string[] | undefined; } | undefined' is not assignable to type '{ id: string; email: string; role: string; permissions: any; } | undefined'.
                Type '{ id: string; email: string; role: string; name?: string | undefined; permissions?: string[] | undefined; }' is not assignable to type '{ id: string; email: string; role: string; permissions: any; }'.
                  Property 'permissions' is optional in type '{ id: string; email: string; role: string; name?: string | undefined; permissions?: string[] | undefined; }' but required in type '{ id: string; email: string; role: string; permissions: any; }'.
server/src/routes/projectSimilarity.ts(253,42): error TS2769: No overload matches this call.
  The last overload gave the following error.
    Argument of type '(req: AuthRequest, res: Response, next: NextFunction) => Promise<Response<any, Record<string, any>> | undefined>' is not assignable to parameter of type 'RequestHandlerParams<ParamsDictionary, any, any, ParsedQs, Record<string, any>>'.
      Type '(req: AuthRequest, res: Response, next: NextFunction) => Promise<Response<any, Record<string, any>> | undefined>' is not assignable to type 'RequestHandler<ParamsDictionary, any, any, ParsedQs, Record<string, any>>'.
        Types of parameters 'req' and 'req' are incompatible.
          Type 'Request<ParamsDictionary, any, any, ParsedQs, Record<string, any>>' is not assignable to type 'AuthRequest'.
            Types of property 'user' are incompatible.
              Type '{ id: string; email: string; role: string; name?: string | undefined; permissions?: string[] | undefined; } | undefined' is not assignable to type '{ id: string; email: string; role: string; permissions: any; } | undefined'.
                Type '{ id: string; email: string; role: string; name?: string | undefined; permissions?: string[] | undefined; }' is not assignable to type '{ id: string; email: string; role: string; permissions: any; }'.
                  Property 'permissions' is optional in type '{ id: string; email: string; role: string; name?: string | undefined; permissions?: string[] | undefined; }' but required in type '{ id: string; email: string; role: string; permissions: any; }'.
server/src/routes/projectSimilarity.ts(278,61): error TS2769: No overload matches this call.
  The last overload gave the following error.
    Argument of type '(req: AuthRequest, res: Response, next: NextFunction) => Promise<Response<any, Record<string, any>> | undefined>' is not assignable to parameter of type 'RequestHandlerParams<ParamsDictionary, any, any, ParsedQs, Record<string, any>>'.
      Type '(req: AuthRequest, res: Response, next: NextFunction) => Promise<Response<any, Record<string, any>> | undefined>' is not assignable to type 'RequestHandler<ParamsDictionary, any, any, ParsedQs, Record<string, any>>'.
        Types of parameters 'req' and 'req' are incompatible.
          Type 'Request<ParamsDictionary, any, any, ParsedQs, Record<string, any>>' is not assignable to type 'AuthRequest'.
            Types of property 'user' are incompatible.
              Type '{ id: string; email: string; role: string; name?: string | undefined; permissions?: string[] | undefined; } | undefined' is not assignable to type '{ id: string; email: string; role: string; permissions: any; } | undefined'.
                Type '{ id: string; email: string; role: string; name?: string | undefined; permissions?: string[] | undefined; }' is not assignable to type '{ id: string; email: string; role: string; permissions: any; }'.
                  Property 'permissions' is optional in type '{ id: string; email: string; role: string; name?: string | undefined; permissions?: string[] | undefined; }' but required in type '{ id: string; email: string; role: string; permissions: any; }'.
server/src/routes/projectSimilarity.ts(336,70): error TS2769: No overload matches this call.
  The last overload gave the following error.
    Argument of type '(req: AuthRequest, res: Response, next: NextFunction) => Promise<Response<any, Record<string, any>> | undefined>' is not assignable to parameter of type 'RequestHandlerParams<ParamsDictionary, any, any, ParsedQs, Record<string, any>>'.
      Type '(req: AuthRequest, res: Response, next: NextFunction) => Promise<Response<any, Record<string, any>> | undefined>' is not assignable to type 'RequestHandler<ParamsDictionary, any, any, ParsedQs, Record<string, any>>'.
        Types of parameters 'req' and 'req' are incompatible.
          Type 'Request<ParamsDictionary, any, any, ParsedQs, Record<string, any>>' is not assignable to type 'AuthRequest'.
            Types of property 'user' are incompatible.
              Type '{ id: string; email: string; role: string; name?: string | undefined; permissions?: string[] | undefined; } | undefined' is not assignable to type '{ id: string; email: string; role: string; permissions: any; } | undefined'.
                Type '{ id: string; email: string; role: string; name?: string | undefined; permissions?: string[] | undefined; }' is not assignable to type '{ id: string; email: string; role: string; permissions: any; }'.
                  Property 'permissions' is optional in type '{ id: string; email: string; role: string; name?: string | undefined; permissions?: string[] | undefined; }' but required in type '{ id: string; email: string; role: string; permissions: any; }'.
server/src/routes/promptAssistantRoutes.ts(20,25): error TS2769: No overload matches this call.
  The last overload gave the following error.
    Argument of type '(req: AuthRequest, res: Response, next: NextFunction) => Promise<Response<any, Record<string, any>> | undefined>' is not assignable to parameter of type 'RequestHandlerParams<ParamsDictionary, any, any, ParsedQs, Record<string, any>>'.
      Type '(req: AuthRequest, res: Response, next: NextFunction) => Promise<Response<any, Record<string, any>> | undefined>' is not assignable to type 'RequestHandler<ParamsDictionary, any, any, ParsedQs, Record<string, any>>'.
        Types of parameters 'req' and 'req' are incompatible.
          Type 'Request<ParamsDictionary, any, any, ParsedQs, Record<string, any>>' is not assignable to type 'AuthRequest'.
            Types of property 'user' are incompatible.
              Type '{ id: string; email: string; role: string; name?: string | undefined; permissions?: string[] | undefined; } | undefined' is not assignable to type '{ id: string; email: string; role: string; permissions: any; } | undefined'.
                Type '{ id: string; email: string; role: string; name?: string | undefined; permissions?: string[] | undefined; }' is not assignable to type '{ id: string; email: string; role: string; permissions: any; }'.
                  Property 'permissions' is optional in type '{ id: string; email: string; role: string; name?: string | undefined; permissions?: string[] | undefined; }' but required in type '{ id: string; email: string; role: string; permissions: any; }'.
server/src/routes/promptAssistantRoutes.ts(48,26): error TS2769: No overload matches this call.
  The last overload gave the following error.
    Argument of type '(req: AuthRequest, res: Response, next: NextFunction) => Promise<Response<any, Record<string, any>> | undefined>' is not assignable to parameter of type 'RequestHandlerParams<ParamsDictionary, any, any, ParsedQs, Record<string, any>>'.
      Type '(req: AuthRequest, res: Response, next: NextFunction) => Promise<Response<any, Record<string, any>> | undefined>' is not assignable to type 'RequestHandler<ParamsDictionary, any, any, ParsedQs, Record<string, any>>'.
        Types of parameters 'req' and 'req' are incompatible.
          Type 'Request<ParamsDictionary, any, any, ParsedQs, Record<string, any>>' is not assignable to type 'AuthRequest'.
            Types of property 'user' are incompatible.
              Type '{ id: string; email: string; role: string; name?: string | undefined; permissions?: string[] | undefined; } | undefined' is not assignable to type '{ id: string; email: string; role: string; permissions: any; } | undefined'.
                Type '{ id: string; email: string; role: string; name?: string | undefined; permissions?: string[] | undefined; }' is not assignable to type '{ id: string; email: string; role: string; permissions: any; }'.
                  Property 'permissions' is optional in type '{ id: string; email: string; role: string; name?: string | undefined; permissions?: string[] | undefined; }' but required in type '{ id: string; email: string; role: string; permissions: any; }'.
server/src/routes/promptAssistantRoutes.ts(85,23): error TS2769: No overload matches this call.
  The last overload gave the following error.
    Argument of type '(req: AuthRequest, res: Response, next: NextFunction) => Promise<Response<any, Record<string, any>> | undefined>' is not assignable to parameter of type 'RequestHandlerParams<ParamsDictionary, any, any, ParsedQs, Record<string, any>>'.
      Type '(req: AuthRequest, res: Response, next: NextFunction) => Promise<Response<any, Record<string, any>> | undefined>' is not assignable to type 'RequestHandler<ParamsDictionary, any, any, ParsedQs, Record<string, any>>'.
        Types of parameters 'req' and 'req' are incompatible.
          Type 'Request<ParamsDictionary, any, any, ParsedQs, Record<string, any>>' is not assignable to type 'AuthRequest'.
            Types of property 'user' are incompatible.
              Type '{ id: string; email: string; role: string; name?: string | undefined; permissions?: string[] | undefined; } | undefined' is not assignable to type '{ id: string; email: string; role: string; permissions: any; } | undefined'.
                Type '{ id: string; email: string; role: string; name?: string | undefined; permissions?: string[] | undefined; }' is not assignable to type '{ id: string; email: string; role: string; permissions: any; }'.
                  Property 'permissions' is optional in type '{ id: string; email: string; role: string; name?: string | undefined; permissions?: string[] | undefined; }' but required in type '{ id: string; email: string; role: string; permissions: any; }'.
server/src/routes/promptAssistantRoutes.ts(104,24): error TS2769: No overload matches this call.
  The last overload gave the following error.
    Argument of type '(req: AuthRequest, res: Response, next: NextFunction) => Promise<Response<any, Record<string, any>> | undefined>' is not assignable to parameter of type 'RequestHandlerParams<ParamsDictionary, any, any, ParsedQs, Record<string, any>>'.
      Type '(req: AuthRequest, res: Response, next: NextFunction) => Promise<Response<any, Record<string, any>> | undefined>' is not assignable to type 'RequestHandler<ParamsDictionary, any, any, ParsedQs, Record<string, any>>'.
        Types of parameters 'req' and 'req' are incompatible.
          Type 'Request<ParamsDictionary, any, any, ParsedQs, Record<string, any>>' is not assignable to type 'AuthRequest'.
            Types of property 'user' are incompatible.
              Type '{ id: string; email: string; role: string; name?: string | undefined; permissions?: string[] | undefined; } | undefined' is not assignable to type '{ id: string; email: string; role: string; permissions: any; } | undefined'.
                Type '{ id: string; email: string; role: string; name?: string | undefined; permissions?: string[] | undefined; }' is not assignable to type '{ id: string; email: string; role: string; permissions: any; }'.
                  Property 'permissions' is optional in type '{ id: string; email: string; role: string; name?: string | undefined; permissions?: string[] | undefined; }' but required in type '{ id: string; email: string; role: string; permissions: any; }'.
server/src/routes/promptAssistantRoutes.ts(128,22): error TS2769: No overload matches this call.
  The last overload gave the following error.
    Argument of type '(req: AuthRequest, res: Response, next: NextFunction) => Promise<Response<any, Record<string, any>> | undefined>' is not assignable to parameter of type 'RequestHandlerParams<ParamsDictionary, any, any, ParsedQs, Record<string, any>>'.
      Type '(req: AuthRequest, res: Response, next: NextFunction) => Promise<Response<any, Record<string, any>> | undefined>' is not assignable to type 'RequestHandler<ParamsDictionary, any, any, ParsedQs, Record<string, any>>'.
        Types of parameters 'req' and 'req' are incompatible.
          Type 'Request<ParamsDictionary, any, any, ParsedQs, Record<string, any>>' is not assignable to type 'AuthRequest'.
            Types of property 'user' are incompatible.
              Type '{ id: string; email: string; role: string; name?: string | undefined; permissions?: string[] | undefined; } | undefined' is not assignable to type '{ id: string; email: string; role: string; permissions: any; } | undefined'.
                Type '{ id: string; email: string; role: string; name?: string | undefined; permissions?: string[] | undefined; }' is not assignable to type '{ id: string; email: string; role: string; permissions: any; }'.
                  Property 'permissions' is optional in type '{ id: string; email: string; role: string; name?: string | undefined; permissions?: string[] | undefined; }' but required in type '{ id: string; email: string; role: string; permissions: any; }'.
server/src/routes/promptAssistantRoutes.ts(140,19): error TS18048: 'req.user' is possibly 'undefined'.
server/src/routes/promptAssistantRoutes.ts(158,35): error TS2769: No overload matches this call.
  The last overload gave the following error.
    Argument of type '(req: AuthRequest, res: Response, next: NextFunction) => Promise<Response<any, Record<string, any>> | undefined>' is not assignable to parameter of type 'RequestHandlerParams<ParamsDictionary, any, any, ParsedQs, Record<string, any>>'.
      Type '(req: AuthRequest, res: Response, next: NextFunction) => Promise<Response<any, Record<string, any>> | undefined>' is not assignable to type 'RequestHandler<ParamsDictionary, any, any, ParsedQs, Record<string, any>>'.
        Types of parameters 'req' and 'req' are incompatible.
          Type 'Request<ParamsDictionary, any, any, ParsedQs, Record<string, any>>' is not assignable to type 'AuthRequest'.
            Types of property 'user' are incompatible.
              Type '{ id: string; email: string; role: string; name?: string | undefined; permissions?: string[] | undefined; } | undefined' is not assignable to type '{ id: string; email: string; role: string; permissions: any; } | undefined'.
                Type '{ id: string; email: string; role: string; name?: string | undefined; permissions?: string[] | undefined; }' is not assignable to type '{ id: string; email: string; role: string; permissions: any; }'.
                  Property 'permissions' is optional in type '{ id: string; email: string; role: string; name?: string | undefined; permissions?: string[] | undefined; }' but required in type '{ id: string; email: string; role: string; permissions: any; }'.
server/src/routes/qualityAuditRoutes.ts(23,3): error TS2769: No overload matches this call.
  The last overload gave the following error.
    Argument of type '(req: AuthRequest, res: Response, next: NextFunction) => Promise<Response<any, Record<string, any>> | undefined>' is not assignable to parameter of type 'RequestHandlerParams<ParamsDictionary, any, any, ParsedQs, Record<string, any>>'.
      Type '(req: AuthRequest, res: Response, next: NextFunction) => Promise<Response<any, Record<string, any>> | undefined>' is not assignable to type 'RequestHandler<ParamsDictionary, any, any, ParsedQs, Record<string, any>>'.
        Types of parameters 'req' and 'req' are incompatible.
          Type 'Request<ParamsDictionary, any, any, ParsedQs, Record<string, any>>' is not assignable to type 'AuthRequest'.
            Types of property 'user' are incompatible.
              Type '{ id: string; email: string; role: string; name?: string | undefined; permissions?: string[] | undefined; } | undefined' is not assignable to type '{ id: string; email: string; role: string; permissions: any; } | undefined'.
                Type '{ id: string; email: string; role: string; name?: string | undefined; permissions?: string[] | undefined; }' is not assignable to type '{ id: string; email: string; role: string; permissions: any; }'.
                  Property 'permissions' is optional in type '{ id: string; email: string; role: string; name?: string | undefined; permissions?: string[] | undefined; }' but required in type '{ id: string; email: string; role: string; permissions: any; }'.
server/src/routes/qualityAuditRoutes.ts(154,3): error TS2769: No overload matches this call.
  The last overload gave the following error.
    Argument of type '(req: AuthRequest, res: Response, next: NextFunction) => Promise<Response<any, Record<string, any>> | undefined>' is not assignable to parameter of type 'RequestHandlerParams<ParamsDictionary, any, any, ParsedQs, Record<string, any>>'.
      Type '(req: AuthRequest, res: Response, next: NextFunction) => Promise<Response<any, Record<string, any>> | undefined>' is not assignable to type 'RequestHandler<ParamsDictionary, any, any, ParsedQs, Record<string, any>>'.
        Types of parameters 'req' and 'req' are incompatible.
          Type 'Request<ParamsDictionary, any, any, ParsedQs, Record<string, any>>' is not assignable to type 'AuthRequest'.
            Types of property 'user' are incompatible.
              Type '{ id: string; email: string; role: string; name?: string | undefined; permissions?: string[] | undefined; } | undefined' is not assignable to type '{ id: string; email: string; role: string; permissions: any; } | undefined'.
                Type '{ id: string; email: string; role: string; name?: string | undefined; permissions?: string[] | undefined; }' is not assignable to type '{ id: string; email: string; role: string; permissions: any; }'.
                  Property 'permissions' is optional in type '{ id: string; email: string; role: string; name?: string | undefined; permissions?: string[] | undefined; }' but required in type '{ id: string; email: string; role: string; permissions: any; }'.
server/src/routes/qualityAuditRoutes.ts(356,3): error TS2769: No overload matches this call.
  The last overload gave the following error.
    Argument of type '(req: AuthRequest, res: Response, next: NextFunction) => Promise<Response<any, Record<string, any>> | undefined>' is not assignable to parameter of type 'RequestHandlerParams<ParamsDictionary, any, any, ParsedQs, Record<string, any>>'.
      Type '(req: AuthRequest, res: Response, next: NextFunction) => Promise<Response<any, Record<string, any>> | undefined>' is not assignable to type 'RequestHandler<ParamsDictionary, any, any, ParsedQs, Record<string, any>>'.
        Types of parameters 'req' and 'req' are incompatible.
          Type 'Request<ParamsDictionary, any, any, ParsedQs, Record<string, any>>' is not assignable to type 'AuthRequest'.
            Types of property 'user' are incompatible.
              Type '{ id: string; email: string; role: string; name?: string | undefined; permissions?: string[] | undefined; } | undefined' is not assignable to type '{ id: string; email: string; role: string; permissions: any; } | undefined'.
                Type '{ id: string; email: string; role: string; name?: string | undefined; permissions?: string[] | undefined; }' is not assignable to type '{ id: string; email: string; role: string; permissions: any; }'.
                  Property 'permissions' is optional in type '{ id: string; email: string; role: string; name?: string | undefined; permissions?: string[] | undefined; }' but required in type '{ id: string; email: string; role: string; permissions: any; }'.
server/src/routes/qualityAuditRoutes.ts(380,3): error TS2769: No overload matches this call.
  The last overload gave the following error.
    Argument of type '(req: AuthRequest, res: Response, next: NextFunction) => Promise<Response<any, Record<string, any>> | undefined>' is not assignable to parameter of type 'RequestHandlerParams<ParamsDictionary, any, any, ParsedQs, Record<string, any>>'.
      Type '(req: AuthRequest, res: Response, next: NextFunction) => Promise<Response<any, Record<string, any>> | undefined>' is not assignable to type 'RequestHandler<ParamsDictionary, any, any, ParsedQs, Record<string, any>>'.
        Types of parameters 'req' and 'req' are incompatible.
          Type 'Request<ParamsDictionary, any, any, ParsedQs, Record<string, any>>' is not assignable to type 'AuthRequest'.
            Types of property 'user' are incompatible.
              Type '{ id: string; email: string; role: string; name?: string | undefined; permissions?: string[] | undefined; } | undefined' is not assignable to type '{ id: string; email: string; role: string; permissions: any; } | undefined'.
                Type '{ id: string; email: string; role: string; name?: string | undefined; permissions?: string[] | undefined; }' is not assignable to type '{ id: string; email: string; role: string; permissions: any; }'.
                  Property 'permissions' is optional in type '{ id: string; email: string; role: string; name?: string | undefined; permissions?: string[] | undefined; }' but required in type '{ id: string; email: string; role: string; permissions: any; }'.
server/src/routes/qualityAuditRoutes.ts(404,3): error TS2769: No overload matches this call.
  The last overload gave the following error.
    Argument of type '(req: AuthRequest, res: Response, next: NextFunction) => Promise<Response<any, Record<string, any>> | undefined>' is not assignable to parameter of type 'RequestHandlerParams<ParamsDictionary, any, any, ParsedQs, Record<string, any>>'.
      Type '(req: AuthRequest, res: Response, next: NextFunction) => Promise<Response<any, Record<string, any>> | undefined>' is not assignable to type 'RequestHandler<ParamsDictionary, any, any, ParsedQs, Record<string, any>>'.
        Types of parameters 'req' and 'req' are incompatible.
          Type 'Request<ParamsDictionary, any, any, ParsedQs, Record<string, any>>' is not assignable to type 'AuthRequest'.
            Types of property 'user' are incompatible.
              Type '{ id: string; email: string; role: string; name?: string | undefined; permissions?: string[] | undefined; } | undefined' is not assignable to type '{ id: string; email: string; role: string; permissions: any; } | undefined'.
                Type '{ id: string; email: string; role: string; name?: string | undefined; permissions?: string[] | undefined; }' is not assignable to type '{ id: string; email: string; role: string; permissions: any; }'.
                  Property 'permissions' is optional in type '{ id: string; email: string; role: string; name?: string | undefined; permissions?: string[] | undefined; }' but required in type '{ id: string; email: string; role: string; permissions: any; }'.
server/src/routes/qualityAuditRoutes.ts(429,3): error TS2769: No overload matches this call.
  The last overload gave the following error.
    Argument of type '(req: AuthRequest, res: Response, next: NextFunction) => Promise<Response<any, Record<string, any>> | undefined>' is not assignable to parameter of type 'RequestHandlerParams<ParamsDictionary, any, any, ParsedQs, Record<string, any>>'.
      Type '(req: AuthRequest, res: Response, next: NextFunction) => Promise<Response<any, Record<string, any>> | undefined>' is not assignable to type 'RequestHandler<ParamsDictionary, any, any, ParsedQs, Record<string, any>>'.
        Types of parameters 'req' and 'req' are incompatible.
          Type 'Request<ParamsDictionary, any, any, ParsedQs, Record<string, any>>' is not assignable to type 'AuthRequest'.
            Types of property 'user' are incompatible.
              Type '{ id: string; email: string; role: string; name?: string | undefined; permissions?: string[] | undefined; } | undefined' is not assignable to type '{ id: string; email: string; role: string; permissions: any; } | undefined'.
                Type '{ id: string; email: string; role: string; name?: string | undefined; permissions?: string[] | undefined; }' is not assignable to type '{ id: string; email: string; role: string; permissions: any; }'.
                  Property 'permissions' is optional in type '{ id: string; email: string; role: string; name?: string | undefined; permissions?: string[] | undefined; }' but required in type '{ id: string; email: string; role: string; permissions: any; }'.
server/src/routes/qualityAuditRoutes.ts(459,3): error TS2769: No overload matches this call.
  The last overload gave the following error.
    Argument of type '(req: AuthRequest, res: Response, next: NextFunction) => Promise<Response<any, Record<string, any>> | undefined>' is not assignable to parameter of type 'RequestHandlerParams<ParamsDictionary, any, any, ParsedQs, Record<string, any>>'.
      Type '(req: AuthRequest, res: Response, next: NextFunction) => Promise<Response<any, Record<string, any>> | undefined>' is not assignable to type 'RequestHandler<ParamsDictionary, any, any, ParsedQs, Record<string, any>>'.
        Types of parameters 'req' and 'req' are incompatible.
          Type 'Request<ParamsDictionary, any, any, ParsedQs, Record<string, any>>' is not assignable to type 'AuthRequest'.
            Types of property 'user' are incompatible.
              Type '{ id: string; email: string; role: string; name?: string | undefined; permissions?: string[] | undefined; } | undefined' is not assignable to type '{ id: string; email: string; role: string; permissions: any; } | undefined'.
                Type '{ id: string; email: string; role: string; name?: string | undefined; permissions?: string[] | undefined; }' is not assignable to type '{ id: string; email: string; role: string; permissions: any; }'.
                  Property 'permissions' is optional in type '{ id: string; email: string; role: string; name?: string | undefined; permissions?: string[] | undefined; }' but required in type '{ id: string; email: string; role: string; permissions: any; }'.
server/src/routes/qualityAuditRoutes.ts(490,3): error TS2769: No overload matches this call.
  The last overload gave the following error.
    Argument of type '(req: AuthRequest, res: Response, next: NextFunction) => Promise<Response<any, Record<string, any>> | undefined>' is not assignable to parameter of type 'RequestHandlerParams<ParamsDictionary, any, any, ParsedQs, Record<string, any>>'.
      Type '(req: AuthRequest, res: Response, next: NextFunction) => Promise<Response<any, Record<string, any>> | undefined>' is not assignable to type 'RequestHandler<ParamsDictionary, any, any, ParsedQs, Record<string, any>>'.
        Types of parameters 'req' and 'req' are incompatible.
          Type 'Request<ParamsDictionary, any, any, ParsedQs, Record<string, any>>' is not assignable to type 'AuthRequest'.
            Types of property 'user' are incompatible.
              Type '{ id: string; email: string; role: string; name?: string | undefined; permissions?: string[] | undefined; } | undefined' is not assignable to type '{ id: string; email: string; role: string; permissions: any; } | undefined'.
                Type '{ id: string; email: string; role: string; name?: string | undefined; permissions?: string[] | undefined; }' is not assignable to type '{ id: string; email: string; role: string; permissions: any; }'.
                  Property 'permissions' is optional in type '{ id: string; email: string; role: string; name?: string | undefined; permissions?: string[] | undefined; }' but required in type '{ id: string; email: string; role: string; permissions: any; }'.
server/src/routes/qualityAuditRoutes.ts(519,3): error TS2769: No overload matches this call.
  The last overload gave the following error.
    Argument of type '(req: AuthRequest, res: Response, next: NextFunction) => Promise<Response<any, Record<string, any>> | undefined>' is not assignable to parameter of type 'RequestHandlerParams<ParamsDictionary, any, any, ParsedQs, Record<string, any>>'.
      Type '(req: AuthRequest, res: Response, next: NextFunction) => Promise<Response<any, Record<string, any>> | undefined>' is not assignable to type 'RequestHandler<ParamsDictionary, any, any, ParsedQs, Record<string, any>>'.
        Types of parameters 'req' and 'req' are incompatible.
          Type 'Request<ParamsDictionary, any, any, ParsedQs, Record<string, any>>' is not assignable to type 'AuthRequest'.
            Types of property 'user' are incompatible.
              Type '{ id: string; email: string; role: string; name?: string | undefined; permissions?: string[] | undefined; } | undefined' is not assignable to type '{ id: string; email: string; role: string; permissions: any; } | undefined'.
                Type '{ id: string; email: string; role: string; name?: string | undefined; permissions?: string[] | undefined; }' is not assignable to type '{ id: string; email: string; role: string; permissions: any; }'.
                  Property 'permissions' is optional in type '{ id: string; email: string; role: string; name?: string | undefined; permissions?: string[] | undefined; }' but required in type '{ id: string; email: string; role: string; permissions: any; }'.
server/src/routes/qualityAuditRoutes.ts(546,3): error TS2769: No overload matches this call.
  The last overload gave the following error.
    Argument of type '(req: AuthRequest, res: Response, next: NextFunction) => Promise<Response<any, Record<string, any>> | undefined>' is not assignable to parameter of type 'RequestHandlerParams<ParamsDictionary, any, any, ParsedQs, Record<string, any>>'.
      Type '(req: AuthRequest, res: Response, next: NextFunction) => Promise<Response<any, Record<string, any>> | undefined>' is not assignable to type 'RequestHandler<ParamsDictionary, any, any, ParsedQs, Record<string, any>>'.
        Types of parameters 'req' and 'req' are incompatible.
          Type 'Request<ParamsDictionary, any, any, ParsedQs, Record<string, any>>' is not assignable to type 'AuthRequest'.
            Types of property 'user' are incompatible.
              Type '{ id: string; email: string; role: string; name?: string | undefined; permissions?: string[] | undefined; } | undefined' is not assignable to type '{ id: string; email: string; role: string; permissions: any; } | undefined'.
                Type '{ id: string; email: string; role: string; name?: string | undefined; permissions?: string[] | undefined; }' is not assignable to type '{ id: string; email: string; role: string; permissions: any; }'.
                  Property 'permissions' is optional in type '{ id: string; email: string; role: string; name?: string | undefined; permissions?: string[] | undefined; }' but required in type '{ id: string; email: string; role: string; permissions: any; }'.
server/src/routes/qualityAuditRoutes.ts(596,3): error TS2769: No overload matches this call.
  The last overload gave the following error.
    Argument of type '(req: AuthRequest, res: Response, next: NextFunction) => Promise<Response<any, Record<string, any>> | undefined>' is not assignable to parameter of type 'RequestHandlerParams<ParamsDictionary, any, any, ParsedQs, Record<string, any>>'.
      Type '(req: AuthRequest, res: Response, next: NextFunction) => Promise<Response<any, Record<string, any>> | undefined>' is not assignable to type 'RequestHandler<ParamsDictionary, any, any, ParsedQs, Record<string, any>>'.
        Types of parameters 'req' and 'req' are incompatible.
          Type 'Request<ParamsDictionary, any, any, ParsedQs, Record<string, any>>' is not assignable to type 'AuthRequest'.
            Types of property 'user' are incompatible.
              Type '{ id: string; email: string; role: string; name?: string | undefined; permissions?: string[] | undefined; } | undefined' is not assignable to type '{ id: string; email: string; role: string; permissions: any; } | undefined'.
                Type '{ id: string; email: string; role: string; name?: string | undefined; permissions?: string[] | undefined; }' is not assignable to type '{ id: string; email: string; role: string; permissions: any; }'.
                  Property 'permissions' is optional in type '{ id: string; email: string; role: string; name?: string | undefined; permissions?: string[] | undefined; }' but required in type '{ id: string; email: string; role: string; permissions: any; }'.
server/src/routes/qualityAuditRoutes.ts(631,3): error TS2769: No overload matches this call.
  The last overload gave the following error.
    Argument of type '(req: AuthRequest, res: Response, next: NextFunction) => Promise<Response<any, Record<string, any>> | undefined>' is not assignable to parameter of type 'RequestHandlerParams<ParamsDictionary, any, any, ParsedQs, Record<string, any>>'.
      Type '(req: AuthRequest, res: Response, next: NextFunction) => Promise<Response<any, Record<string, any>> | undefined>' is not assignable to type 'RequestHandler<ParamsDictionary, any, any, ParsedQs, Record<string, any>>'.
        Types of parameters 'req' and 'req' are incompatible.
          Type 'Request<ParamsDictionary, any, any, ParsedQs, Record<string, any>>' is not assignable to type 'AuthRequest'.
            Types of property 'user' are incompatible.
              Type '{ id: string; email: string; role: string; name?: string | undefined; permissions?: string[] | undefined; } | undefined' is not assignable to type '{ id: string; email: string; role: string; permissions: any; } | undefined'.
                Type '{ id: string; email: string; role: string; name?: string | undefined; permissions?: string[] | undefined; }' is not assignable to type '{ id: string; email: string; role: string; permissions: any; }'.
                  Property 'permissions' is optional in type '{ id: string; email: string; role: string; name?: string | undefined; permissions?: string[] | undefined; }' but required in type '{ id: string; email: string; role: string; permissions: any; }'.
server/src/routes/queue-stats.ts(30,25): error TS2769: No overload matches this call.
  The last overload gave the following error.
    Argument of type '(req: AuthRequest, res: Response, next: NextFunction) => Promise<Response<any, Record<string, any>> | undefined>' is not assignable to parameter of type 'RequestHandlerParams<ParamsDictionary, any, any, ParsedQs, Record<string, any>>'.
      Type '(req: AuthRequest, res: Response, next: NextFunction) => Promise<Response<any, Record<string, any>> | undefined>' is not assignable to type 'RequestHandler<ParamsDictionary, any, any, ParsedQs, Record<string, any>>'.
        Types of parameters 'req' and 'req' are incompatible.
          Type 'Request<ParamsDictionary, any, any, ParsedQs, Record<string, any>>' is not assignable to type 'AuthRequest'.
            Types of property 'user' are incompatible.
              Type '{ id: string; email: string; role: string; name?: string | undefined; permissions?: string[] | undefined; } | undefined' is not assignable to type '{ id: string; email: string; role: string; permissions: any; } | undefined'.
                Type '{ id: string; email: string; role: string; name?: string | undefined; permissions?: string[] | undefined; }' is not assignable to type '{ id: string; email: string; role: string; permissions: any; }'.
                  Property 'permissions' is optional in type '{ id: string; email: string; role: string; name?: string | undefined; permissions?: string[] | undefined; }' but required in type '{ id: string; email: string; role: string; permissions: any; }'.
server/src/routes/queue-stats.ts(122,24): error TS2769: No overload matches this call.
  The last overload gave the following error.
    Argument of type '(req: AuthRequest, res: Response, next: NextFunction) => Promise<Response<any, Record<string, any>> | undefined>' is not assignable to parameter of type 'RequestHandlerParams<ParamsDictionary, any, any, ParsedQs, Record<string, any>>'.
      Type '(req: AuthRequest, res: Response, next: NextFunction) => Promise<Response<any, Record<string, any>> | undefined>' is not assignable to type 'RequestHandler<ParamsDictionary, any, any, ParsedQs, Record<string, any>>'.
        Types of parameters 'req' and 'req' are incompatible.
          Type 'Request<ParamsDictionary, any, any, ParsedQs, Record<string, any>>' is not assignable to type 'AuthRequest'.
            Types of property 'user' are incompatible.
              Type '{ id: string; email: string; role: string; name?: string | undefined; permissions?: string[] | undefined; } | undefined' is not assignable to type '{ id: string; email: string; role: string; permissions: any; } | undefined'.
                Type '{ id: string; email: string; role: string; name?: string | undefined; permissions?: string[] | undefined; }' is not assignable to type '{ id: string; email: string; role: string; permissions: any; }'.
                  Property 'permissions' is optional in type '{ id: string; email: string; role: string; name?: string | undefined; permissions?: string[] | undefined; }' but required in type '{ id: string; email: string; role: string; permissions: any; }'.
server/src/routes/queue-stats.ts(274,24): error TS2769: No overload matches this call.
  The last overload gave the following error.
    Argument of type '(req: AuthRequest, res: Response, next: NextFunction) => Promise<Response<any, Record<string, any>> | undefined>' is not assignable to parameter of type 'RequestHandlerParams<ParamsDictionary, any, any, ParsedQs, Record<string, any>>'.
      Type '(req: AuthRequest, res: Response, next: NextFunction) => Promise<Response<any, Record<string, any>> | undefined>' is not assignable to type 'RequestHandler<ParamsDictionary, any, any, ParsedQs, Record<string, any>>'.
        Types of parameters 'req' and 'req' are incompatible.
          Type 'Request<ParamsDictionary, any, any, ParsedQs, Record<string, any>>' is not assignable to type 'AuthRequest'.
            Types of property 'user' are incompatible.
              Type '{ id: string; email: string; role: string; name?: string | undefined; permissions?: string[] | undefined; } | undefined' is not assignable to type '{ id: string; email: string; role: string; permissions: any; } | undefined'.
                Type '{ id: string; email: string; role: string; name?: string | undefined; permissions?: string[] | undefined; }' is not assignable to type '{ id: string; email: string; role: string; permissions: any; }'.
                  Property 'permissions' is optional in type '{ id: string; email: string; role: string; name?: string | undefined; permissions?: string[] | undefined; }' but required in type '{ id: string; email: string; role: string; permissions: any; }'.
server/src/routes/queue-stats.ts(331,23): error TS2769: No overload matches this call.
  The last overload gave the following error.
    Argument of type '(req: AuthRequest, res: Response, next: NextFunction) => Promise<Response<any, Record<string, any>> | undefined>' is not assignable to parameter of type 'RequestHandlerParams<ParamsDictionary, any, any, ParsedQs, Record<string, any>>'.
      Type '(req: AuthRequest, res: Response, next: NextFunction) => Promise<Response<any, Record<string, any>> | undefined>' is not assignable to type 'RequestHandler<ParamsDictionary, any, any, ParsedQs, Record<string, any>>'.
        Types of parameters 'req' and 'req' are incompatible.
          Type 'Request<ParamsDictionary, any, any, ParsedQs, Record<string, any>>' is not assignable to type 'AuthRequest'.
            Types of property 'user' are incompatible.
              Type '{ id: string; email: string; role: string; name?: string | undefined; permissions?: string[] | undefined; } | undefined' is not assignable to type '{ id: string; email: string; role: string; permissions: any; } | undefined'.
                Type '{ id: string; email: string; role: string; name?: string | undefined; permissions?: string[] | undefined; }' is not assignable to type '{ id: string; email: string; role: string; permissions: any; }'.
                  Property 'permissions' is optional in type '{ id: string; email: string; role: string; name?: string | undefined; permissions?: string[] | undefined; }' but required in type '{ id: string; email: string; role: string; permissions: any; }'.
server/src/routes/ragRoutes.ts(109,5): error TS2769: No overload matches this call.
  The last overload gave the following error.
    Argument of type '(req: AuthRequest, res: Response, next: NextFunction) => Promise<Response<any, Record<string, any>> | undefined>' is not assignable to parameter of type 'RequestHandlerParams<ParamsDictionary, any, any, ParsedQs, Record<string, any>>'.
      Type '(req: AuthRequest, res: Response, next: NextFunction) => Promise<Response<any, Record<string, any>> | undefined>' is not assignable to type 'RequestHandler<ParamsDictionary, any, any, ParsedQs, Record<string, any>>'.
        Types of parameters 'req' and 'req' are incompatible.
          Type 'Request<ParamsDictionary, any, any, ParsedQs, Record<string, any>>' is not assignable to type 'AuthRequest'.
            Types of property 'user' are incompatible.
              Type '{ id: string; email: string; role: string; name?: string | undefined; permissions?: string[] | undefined; } | undefined' is not assignable to type '{ id: string; email: string; role: string; permissions: any; } | undefined'.
                Type '{ id: string; email: string; role: string; name?: string | undefined; permissions?: string[] | undefined; }' is not assignable to type '{ id: string; email: string; role: string; permissions: any; }'.
                  Property 'permissions' is optional in type '{ id: string; email: string; role: string; name?: string | undefined; permissions?: string[] | undefined; }' but required in type '{ id: string; email: string; role: string; permissions: any; }'.
server/src/routes/ragRoutes.ts(173,5): error TS2769: No overload matches this call.
  The last overload gave the following error.
    Argument of type '(req: AuthRequest, res: Response, next: NextFunction) => Promise<Response<any, Record<string, any>> | undefined>' is not assignable to parameter of type 'RequestHandlerParams<ParamsDictionary, any, any, ParsedQs, Record<string, any>>'.
      Type '(req: AuthRequest, res: Response, next: NextFunction) => Promise<Response<any, Record<string, any>> | undefined>' is not assignable to type 'RequestHandler<ParamsDictionary, any, any, ParsedQs, Record<string, any>>'.
        Types of parameters 'req' and 'req' are incompatible.
          Type 'Request<ParamsDictionary, any, any, ParsedQs, Record<string, any>>' is not assignable to type 'AuthRequest'.
            Types of property 'user' are incompatible.
              Type '{ id: string; email: string; role: string; name?: string | undefined; permissions?: string[] | undefined; } | undefined' is not assignable to type '{ id: string; email: string; role: string; permissions: any; } | undefined'.
                Type '{ id: string; email: string; role: string; name?: string | undefined; permissions?: string[] | undefined; }' is not assignable to type '{ id: string; email: string; role: string; permissions: any; }'.
                  Property 'permissions' is optional in type '{ id: string; email: string; role: string; name?: string | undefined; permissions?: string[] | undefined; }' but required in type '{ id: string; email: string; role: string; permissions: any; }'.
server/src/routes/resourceCapacityRoutes.ts(112,3): error TS2769: No overload matches this call.
  The last overload gave the following error.
    Argument of type '(req: AuthRequest, res: Response, next: NextFunction) => Promise<Response<any, Record<string, any>> | undefined>' is not assignable to parameter of type 'RequestHandlerParams<ParamsDictionary, any, any, ParsedQs, Record<string, any>>'.
      Type '(req: AuthRequest, res: Response, next: NextFunction) => Promise<Response<any, Record<string, any>> | undefined>' is not assignable to type 'RequestHandler<ParamsDictionary, any, any, ParsedQs, Record<string, any>>'.
        Types of parameters 'req' and 'req' are incompatible.
          Type 'Request<ParamsDictionary, any, any, ParsedQs, Record<string, any>>' is not assignable to type 'AuthRequest'.
            Types of property 'user' are incompatible.
              Type '{ id: string; email: string; role: string; name?: string | undefined; permissions?: string[] | undefined; } | undefined' is not assignable to type '{ id: string; email: string; role: string; permissions: any; } | undefined'.
                Type '{ id: string; email: string; role: string; name?: string | undefined; permissions?: string[] | undefined; }' is not assignable to type '{ id: string; email: string; role: string; permissions: any; }'.
                  Property 'permissions' is optional in type '{ id: string; email: string; role: string; name?: string | undefined; permissions?: string[] | undefined; }' but required in type '{ id: string; email: string; role: string; permissions: any; }'.
server/src/routes/resourceCapacityRoutes.ts(148,3): error TS2769: No overload matches this call.
  The last overload gave the following error.
    Argument of type '(req: AuthRequest, res: Response, next: NextFunction) => Promise<Response<any, Record<string, any>> | undefined>' is not assignable to parameter of type 'RequestHandlerParams<ParamsDictionary, any, any, ParsedQs, Record<string, any>>'.
      Type '(req: AuthRequest, res: Response, next: NextFunction) => Promise<Response<any, Record<string, any>> | undefined>' is not assignable to type 'RequestHandler<ParamsDictionary, any, any, ParsedQs, Record<string, any>>'.
        Types of parameters 'req' and 'req' are incompatible.
          Type 'Request<ParamsDictionary, any, any, ParsedQs, Record<string, any>>' is not assignable to type 'AuthRequest'.
            Types of property 'user' are incompatible.
              Type '{ id: string; email: string; role: string; name?: string | undefined; permissions?: string[] | undefined; } | undefined' is not assignable to type '{ id: string; email: string; role: string; permissions: any; } | undefined'.
                Type '{ id: string; email: string; role: string; name?: string | undefined; permissions?: string[] | undefined; }' is not assignable to type '{ id: string; email: string; role: string; permissions: any; }'.
                  Property 'permissions' is optional in type '{ id: string; email: string; role: string; name?: string | undefined; permissions?: string[] | undefined; }' but required in type '{ id: string; email: string; role: string; permissions: any; }'.
server/src/routes/resourceCapacityRoutes.ts(205,3): error TS2769: No overload matches this call.
  The last overload gave the following error.
    Argument of type '(req: AuthRequest, res: Response, next: NextFunction) => Promise<Response<any, Record<string, any>> | undefined>' is not assignable to parameter of type 'RequestHandlerParams<ParamsDictionary, any, any, ParsedQs, Record<string, any>>'.
      Type '(req: AuthRequest, res: Response, next: NextFunction) => Promise<Response<any, Record<string, any>> | undefined>' is not assignable to type 'RequestHandler<ParamsDictionary, any, any, ParsedQs, Record<string, any>>'.
        Types of parameters 'req' and 'req' are incompatible.
          Type 'Request<ParamsDictionary, any, any, ParsedQs, Record<string, any>>' is not assignable to type 'AuthRequest'.
            Types of property 'user' are incompatible.
              Type '{ id: string; email: string; role: string; name?: string | undefined; permissions?: string[] | undefined; } | undefined' is not assignable to type '{ id: string; email: string; role: string; permissions: any; } | undefined'.
                Type '{ id: string; email: string; role: string; name?: string | undefined; permissions?: string[] | undefined; }' is not assignable to type '{ id: string; email: string; role: string; permissions: any; }'.
                  Property 'permissions' is optional in type '{ id: string; email: string; role: string; name?: string | undefined; permissions?: string[] | undefined; }' but required in type '{ id: string; email: string; role: string; permissions: any; }'.
server/src/routes/resourceCapacityRoutes.ts(240,3): error TS2769: No overload matches this call.
  The last overload gave the following error.
    Argument of type '(req: AuthRequest, res: Response, next: NextFunction) => Promise<Response<any, Record<string, any>> | undefined>' is not assignable to parameter of type 'RequestHandlerParams<ParamsDictionary, any, any, ParsedQs, Record<string, any>>'.
      Type '(req: AuthRequest, res: Response, next: NextFunction) => Promise<Response<any, Record<string, any>> | undefined>' is not assignable to type 'RequestHandler<ParamsDictionary, any, any, ParsedQs, Record<string, any>>'.
        Types of parameters 'req' and 'req' are incompatible.
          Type 'Request<ParamsDictionary, any, any, ParsedQs, Record<string, any>>' is not assignable to type 'AuthRequest'.
            Types of property 'user' are incompatible.
              Type '{ id: string; email: string; role: string; name?: string | undefined; permissions?: string[] | undefined; } | undefined' is not assignable to type '{ id: string; email: string; role: string; permissions: any; } | undefined'.
                Type '{ id: string; email: string; role: string; name?: string | undefined; permissions?: string[] | undefined; }' is not assignable to type '{ id: string; email: string; role: string; permissions: any; }'.
                  Property 'permissions' is optional in type '{ id: string; email: string; role: string; name?: string | undefined; permissions?: string[] | undefined; }' but required in type '{ id: string; email: string; role: string; permissions: any; }'.
server/src/routes/resourceCapacityRoutes.ts(282,3): error TS2769: No overload matches this call.
  The last overload gave the following error.
    Argument of type '(req: AuthRequest, res: Response, next: NextFunction) => Promise<Response<any, Record<string, any>> | undefined>' is not assignable to parameter of type 'RequestHandlerParams<ParamsDictionary, any, any, ParsedQs, Record<string, any>>'.
      Type '(req: AuthRequest, res: Response, next: NextFunction) => Promise<Response<any, Record<string, any>> | undefined>' is not assignable to type 'RequestHandler<ParamsDictionary, any, any, ParsedQs, Record<string, any>>'.
        Types of parameters 'req' and 'req' are incompatible.
          Type 'Request<ParamsDictionary, any, any, ParsedQs, Record<string, any>>' is not assignable to type 'AuthRequest'.
            Types of property 'user' are incompatible.
              Type '{ id: string; email: string; role: string; name?: string | undefined; permissions?: string[] | undefined; } | undefined' is not assignable to type '{ id: string; email: string; role: string; permissions: any; } | undefined'.
                Type '{ id: string; email: string; role: string; name?: string | undefined; permissions?: string[] | undefined; }' is not assignable to type '{ id: string; email: string; role: string; permissions: any; }'.
                  Property 'permissions' is optional in type '{ id: string; email: string; role: string; name?: string | undefined; permissions?: string[] | undefined; }' but required in type '{ id: string; email: string; role: string; permissions: any; }'.
server/src/routes/resourceCapacityRoutes.ts(313,3): error TS2769: No overload matches this call.
  The last overload gave the following error.
    Argument of type '(req: AuthRequest, res: Response, next: NextFunction) => Promise<Response<any, Record<string, any>> | undefined>' is not assignable to parameter of type 'RequestHandlerParams<ParamsDictionary, any, any, ParsedQs, Record<string, any>>'.
      Type '(req: AuthRequest, res: Response, next: NextFunction) => Promise<Response<any, Record<string, any>> | undefined>' is not assignable to type 'RequestHandler<ParamsDictionary, any, any, ParsedQs, Record<string, any>>'.
        Types of parameters 'req' and 'req' are incompatible.
          Type 'Request<ParamsDictionary, any, any, ParsedQs, Record<string, any>>' is not assignable to type 'AuthRequest'.
            Types of property 'user' are incompatible.
              Type '{ id: string; email: string; role: string; name?: string | undefined; permissions?: string[] | undefined; } | undefined' is not assignable to type '{ id: string; email: string; role: string; permissions: any; } | undefined'.
                Type '{ id: string; email: string; role: string; name?: string | undefined; permissions?: string[] | undefined; }' is not assignable to type '{ id: string; email: string; role: string; permissions: any; }'.
                  Property 'permissions' is optional in type '{ id: string; email: string; role: string; name?: string | undefined; permissions?: string[] | undefined; }' but required in type '{ id: string; email: string; role: string; permissions: any; }'.
server/src/routes/resourceCapacityRoutes.ts(349,3): error TS2769: No overload matches this call.
  The last overload gave the following error.
    Argument of type '(req: AuthRequest, res: Response, next: NextFunction) => Promise<Response<any, Record<string, any>> | undefined>' is not assignable to parameter of type 'RequestHandlerParams<ParamsDictionary, any, any, ParsedQs, Record<string, any>>'.
      Type '(req: AuthRequest, res: Response, next: NextFunction) => Promise<Response<any, Record<string, any>> | undefined>' is not assignable to type 'RequestHandler<ParamsDictionary, any, any, ParsedQs, Record<string, any>>'.
        Types of parameters 'req' and 'req' are incompatible.
          Type 'Request<ParamsDictionary, any, any, ParsedQs, Record<string, any>>' is not assignable to type 'AuthRequest'.
            Types of property 'user' are incompatible.
              Type '{ id: string; email: string; role: string; name?: string | undefined; permissions?: string[] | undefined; } | undefined' is not assignable to type '{ id: string; email: string; role: string; permissions: any; } | undefined'.
                Type '{ id: string; email: string; role: string; name?: string | undefined; permissions?: string[] | undefined; }' is not assignable to type '{ id: string; email: string; role: string; permissions: any; }'.
                  Property 'permissions' is optional in type '{ id: string; email: string; role: string; name?: string | undefined; permissions?: string[] | undefined; }' but required in type '{ id: string; email: string; role: string; permissions: any; }'.
server/src/routes/resourceCapacityRoutes.ts(390,3): error TS2769: No overload matches this call.
  The last overload gave the following error.
    Argument of type '(req: AuthRequest, res: Response, next: NextFunction) => Promise<Response<any, Record<string, any>> | undefined>' is not assignable to parameter of type 'RequestHandlerParams<ParamsDictionary, any, any, ParsedQs, Record<string, any>>'.
      Type '(req: AuthRequest, res: Response, next: NextFunction) => Promise<Response<any, Record<string, any>> | undefined>' is not assignable to type 'RequestHandler<ParamsDictionary, any, any, ParsedQs, Record<string, any>>'.
        Types of parameters 'req' and 'req' are incompatible.
          Type 'Request<ParamsDictionary, any, any, ParsedQs, Record<string, any>>' is not assignable to type 'AuthRequest'.
            Types of property 'user' are incompatible.
              Type '{ id: string; email: string; role: string; name?: string | undefined; permissions?: string[] | undefined; } | undefined' is not assignable to type '{ id: string; email: string; role: string; permissions: any; } | undefined'.
                Type '{ id: string; email: string; role: string; name?: string | undefined; permissions?: string[] | undefined; }' is not assignable to type '{ id: string; email: string; role: string; permissions: any; }'.
                  Property 'permissions' is optional in type '{ id: string; email: string; role: string; name?: string | undefined; permissions?: string[] | undefined; }' but required in type '{ id: string; email: string; role: string; permissions: any; }'.
server/src/routes/resourceCapacityRoutes.ts(429,3): error TS2769: No overload matches this call.
  The last overload gave the following error.
    Argument of type '(req: AuthRequest, res: Response, next: NextFunction) => Promise<Response<any, Record<string, any>> | undefined>' is not assignable to parameter of type 'RequestHandlerParams<ParamsDictionary, any, any, ParsedQs, Record<string, any>>'.
      Type '(req: AuthRequest, res: Response, next: NextFunction) => Promise<Response<any, Record<string, any>> | undefined>' is not assignable to type 'RequestHandler<ParamsDictionary, any, any, ParsedQs, Record<string, any>>'.
        Types of parameters 'req' and 'req' are incompatible.
          Type 'Request<ParamsDictionary, any, any, ParsedQs, Record<string, any>>' is not assignable to type 'AuthRequest'.
            Types of property 'user' are incompatible.
              Type '{ id: string; email: string; role: string; name?: string | undefined; permissions?: string[] | undefined; } | undefined' is not assignable to type '{ id: string; email: string; role: string; permissions: any; } | undefined'.
                Type '{ id: string; email: string; role: string; name?: string | undefined; permissions?: string[] | undefined; }' is not assignable to type '{ id: string; email: string; role: string; permissions: any; }'.
                  Property 'permissions' is optional in type '{ id: string; email: string; role: string; name?: string | undefined; permissions?: string[] | undefined; }' but required in type '{ id: string; email: string; role: string; permissions: any; }'.
server/src/routes/resourceCapacityRoutes.ts(467,3): error TS2769: No overload matches this call.
  The last overload gave the following error.
    Argument of type '(req: AuthRequest, res: Response, next: NextFunction) => Promise<Response<any, Record<string, any>> | undefined>' is not assignable to parameter of type 'RequestHandlerParams<ParamsDictionary, any, any, ParsedQs, Record<string, any>>'.
      Type '(req: AuthRequest, res: Response, next: NextFunction) => Promise<Response<any, Record<string, any>> | undefined>' is not assignable to type 'RequestHandler<ParamsDictionary, any, any, ParsedQs, Record<string, any>>'.
        Types of parameters 'req' and 'req' are incompatible.
          Type 'Request<ParamsDictionary, any, any, ParsedQs, Record<string, any>>' is not assignable to type 'AuthRequest'.
            Types of property 'user' are incompatible.
              Type '{ id: string; email: string; role: string; name?: string | undefined; permissions?: string[] | undefined; } | undefined' is not assignable to type '{ id: string; email: string; role: string; permissions: any; } | undefined'.
                Type '{ id: string; email: string; role: string; name?: string | undefined; permissions?: string[] | undefined; }' is not assignable to type '{ id: string; email: string; role: string; permissions: any; }'.
                  Property 'permissions' is optional in type '{ id: string; email: string; role: string; name?: string | undefined; permissions?: string[] | undefined; }' but required in type '{ id: string; email: string; role: string; permissions: any; }'.
server/src/routes/resourceCapacityRoutes.ts(504,3): error TS2769: No overload matches this call.
  The last overload gave the following error.
    Argument of type '(req: AuthRequest, res: Response, next: NextFunction) => Promise<Response<any, Record<string, any>> | undefined>' is not assignable to parameter of type 'RequestHandlerParams<ParamsDictionary, any, any, ParsedQs, Record<string, any>>'.
      Type '(req: AuthRequest, res: Response, next: NextFunction) => Promise<Response<any, Record<string, any>> | undefined>' is not assignable to type 'RequestHandler<ParamsDictionary, any, any, ParsedQs, Record<string, any>>'.
        Types of parameters 'req' and 'req' are incompatible.
          Type 'Request<ParamsDictionary, any, any, ParsedQs, Record<string, any>>' is not assignable to type 'AuthRequest'.
            Types of property 'user' are incompatible.
              Type '{ id: string; email: string; role: string; name?: string | undefined; permissions?: string[] | undefined; } | undefined' is not assignable to type '{ id: string; email: string; role: string; permissions: any; } | undefined'.
                Type '{ id: string; email: string; role: string; name?: string | undefined; permissions?: string[] | undefined; }' is not assignable to type '{ id: string; email: string; role: string; permissions: any; }'.
                  Property 'permissions' is optional in type '{ id: string; email: string; role: string; name?: string | undefined; permissions?: string[] | undefined; }' but required in type '{ id: string; email: string; role: string; permissions: any; }'.
server/src/routes/resourceCapacityRoutes.ts(544,3): error TS2769: No overload matches this call.
  The last overload gave the following error.
    Argument of type '(req: AuthRequest, res: Response, next: NextFunction) => Promise<Response<any, Record<string, any>> | undefined>' is not assignable to parameter of type 'RequestHandlerParams<ParamsDictionary, any, any, ParsedQs, Record<string, any>>'.
      Type '(req: AuthRequest, res: Response, next: NextFunction) => Promise<Response<any, Record<string, any>> | undefined>' is not assignable to type 'RequestHandler<ParamsDictionary, any, any, ParsedQs, Record<string, any>>'.
        Types of parameters 'req' and 'req' are incompatible.
          Type 'Request<ParamsDictionary, any, any, ParsedQs, Record<string, any>>' is not assignable to type 'AuthRequest'.
            Types of property 'user' are incompatible.
              Type '{ id: string; email: string; role: string; name?: string | undefined; permissions?: string[] | undefined; } | undefined' is not assignable to type '{ id: string; email: string; role: string; permissions: any; } | undefined'.
                Type '{ id: string; email: string; role: string; name?: string | undefined; permissions?: string[] | undefined; }' is not assignable to type '{ id: string; email: string; role: string; permissions: any; }'.
                  Property 'permissions' is optional in type '{ id: string; email: string; role: string; name?: string | undefined; permissions?: string[] | undefined; }' but required in type '{ id: string; email: string; role: string; permissions: any; }'.
server/src/routes/resourceCapacityRoutes.ts(574,3): error TS2769: No overload matches this call.
  The last overload gave the following error.
    Argument of type '(req: AuthRequest, res: Response, next: NextFunction) => Promise<Response<any, Record<string, any>> | undefined>' is not assignable to parameter of type 'RequestHandlerParams<ParamsDictionary, any, any, ParsedQs, Record<string, any>>'.
      Type '(req: AuthRequest, res: Response, next: NextFunction) => Promise<Response<any, Record<string, any>> | undefined>' is not assignable to type 'RequestHandler<ParamsDictionary, any, any, ParsedQs, Record<string, any>>'.
        Types of parameters 'req' and 'req' are incompatible.
          Type 'Request<ParamsDictionary, any, any, ParsedQs, Record<string, any>>' is not assignable to type 'AuthRequest'.
            Types of property 'user' are incompatible.
              Type '{ id: string; email: string; role: string; name?: string | undefined; permissions?: string[] | undefined; } | undefined' is not assignable to type '{ id: string; email: string; role: string; permissions: any; } | undefined'.
                Type '{ id: string; email: string; role: string; name?: string | undefined; permissions?: string[] | undefined; }' is not assignable to type '{ id: string; email: string; role: string; permissions: any; }'.
                  Property 'permissions' is optional in type '{ id: string; email: string; role: string; name?: string | undefined; permissions?: string[] | undefined; }' but required in type '{ id: string; email: string; role: string; permissions: any; }'.
server/src/routes/resourceCapacityRoutes.ts(618,3): error TS2769: No overload matches this call.
  The last overload gave the following error.
    Argument of type '(req: AuthRequest, res: Response, next: NextFunction) => Promise<Response<any, Record<string, any>> | undefined>' is not assignable to parameter of type 'RequestHandlerParams<ParamsDictionary, any, any, ParsedQs, Record<string, any>>'.
      Type '(req: AuthRequest, res: Response, next: NextFunction) => Promise<Response<any, Record<string, any>> | undefined>' is not assignable to type 'RequestHandler<ParamsDictionary, any, any, ParsedQs, Record<string, any>>'.
        Types of parameters 'req' and 'req' are incompatible.
          Type 'Request<ParamsDictionary, any, any, ParsedQs, Record<string, any>>' is not assignable to type 'AuthRequest'.
            Types of property 'user' are incompatible.
              Type '{ id: string; email: string; role: string; name?: string | undefined; permissions?: string[] | undefined; } | undefined' is not assignable to type '{ id: string; email: string; role: string; permissions: any; } | undefined'.
                Type '{ id: string; email: string; role: string; name?: string | undefined; permissions?: string[] | undefined; }' is not assignable to type '{ id: string; email: string; role: string; permissions: any; }'.
                  Property 'permissions' is optional in type '{ id: string; email: string; role: string; name?: string | undefined; permissions?: string[] | undefined; }' but required in type '{ id: string; email: string; role: string; permissions: any; }'.
server/src/routes/resourceCapacityRoutes.ts(662,3): error TS2769: No overload matches this call.
  The last overload gave the following error.
    Argument of type '(req: AuthRequest, res: Response, next: NextFunction) => Promise<Response<any, Record<string, any>> | undefined>' is not assignable to parameter of type 'RequestHandlerParams<ParamsDictionary, any, any, ParsedQs, Record<string, any>>'.
      Type '(req: AuthRequest, res: Response, next: NextFunction) => Promise<Response<any, Record<string, any>> | undefined>' is not assignable to type 'RequestHandler<ParamsDictionary, any, any, ParsedQs, Record<string, any>>'.
        Types of parameters 'req' and 'req' are incompatible.
          Type 'Request<ParamsDictionary, any, any, ParsedQs, Record<string, any>>' is not assignable to type 'AuthRequest'.
            Types of property 'user' are incompatible.
              Type '{ id: string; email: string; role: string; name?: string | undefined; permissions?: string[] | undefined; } | undefined' is not assignable to type '{ id: string; email: string; role: string; permissions: any; } | undefined'.
                Type '{ id: string; email: string; role: string; name?: string | undefined; permissions?: string[] | undefined; }' is not assignable to type '{ id: string; email: string; role: string; permissions: any; }'.
                  Property 'permissions' is optional in type '{ id: string; email: string; role: string; name?: string | undefined; permissions?: string[] | undefined; }' but required in type '{ id: string; email: string; role: string; permissions: any; }'.
server/src/routes/resourceCapacityRoutes.ts(703,3): error TS2769: No overload matches this call.
  The last overload gave the following error.
    Argument of type '(req: AuthRequest, res: Response, next: NextFunction) => Promise<Response<any, Record<string, any>> | undefined>' is not assignable to parameter of type 'RequestHandlerParams<ParamsDictionary, any, any, ParsedQs, Record<string, any>>'.
      Type '(req: AuthRequest, res: Response, next: NextFunction) => Promise<Response<any, Record<string, any>> | undefined>' is not assignable to type 'RequestHandler<ParamsDictionary, any, any, ParsedQs, Record<string, any>>'.
        Types of parameters 'req' and 'req' are incompatible.
          Type 'Request<ParamsDictionary, any, any, ParsedQs, Record<string, any>>' is not assignable to type 'AuthRequest'.
            Types of property 'user' are incompatible.
              Type '{ id: string; email: string; role: string; name?: string | undefined; permissions?: string[] | undefined; } | undefined' is not assignable to type '{ id: string; email: string; role: string; permissions: any; } | undefined'.
                Type '{ id: string; email: string; role: string; name?: string | undefined; permissions?: string[] | undefined; }' is not assignable to type '{ id: string; email: string; role: string; permissions: any; }'.
                  Property 'permissions' is optional in type '{ id: string; email: string; role: string; name?: string | undefined; permissions?: string[] | undefined; }' but required in type '{ id: string; email: string; role: string; permissions: any; }'.
server/src/routes/resourceCapacityRoutes.ts(733,3): error TS2769: No overload matches this call.
  The last overload gave the following error.
    Argument of type '(req: AuthRequest, res: Response, next: NextFunction) => Promise<Response<any, Record<string, any>> | undefined>' is not assignable to parameter of type 'RequestHandlerParams<ParamsDictionary, any, any, ParsedQs, Record<string, any>>'.
      Type '(req: AuthRequest, res: Response, next: NextFunction) => Promise<Response<any, Record<string, any>> | undefined>' is not assignable to type 'RequestHandler<ParamsDictionary, any, any, ParsedQs, Record<string, any>>'.
        Types of parameters 'req' and 'req' are incompatible.
          Type 'Request<ParamsDictionary, any, any, ParsedQs, Record<string, any>>' is not assignable to type 'AuthRequest'.
            Types of property 'user' are incompatible.
              Type '{ id: string; email: string; role: string; name?: string | undefined; permissions?: string[] | undefined; } | undefined' is not assignable to type '{ id: string; email: string; role: string; permissions: any; } | undefined'.
                Type '{ id: string; email: string; role: string; name?: string | undefined; permissions?: string[] | undefined; }' is not assignable to type '{ id: string; email: string; role: string; permissions: any; }'.
                  Property 'permissions' is optional in type '{ id: string; email: string; role: string; name?: string | undefined; permissions?: string[] | undefined; }' but required in type '{ id: string; email: string; role: string; permissions: any; }'.
server/src/routes/resourceCapacityRoutes.ts(762,3): error TS2769: No overload matches this call.
  The last overload gave the following error.
    Argument of type '(req: AuthRequest, res: Response, next: NextFunction) => Promise<Response<any, Record<string, any>> | undefined>' is not assignable to parameter of type 'RequestHandlerParams<ParamsDictionary, any, any, ParsedQs, Record<string, any>>'.
      Type '(req: AuthRequest, res: Response, next: NextFunction) => Promise<Response<any, Record<string, any>> | undefined>' is not assignable to type 'RequestHandler<ParamsDictionary, any, any, ParsedQs, Record<string, any>>'.
        Types of parameters 'req' and 'req' are incompatible.
          Type 'Request<ParamsDictionary, any, any, ParsedQs, Record<string, any>>' is not assignable to type 'AuthRequest'.
            Types of property 'user' are incompatible.
              Type '{ id: string; email: string; role: string; name?: string | undefined; permissions?: string[] | undefined; } | undefined' is not assignable to type '{ id: string; email: string; role: string; permissions: any; } | undefined'.
                Type '{ id: string; email: string; role: string; name?: string | undefined; permissions?: string[] | undefined; }' is not assignable to type '{ id: string; email: string; role: string; permissions: any; }'.
                  Property 'permissions' is optional in type '{ id: string; email: string; role: string; name?: string | undefined; permissions?: string[] | undefined; }' but required in type '{ id: string; email: string; role: string; permissions: any; }'.
server/src/routes/resourceCapacityRoutes.ts(794,3): error TS2769: No overload matches this call.
  The last overload gave the following error.
    Argument of type '(req: AuthRequest, res: Response, next: NextFunction) => Promise<Response<any, Record<string, any>> | undefined>' is not assignable to parameter of type 'RequestHandlerParams<ParamsDictionary, any, any, ParsedQs, Record<string, any>>'.
      Type '(req: AuthRequest, res: Response, next: NextFunction) => Promise<Response<any, Record<string, any>> | undefined>' is not assignable to type 'RequestHandler<ParamsDictionary, any, any, ParsedQs, Record<string, any>>'.
        Types of parameters 'req' and 'req' are incompatible.
          Type 'Request<ParamsDictionary, any, any, ParsedQs, Record<string, any>>' is not assignable to type 'AuthRequest'.
            Types of property 'user' are incompatible.
              Type '{ id: string; email: string; role: string; name?: string | undefined; permissions?: string[] | undefined; } | undefined' is not assignable to type '{ id: string; email: string; role: string; permissions: any; } | undefined'.
                Type '{ id: string; email: string; role: string; name?: string | undefined; permissions?: string[] | undefined; }' is not assignable to type '{ id: string; email: string; role: string; permissions: any; }'.
                  Property 'permissions' is optional in type '{ id: string; email: string; role: string; name?: string | undefined; permissions?: string[] | undefined; }' but required in type '{ id: string; email: string; role: string; permissions: any; }'.
server/src/routes/resourceCapacityRoutes.ts(826,3): error TS2769: No overload matches this call.
  The last overload gave the following error.
    Argument of type '(req: AuthRequest, res: Response, next: NextFunction) => Promise<Response<any, Record<string, any>> | undefined>' is not assignable to parameter of type 'RequestHandlerParams<ParamsDictionary, any, any, ParsedQs, Record<string, any>>'.
      Type '(req: AuthRequest, res: Response, next: NextFunction) => Promise<Response<any, Record<string, any>> | undefined>' is not assignable to type 'RequestHandler<ParamsDictionary, any, any, ParsedQs, Record<string, any>>'.
        Types of parameters 'req' and 'req' are incompatible.
          Type 'Request<ParamsDictionary, any, any, ParsedQs, Record<string, any>>' is not assignable to type 'AuthRequest'.
            Types of property 'user' are incompatible.
              Type '{ id: string; email: string; role: string; name?: string | undefined; permissions?: string[] | undefined; } | undefined' is not assignable to type '{ id: string; email: string; role: string; permissions: any; } | undefined'.
                Type '{ id: string; email: string; role: string; name?: string | undefined; permissions?: string[] | undefined; }' is not assignable to type '{ id: string; email: string; role: string; permissions: any; }'.
                  Property 'permissions' is optional in type '{ id: string; email: string; role: string; name?: string | undefined; permissions?: string[] | undefined; }' but required in type '{ id: string; email: string; role: string; permissions: any; }'.
server/src/routes/resourceCapacityRoutes.ts(866,3): error TS2769: No overload matches this call.
  The last overload gave the following error.
    Argument of type '(req: AuthRequest, res: Response, next: NextFunction) => Promise<Response<any, Record<string, any>> | undefined>' is not assignable to parameter of type 'RequestHandlerParams<ParamsDictionary, any, any, ParsedQs, Record<string, any>>'.
      Type '(req: AuthRequest, res: Response, next: NextFunction) => Promise<Response<any, Record<string, any>> | undefined>' is not assignable to type 'RequestHandler<ParamsDictionary, any, any, ParsedQs, Record<string, any>>'.
        Types of parameters 'req' and 'req' are incompatible.
          Type 'Request<ParamsDictionary, any, any, ParsedQs, Record<string, any>>' is not assignable to type 'AuthRequest'.
            Types of property 'user' are incompatible.
              Type '{ id: string; email: string; role: string; name?: string | undefined; permissions?: string[] | undefined; } | undefined' is not assignable to type '{ id: string; email: string; role: string; permissions: any; } | undefined'.
                Type '{ id: string; email: string; role: string; name?: string | undefined; permissions?: string[] | undefined; }' is not assignable to type '{ id: string; email: string; role: string; permissions: any; }'.
                  Property 'permissions' is optional in type '{ id: string; email: string; role: string; name?: string | undefined; permissions?: string[] | undefined; }' but required in type '{ id: string; email: string; role: string; permissions: any; }'.
server/src/routes/resourceCapacityRoutes.ts(900,3): error TS2769: No overload matches this call.
  The last overload gave the following error.
    Argument of type '(req: AuthRequest, res: Response, next: NextFunction) => Promise<Response<any, Record<string, any>> | undefined>' is not assignable to parameter of type 'RequestHandlerParams<ParamsDictionary, any, any, ParsedQs, Record<string, any>>'.
      Type '(req: AuthRequest, res: Response, next: NextFunction) => Promise<Response<any, Record<string, any>> | undefined>' is not assignable to type 'RequestHandler<ParamsDictionary, any, any, ParsedQs, Record<string, any>>'.
        Types of parameters 'req' and 'req' are incompatible.
          Type 'Request<ParamsDictionary, any, any, ParsedQs, Record<string, any>>' is not assignable to type 'AuthRequest'.
            Types of property 'user' are incompatible.
              Type '{ id: string; email: string; role: string; name?: string | undefined; permissions?: string[] | undefined; } | undefined' is not assignable to type '{ id: string; email: string; role: string; permissions: any; } | undefined'.
                Type '{ id: string; email: string; role: string; name?: string | undefined; permissions?: string[] | undefined; }' is not assignable to type '{ id: string; email: string; role: string; permissions: any; }'.
                  Property 'permissions' is optional in type '{ id: string; email: string; role: string; name?: string | undefined; permissions?: string[] | undefined; }' but required in type '{ id: string; email: string; role: string; permissions: any; }'.
server/src/routes/resourceCapacityRoutes.ts(940,3): error TS2769: No overload matches this call.
  The last overload gave the following error.
    Argument of type '(req: AuthRequest, res: Response, next: NextFunction) => Promise<Response<any, Record<string, any>> | undefined>' is not assignable to parameter of type 'RequestHandlerParams<ParamsDictionary, any, any, ParsedQs, Record<string, any>>'.
      Type '(req: AuthRequest, res: Response, next: NextFunction) => Promise<Response<any, Record<string, any>> | undefined>' is not assignable to type 'RequestHandler<ParamsDictionary, any, any, ParsedQs, Record<string, any>>'.
        Types of parameters 'req' and 'req' are incompatible.
          Type 'Request<ParamsDictionary, any, any, ParsedQs, Record<string, any>>' is not assignable to type 'AuthRequest'.
            Types of property 'user' are incompatible.
              Type '{ id: string; email: string; role: string; name?: string | undefined; permissions?: string[] | undefined; } | undefined' is not assignable to type '{ id: string; email: string; role: string; permissions: any; } | undefined'.
                Type '{ id: string; email: string; role: string; name?: string | undefined; permissions?: string[] | undefined; }' is not assignable to type '{ id: string; email: string; role: string; permissions: any; }'.
                  Property 'permissions' is optional in type '{ id: string; email: string; role: string; name?: string | undefined; permissions?: string[] | undefined; }' but required in type '{ id: string; email: string; role: string; permissions: any; }'.
server/src/routes/reviewRoutes.ts(72,3): error TS2769: No overload matches this call.
  The last overload gave the following error.
    Argument of type '(req: AuthRequest, res: Response, next: NextFunction) => Promise<Response<any, Record<string, any>> | undefined>' is not assignable to parameter of type 'RequestHandlerParams<ParamsDictionary, any, any, ParsedQs, Record<string, any>>'.
      Type '(req: AuthRequest, res: Response, next: NextFunction) => Promise<Response<any, Record<string, any>> | undefined>' is not assignable to type 'RequestHandler<ParamsDictionary, any, any, ParsedQs, Record<string, any>>'.
        Types of parameters 'req' and 'req' are incompatible.
          Type 'Request<ParamsDictionary, any, any, ParsedQs, Record<string, any>>' is not assignable to type 'AuthRequest'.
            Types of property 'user' are incompatible.
              Type '{ id: string; email: string; role: string; name?: string | undefined; permissions?: string[] | undefined; } | undefined' is not assignable to type '{ id: string; email: string; role: string; permissions: any; } | undefined'.
                Type '{ id: string; email: string; role: string; name?: string | undefined; permissions?: string[] | undefined; }' is not assignable to type '{ id: string; email: string; role: string; permissions: any; }'.
                  Property 'permissions' is optional in type '{ id: string; email: string; role: string; name?: string | undefined; permissions?: string[] | undefined; }' but required in type '{ id: string; email: string; role: string; permissions: any; }'.
server/src/routes/reviewRoutes.ts(110,3): error TS2769: No overload matches this call.
  The last overload gave the following error.
    Argument of type '(req: AuthRequest, res: Response, next: NextFunction) => Promise<Response<any, Record<string, any>> | undefined>' is not assignable to parameter of type 'RequestHandlerParams<ParamsDictionary, any, any, ParsedQs, Record<string, any>>'.
      Type '(req: AuthRequest, res: Response, next: NextFunction) => Promise<Response<any, Record<string, any>> | undefined>' is not assignable to type 'RequestHandler<ParamsDictionary, any, any, ParsedQs, Record<string, any>>'.
        Types of parameters 'req' and 'req' are incompatible.
          Type 'Request<ParamsDictionary, any, any, ParsedQs, Record<string, any>>' is not assignable to type 'AuthRequest'.
            Types of property 'user' are incompatible.
              Type '{ id: string; email: string; role: string; name?: string | undefined; permissions?: string[] | undefined; } | undefined' is not assignable to type '{ id: string; email: string; role: string; permissions: any; } | undefined'.
                Type '{ id: string; email: string; role: string; name?: string | undefined; permissions?: string[] | undefined; }' is not assignable to type '{ id: string; email: string; role: string; permissions: any; }'.
                  Property 'permissions' is optional in type '{ id: string; email: string; role: string; name?: string | undefined; permissions?: string[] | undefined; }' but required in type '{ id: string; email: string; role: string; permissions: any; }'.
server/src/routes/reviewRoutes.ts(146,3): error TS2769: No overload matches this call.
  The last overload gave the following error.
    Argument of type '(req: AuthRequest, res: Response, next: NextFunction) => Promise<Response<any, Record<string, any>> | undefined>' is not assignable to parameter of type 'RequestHandlerParams<ParamsDictionary, any, any, ParsedQs, Record<string, any>>'.
      Type '(req: AuthRequest, res: Response, next: NextFunction) => Promise<Response<any, Record<string, any>> | undefined>' is not assignable to type 'RequestHandler<ParamsDictionary, any, any, ParsedQs, Record<string, any>>'.
        Types of parameters 'req' and 'req' are incompatible.
          Type 'Request<ParamsDictionary, any, any, ParsedQs, Record<string, any>>' is not assignable to type 'AuthRequest'.
            Types of property 'user' are incompatible.
              Type '{ id: string; email: string; role: string; name?: string | undefined; permissions?: string[] | undefined; } | undefined' is not assignable to type '{ id: string; email: string; role: string; permissions: any; } | undefined'.
                Type '{ id: string; email: string; role: string; name?: string | undefined; permissions?: string[] | undefined; }' is not assignable to type '{ id: string; email: string; role: string; permissions: any; }'.
                  Property 'permissions' is optional in type '{ id: string; email: string; role: string; name?: string | undefined; permissions?: string[] | undefined; }' but required in type '{ id: string; email: string; role: string; permissions: any; }'.
server/src/routes/reviewRoutes.ts(180,3): error TS2769: No overload matches this call.
  The last overload gave the following error.
    Argument of type '(req: AuthRequest, res: Response, next: NextFunction) => Promise<Response<any, Record<string, any>> | undefined>' is not assignable to parameter of type 'RequestHandlerParams<ParamsDictionary, any, any, ParsedQs, Record<string, any>>'.
      Type '(req: AuthRequest, res: Response, next: NextFunction) => Promise<Response<any, Record<string, any>> | undefined>' is not assignable to type 'RequestHandler<ParamsDictionary, any, any, ParsedQs, Record<string, any>>'.
        Types of parameters 'req' and 'req' are incompatible.
          Type 'Request<ParamsDictionary, any, any, ParsedQs, Record<string, any>>' is not assignable to type 'AuthRequest'.
            Types of property 'user' are incompatible.
              Type '{ id: string; email: string; role: string; name?: string | undefined; permissions?: string[] | undefined; } | undefined' is not assignable to type '{ id: string; email: string; role: string; permissions: any; } | undefined'.
                Type '{ id: string; email: string; role: string; name?: string | undefined; permissions?: string[] | undefined; }' is not assignable to type '{ id: string; email: string; role: string; permissions: any; }'.
                  Property 'permissions' is optional in type '{ id: string; email: string; role: string; name?: string | undefined; permissions?: string[] | undefined; }' but required in type '{ id: string; email: string; role: string; permissions: any; }'.
server/src/routes/reviewRoutes.ts(221,3): error TS2769: No overload matches this call.
  The last overload gave the following error.
    Argument of type '(req: AuthRequest, res: Response, next: NextFunction) => Promise<Response<any, Record<string, any>> | undefined>' is not assignable to parameter of type 'RequestHandlerParams<ParamsDictionary, any, any, ParsedQs, Record<string, any>>'.
      Type '(req: AuthRequest, res: Response, next: NextFunction) => Promise<Response<any, Record<string, any>> | undefined>' is not assignable to type 'RequestHandler<ParamsDictionary, any, any, ParsedQs, Record<string, any>>'.
        Types of parameters 'req' and 'req' are incompatible.
          Type 'Request<ParamsDictionary, any, any, ParsedQs, Record<string, any>>' is not assignable to type 'AuthRequest'.
            Types of property 'user' are incompatible.
              Type '{ id: string; email: string; role: string; name?: string | undefined; permissions?: string[] | undefined; } | undefined' is not assignable to type '{ id: string; email: string; role: string; permissions: any; } | undefined'.
                Type '{ id: string; email: string; role: string; name?: string | undefined; permissions?: string[] | undefined; }' is not assignable to type '{ id: string; email: string; role: string; permissions: any; }'.
                  Property 'permissions' is optional in type '{ id: string; email: string; role: string; name?: string | undefined; permissions?: string[] | undefined; }' but required in type '{ id: string; email: string; role: string; permissions: any; }'.
server/src/routes/reviewRoutes.ts(277,3): error TS2769: No overload matches this call.
  The last overload gave the following error.
    Argument of type '(req: AuthRequest, res: Response, next: NextFunction) => Promise<Response<any, Record<string, any>> | undefined>' is not assignable to parameter of type 'RequestHandlerParams<ParamsDictionary, any, any, ParsedQs, Record<string, any>>'.
      Type '(req: AuthRequest, res: Response, next: NextFunction) => Promise<Response<any, Record<string, any>> | undefined>' is not assignable to type 'RequestHandler<ParamsDictionary, any, any, ParsedQs, Record<string, any>>'.
        Types of parameters 'req' and 'req' are incompatible.
          Type 'Request<ParamsDictionary, any, any, ParsedQs, Record<string, any>>' is not assignable to type 'AuthRequest'.
            Types of property 'user' are incompatible.
              Type '{ id: string; email: string; role: string; name?: string | undefined; permissions?: string[] | undefined; } | undefined' is not assignable to type '{ id: string; email: string; role: string; permissions: any; } | undefined'.
                Type '{ id: string; email: string; role: string; name?: string | undefined; permissions?: string[] | undefined; }' is not assignable to type '{ id: string; email: string; role: string; permissions: any; }'.
                  Property 'permissions' is optional in type '{ id: string; email: string; role: string; name?: string | undefined; permissions?: string[] | undefined; }' but required in type '{ id: string; email: string; role: string; permissions: any; }'.
server/src/routes/reviewRoutes.ts(308,3): error TS2769: No overload matches this call.
  The last overload gave the following error.
    Argument of type '(req: AuthRequest, res: Response, next: NextFunction) => Promise<Response<any, Record<string, any>> | undefined>' is not assignable to parameter of type 'RequestHandlerParams<ParamsDictionary, any, any, ParsedQs, Record<string, any>>'.
      Type '(req: AuthRequest, res: Response, next: NextFunction) => Promise<Response<any, Record<string, any>> | undefined>' is not assignable to type 'RequestHandler<ParamsDictionary, any, any, ParsedQs, Record<string, any>>'.
        Types of parameters 'req' and 'req' are incompatible.
          Type 'Request<ParamsDictionary, any, any, ParsedQs, Record<string, any>>' is not assignable to type 'AuthRequest'.
            Types of property 'user' are incompatible.
              Type '{ id: string; email: string; role: string; name?: string | undefined; permissions?: string[] | undefined; } | undefined' is not assignable to type '{ id: string; email: string; role: string; permissions: any; } | undefined'.
                Type '{ id: string; email: string; role: string; name?: string | undefined; permissions?: string[] | undefined; }' is not assignable to type '{ id: string; email: string; role: string; permissions: any; }'.
                  Property 'permissions' is optional in type '{ id: string; email: string; role: string; name?: string | undefined; permissions?: string[] | undefined; }' but required in type '{ id: string; email: string; role: string; permissions: any; }'.
server/src/routes/reviewRoutes.ts(350,3): error TS2769: No overload matches this call.
  The last overload gave the following error.
    Argument of type '(req: AuthRequest, res: Response, next: NextFunction) => Promise<Response<any, Record<string, any>> | undefined>' is not assignable to parameter of type 'RequestHandlerParams<ParamsDictionary, any, any, ParsedQs, Record<string, any>>'.
      Type '(req: AuthRequest, res: Response, next: NextFunction) => Promise<Response<any, Record<string, any>> | undefined>' is not assignable to type 'RequestHandler<ParamsDictionary, any, any, ParsedQs, Record<string, any>>'.
        Types of parameters 'req' and 'req' are incompatible.
          Type 'Request<ParamsDictionary, any, any, ParsedQs, Record<string, any>>' is not assignable to type 'AuthRequest'.
            Types of property 'user' are incompatible.
              Type '{ id: string; email: string; role: string; name?: string | undefined; permissions?: string[] | undefined; } | undefined' is not assignable to type '{ id: string; email: string; role: string; permissions: any; } | undefined'.
                Type '{ id: string; email: string; role: string; name?: string | undefined; permissions?: string[] | undefined; }' is not assignable to type '{ id: string; email: string; role: string; permissions: any; }'.
                  Property 'permissions' is optional in type '{ id: string; email: string; role: string; name?: string | undefined; permissions?: string[] | undefined; }' but required in type '{ id: string; email: string; role: string; permissions: any; }'.
server/src/routes/reviewRoutes.ts(382,3): error TS2769: No overload matches this call.
  The last overload gave the following error.
    Argument of type '(req: AuthRequest, res: Response, next: NextFunction) => Promise<Response<any, Record<string, any>> | undefined>' is not assignable to parameter of type 'RequestHandlerParams<ParamsDictionary, any, any, ParsedQs, Record<string, any>>'.
      Type '(req: AuthRequest, res: Response, next: NextFunction) => Promise<Response<any, Record<string, any>> | undefined>' is not assignable to type 'RequestHandler<ParamsDictionary, any, any, ParsedQs, Record<string, any>>'.
        Types of parameters 'req' and 'req' are incompatible.
          Type 'Request<ParamsDictionary, any, any, ParsedQs, Record<string, any>>' is not assignable to type 'AuthRequest'.
            Types of property 'user' are incompatible.
              Type '{ id: string; email: string; role: string; name?: string | undefined; permissions?: string[] | undefined; } | undefined' is not assignable to type '{ id: string; email: string; role: string; permissions: any; } | undefined'.
                Type '{ id: string; email: string; role: string; name?: string | undefined; permissions?: string[] | undefined; }' is not assignable to type '{ id: string; email: string; role: string; permissions: any; }'.
                  Property 'permissions' is optional in type '{ id: string; email: string; role: string; name?: string | undefined; permissions?: string[] | undefined; }' but required in type '{ id: string; email: string; role: string; permissions: any; }'.
server/src/routes/reviewRoutes.ts(418,3): error TS2769: No overload matches this call.
  The last overload gave the following error.
    Argument of type '(req: AuthRequest, res: Response, next: NextFunction) => Promise<Response<any, Record<string, any>> | undefined>' is not assignable to parameter of type 'RequestHandlerParams<ParamsDictionary, any, any, ParsedQs, Record<string, any>>'.
      Type '(req: AuthRequest, res: Response, next: NextFunction) => Promise<Response<any, Record<string, any>> | undefined>' is not assignable to type 'RequestHandler<ParamsDictionary, any, any, ParsedQs, Record<string, any>>'.
        Types of parameters 'req' and 'req' are incompatible.
          Type 'Request<ParamsDictionary, any, any, ParsedQs, Record<string, any>>' is not assignable to type 'AuthRequest'.
            Types of property 'user' are incompatible.
              Type '{ id: string; email: string; role: string; name?: string | undefined; permissions?: string[] | undefined; } | undefined' is not assignable to type '{ id: string; email: string; role: string; permissions: any; } | undefined'.
                Type '{ id: string; email: string; role: string; name?: string | undefined; permissions?: string[] | undefined; }' is not assignable to type '{ id: string; email: string; role: string; permissions: any; }'.
                  Property 'permissions' is optional in type '{ id: string; email: string; role: string; name?: string | undefined; permissions?: string[] | undefined; }' but required in type '{ id: string; email: string; role: string; permissions: any; }'.
server/src/routes/reviewRoutes.ts(454,3): error TS2769: No overload matches this call.
  The last overload gave the following error.
    Argument of type '(req: AuthRequest, res: Response, next: NextFunction) => Promise<Response<any, Record<string, any>> | undefined>' is not assignable to parameter of type 'RequestHandlerParams<ParamsDictionary, any, any, ParsedQs, Record<string, any>>'.
      Type '(req: AuthRequest, res: Response, next: NextFunction) => Promise<Response<any, Record<string, any>> | undefined>' is not assignable to type 'RequestHandler<ParamsDictionary, any, any, ParsedQs, Record<string, any>>'.
        Types of parameters 'req' and 'req' are incompatible.
          Type 'Request<ParamsDictionary, any, any, ParsedQs, Record<string, any>>' is not assignable to type 'AuthRequest'.
            Types of property 'user' are incompatible.
              Type '{ id: string; email: string; role: string; name?: string | undefined; permissions?: string[] | undefined; } | undefined' is not assignable to type '{ id: string; email: string; role: string; permissions: any; } | undefined'.
                Type '{ id: string; email: string; role: string; name?: string | undefined; permissions?: string[] | undefined; }' is not assignable to type '{ id: string; email: string; role: string; permissions: any; }'.
                  Property 'permissions' is optional in type '{ id: string; email: string; role: string; name?: string | undefined; permissions?: string[] | undefined; }' but required in type '{ id: string; email: string; role: string; permissions: any; }'.
server/src/routes/reviewRoutes.ts(483,3): error TS2769: No overload matches this call.
  The last overload gave the following error.
    Argument of type '(req: AuthRequest, res: Response, next: NextFunction) => Promise<Response<any, Record<string, any>> | undefined>' is not assignable to parameter of type 'RequestHandlerParams<ParamsDictionary, any, any, ParsedQs, Record<string, any>>'.
      Type '(req: AuthRequest, res: Response, next: NextFunction) => Promise<Response<any, Record<string, any>> | undefined>' is not assignable to type 'RequestHandler<ParamsDictionary, any, any, ParsedQs, Record<string, any>>'.
        Types of parameters 'req' and 'req' are incompatible.
          Type 'Request<ParamsDictionary, any, any, ParsedQs, Record<string, any>>' is not assignable to type 'AuthRequest'.
            Types of property 'user' are incompatible.
              Type '{ id: string; email: string; role: string; name?: string | undefined; permissions?: string[] | undefined; } | undefined' is not assignable to type '{ id: string; email: string; role: string; permissions: any; } | undefined'.
                Type '{ id: string; email: string; role: string; name?: string | undefined; permissions?: string[] | undefined; }' is not assignable to type '{ id: string; email: string; role: string; permissions: any; }'.
                  Property 'permissions' is optional in type '{ id: string; email: string; role: string; name?: string | undefined; permissions?: string[] | undefined; }' but required in type '{ id: string; email: string; role: string; permissions: any; }'.
server/src/routes/reviewRoutes.ts(508,3): error TS2769: No overload matches this call.
  The last overload gave the following error.
    Argument of type '(req: AuthRequest, res: Response, next: NextFunction) => Promise<Response<any, Record<string, any>> | undefined>' is not assignable to parameter of type 'RequestHandlerParams<ParamsDictionary, any, any, ParsedQs, Record<string, any>>'.
      Type '(req: AuthRequest, res: Response, next: NextFunction) => Promise<Response<any, Record<string, any>> | undefined>' is not assignable to type 'RequestHandler<ParamsDictionary, any, any, ParsedQs, Record<string, any>>'.
        Types of parameters 'req' and 'req' are incompatible.
          Type 'Request<ParamsDictionary, any, any, ParsedQs, Record<string, any>>' is not assignable to type 'AuthRequest'.
            Types of property 'user' are incompatible.
              Type '{ id: string; email: string; role: string; name?: string | undefined; permissions?: string[] | undefined; } | undefined' is not assignable to type '{ id: string; email: string; role: string; permissions: any; } | undefined'.
                Type '{ id: string; email: string; role: string; name?: string | undefined; permissions?: string[] | undefined; }' is not assignable to type '{ id: string; email: string; role: string; permissions: any; }'.
                  Property 'permissions' is optional in type '{ id: string; email: string; role: string; name?: string | undefined; permissions?: string[] | undefined; }' but required in type '{ id: string; email: string; role: string; permissions: any; }'.
server/src/routes/reviewRoutes.ts(536,3): error TS2769: No overload matches this call.
  The last overload gave the following error.
    Argument of type '(req: AuthRequest, res: Response, next: NextFunction) => Promise<Response<any, Record<string, any>> | undefined>' is not assignable to parameter of type 'RequestHandlerParams<ParamsDictionary, any, any, ParsedQs, Record<string, any>>'.
      Type '(req: AuthRequest, res: Response, next: NextFunction) => Promise<Response<any, Record<string, any>> | undefined>' is not assignable to type 'RequestHandler<ParamsDictionary, any, any, ParsedQs, Record<string, any>>'.
        Types of parameters 'req' and 'req' are incompatible.
          Type 'Request<ParamsDictionary, any, any, ParsedQs, Record<string, any>>' is not assignable to type 'AuthRequest'.
            Types of property 'user' are incompatible.
              Type '{ id: string; email: string; role: string; name?: string | undefined; permissions?: string[] | undefined; } | undefined' is not assignable to type '{ id: string; email: string; role: string; permissions: any; } | undefined'.
                Type '{ id: string; email: string; role: string; name?: string | undefined; permissions?: string[] | undefined; }' is not assignable to type '{ id: string; email: string; role: string; permissions: any; }'.
                  Property 'permissions' is optional in type '{ id: string; email: string; role: string; name?: string | undefined; permissions?: string[] | undefined; }' but required in type '{ id: string; email: string; role: string; permissions: any; }'.
server/src/routes/search.ts(62,3): error TS2769: No overload matches this call.
  The last overload gave the following error.
    Argument of type '(req: AuthRequest, res: Response, next: NextFunction) => Promise<Response<any, Record<string, any>> | undefined>' is not assignable to parameter of type 'RequestHandlerParams<ParamsDictionary, any, any, ParsedQs, Record<string, any>>'.
      Type '(req: AuthRequest, res: Response, next: NextFunction) => Promise<Response<any, Record<string, any>> | undefined>' is not assignable to type 'RequestHandler<ParamsDictionary, any, any, ParsedQs, Record<string, any>>'.
        Types of parameters 'req' and 'req' are incompatible.
          Type 'Request<ParamsDictionary, any, any, ParsedQs, Record<string, any>>' is not assignable to type 'AuthRequest'.
            Types of property 'user' are incompatible.
              Type '{ id: string; email: string; role: string; name?: string | undefined; permissions?: string[] | undefined; } | undefined' is not assignable to type '{ id: string; email: string; role: string; permissions: any; } | undefined'.
                Type '{ id: string; email: string; role: string; name?: string | undefined; permissions?: string[] | undefined; }' is not assignable to type '{ id: string; email: string; role: string; permissions: any; }'.
                  Property 'permissions' is optional in type '{ id: string; email: string; role: string; name?: string | undefined; permissions?: string[] | undefined; }' but required in type '{ id: string; email: string; role: string; permissions: any; }'.
server/src/routes/search.ts(290,3): error TS2769: No overload matches this call.
  The last overload gave the following error.
    Argument of type '(req: AuthRequest, res: Response, next: NextFunction) => Promise<Response<any, Record<string, any>> | undefined>' is not assignable to parameter of type 'RequestHandlerParams<ParamsDictionary, any, any, ParsedQs, Record<string, any>>'.
      Type '(req: AuthRequest, res: Response, next: NextFunction) => Promise<Response<any, Record<string, any>> | undefined>' is not assignable to type 'RequestHandler<ParamsDictionary, any, any, ParsedQs, Record<string, any>>'.
        Types of parameters 'req' and 'req' are incompatible.
          Type 'Request<ParamsDictionary, any, any, ParsedQs, Record<string, any>>' is not assignable to type 'AuthRequest'.
            Types of property 'user' are incompatible.
              Type '{ id: string; email: string; role: string; name?: string | undefined; permissions?: string[] | undefined; } | undefined' is not assignable to type '{ id: string; email: string; role: string; permissions: any; } | undefined'.
                Type '{ id: string; email: string; role: string; name?: string | undefined; permissions?: string[] | undefined; }' is not assignable to type '{ id: string; email: string; role: string; permissions: any; }'.
                  Property 'permissions' is optional in type '{ id: string; email: string; role: string; name?: string | undefined; permissions?: string[] | undefined; }' but required in type '{ id: string; email: string; role: string; permissions: any; }'.
server/src/routes/search.ts(392,3): error TS2769: No overload matches this call.
  The last overload gave the following error.
    Argument of type '(req: AuthRequest, res: Response, next: NextFunction) => Promise<Response<any, Record<string, any>> | undefined>' is not assignable to parameter of type 'RequestHandlerParams<ParamsDictionary, any, any, ParsedQs, Record<string, any>>'.
      Type '(req: AuthRequest, res: Response, next: NextFunction) => Promise<Response<any, Record<string, any>> | undefined>' is not assignable to type 'RequestHandler<ParamsDictionary, any, any, ParsedQs, Record<string, any>>'.
        Types of parameters 'req' and 'req' are incompatible.
          Type 'Request<ParamsDictionary, any, any, ParsedQs, Record<string, any>>' is not assignable to type 'AuthRequest'.
            Types of property 'user' are incompatible.
              Type '{ id: string; email: string; role: string; name?: string | undefined; permissions?: string[] | undefined; } | undefined' is not assignable to type '{ id: string; email: string; role: string; permissions: any; } | undefined'.
                Type '{ id: string; email: string; role: string; name?: string | undefined; permissions?: string[] | undefined; }' is not assignable to type '{ id: string; email: string; role: string; permissions: any; }'.
                  Property 'permissions' is optional in type '{ id: string; email: string; role: string; name?: string | undefined; permissions?: string[] | undefined; }' but required in type '{ id: string; email: string; role: string; permissions: any; }'.
server/src/routes/search.ts(436,3): error TS2769: No overload matches this call.
  The last overload gave the following error.
    Argument of type '(req: AuthRequest, res: Response, next: NextFunction) => Promise<Response<any, Record<string, any>> | undefined>' is not assignable to parameter of type 'RequestHandlerParams<ParamsDictionary, any, any, ParsedQs, Record<string, any>>'.
      Type '(req: AuthRequest, res: Response, next: NextFunction) => Promise<Response<any, Record<string, any>> | undefined>' is not assignable to type 'RequestHandler<ParamsDictionary, any, any, ParsedQs, Record<string, any>>'.
        Types of parameters 'req' and 'req' are incompatible.
          Type 'Request<ParamsDictionary, any, any, ParsedQs, Record<string, any>>' is not assignable to type 'AuthRequest'.
            Types of property 'user' are incompatible.
              Type '{ id: string; email: string; role: string; name?: string | undefined; permissions?: string[] | undefined; } | undefined' is not assignable to type '{ id: string; email: string; role: string; permissions: any; } | undefined'.
                Type '{ id: string; email: string; role: string; name?: string | undefined; permissions?: string[] | undefined; }' is not assignable to type '{ id: string; email: string; role: string; permissions: any; }'.
                  Property 'permissions' is optional in type '{ id: string; email: string; role: string; name?: string | undefined; permissions?: string[] | undefined; }' but required in type '{ id: string; email: string; role: string; permissions: any; }'.
server/src/routes/search.ts(474,3): error TS2769: No overload matches this call.
  The last overload gave the following error.
    Argument of type '(req: AuthRequest, res: Response, next: NextFunction) => Promise<Response<any, Record<string, any>> | undefined>' is not assignable to parameter of type 'RequestHandlerParams<ParamsDictionary, any, any, ParsedQs, Record<string, any>>'.
      Type '(req: AuthRequest, res: Response, next: NextFunction) => Promise<Response<any, Record<string, any>> | undefined>' is not assignable to type 'RequestHandler<ParamsDictionary, any, any, ParsedQs, Record<string, any>>'.
        Types of parameters 'req' and 'req' are incompatible.
          Type 'Request<ParamsDictionary, any, any, ParsedQs, Record<string, any>>' is not assignable to type 'AuthRequest'.
            Types of property 'user' are incompatible.
              Type '{ id: string; email: string; role: string; name?: string | undefined; permissions?: string[] | undefined; } | undefined' is not assignable to type '{ id: string; email: string; role: string; permissions: any; } | undefined'.
                Type '{ id: string; email: string; role: string; name?: string | undefined; permissions?: string[] | undefined; }' is not assignable to type '{ id: string; email: string; role: string; permissions: any; }'.
                  Property 'permissions' is optional in type '{ id: string; email: string; role: string; name?: string | undefined; permissions?: string[] | undefined; }' but required in type '{ id: string; email: string; role: string; permissions: any; }'.
server/src/routes/security.ts(38,3): error TS2769: No overload matches this call.
  The last overload gave the following error.
    Argument of type '(req: AuthRequest, res: Response, next: NextFunction) => Promise<Response<any, Record<string, any>> | undefined>' is not assignable to parameter of type 'RequestHandlerParams<ParamsDictionary, any, any, ParsedQs, Record<string, any>>'.
      Type '(req: AuthRequest, res: Response, next: NextFunction) => Promise<Response<any, Record<string, any>> | undefined>' is not assignable to type 'RequestHandler<ParamsDictionary, any, any, ParsedQs, Record<string, any>>'.
        Types of parameters 'req' and 'req' are incompatible.
          Type 'Request<ParamsDictionary, any, any, ParsedQs, Record<string, any>>' is not assignable to type 'AuthRequest'.
            Types of property 'user' are incompatible.
              Type '{ id: string; email: string; role: string; name?: string | undefined; permissions?: string[] | undefined; } | undefined' is not assignable to type '{ id: string; email: string; role: string; permissions: any; } | undefined'.
                Type '{ id: string; email: string; role: string; name?: string | undefined; permissions?: string[] | undefined; }' is not assignable to type '{ id: string; email: string; role: string; permissions: any; }'.
                  Property 'permissions' is optional in type '{ id: string; email: string; role: string; name?: string | undefined; permissions?: string[] | undefined; }' but required in type '{ id: string; email: string; role: string; permissions: any; }'.
server/src/routes/security.ts(143,3): error TS2769: No overload matches this call.
  The last overload gave the following error.
    Argument of type '(req: AuthRequest, res: Response, next: NextFunction) => Promise<Response<any, Record<string, any>> | undefined>' is not assignable to parameter of type 'RequestHandlerParams<ParamsDictionary, any, any, ParsedQs, Record<string, any>>'.
      Type '(req: AuthRequest, res: Response, next: NextFunction) => Promise<Response<any, Record<string, any>> | undefined>' is not assignable to type 'RequestHandler<ParamsDictionary, any, any, ParsedQs, Record<string, any>>'.
        Types of parameters 'req' and 'req' are incompatible.
          Type 'Request<ParamsDictionary, any, any, ParsedQs, Record<string, any>>' is not assignable to type 'AuthRequest'.
            Types of property 'user' are incompatible.
              Type '{ id: string; email: string; role: string; name?: string | undefined; permissions?: string[] | undefined; } | undefined' is not assignable to type '{ id: string; email: string; role: string; permissions: any; } | undefined'.
                Type '{ id: string; email: string; role: string; name?: string | undefined; permissions?: string[] | undefined; }' is not assignable to type '{ id: string; email: string; role: string; permissions: any; }'.
                  Property 'permissions' is optional in type '{ id: string; email: string; role: string; name?: string | undefined; permissions?: string[] | undefined; }' but required in type '{ id: string; email: string; role: string; permissions: any; }'.
server/src/routes/security.ts(175,3): error TS2769: No overload matches this call.
  The last overload gave the following error.
    Argument of type '(req: AuthRequest, res: Response, next: NextFunction) => Promise<Response<any, Record<string, any>> | undefined>' is not assignable to parameter of type 'RequestHandlerParams<ParamsDictionary, any, any, ParsedQs, Record<string, any>>'.
      Type '(req: AuthRequest, res: Response, next: NextFunction) => Promise<Response<any, Record<string, any>> | undefined>' is not assignable to type 'RequestHandler<ParamsDictionary, any, any, ParsedQs, Record<string, any>>'.
        Types of parameters 'req' and 'req' are incompatible.
          Type 'Request<ParamsDictionary, any, any, ParsedQs, Record<string, any>>' is not assignable to type 'AuthRequest'.
            Types of property 'user' are incompatible.
              Type '{ id: string; email: string; role: string; name?: string | undefined; permissions?: string[] | undefined; } | undefined' is not assignable to type '{ id: string; email: string; role: string; permissions: any; } | undefined'.
                Type '{ id: string; email: string; role: string; name?: string | undefined; permissions?: string[] | undefined; }' is not assignable to type '{ id: string; email: string; role: string; permissions: any; }'.
                  Property 'permissions' is optional in type '{ id: string; email: string; role: string; name?: string | undefined; permissions?: string[] | undefined; }' but required in type '{ id: string; email: string; role: string; permissions: any; }'.
server/src/routes/security.ts(207,3): error TS2769: No overload matches this call.
  The last overload gave the following error.
    Argument of type '(req: AuthRequest, res: Response, next: NextFunction) => Promise<Response<any, Record<string, any>> | undefined>' is not assignable to parameter of type 'RequestHandlerParams<ParamsDictionary, any, any, ParsedQs, Record<string, any>>'.
      Type '(req: AuthRequest, res: Response, next: NextFunction) => Promise<Response<any, Record<string, any>> | undefined>' is not assignable to type 'RequestHandler<ParamsDictionary, any, any, ParsedQs, Record<string, any>>'.
        Types of parameters 'req' and 'req' are incompatible.
          Type 'Request<ParamsDictionary, any, any, ParsedQs, Record<string, any>>' is not assignable to type 'AuthRequest'.
            Types of property 'user' are incompatible.
              Type '{ id: string; email: string; role: string; name?: string | undefined; permissions?: string[] | undefined; } | undefined' is not assignable to type '{ id: string; email: string; role: string; permissions: any; } | undefined'.
                Type '{ id: string; email: string; role: string; name?: string | undefined; permissions?: string[] | undefined; }' is not assignable to type '{ id: string; email: string; role: string; permissions: any; }'.
                  Property 'permissions' is optional in type '{ id: string; email: string; role: string; name?: string | undefined; permissions?: string[] | undefined; }' but required in type '{ id: string; email: string; role: string; permissions: any; }'.
server/src/routes/security.ts(295,3): error TS2769: No overload matches this call.
  The last overload gave the following error.
    Argument of type '(req: AuthRequest, res: Response, next: NextFunction) => Promise<Response<any, Record<string, any>> | undefined>' is not assignable to parameter of type 'RequestHandlerParams<ParamsDictionary, any, any, ParsedQs, Record<string, any>>'.
      Type '(req: AuthRequest, res: Response, next: NextFunction) => Promise<Response<any, Record<string, any>> | undefined>' is not assignable to type 'RequestHandler<ParamsDictionary, any, any, ParsedQs, Record<string, any>>'.
        Types of parameters 'req' and 'req' are incompatible.
          Type 'Request<ParamsDictionary, any, any, ParsedQs, Record<string, any>>' is not assignable to type 'AuthRequest'.
            Types of property 'user' are incompatible.
              Type '{ id: string; email: string; role: string; name?: string | undefined; permissions?: string[] | undefined; } | undefined' is not assignable to type '{ id: string; email: string; role: string; permissions: any; } | undefined'.
                Type '{ id: string; email: string; role: string; name?: string | undefined; permissions?: string[] | undefined; }' is not assignable to type '{ id: string; email: string; role: string; permissions: any; }'.
                  Property 'permissions' is optional in type '{ id: string; email: string; role: string; name?: string | undefined; permissions?: string[] | undefined; }' but required in type '{ id: string; email: string; role: string; permissions: any; }'.
server/src/routes/security.ts(328,3): error TS2769: No overload matches this call.
  The last overload gave the following error.
    Argument of type '(req: AuthRequest, res: Response, next: NextFunction) => Promise<Response<any, Record<string, any>> | undefined>' is not assignable to parameter of type 'RequestHandlerParams<ParamsDictionary, any, any, ParsedQs, Record<string, any>>'.
      Type '(req: AuthRequest, res: Response, next: NextFunction) => Promise<Response<any, Record<string, any>> | undefined>' is not assignable to type 'RequestHandler<ParamsDictionary, any, any, ParsedQs, Record<string, any>>'.
        Types of parameters 'req' and 'req' are incompatible.
          Type 'Request<ParamsDictionary, any, any, ParsedQs, Record<string, any>>' is not assignable to type 'AuthRequest'.
            Types of property 'user' are incompatible.
              Type '{ id: string; email: string; role: string; name?: string | undefined; permissions?: string[] | undefined; } | undefined' is not assignable to type '{ id: string; email: string; role: string; permissions: any; } | undefined'.
                Type '{ id: string; email: string; role: string; name?: string | undefined; permissions?: string[] | undefined; }' is not assignable to type '{ id: string; email: string; role: string; permissions: any; }'.
                  Property 'permissions' is optional in type '{ id: string; email: string; role: string; name?: string | undefined; permissions?: string[] | undefined; }' but required in type '{ id: string; email: string; role: string; permissions: any; }'.
server/src/routes/settings.ts(218,27): error TS2769: No overload matches this call.
  The last overload gave the following error.
    Argument of type '(req: AuthRequest, res: Response, next: NextFunction) => Promise<Response<any, Record<string, any>> | undefined>' is not assignable to parameter of type 'RequestHandlerParams<ParamsDictionary, any, any, ParsedQs, Record<string, any>>'.
      Type '(req: AuthRequest, res: Response, next: NextFunction) => Promise<Response<any, Record<string, any>> | undefined>' is not assignable to type 'RequestHandler<ParamsDictionary, any, any, ParsedQs, Record<string, any>>'.
        Types of parameters 'req' and 'req' are incompatible.
          Type 'Request<ParamsDictionary, any, any, ParsedQs, Record<string, any>>' is not assignable to type 'AuthRequest'.
            Types of property 'user' are incompatible.
              Type '{ id: string; email: string; role: string; name?: string | undefined; permissions?: string[] | undefined; } | undefined' is not assignable to type '{ id: string; email: string; role: string; permissions: any; } | undefined'.
                Type '{ id: string; email: string; role: string; name?: string | undefined; permissions?: string[] | undefined; }' is not assignable to type '{ id: string; email: string; role: string; permissions: any; }'.
                  Property 'permissions' is optional in type '{ id: string; email: string; role: string; name?: string | undefined; permissions?: string[] | undefined; }' but required in type '{ id: string; email: string; role: string; permissions: any; }'.
server/src/routes/settings.ts(259,28): error TS2769: No overload matches this call.
  The last overload gave the following error.
    Argument of type '(req: AuthRequest, res: Response, next: NextFunction) => Promise<Response<any, Record<string, any>> | undefined>' is not assignable to parameter of type 'RequestHandlerParams<ParamsDictionary, any, any, ParsedQs, Record<string, any>>'.
      Type '(req: AuthRequest, res: Response, next: NextFunction) => Promise<Response<any, Record<string, any>> | undefined>' is not assignable to type 'RequestHandler<ParamsDictionary, any, any, ParsedQs, Record<string, any>>'.
        Types of parameters 'req' and 'req' are incompatible.
          Type 'Request<ParamsDictionary, any, any, ParsedQs, Record<string, any>>' is not assignable to type 'AuthRequest'.
            Types of property 'user' are incompatible.
              Type '{ id: string; email: string; role: string; name?: string | undefined; permissions?: string[] | undefined; } | undefined' is not assignable to type '{ id: string; email: string; role: string; permissions: any; } | undefined'.
                Type '{ id: string; email: string; role: string; name?: string | undefined; permissions?: string[] | undefined; }' is not assignable to type '{ id: string; email: string; role: string; permissions: any; }'.
                  Property 'permissions' is optional in type '{ id: string; email: string; role: string; name?: string | undefined; permissions?: string[] | undefined; }' but required in type '{ id: string; email: string; role: string; permissions: any; }'.
server/src/routes/sharepointRoutes.ts(66,3): error TS2769: No overload matches this call.
  The last overload gave the following error.
    Argument of type '(req: AuthRequest, res: Response, next: NextFunction) => Promise<Response<any, Record<string, any>> | undefined>' is not assignable to parameter of type 'RequestHandlerParams<ParamsDictionary, any, any, ParsedQs, Record<string, any>>'.
      Type '(req: AuthRequest, res: Response, next: NextFunction) => Promise<Response<any, Record<string, any>> | undefined>' is not assignable to type 'RequestHandler<ParamsDictionary, any, any, ParsedQs, Record<string, any>>'.
        Types of parameters 'req' and 'req' are incompatible.
          Type 'Request<ParamsDictionary, any, any, ParsedQs, Record<string, any>>' is not assignable to type 'AuthRequest'.
            Types of property 'user' are incompatible.
              Type '{ id: string; email: string; role: string; name?: string | undefined; permissions?: string[] | undefined; } | undefined' is not assignable to type '{ id: string; email: string; role: string; permissions: any; } | undefined'.
                Type '{ id: string; email: string; role: string; name?: string | undefined; permissions?: string[] | undefined; }' is not assignable to type '{ id: string; email: string; role: string; permissions: any; }'.
                  Property 'permissions' is optional in type '{ id: string; email: string; role: string; name?: string | undefined; permissions?: string[] | undefined; }' but required in type '{ id: string; email: string; role: string; permissions: any; }'.
server/src/routes/sharepointRoutes.ts(115,16): error TS18046: 'error' is of type 'unknown'.
server/src/routes/sharepointRoutes.ts(123,3): error TS2769: No overload matches this call.
  The last overload gave the following error.
    Argument of type '(req: AuthRequest, res: Response, next: NextFunction) => Promise<Response<any, Record<string, any>> | undefined>' is not assignable to parameter of type 'RequestHandlerParams<ParamsDictionary, any, any, ParsedQs, Record<string, any>>'.
      Type '(req: AuthRequest, res: Response, next: NextFunction) => Promise<Response<any, Record<string, any>> | undefined>' is not assignable to type 'RequestHandler<ParamsDictionary, any, any, ParsedQs, Record<string, any>>'.
        Types of parameters 'req' and 'req' are incompatible.
          Type 'Request<ParamsDictionary, any, any, ParsedQs, Record<string, any>>' is not assignable to type 'AuthRequest'.
            Types of property 'user' are incompatible.
              Type '{ id: string; email: string; role: string; name?: string | undefined; permissions?: string[] | undefined; } | undefined' is not assignable to type '{ id: string; email: string; role: string; permissions: any; } | undefined'.
                Type '{ id: string; email: string; role: string; name?: string | undefined; permissions?: string[] | undefined; }' is not assignable to type '{ id: string; email: string; role: string; permissions: any; }'.
                  Property 'permissions' is optional in type '{ id: string; email: string; role: string; name?: string | undefined; permissions?: string[] | undefined; }' but required in type '{ id: string; email: string; role: string; permissions: any; }'.
server/src/routes/sharepointRoutes.ts(168,16): error TS18046: 'error' is of type 'unknown'.
server/src/routes/sharepointRoutes.ts(176,3): error TS2769: No overload matches this call.
  The last overload gave the following error.
    Argument of type '(req: AuthRequest, res: Response, next: NextFunction) => Promise<Response<any, Record<string, any>> | undefined>' is not assignable to parameter of type 'RequestHandlerParams<ParamsDictionary, any, any, ParsedQs, Record<string, any>>'.
      Type '(req: AuthRequest, res: Response, next: NextFunction) => Promise<Response<any, Record<string, any>> | undefined>' is not assignable to type 'RequestHandler<ParamsDictionary, any, any, ParsedQs, Record<string, any>>'.
        Types of parameters 'req' and 'req' are incompatible.
          Type 'Request<ParamsDictionary, any, any, ParsedQs, Record<string, any>>' is not assignable to type 'AuthRequest'.
            Types of property 'user' are incompatible.
              Type '{ id: string; email: string; role: string; name?: string | undefined; permissions?: string[] | undefined; } | undefined' is not assignable to type '{ id: string; email: string; role: string; permissions: any; } | undefined'.
                Type '{ id: string; email: string; role: string; name?: string | undefined; permissions?: string[] | undefined; }' is not assignable to type '{ id: string; email: string; role: string; permissions: any; }'.
                  Property 'permissions' is optional in type '{ id: string; email: string; role: string; name?: string | undefined; permissions?: string[] | undefined; }' but required in type '{ id: string; email: string; role: string; permissions: any; }'.
server/src/routes/sharepointRoutes.ts(226,16): error TS18046: 'error' is of type 'unknown'.
server/src/routes/sharepointRoutes.ts(234,3): error TS2769: No overload matches this call.
  The last overload gave the following error.
    Argument of type '(req: AuthRequest, res: Response, next: NextFunction) => Promise<Response<any, Record<string, any>> | undefined>' is not assignable to parameter of type 'RequestHandlerParams<ParamsDictionary, any, any, ParsedQs, Record<string, any>>'.
      Type '(req: AuthRequest, res: Response, next: NextFunction) => Promise<Response<any, Record<string, any>> | undefined>' is not assignable to type 'RequestHandler<ParamsDictionary, any, any, ParsedQs, Record<string, any>>'.
        Types of parameters 'req' and 'req' are incompatible.
          Type 'Request<ParamsDictionary, any, any, ParsedQs, Record<string, any>>' is not assignable to type 'AuthRequest'.
            Types of property 'user' are incompatible.
              Type '{ id: string; email: string; role: string; name?: string | undefined; permissions?: string[] | undefined; } | undefined' is not assignable to type '{ id: string; email: string; role: string; permissions: any; } | undefined'.
                Type '{ id: string; email: string; role: string; name?: string | undefined; permissions?: string[] | undefined; }' is not assignable to type '{ id: string; email: string; role: string; permissions: any; }'.
                  Property 'permissions' is optional in type '{ id: string; email: string; role: string; name?: string | undefined; permissions?: string[] | undefined; }' but required in type '{ id: string; email: string; role: string; permissions: any; }'.
server/src/routes/sharepointRoutes.ts(299,16): error TS18046: 'error' is of type 'unknown'.
server/src/routes/sharepointRoutes.ts(307,3): error TS2769: No overload matches this call.
  The last overload gave the following error.
    Argument of type '(req: AuthRequest, res: Response, next: NextFunction) => Promise<Response<any, Record<string, any>> | undefined>' is not assignable to parameter of type 'RequestHandlerParams<ParamsDictionary, any, any, ParsedQs, Record<string, any>>'.
      Type '(req: AuthRequest, res: Response, next: NextFunction) => Promise<Response<any, Record<string, any>> | undefined>' is not assignable to type 'RequestHandler<ParamsDictionary, any, any, ParsedQs, Record<string, any>>'.
        Types of parameters 'req' and 'req' are incompatible.
          Type 'Request<ParamsDictionary, any, any, ParsedQs, Record<string, any>>' is not assignable to type 'AuthRequest'.
            Types of property 'user' are incompatible.
              Type '{ id: string; email: string; role: string; name?: string | undefined; permissions?: string[] | undefined; } | undefined' is not assignable to type '{ id: string; email: string; role: string; permissions: any; } | undefined'.
                Type '{ id: string; email: string; role: string; name?: string | undefined; permissions?: string[] | undefined; }' is not assignable to type '{ id: string; email: string; role: string; permissions: any; }'.
                  Property 'permissions' is optional in type '{ id: string; email: string; role: string; name?: string | undefined; permissions?: string[] | undefined; }' but required in type '{ id: string; email: string; role: string; permissions: any; }'.
server/src/routes/sharepointRoutes.ts(357,16): error TS18046: 'error' is of type 'unknown'.
server/src/routes/sharepointRoutes.ts(365,3): error TS2769: No overload matches this call.
  The last overload gave the following error.
    Argument of type '(req: AuthRequest, res: Response, next: NextFunction) => Promise<Response<any, Record<string, any>> | undefined>' is not assignable to parameter of type 'RequestHandlerParams<ParamsDictionary, any, any, ParsedQs, Record<string, any>>'.
      Type '(req: AuthRequest, res: Response, next: NextFunction) => Promise<Response<any, Record<string, any>> | undefined>' is not assignable to type 'RequestHandler<ParamsDictionary, any, any, ParsedQs, Record<string, any>>'.
        Types of parameters 'req' and 'req' are incompatible.
          Type 'Request<ParamsDictionary, any, any, ParsedQs, Record<string, any>>' is not assignable to type 'AuthRequest'.
            Types of property 'user' are incompatible.
              Type '{ id: string; email: string; role: string; name?: string | undefined; permissions?: string[] | undefined; } | undefined' is not assignable to type '{ id: string; email: string; role: string; permissions: any; } | undefined'.
                Type '{ id: string; email: string; role: string; name?: string | undefined; permissions?: string[] | undefined; }' is not assignable to type '{ id: string; email: string; role: string; permissions: any; }'.
                  Property 'permissions' is optional in type '{ id: string; email: string; role: string; name?: string | undefined; permissions?: string[] | undefined; }' but required in type '{ id: string; email: string; role: string; permissions: any; }'.
server/src/routes/sharepointRoutes.ts(421,16): error TS18046: 'error' is of type 'unknown'.
server/src/routes/sharepointRoutes.ts(429,3): error TS2769: No overload matches this call.
  The last overload gave the following error.
    Argument of type '(req: AuthRequest, res: Response, next: NextFunction) => Promise<Response<any, Record<string, any>> | undefined>' is not assignable to parameter of type 'RequestHandlerParams<ParamsDictionary, any, any, ParsedQs, Record<string, any>>'.
      Type '(req: AuthRequest, res: Response, next: NextFunction) => Promise<Response<any, Record<string, any>> | undefined>' is not assignable to type 'RequestHandler<ParamsDictionary, any, any, ParsedQs, Record<string, any>>'.
        Types of parameters 'req' and 'req' are incompatible.
          Type 'Request<ParamsDictionary, any, any, ParsedQs, Record<string, any>>' is not assignable to type 'AuthRequest'.
            Types of property 'user' are incompatible.
              Type '{ id: string; email: string; role: string; name?: string | undefined; permissions?: string[] | undefined; } | undefined' is not assignable to type '{ id: string; email: string; role: string; permissions: any; } | undefined'.
                Type '{ id: string; email: string; role: string; name?: string | undefined; permissions?: string[] | undefined; }' is not assignable to type '{ id: string; email: string; role: string; permissions: any; }'.
                  Property 'permissions' is optional in type '{ id: string; email: string; role: string; name?: string | undefined; permissions?: string[] | undefined; }' but required in type '{ id: string; email: string; role: string; permissions: any; }'.
server/src/routes/sharepointRoutes.ts(473,16): error TS18046: 'error' is of type 'unknown'.
server/src/routes/sharepointRoutes.ts(481,3): error TS2769: No overload matches this call.
  The last overload gave the following error.
    Argument of type '(req: AuthRequest, res: Response, next: NextFunction) => Promise<Response<any, Record<string, any>> | undefined>' is not assignable to parameter of type 'RequestHandlerParams<ParamsDictionary, any, any, ParsedQs, Record<string, any>>'.
      Type '(req: AuthRequest, res: Response, next: NextFunction) => Promise<Response<any, Record<string, any>> | undefined>' is not assignable to type 'RequestHandler<ParamsDictionary, any, any, ParsedQs, Record<string, any>>'.
        Types of parameters 'req' and 'req' are incompatible.
          Type 'Request<ParamsDictionary, any, any, ParsedQs, Record<string, any>>' is not assignable to type 'AuthRequest'.
            Types of property 'user' are incompatible.
              Type '{ id: string; email: string; role: string; name?: string | undefined; permissions?: string[] | undefined; } | undefined' is not assignable to type '{ id: string; email: string; role: string; permissions: any; } | undefined'.
                Type '{ id: string; email: string; role: string; name?: string | undefined; permissions?: string[] | undefined; }' is not assignable to type '{ id: string; email: string; role: string; permissions: any; }'.
                  Property 'permissions' is optional in type '{ id: string; email: string; role: string; name?: string | undefined; permissions?: string[] | undefined; }' but required in type '{ id: string; email: string; role: string; permissions: any; }'.
server/src/routes/sharepointRoutes.ts(530,16): error TS18046: 'error' is of type 'unknown'.
server/src/routes/signatures.ts(24,12): error TS2769: No overload matches this call.
  The last overload gave the following error.
    Argument of type '(req: AuthRequest, res: Response, next: NextFunction) => Promise<Response<any, Record<string, any>> | undefined>' is not assignable to parameter of type 'PathParams'.
server/src/routes/signatures.ts(36,3): error TS2769: No overload matches this call.
  The last overload gave the following error.
    Argument of type '(req: AuthRequest, res: Response, next: NextFunction) => void | Response<any, Record<string, any>>' is not assignable to parameter of type 'RequestHandlerParams<ParamsDictionary, any, any, ParsedQs, Record<string, any>>'.
      Type '(req: AuthRequest, res: Response, next: NextFunction) => void | Response<any, Record<string, any>>' is not assignable to type 'RequestHandler<ParamsDictionary, any, any, ParsedQs, Record<string, any>>'.
        Types of parameters 'req' and 'req' are incompatible.
          Type 'Request<ParamsDictionary, any, any, ParsedQs, Record<string, any>>' is not assignable to type 'AuthRequest'.
            Types of property 'user' are incompatible.
              Type '{ id: string; email: string; role: string; name?: string | undefined; permissions?: string[] | undefined; } | undefined' is not assignable to type '{ id: string; email: string; role: string; permissions: any; } | undefined'.
                Type '{ id: string; email: string; role: string; name?: string | undefined; permissions?: string[] | undefined; }' is not assignable to type '{ id: string; email: string; role: string; permissions: any; }'.
                  Property 'permissions' is optional in type '{ id: string; email: string; role: string; name?: string | undefined; permissions?: string[] | undefined; }' but required in type '{ id: string; email: string; role: string; permissions: any; }'.
server/src/routes/signatures.ts(113,3): error TS2769: No overload matches this call.
  The last overload gave the following error.
    Argument of type '(req: AuthRequest, res: Response, next: NextFunction) => void | Response<any, Record<string, any>>' is not assignable to parameter of type 'RequestHandlerParams<ParamsDictionary, any, any, ParsedQs, Record<string, any>>'.
      Type '(req: AuthRequest, res: Response, next: NextFunction) => void | Response<any, Record<string, any>>' is not assignable to type 'RequestHandler<ParamsDictionary, any, any, ParsedQs, Record<string, any>>'.
        Types of parameters 'req' and 'req' are incompatible.
          Type 'Request<ParamsDictionary, any, any, ParsedQs, Record<string, any>>' is not assignable to type 'AuthRequest'.
            Types of property 'user' are incompatible.
              Type '{ id: string; email: string; role: string; name?: string | undefined; permissions?: string[] | undefined; } | undefined' is not assignable to type '{ id: string; email: string; role: string; permissions: any; } | undefined'.
                Type '{ id: string; email: string; role: string; name?: string | undefined; permissions?: string[] | undefined; }' is not assignable to type '{ id: string; email: string; role: string; permissions: any; }'.
                  Property 'permissions' is optional in type '{ id: string; email: string; role: string; name?: string | undefined; permissions?: string[] | undefined; }' but required in type '{ id: string; email: string; role: string; permissions: any; }'.
server/src/routes/signatures.ts(247,3): error TS2769: No overload matches this call.
  The last overload gave the following error.
    Argument of type '(req: AuthRequest, res: Response, next: NextFunction) => void | Response<any, Record<string, any>>' is not assignable to parameter of type 'RequestHandlerParams<ParamsDictionary, any, any, ParsedQs, Record<string, any>>'.
      Type '(req: AuthRequest, res: Response, next: NextFunction) => void | Response<any, Record<string, any>>' is not assignable to type 'RequestHandler<ParamsDictionary, any, any, ParsedQs, Record<string, any>>'.
        Types of parameters 'req' and 'req' are incompatible.
          Type 'Request<ParamsDictionary, any, any, ParsedQs, Record<string, any>>' is not assignable to type 'AuthRequest'.
            Types of property 'user' are incompatible.
              Type '{ id: string; email: string; role: string; name?: string | undefined; permissions?: string[] | undefined; } | undefined' is not assignable to type '{ id: string; email: string; role: string; permissions: any; } | undefined'.
                Type '{ id: string; email: string; role: string; name?: string | undefined; permissions?: string[] | undefined; }' is not assignable to type '{ id: string; email: string; role: string; permissions: any; }'.
                  Property 'permissions' is optional in type '{ id: string; email: string; role: string; name?: string | undefined; permissions?: string[] | undefined; }' but required in type '{ id: string; email: string; role: string; permissions: any; }'.
server/src/routes/signatures.ts(322,3): error TS2769: No overload matches this call.
  The last overload gave the following error.
    Argument of type '(req: AuthRequest, res: Response, next: NextFunction) => void | Response<any, Record<string, any>>' is not assignable to parameter of type 'RequestHandlerParams<ParamsDictionary, any, any, ParsedQs, Record<string, any>>'.
      Type '(req: AuthRequest, res: Response, next: NextFunction) => void | Response<any, Record<string, any>>' is not assignable to type 'RequestHandler<ParamsDictionary, any, any, ParsedQs, Record<string, any>>'.
        Types of parameters 'req' and 'req' are incompatible.
          Type 'Request<ParamsDictionary, any, any, ParsedQs, Record<string, any>>' is not assignable to type 'AuthRequest'.
            Types of property 'user' are incompatible.
              Type '{ id: string; email: string; role: string; name?: string | undefined; permissions?: string[] | undefined; } | undefined' is not assignable to type '{ id: string; email: string; role: string; permissions: any; } | undefined'.
                Type '{ id: string; email: string; role: string; name?: string | undefined; permissions?: string[] | undefined; }' is not assignable to type '{ id: string; email: string; role: string; permissions: any; }'.
                  Property 'permissions' is optional in type '{ id: string; email: string; role: string; name?: string | undefined; permissions?: string[] | undefined; }' but required in type '{ id: string; email: string; role: string; permissions: any; }'.
server/src/routes/signatures.ts(429,3): error TS2769: No overload matches this call.
  The last overload gave the following error.
    Argument of type '(req: AuthRequest, res: Response, next: NextFunction) => void | Response<any, Record<string, any>>' is not assignable to parameter of type 'RequestHandlerParams<ParamsDictionary, any, any, ParsedQs, Record<string, any>>'.
      Type '(req: AuthRequest, res: Response, next: NextFunction) => void | Response<any, Record<string, any>>' is not assignable to type 'RequestHandler<ParamsDictionary, any, any, ParsedQs, Record<string, any>>'.
        Types of parameters 'req' and 'req' are incompatible.
          Type 'Request<ParamsDictionary, any, any, ParsedQs, Record<string, any>>' is not assignable to type 'AuthRequest'.
            Types of property 'user' are incompatible.
              Type '{ id: string; email: string; role: string; name?: string | undefined; permissions?: string[] | undefined; } | undefined' is not assignable to type '{ id: string; email: string; role: string; permissions: any; } | undefined'.
                Type '{ id: string; email: string; role: string; name?: string | undefined; permissions?: string[] | undefined; }' is not assignable to type '{ id: string; email: string; role: string; permissions: any; }'.
                  Property 'permissions' is optional in type '{ id: string; email: string; role: string; name?: string | undefined; permissions?: string[] | undefined; }' but required in type '{ id: string; email: string; role: string; permissions: any; }'.
server/src/routes/signatures.ts(498,3): error TS2769: No overload matches this call.
  The last overload gave the following error.
    Argument of type '(req: AuthRequest, res: Response, next: NextFunction) => void | Response<any, Record<string, any>>' is not assignable to parameter of type 'RequestHandlerParams<ParamsDictionary, any, any, ParsedQs, Record<string, any>>'.
      Type '(req: AuthRequest, res: Response, next: NextFunction) => void | Response<any, Record<string, any>>' is not assignable to type 'RequestHandler<ParamsDictionary, any, any, ParsedQs, Record<string, any>>'.
        Types of parameters 'req' and 'req' are incompatible.
          Type 'Request<ParamsDictionary, any, any, ParsedQs, Record<string, any>>' is not assignable to type 'AuthRequest'.
            Types of property 'user' are incompatible.
              Type '{ id: string; email: string; role: string; name?: string | undefined; permissions?: string[] | undefined; } | undefined' is not assignable to type '{ id: string; email: string; role: string; permissions: any; } | undefined'.
                Type '{ id: string; email: string; role: string; name?: string | undefined; permissions?: string[] | undefined; }' is not assignable to type '{ id: string; email: string; role: string; permissions: any; }'.
                  Property 'permissions' is optional in type '{ id: string; email: string; role: string; name?: string | undefined; permissions?: string[] | undefined; }' but required in type '{ id: string; email: string; role: string; permissions: any; }'.
server/src/routes/signatures.ts(612,3): error TS2769: No overload matches this call.
  The last overload gave the following error.
    Argument of type '(req: AuthRequest, res: Response, next: NextFunction) => void | Response<any, Record<string, any>>' is not assignable to parameter of type 'RequestHandlerParams<ParamsDictionary, any, any, ParsedQs, Record<string, any>>'.
      Type '(req: AuthRequest, res: Response, next: NextFunction) => void | Response<any, Record<string, any>>' is not assignable to type 'RequestHandler<ParamsDictionary, any, any, ParsedQs, Record<string, any>>'.
        Types of parameters 'req' and 'req' are incompatible.
          Type 'Request<ParamsDictionary, any, any, ParsedQs, Record<string, any>>' is not assignable to type 'AuthRequest'.
            Types of property 'user' are incompatible.
              Type '{ id: string; email: string; role: string; name?: string | undefined; permissions?: string[] | undefined; } | undefined' is not assignable to type '{ id: string; email: string; role: string; permissions: any; } | undefined'.
                Type '{ id: string; email: string; role: string; name?: string | undefined; permissions?: string[] | undefined; }' is not assignable to type '{ id: string; email: string; role: string; permissions: any; }'.
                  Property 'permissions' is optional in type '{ id: string; email: string; role: string; name?: string | undefined; permissions?: string[] | undefined; }' but required in type '{ id: string; email: string; role: string; permissions: any; }'.
server/src/routes/signatures.ts(722,3): error TS2769: No overload matches this call.
  The last overload gave the following error.
    Argument of type '(req: AuthRequest, res: Response, next: NextFunction) => void | Response<any, Record<string, any>>' is not assignable to parameter of type 'RequestHandlerParams<ParamsDictionary, any, any, ParsedQs, Record<string, any>>'.
      Type '(req: AuthRequest, res: Response, next: NextFunction) => void | Response<any, Record<string, any>>' is not assignable to type 'RequestHandler<ParamsDictionary, any, any, ParsedQs, Record<string, any>>'.
        Types of parameters 'req' and 'req' are incompatible.
          Type 'Request<ParamsDictionary, any, any, ParsedQs, Record<string, any>>' is not assignable to type 'AuthRequest'.
            Types of property 'user' are incompatible.
              Type '{ id: string; email: string; role: string; name?: string | undefined; permissions?: string[] | undefined; } | undefined' is not assignable to type '{ id: string; email: string; role: string; permissions: any; } | undefined'.
                Type '{ id: string; email: string; role: string; name?: string | undefined; permissions?: string[] | undefined; }' is not assignable to type '{ id: string; email: string; role: string; permissions: any; }'.
                  Property 'permissions' is optional in type '{ id: string; email: string; role: string; name?: string | undefined; permissions?: string[] | undefined; }' but required in type '{ id: string; email: string; role: string; permissions: any; }'.
server/src/routes/skills.ts(12,17): error TS2769: No overload matches this call.
  The last overload gave the following error.
    Argument of type '(req: AuthRequest, res: Response, next: NextFunction) => Promise<Response<any, Record<string, any>> | undefined>' is not assignable to parameter of type 'RequestHandlerParams<ParamsDictionary, any, any, ParsedQs, Record<string, any>>'.
      Type '(req: AuthRequest, res: Response, next: NextFunction) => Promise<Response<any, Record<string, any>> | undefined>' is not assignable to type 'RequestHandler<ParamsDictionary, any, any, ParsedQs, Record<string, any>>'.
        Types of parameters 'req' and 'req' are incompatible.
          Type 'Request<ParamsDictionary, any, any, ParsedQs, Record<string, any>>' is not assignable to type 'AuthRequest'.
            Types of property 'user' are incompatible.
              Type '{ id: string; email: string; role: string; name?: string | undefined; permissions?: string[] | undefined; } | undefined' is not assignable to type '{ id: string; email: string; role: string; permissions: any; } | undefined'.
                Type '{ id: string; email: string; role: string; name?: string | undefined; permissions?: string[] | undefined; }' is not assignable to type '{ id: string; email: string; role: string; permissions: any; }'.
                  Property 'permissions' is optional in type '{ id: string; email: string; role: string; name?: string | undefined; permissions?: string[] | undefined; }' but required in type '{ id: string; email: string; role: string; permissions: any; }'.
server/src/routes/skills.ts(30,20): error TS2769: No overload matches this call.
  The last overload gave the following error.
    Argument of type '(req: AuthRequest, res: Response, next: NextFunction) => Promise<Response<any, Record<string, any>> | undefined>' is not assignable to parameter of type 'RequestHandlerParams<ParamsDictionary, any, any, ParsedQs, Record<string, any>>'.
      Type '(req: AuthRequest, res: Response, next: NextFunction) => Promise<Response<any, Record<string, any>> | undefined>' is not assignable to type 'RequestHandler<ParamsDictionary, any, any, ParsedQs, Record<string, any>>'.
        Types of parameters 'req' and 'req' are incompatible.
          Type 'Request<ParamsDictionary, any, any, ParsedQs, Record<string, any>>' is not assignable to type 'AuthRequest'.
            Types of property 'user' are incompatible.
              Type '{ id: string; email: string; role: string; name?: string | undefined; permissions?: string[] | undefined; } | undefined' is not assignable to type '{ id: string; email: string; role: string; permissions: any; } | undefined'.
                Type '{ id: string; email: string; role: string; name?: string | undefined; permissions?: string[] | undefined; }' is not assignable to type '{ id: string; email: string; role: string; permissions: any; }'.
                  Property 'permissions' is optional in type '{ id: string; email: string; role: string; name?: string | undefined; permissions?: string[] | undefined; }' but required in type '{ id: string; email: string; role: string; permissions: any; }'.
server/src/routes/skills.ts(53,3): error TS2769: No overload matches this call.
  The last overload gave the following error.
    Argument of type '(req: AuthRequest, res: Response, next: NextFunction) => Promise<Response<any, Record<string, any>> | undefined>' is not assignable to parameter of type 'RequestHandlerParams<ParamsDictionary, any, any, ParsedQs, Record<string, any>>'.
      Type '(req: AuthRequest, res: Response, next: NextFunction) => Promise<Response<any, Record<string, any>> | undefined>' is not assignable to type 'RequestHandler<ParamsDictionary, any, any, ParsedQs, Record<string, any>>'.
        Types of parameters 'req' and 'req' are incompatible.
          Type 'Request<ParamsDictionary, any, any, ParsedQs, Record<string, any>>' is not assignable to type 'AuthRequest'.
            Types of property 'user' are incompatible.
              Type '{ id: string; email: string; role: string; name?: string | undefined; permissions?: string[] | undefined; } | undefined' is not assignable to type '{ id: string; email: string; role: string; permissions: any; } | undefined'.
                Type '{ id: string; email: string; role: string; name?: string | undefined; permissions?: string[] | undefined; }' is not assignable to type '{ id: string; email: string; role: string; permissions: any; }'.
                  Property 'permissions' is optional in type '{ id: string; email: string; role: string; name?: string | undefined; permissions?: string[] | undefined; }' but required in type '{ id: string; email: string; role: string; permissions: any; }'.
server/src/routes/skills.ts(85,3): error TS2769: No overload matches this call.
  The last overload gave the following error.
    Argument of type '(req: AuthRequest, res: Response, next: NextFunction) => Promise<Response<any, Record<string, any>> | undefined>' is not assignable to parameter of type 'RequestHandlerParams<ParamsDictionary, any, any, ParsedQs, Record<string, any>>'.
      Type '(req: AuthRequest, res: Response, next: NextFunction) => Promise<Response<any, Record<string, any>> | undefined>' is not assignable to type 'RequestHandler<ParamsDictionary, any, any, ParsedQs, Record<string, any>>'.
        Types of parameters 'req' and 'req' are incompatible.
          Type 'Request<ParamsDictionary, any, any, ParsedQs, Record<string, any>>' is not assignable to type 'AuthRequest'.
            Types of property 'user' are incompatible.
              Type '{ id: string; email: string; role: string; name?: string | undefined; permissions?: string[] | undefined; } | undefined' is not assignable to type '{ id: string; email: string; role: string; permissions: any; } | undefined'.
                Type '{ id: string; email: string; role: string; name?: string | undefined; permissions?: string[] | undefined; }' is not assignable to type '{ id: string; email: string; role: string; permissions: any; }'.
                  Property 'permissions' is optional in type '{ id: string; email: string; role: string; name?: string | undefined; permissions?: string[] | undefined; }' but required in type '{ id: string; email: string; role: string; permissions: any; }'.
server/src/routes/skills.ts(122,3): error TS2769: No overload matches this call.
  The last overload gave the following error.
    Argument of type '(req: AuthRequest, res: Response, next: NextFunction) => Promise<Response<any, Record<string, any>> | undefined>' is not assignable to parameter of type 'RequestHandlerParams<ParamsDictionary, any, any, ParsedQs, Record<string, any>>'.
      Type '(req: AuthRequest, res: Response, next: NextFunction) => Promise<Response<any, Record<string, any>> | undefined>' is not assignable to type 'RequestHandler<ParamsDictionary, any, any, ParsedQs, Record<string, any>>'.
        Types of parameters 'req' and 'req' are incompatible.
          Type 'Request<ParamsDictionary, any, any, ParsedQs, Record<string, any>>' is not assignable to type 'AuthRequest'.
            Types of property 'user' are incompatible.
              Type '{ id: string; email: string; role: string; name?: string | undefined; permissions?: string[] | undefined; } | undefined' is not assignable to type '{ id: string; email: string; role: string; permissions: any; } | undefined'.
                Type '{ id: string; email: string; role: string; name?: string | undefined; permissions?: string[] | undefined; }' is not assignable to type '{ id: string; email: string; role: string; permissions: any; }'.
                  Property 'permissions' is optional in type '{ id: string; email: string; role: string; name?: string | undefined; permissions?: string[] | undefined; }' but required in type '{ id: string; email: string; role: string; permissions: any; }'.
server/src/routes/skills.ts(153,3): error TS2769: No overload matches this call.
  The last overload gave the following error.
    Argument of type '(req: AuthRequest, res: Response, next: NextFunction) => Promise<Response<any, Record<string, any>> | undefined>' is not assignable to parameter of type 'RequestHandlerParams<ParamsDictionary, any, any, ParsedQs, Record<string, any>>'.
      Type '(req: AuthRequest, res: Response, next: NextFunction) => Promise<Response<any, Record<string, any>> | undefined>' is not assignable to type 'RequestHandler<ParamsDictionary, any, any, ParsedQs, Record<string, any>>'.
        Types of parameters 'req' and 'req' are incompatible.
          Type 'Request<ParamsDictionary, any, any, ParsedQs, Record<string, any>>' is not assignable to type 'AuthRequest'.
            Types of property 'user' are incompatible.
              Type '{ id: string; email: string; role: string; name?: string | undefined; permissions?: string[] | undefined; } | undefined' is not assignable to type '{ id: string; email: string; role: string; permissions: any; } | undefined'.
                Type '{ id: string; email: string; role: string; name?: string | undefined; permissions?: string[] | undefined; }' is not assignable to type '{ id: string; email: string; role: string; permissions: any; }'.
                  Property 'permissions' is optional in type '{ id: string; email: string; role: string; name?: string | undefined; permissions?: string[] | undefined; }' but required in type '{ id: string; email: string; role: string; permissions: any; }'.
server/src/routes/skills.ts(189,3): error TS2769: No overload matches this call.
  The last overload gave the following error.
    Argument of type '(req: AuthRequest, res: Response, next: NextFunction) => Promise<Response<any, Record<string, any>> | undefined>' is not assignable to parameter of type 'RequestHandlerParams<ParamsDictionary, any, any, ParsedQs, Record<string, any>>'.
      Type '(req: AuthRequest, res: Response, next: NextFunction) => Promise<Response<any, Record<string, any>> | undefined>' is not assignable to type 'RequestHandler<ParamsDictionary, any, any, ParsedQs, Record<string, any>>'.
        Types of parameters 'req' and 'req' are incompatible.
          Type 'Request<ParamsDictionary, any, any, ParsedQs, Record<string, any>>' is not assignable to type 'AuthRequest'.
            Types of property 'user' are incompatible.
              Type '{ id: string; email: string; role: string; name?: string | undefined; permissions?: string[] | undefined; } | undefined' is not assignable to type '{ id: string; email: string; role: string; permissions: any; } | undefined'.
                Type '{ id: string; email: string; role: string; name?: string | undefined; permissions?: string[] | undefined; }' is not assignable to type '{ id: string; email: string; role: string; permissions: any; }'.
                  Property 'permissions' is optional in type '{ id: string; email: string; role: string; name?: string | undefined; permissions?: string[] | undefined; }' but required in type '{ id: string; email: string; role: string; permissions: any; }'.
server/src/routes/skills.ts(230,29): error TS2769: No overload matches this call.
  The last overload gave the following error.
    Argument of type '(req: AuthRequest, res: Response, next: NextFunction) => Promise<Response<any, Record<string, any>> | undefined>' is not assignable to parameter of type 'RequestHandlerParams<ParamsDictionary, any, any, ParsedQs, Record<string, any>>'.
      Type '(req: AuthRequest, res: Response, next: NextFunction) => Promise<Response<any, Record<string, any>> | undefined>' is not assignable to type 'RequestHandler<ParamsDictionary, any, any, ParsedQs, Record<string, any>>'.
        Types of parameters 'req' and 'req' are incompatible.
          Type 'Request<ParamsDictionary, any, any, ParsedQs, Record<string, any>>' is not assignable to type 'AuthRequest'.
            Types of property 'user' are incompatible.
              Type '{ id: string; email: string; role: string; name?: string | undefined; permissions?: string[] | undefined; } | undefined' is not assignable to type '{ id: string; email: string; role: string; permissions: any; } | undefined'.
                Type '{ id: string; email: string; role: string; name?: string | undefined; permissions?: string[] | undefined; }' is not assignable to type '{ id: string; email: string; role: string; permissions: any; }'.
                  Property 'permissions' is optional in type '{ id: string; email: string; role: string; name?: string | undefined; permissions?: string[] | undefined; }' but required in type '{ id: string; email: string; role: string; permissions: any; }'.
server/src/routes/skills.ts(248,43): error TS2769: No overload matches this call.
  The last overload gave the following error.
    Argument of type '(req: AuthRequest, res: Response, next: NextFunction) => Promise<Response<any, Record<string, any>> | undefined>' is not assignable to parameter of type 'RequestHandlerParams<ParamsDictionary, any, any, ParsedQs, Record<string, any>>'.
      Type '(req: AuthRequest, res: Response, next: NextFunction) => Promise<Response<any, Record<string, any>> | undefined>' is not assignable to type 'RequestHandler<ParamsDictionary, any, any, ParsedQs, Record<string, any>>'.
        Types of parameters 'req' and 'req' are incompatible.
          Type 'Request<ParamsDictionary, any, any, ParsedQs, Record<string, any>>' is not assignable to type 'AuthRequest'.
            Types of property 'user' are incompatible.
              Type '{ id: string; email: string; role: string; name?: string | undefined; permissions?: string[] | undefined; } | undefined' is not assignable to type '{ id: string; email: string; role: string; permissions: any; } | undefined'.
                Type '{ id: string; email: string; role: string; name?: string | undefined; permissions?: string[] | undefined; }' is not assignable to type '{ id: string; email: string; role: string; permissions: any; }'.
                  Property 'permissions' is optional in type '{ id: string; email: string; role: string; name?: string | undefined; permissions?: string[] | undefined; }' but required in type '{ id: string; email: string; role: string; permissions: any; }'.
server/src/routes/skills.ts(268,3): error TS2769: No overload matches this call.
  The last overload gave the following error.
    Argument of type '(req: AuthRequest, res: Response, next: NextFunction) => Promise<Response<any, Record<string, any>> | undefined>' is not assignable to parameter of type 'RequestHandlerParams<ParamsDictionary, any, any, ParsedQs, Record<string, any>>'.
      Type '(req: AuthRequest, res: Response, next: NextFunction) => Promise<Response<any, Record<string, any>> | undefined>' is not assignable to type 'RequestHandler<ParamsDictionary, any, any, ParsedQs, Record<string, any>>'.
        Types of parameters 'req' and 'req' are incompatible.
          Type 'Request<ParamsDictionary, any, any, ParsedQs, Record<string, any>>' is not assignable to type 'AuthRequest'.
            Types of property 'user' are incompatible.
              Type '{ id: string; email: string; role: string; name?: string | undefined; permissions?: string[] | undefined; } | undefined' is not assignable to type '{ id: string; email: string; role: string; permissions: any; } | undefined'.
                Type '{ id: string; email: string; role: string; name?: string | undefined; permissions?: string[] | undefined; }' is not assignable to type '{ id: string; email: string; role: string; permissions: any; }'.
                  Property 'permissions' is optional in type '{ id: string; email: string; role: string; name?: string | undefined; permissions?: string[] | undefined; }' but required in type '{ id: string; email: string; role: string; permissions: any; }'.
server/src/routes/skills.ts(296,3): error TS2769: No overload matches this call.
  The last overload gave the following error.
    Argument of type '(req: AuthRequest, res: Response, next: NextFunction) => Promise<Response<any, Record<string, any>> | undefined>' is not assignable to parameter of type 'RequestHandlerParams<ParamsDictionary, any, any, ParsedQs, Record<string, any>>'.
      Type '(req: AuthRequest, res: Response, next: NextFunction) => Promise<Response<any, Record<string, any>> | undefined>' is not assignable to type 'RequestHandler<ParamsDictionary, any, any, ParsedQs, Record<string, any>>'.
        Types of parameters 'req' and 'req' are incompatible.
          Type 'Request<ParamsDictionary, any, any, ParsedQs, Record<string, any>>' is not assignable to type 'AuthRequest'.
            Types of property 'user' are incompatible.
              Type '{ id: string; email: string; role: string; name?: string | undefined; permissions?: string[] | undefined; } | undefined' is not assignable to type '{ id: string; email: string; role: string; permissions: any; } | undefined'.
                Type '{ id: string; email: string; role: string; name?: string | undefined; permissions?: string[] | undefined; }' is not assignable to type '{ id: string; email: string; role: string; permissions: any; }'.
                  Property 'permissions' is optional in type '{ id: string; email: string; role: string; name?: string | undefined; permissions?: string[] | undefined; }' but required in type '{ id: string; email: string; role: string; permissions: any; }'.
server/src/routes/stakeholders.ts(14,35): error TS2769: No overload matches this call.
  The last overload gave the following error.
    Argument of type '(req: AuthRequest, res: Response, next: NextFunction) => Promise<Response<any, Record<string, any>> | undefined>' is not assignable to parameter of type 'RequestHandlerParams<ParamsDictionary, any, any, ParsedQs, Record<string, any>>'.
      Type '(req: AuthRequest, res: Response, next: NextFunction) => Promise<Response<any, Record<string, any>> | undefined>' is not assignable to type 'RequestHandler<ParamsDictionary, any, any, ParsedQs, Record<string, any>>'.
        Types of parameters 'req' and 'req' are incompatible.
          Type 'Request<ParamsDictionary, any, any, ParsedQs, Record<string, any>>' is not assignable to type 'AuthRequest'.
            Types of property 'user' are incompatible.
              Type '{ id: string; email: string; role: string; name?: string | undefined; permissions?: string[] | undefined; } | undefined' is not assignable to type '{ id: string; email: string; role: string; permissions: any; } | undefined'.
                Type '{ id: string; email: string; role: string; name?: string | undefined; permissions?: string[] | undefined; }' is not assignable to type '{ id: string; email: string; role: string; permissions: any; }'.
                  Property 'permissions' is optional in type '{ id: string; email: string; role: string; name?: string | undefined; permissions?: string[] | undefined; }' but required in type '{ id: string; email: string; role: string; permissions: any; }'.
server/src/routes/stakeholders.ts(52,20): error TS2769: No overload matches this call.
  The last overload gave the following error.
    Argument of type '(req: AuthRequest, res: Response, next: NextFunction) => Promise<Response<any, Record<string, any>> | undefined>' is not assignable to parameter of type 'RequestHandlerParams<ParamsDictionary, any, any, ParsedQs, Record<string, any>>'.
      Type '(req: AuthRequest, res: Response, next: NextFunction) => Promise<Response<any, Record<string, any>> | undefined>' is not assignable to type 'RequestHandler<ParamsDictionary, any, any, ParsedQs, Record<string, any>>'.
        Types of parameters 'req' and 'req' are incompatible.
          Type 'Request<ParamsDictionary, any, any, ParsedQs, Record<string, any>>' is not assignable to type 'AuthRequest'.
            Types of property 'user' are incompatible.
              Type '{ id: string; email: string; role: string; name?: string | undefined; permissions?: string[] | undefined; } | undefined' is not assignable to type '{ id: string; email: string; role: string; permissions: any; } | undefined'.
                Type '{ id: string; email: string; role: string; name?: string | undefined; permissions?: string[] | undefined; }' is not assignable to type '{ id: string; email: string; role: string; permissions: any; }'.
                  Property 'permissions' is optional in type '{ id: string; email: string; role: string; name?: string | undefined; permissions?: string[] | undefined; }' but required in type '{ id: string; email: string; role: string; permissions: any; }'.
server/src/routes/stakeholders.ts(80,18): error TS2769: No overload matches this call.
  The last overload gave the following error.
    Argument of type '(req: AuthRequest, res: Response, next: NextFunction) => Promise<Response<any, Record<string, any>> | undefined>' is not assignable to parameter of type 'RequestHandlerParams<ParamsDictionary, any, any, ParsedQs, Record<string, any>>'.
      Type '(req: AuthRequest, res: Response, next: NextFunction) => Promise<Response<any, Record<string, any>> | undefined>' is not assignable to type 'RequestHandler<ParamsDictionary, any, any, ParsedQs, Record<string, any>>'.
        Types of parameters 'req' and 'req' are incompatible.
          Type 'Request<ParamsDictionary, any, any, ParsedQs, Record<string, any>>' is not assignable to type 'AuthRequest'.
            Types of property 'user' are incompatible.
              Type '{ id: string; email: string; role: string; name?: string | undefined; permissions?: string[] | undefined; } | undefined' is not assignable to type '{ id: string; email: string; role: string; permissions: any; } | undefined'.
                Type '{ id: string; email: string; role: string; name?: string | undefined; permissions?: string[] | undefined; }' is not assignable to type '{ id: string; email: string; role: string; permissions: any; }'.
                  Property 'permissions' is optional in type '{ id: string; email: string; role: string; name?: string | undefined; permissions?: string[] | undefined; }' but required in type '{ id: string; email: string; role: string; permissions: any; }'.
server/src/routes/stakeholders.ts(160,20): error TS2769: No overload matches this call.
  The last overload gave the following error.
    Argument of type '(req: AuthRequest, res: Response, next: NextFunction) => Promise<Response<any, Record<string, any>> | undefined>' is not assignable to parameter of type 'RequestHandlerParams<ParamsDictionary, any, any, ParsedQs, Record<string, any>>'.
      Type '(req: AuthRequest, res: Response, next: NextFunction) => Promise<Response<any, Record<string, any>> | undefined>' is not assignable to type 'RequestHandler<ParamsDictionary, any, any, ParsedQs, Record<string, any>>'.
        Types of parameters 'req' and 'req' are incompatible.
          Type 'Request<ParamsDictionary, any, any, ParsedQs, Record<string, any>>' is not assignable to type 'AuthRequest'.
            Types of property 'user' are incompatible.
              Type '{ id: string; email: string; role: string; name?: string | undefined; permissions?: string[] | undefined; } | undefined' is not assignable to type '{ id: string; email: string; role: string; permissions: any; } | undefined'.
                Type '{ id: string; email: string; role: string; name?: string | undefined; permissions?: string[] | undefined; }' is not assignable to type '{ id: string; email: string; role: string; permissions: any; }'.
                  Property 'permissions' is optional in type '{ id: string; email: string; role: string; name?: string | undefined; permissions?: string[] | undefined; }' but required in type '{ id: string; email: string; role: string; permissions: any; }'.
server/src/routes/stakeholders.ts(226,23): error TS2769: No overload matches this call.
  The last overload gave the following error.
    Argument of type '(req: AuthRequest, res: Response, next: NextFunction) => Promise<Response<any, Record<string, any>> | undefined>' is not assignable to parameter of type 'RequestHandlerParams<ParamsDictionary, any, any, ParsedQs, Record<string, any>>'.
      Type '(req: AuthRequest, res: Response, next: NextFunction) => Promise<Response<any, Record<string, any>> | undefined>' is not assignable to type 'RequestHandler<ParamsDictionary, any, any, ParsedQs, Record<string, any>>'.
        Types of parameters 'req' and 'req' are incompatible.
          Type 'Request<ParamsDictionary, any, any, ParsedQs, Record<string, any>>' is not assignable to type 'AuthRequest'.
            Types of property 'user' are incompatible.
              Type '{ id: string; email: string; role: string; name?: string | undefined; permissions?: string[] | undefined; } | undefined' is not assignable to type '{ id: string; email: string; role: string; permissions: any; } | undefined'.
                Type '{ id: string; email: string; role: string; name?: string | undefined; permissions?: string[] | undefined; }' is not assignable to type '{ id: string; email: string; role: string; permissions: any; }'.
                  Property 'permissions' is optional in type '{ id: string; email: string; role: string; name?: string | undefined; permissions?: string[] | undefined; }' but required in type '{ id: string; email: string; role: string; permissions: any; }'.
server/src/routes/stakeholders.ts(253,53): error TS2769: No overload matches this call.
  The last overload gave the following error.
    Argument of type '(req: AuthRequest, res: Response, next: NextFunction) => Promise<Response<any, Record<string, any>> | undefined>' is not assignable to parameter of type 'RequestHandlerParams<ParamsDictionary, any, any, ParsedQs, Record<string, any>>'.
      Type '(req: AuthRequest, res: Response, next: NextFunction) => Promise<Response<any, Record<string, any>> | undefined>' is not assignable to type 'RequestHandler<ParamsDictionary, any, any, ParsedQs, Record<string, any>>'.
        Types of parameters 'req' and 'req' are incompatible.
          Type 'Request<ParamsDictionary, any, any, ParsedQs, Record<string, any>>' is not assignable to type 'AuthRequest'.
            Types of property 'user' are incompatible.
              Type '{ id: string; email: string; role: string; name?: string | undefined; permissions?: string[] | undefined; } | undefined' is not assignable to type '{ id: string; email: string; role: string; permissions: any; } | undefined'.
                Type '{ id: string; email: string; role: string; name?: string | undefined; permissions?: string[] | undefined; }' is not assignable to type '{ id: string; email: string; role: string; permissions: any; }'.
                  Property 'permissions' is optional in type '{ id: string; email: string; role: string; name?: string | undefined; permissions?: string[] | undefined; }' but required in type '{ id: string; email: string; role: string; permissions: any; }'.
server/src/routes/stakeholders.ts(319,3): error TS2769: No overload matches this call.
  The last overload gave the following error.
    Argument of type '(req: AuthRequest, res: Response, next: NextFunction) => Promise<Response<any, Record<string, any>> | undefined>' is not assignable to parameter of type 'RequestHandlerParams<ParamsDictionary, any, any, ParsedQs, Record<string, any>>'.
      Type '(req: AuthRequest, res: Response, next: NextFunction) => Promise<Response<any, Record<string, any>> | undefined>' is not assignable to type 'RequestHandler<ParamsDictionary, any, any, ParsedQs, Record<string, any>>'.
        Types of parameters 'req' and 'req' are incompatible.
          Type 'Request<ParamsDictionary, any, any, ParsedQs, Record<string, any>>' is not assignable to type 'AuthRequest'.
            Types of property 'user' are incompatible.
              Type '{ id: string; email: string; role: string; name?: string | undefined; permissions?: string[] | undefined; } | undefined' is not assignable to type '{ id: string; email: string; role: string; permissions: any; } | undefined'.
                Type '{ id: string; email: string; role: string; name?: string | undefined; permissions?: string[] | undefined; }' is not assignable to type '{ id: string; email: string; role: string; permissions: any; }'.
                  Property 'permissions' is optional in type '{ id: string; email: string; role: string; name?: string | undefined; permissions?: string[] | undefined; }' but required in type '{ id: string; email: string; role: string; permissions: any; }'.
server/src/routes/stakeholders.ts(355,3): error TS2769: No overload matches this call.
  The last overload gave the following error.
    Argument of type '(req: AuthRequest, res: Response, next: NextFunction) => Promise<Response<any, Record<string, any>> | undefined>' is not assignable to parameter of type 'RequestHandlerParams<ParamsDictionary, any, any, ParsedQs, Record<string, any>>'.
      Type '(req: AuthRequest, res: Response, next: NextFunction) => Promise<Response<any, Record<string, any>> | undefined>' is not assignable to type 'RequestHandler<ParamsDictionary, any, any, ParsedQs, Record<string, any>>'.
        Types of parameters 'req' and 'req' are incompatible.
          Type 'Request<ParamsDictionary, any, any, ParsedQs, Record<string, any>>' is not assignable to type 'AuthRequest'.
            Types of property 'user' are incompatible.
              Type '{ id: string; email: string; role: string; name?: string | undefined; permissions?: string[] | undefined; } | undefined' is not assignable to type '{ id: string; email: string; role: string; permissions: any; } | undefined'.
                Type '{ id: string; email: string; role: string; name?: string | undefined; permissions?: string[] | undefined; }' is not assignable to type '{ id: string; email: string; role: string; permissions: any; }'.
                  Property 'permissions' is optional in type '{ id: string; email: string; role: string; name?: string | undefined; permissions?: string[] | undefined; }' but required in type '{ id: string; email: string; role: string; permissions: any; }'.
server/src/routes/stakeholders.ts(406,26): error TS2769: No overload matches this call.
  The last overload gave the following error.
    Argument of type '(req: AuthRequest, res: Response, next: NextFunction) => Promise<Response<any, Record<string, any>> | undefined>' is not assignable to parameter of type 'RequestHandlerParams<ParamsDictionary, any, any, ParsedQs, Record<string, any>>'.
      Type '(req: AuthRequest, res: Response, next: NextFunction) => Promise<Response<any, Record<string, any>> | undefined>' is not assignable to type 'RequestHandler<ParamsDictionary, any, any, ParsedQs, Record<string, any>>'.
        Types of parameters 'req' and 'req' are incompatible.
          Type 'Request<ParamsDictionary, any, any, ParsedQs, Record<string, any>>' is not assignable to type 'AuthRequest'.
            Types of property 'user' are incompatible.
              Type '{ id: string; email: string; role: string; name?: string | undefined; permissions?: string[] | undefined; } | undefined' is not assignable to type '{ id: string; email: string; role: string; permissions: any; } | undefined'.
                Type '{ id: string; email: string; role: string; name?: string | undefined; permissions?: string[] | undefined; }' is not assignable to type '{ id: string; email: string; role: string; permissions: any; }'.
                  Property 'permissions' is optional in type '{ id: string; email: string; role: string; name?: string | undefined; permissions?: string[] | undefined; }' but required in type '{ id: string; email: string; role: string; permissions: any; }'.
server/src/routes/stakeholders.ts(426,27): error TS2769: No overload matches this call.
  The last overload gave the following error.
    Argument of type '(req: AuthRequest, res: Response, next: NextFunction) => Promise<Response<any, Record<string, any>> | undefined>' is not assignable to parameter of type 'RequestHandlerParams<ParamsDictionary, any, any, ParsedQs, Record<string, any>>'.
      Type '(req: AuthRequest, res: Response, next: NextFunction) => Promise<Response<any, Record<string, any>> | undefined>' is not assignable to type 'RequestHandler<ParamsDictionary, any, any, ParsedQs, Record<string, any>>'.
        Types of parameters 'req' and 'req' are incompatible.
          Type 'Request<ParamsDictionary, any, any, ParsedQs, Record<string, any>>' is not assignable to type 'AuthRequest'.
            Types of property 'user' are incompatible.
              Type '{ id: string; email: string; role: string; name?: string | undefined; permissions?: string[] | undefined; } | undefined' is not assignable to type '{ id: string; email: string; role: string; permissions: any; } | undefined'.
                Type '{ id: string; email: string; role: string; name?: string | undefined; permissions?: string[] | undefined; }' is not assignable to type '{ id: string; email: string; role: string; permissions: any; }'.
                  Property 'permissions' is optional in type '{ id: string; email: string; role: string; name?: string | undefined; permissions?: string[] | undefined; }' but required in type '{ id: string; email: string; role: string; permissions: any; }'.
server/src/routes/stakeholders.ts(446,3): error TS2769: No overload matches this call.
  The last overload gave the following error.
    Argument of type '(req: AuthRequest, res: Response, next: NextFunction) => Promise<Response<any, Record<string, any>> | undefined>' is not assignable to parameter of type 'RequestHandlerParams<ParamsDictionary, any, any, ParsedQs, Record<string, any>>'.
      Type '(req: AuthRequest, res: Response, next: NextFunction) => Promise<Response<any, Record<string, any>> | undefined>' is not assignable to type 'RequestHandler<ParamsDictionary, any, any, ParsedQs, Record<string, any>>'.
        Types of parameters 'req' and 'req' are incompatible.
          Type 'Request<ParamsDictionary, any, any, ParsedQs, Record<string, any>>' is not assignable to type 'AuthRequest'.
            Types of property 'user' are incompatible.
              Type '{ id: string; email: string; role: string; name?: string | undefined; permissions?: string[] | undefined; } | undefined' is not assignable to type '{ id: string; email: string; role: string; permissions: any; } | undefined'.
                Type '{ id: string; email: string; role: string; name?: string | undefined; permissions?: string[] | undefined; }' is not assignable to type '{ id: string; email: string; role: string; permissions: any; }'.
                  Property 'permissions' is optional in type '{ id: string; email: string; role: string; name?: string | undefined; permissions?: string[] | undefined; }' but required in type '{ id: string; email: string; role: string; permissions: any; }'.
server/src/routes/stakeholders.ts(489,3): error TS2769: No overload matches this call.
  The last overload gave the following error.
    Argument of type '(req: AuthRequest, res: Response, next: NextFunction) => Promise<Response<any, Record<string, any>> | undefined>' is not assignable to parameter of type 'RequestHandlerParams<ParamsDictionary, any, any, ParsedQs, Record<string, any>>'.
      Type '(req: AuthRequest, res: Response, next: NextFunction) => Promise<Response<any, Record<string, any>> | undefined>' is not assignable to type 'RequestHandler<ParamsDictionary, any, any, ParsedQs, Record<string, any>>'.
        Types of parameters 'req' and 'req' are incompatible.
          Type 'Request<ParamsDictionary, any, any, ParsedQs, Record<string, any>>' is not assignable to type 'AuthRequest'.
            Types of property 'user' are incompatible.
              Type '{ id: string; email: string; role: string; name?: string | undefined; permissions?: string[] | undefined; } | undefined' is not assignable to type '{ id: string; email: string; role: string; permissions: any; } | undefined'.
                Type '{ id: string; email: string; role: string; name?: string | undefined; permissions?: string[] | undefined; }' is not assignable to type '{ id: string; email: string; role: string; permissions: any; }'.
                  Property 'permissions' is optional in type '{ id: string; email: string; role: string; name?: string | undefined; permissions?: string[] | undefined; }' but required in type '{ id: string; email: string; role: string; permissions: any; }'.
server/src/routes/stakeholders.ts(532,3): error TS2769: No overload matches this call.
  The last overload gave the following error.
    Argument of type '(req: AuthRequest, res: Response, next: NextFunction) => Promise<Response<any, Record<string, any>> | undefined>' is not assignable to parameter of type 'RequestHandlerParams<ParamsDictionary, any, any, ParsedQs, Record<string, any>>'.
      Type '(req: AuthRequest, res: Response, next: NextFunction) => Promise<Response<any, Record<string, any>> | undefined>' is not assignable to type 'RequestHandler<ParamsDictionary, any, any, ParsedQs, Record<string, any>>'.
        Types of parameters 'req' and 'req' are incompatible.
          Type 'Request<ParamsDictionary, any, any, ParsedQs, Record<string, any>>' is not assignable to type 'AuthRequest'.
            Types of property 'user' are incompatible.
              Type '{ id: string; email: string; role: string; name?: string | undefined; permissions?: string[] | undefined; } | undefined' is not assignable to type '{ id: string; email: string; role: string; permissions: any; } | undefined'.
                Type '{ id: string; email: string; role: string; name?: string | undefined; permissions?: string[] | undefined; }' is not assignable to type '{ id: string; email: string; role: string; permissions: any; }'.
                  Property 'permissions' is optional in type '{ id: string; email: string; role: string; name?: string | undefined; permissions?: string[] | undefined; }' but required in type '{ id: string; email: string; role: string; permissions: any; }'.
server/src/routes/stakeholders.ts(563,39): error TS2769: No overload matches this call.
  The last overload gave the following error.
    Argument of type '(req: AuthRequest, res: Response, next: NextFunction) => Promise<Response<any, Record<string, any>> | undefined>' is not assignable to parameter of type 'RequestHandlerParams<ParamsDictionary, any, any, ParsedQs, Record<string, any>>'.
      Type '(req: AuthRequest, res: Response, next: NextFunction) => Promise<Response<any, Record<string, any>> | undefined>' is not assignable to type 'RequestHandler<ParamsDictionary, any, any, ParsedQs, Record<string, any>>'.
        Types of parameters 'req' and 'req' are incompatible.
          Type 'Request<ParamsDictionary, any, any, ParsedQs, Record<string, any>>' is not assignable to type 'AuthRequest'.
            Types of property 'user' are incompatible.
              Type '{ id: string; email: string; role: string; name?: string | undefined; permissions?: string[] | undefined; } | undefined' is not assignable to type '{ id: string; email: string; role: string; permissions: any; } | undefined'.
                Type '{ id: string; email: string; role: string; name?: string | undefined; permissions?: string[] | undefined; }' is not assignable to type '{ id: string; email: string; role: string; permissions: any; }'.
                  Property 'permissions' is optional in type '{ id: string; email: string; role: string; name?: string | undefined; permissions?: string[] | undefined; }' but required in type '{ id: string; email: string; role: string; permissions: any; }'.
server/src/routes/stakeholders.ts(583,3): error TS2769: No overload matches this call.
  The last overload gave the following error.
    Argument of type '(req: AuthRequest, res: Response, next: NextFunction) => Promise<Response<any, Record<string, any>> | undefined>' is not assignable to parameter of type 'RequestHandlerParams<ParamsDictionary, any, any, ParsedQs, Record<string, any>>'.
      Type '(req: AuthRequest, res: Response, next: NextFunction) => Promise<Response<any, Record<string, any>> | undefined>' is not assignable to type 'RequestHandler<ParamsDictionary, any, any, ParsedQs, Record<string, any>>'.
        Types of parameters 'req' and 'req' are incompatible.
          Type 'Request<ParamsDictionary, any, any, ParsedQs, Record<string, any>>' is not assignable to type 'AuthRequest'.
            Types of property 'user' are incompatible.
              Type '{ id: string; email: string; role: string; name?: string | undefined; permissions?: string[] | undefined; } | undefined' is not assignable to type '{ id: string; email: string; role: string; permissions: any; } | undefined'.
                Type '{ id: string; email: string; role: string; name?: string | undefined; permissions?: string[] | undefined; }' is not assignable to type '{ id: string; email: string; role: string; permissions: any; }'.
                  Property 'permissions' is optional in type '{ id: string; email: string; role: string; name?: string | undefined; permissions?: string[] | undefined; }' but required in type '{ id: string; email: string; role: string; permissions: any; }'.
server/src/routes/stakeholders.ts(637,3): error TS2769: No overload matches this call.
  The last overload gave the following error.
    Argument of type '(req: AuthRequest, res: Response, next: NextFunction) => Promise<Response<any, Record<string, any>> | undefined>' is not assignable to parameter of type 'RequestHandlerParams<ParamsDictionary, any, any, ParsedQs, Record<string, any>>'.
      Type '(req: AuthRequest, res: Response, next: NextFunction) => Promise<Response<any, Record<string, any>> | undefined>' is not assignable to type 'RequestHandler<ParamsDictionary, any, any, ParsedQs, Record<string, any>>'.
        Types of parameters 'req' and 'req' are incompatible.
          Type 'Request<ParamsDictionary, any, any, ParsedQs, Record<string, any>>' is not assignable to type 'AuthRequest'.
            Types of property 'user' are incompatible.
              Type '{ id: string; email: string; role: string; name?: string | undefined; permissions?: string[] | undefined; } | undefined' is not assignable to type '{ id: string; email: string; role: string; permissions: any; } | undefined'.
                Type '{ id: string; email: string; role: string; name?: string | undefined; permissions?: string[] | undefined; }' is not assignable to type '{ id: string; email: string; role: string; permissions: any; }'.
                  Property 'permissions' is optional in type '{ id: string; email: string; role: string; name?: string | undefined; permissions?: string[] | undefined; }' but required in type '{ id: string; email: string; role: string; permissions: any; }'.
server/src/routes/tasks.ts(34,3): error TS2769: No overload matches this call.
  The last overload gave the following error.
    Argument of type '(req: AuthRequest, res: Response, next: NextFunction) => Promise<Response<any, Record<string, any>> | undefined>' is not assignable to parameter of type 'RequestHandlerParams<ParamsDictionary, any, any, ParsedQs, Record<string, any>>'.
      Type '(req: AuthRequest, res: Response, next: NextFunction) => Promise<Response<any, Record<string, any>> | undefined>' is not assignable to type 'RequestHandler<ParamsDictionary, any, any, ParsedQs, Record<string, any>>'.
        Types of parameters 'req' and 'req' are incompatible.
          Type 'Request<ParamsDictionary, any, any, ParsedQs, Record<string, any>>' is not assignable to type 'AuthRequest'.
            Types of property 'user' are incompatible.
              Type '{ id: string; email: string; role: string; name?: string | undefined; permissions?: string[] | undefined; } | undefined' is not assignable to type '{ id: string; email: string; role: string; permissions: any; } | undefined'.
                Type '{ id: string; email: string; role: string; name?: string | undefined; permissions?: string[] | undefined; }' is not assignable to type '{ id: string; email: string; role: string; permissions: any; }'.
                  Property 'permissions' is optional in type '{ id: string; email: string; role: string; name?: string | undefined; permissions?: string[] | undefined; }' but required in type '{ id: string; email: string; role: string; permissions: any; }'.
server/src/routes/tasks.ts(79,3): error TS2769: No overload matches this call.
  The last overload gave the following error.
    Argument of type '(req: AuthRequest, res: Response, next: NextFunction) => Promise<Response<any, Record<string, any>> | undefined>' is not assignable to parameter of type 'RequestHandlerParams<ParamsDictionary, any, any, ParsedQs, Record<string, any>>'.
      Type '(req: AuthRequest, res: Response, next: NextFunction) => Promise<Response<any, Record<string, any>> | undefined>' is not assignable to type 'RequestHandler<ParamsDictionary, any, any, ParsedQs, Record<string, any>>'.
        Types of parameters 'req' and 'req' are incompatible.
          Type 'Request<ParamsDictionary, any, any, ParsedQs, Record<string, any>>' is not assignable to type 'AuthRequest'.
            Types of property 'user' are incompatible.
              Type '{ id: string; email: string; role: string; name?: string | undefined; permissions?: string[] | undefined; } | undefined' is not assignable to type '{ id: string; email: string; role: string; permissions: any; } | undefined'.
                Type '{ id: string; email: string; role: string; name?: string | undefined; permissions?: string[] | undefined; }' is not assignable to type '{ id: string; email: string; role: string; permissions: any; }'.
                  Property 'permissions' is optional in type '{ id: string; email: string; role: string; name?: string | undefined; permissions?: string[] | undefined; }' but required in type '{ id: string; email: string; role: string; permissions: any; }'.
server/src/routes/tasks.ts(102,3): error TS2769: No overload matches this call.
  The last overload gave the following error.
    Argument of type '(req: AuthRequest, res: Response, next: NextFunction) => Promise<Response<any, Record<string, any>> | undefined>' is not assignable to parameter of type 'RequestHandlerParams<ParamsDictionary, any, any, ParsedQs, Record<string, any>>'.
      Type '(req: AuthRequest, res: Response, next: NextFunction) => Promise<Response<any, Record<string, any>> | undefined>' is not assignable to type 'RequestHandler<ParamsDictionary, any, any, ParsedQs, Record<string, any>>'.
        Types of parameters 'req' and 'req' are incompatible.
          Type 'Request<ParamsDictionary, any, any, ParsedQs, Record<string, any>>' is not assignable to type 'AuthRequest'.
            Types of property 'user' are incompatible.
              Type '{ id: string; email: string; role: string; name?: string | undefined; permissions?: string[] | undefined; } | undefined' is not assignable to type '{ id: string; email: string; role: string; permissions: any; } | undefined'.
                Type '{ id: string; email: string; role: string; name?: string | undefined; permissions?: string[] | undefined; }' is not assignable to type '{ id: string; email: string; role: string; permissions: any; }'.
                  Property 'permissions' is optional in type '{ id: string; email: string; role: string; name?: string | undefined; permissions?: string[] | undefined; }' but required in type '{ id: string; email: string; role: string; permissions: any; }'.
server/src/routes/tasks.ts(128,3): error TS2769: No overload matches this call.
  The last overload gave the following error.
    Argument of type '(req: AuthRequest, res: Response, next: NextFunction) => Promise<Response<any, Record<string, any>> | undefined>' is not assignable to parameter of type 'RequestHandlerParams<ParamsDictionary, any, any, ParsedQs, Record<string, any>>'.
      Type '(req: AuthRequest, res: Response, next: NextFunction) => Promise<Response<any, Record<string, any>> | undefined>' is not assignable to type 'RequestHandler<ParamsDictionary, any, any, ParsedQs, Record<string, any>>'.
        Types of parameters 'req' and 'req' are incompatible.
          Type 'Request<ParamsDictionary, any, any, ParsedQs, Record<string, any>>' is not assignable to type 'AuthRequest'.
            Types of property 'user' are incompatible.
              Type '{ id: string; email: string; role: string; name?: string | undefined; permissions?: string[] | undefined; } | undefined' is not assignable to type '{ id: string; email: string; role: string; permissions: any; } | undefined'.
                Type '{ id: string; email: string; role: string; name?: string | undefined; permissions?: string[] | undefined; }' is not assignable to type '{ id: string; email: string; role: string; permissions: any; }'.
                  Property 'permissions' is optional in type '{ id: string; email: string; role: string; name?: string | undefined; permissions?: string[] | undefined; }' but required in type '{ id: string; email: string; role: string; permissions: any; }'.
server/src/routes/tasks.ts(151,3): error TS2769: No overload matches this call.
  The last overload gave the following error.
    Argument of type '(req: AuthRequest, res: Response, next: NextFunction) => Promise<Response<any, Record<string, any>> | undefined>' is not assignable to parameter of type 'RequestHandlerParams<ParamsDictionary, any, any, ParsedQs, Record<string, any>>'.
      Type '(req: AuthRequest, res: Response, next: NextFunction) => Promise<Response<any, Record<string, any>> | undefined>' is not assignable to type 'RequestHandler<ParamsDictionary, any, any, ParsedQs, Record<string, any>>'.
        Types of parameters 'req' and 'req' are incompatible.
          Type 'Request<ParamsDictionary, any, any, ParsedQs, Record<string, any>>' is not assignable to type 'AuthRequest'.
            Types of property 'user' are incompatible.
              Type '{ id: string; email: string; role: string; name?: string | undefined; permissions?: string[] | undefined; } | undefined' is not assignable to type '{ id: string; email: string; role: string; permissions: any; } | undefined'.
                Type '{ id: string; email: string; role: string; name?: string | undefined; permissions?: string[] | undefined; }' is not assignable to type '{ id: string; email: string; role: string; permissions: any; }'.
                  Property 'permissions' is optional in type '{ id: string; email: string; role: string; name?: string | undefined; permissions?: string[] | undefined; }' but required in type '{ id: string; email: string; role: string; permissions: any; }'.
server/src/routes/tasks.ts(184,3): error TS2769: No overload matches this call.
  The last overload gave the following error.
    Argument of type '(req: AuthRequest, res: Response, next: NextFunction) => Promise<Response<any, Record<string, any>> | undefined>' is not assignable to parameter of type 'RequestHandlerParams<ParamsDictionary, any, any, ParsedQs, Record<string, any>>'.
      Type '(req: AuthRequest, res: Response, next: NextFunction) => Promise<Response<any, Record<string, any>> | undefined>' is not assignable to type 'RequestHandler<ParamsDictionary, any, any, ParsedQs, Record<string, any>>'.
        Types of parameters 'req' and 'req' are incompatible.
          Type 'Request<ParamsDictionary, any, any, ParsedQs, Record<string, any>>' is not assignable to type 'AuthRequest'.
            Types of property 'user' are incompatible.
              Type '{ id: string; email: string; role: string; name?: string | undefined; permissions?: string[] | undefined; } | undefined' is not assignable to type '{ id: string; email: string; role: string; permissions: any; } | undefined'.
                Type '{ id: string; email: string; role: string; name?: string | undefined; permissions?: string[] | undefined; }' is not assignable to type '{ id: string; email: string; role: string; permissions: any; }'.
                  Property 'permissions' is optional in type '{ id: string; email: string; role: string; name?: string | undefined; permissions?: string[] | undefined; }' but required in type '{ id: string; email: string; role: string; permissions: any; }'.
server/src/routes/tasks.ts(229,3): error TS2769: No overload matches this call.
  The last overload gave the following error.
    Argument of type '(req: AuthRequest, res: Response, next: NextFunction) => Promise<Response<any, Record<string, any>> | undefined>' is not assignable to parameter of type 'RequestHandlerParams<ParamsDictionary, any, any, ParsedQs, Record<string, any>>'.
      Type '(req: AuthRequest, res: Response, next: NextFunction) => Promise<Response<any, Record<string, any>> | undefined>' is not assignable to type 'RequestHandler<ParamsDictionary, any, any, ParsedQs, Record<string, any>>'.
        Types of parameters 'req' and 'req' are incompatible.
          Type 'Request<ParamsDictionary, any, any, ParsedQs, Record<string, any>>' is not assignable to type 'AuthRequest'.
            Types of property 'user' are incompatible.
              Type '{ id: string; email: string; role: string; name?: string | undefined; permissions?: string[] | undefined; } | undefined' is not assignable to type '{ id: string; email: string; role: string; permissions: any; } | undefined'.
                Type '{ id: string; email: string; role: string; name?: string | undefined; permissions?: string[] | undefined; }' is not assignable to type '{ id: string; email: string; role: string; permissions: any; }'.
                  Property 'permissions' is optional in type '{ id: string; email: string; role: string; name?: string | undefined; permissions?: string[] | undefined; }' but required in type '{ id: string; email: string; role: string; permissions: any; }'.
server/src/routes/tasks.ts(249,3): error TS2769: No overload matches this call.
  The last overload gave the following error.
    Argument of type '(req: AuthRequest, res: Response, next: NextFunction) => Promise<Response<any, Record<string, any>> | undefined>' is not assignable to parameter of type 'RequestHandlerParams<ParamsDictionary, any, any, ParsedQs, Record<string, any>>'.
      Type '(req: AuthRequest, res: Response, next: NextFunction) => Promise<Response<any, Record<string, any>> | undefined>' is not assignable to type 'RequestHandler<ParamsDictionary, any, any, ParsedQs, Record<string, any>>'.
        Types of parameters 'req' and 'req' are incompatible.
          Type 'Request<ParamsDictionary, any, any, ParsedQs, Record<string, any>>' is not assignable to type 'AuthRequest'.
            Types of property 'user' are incompatible.
              Type '{ id: string; email: string; role: string; name?: string | undefined; permissions?: string[] | undefined; } | undefined' is not assignable to type '{ id: string; email: string; role: string; permissions: any; } | undefined'.
                Type '{ id: string; email: string; role: string; name?: string | undefined; permissions?: string[] | undefined; }' is not assignable to type '{ id: string; email: string; role: string; permissions: any; }'.
                  Property 'permissions' is optional in type '{ id: string; email: string; role: string; name?: string | undefined; permissions?: string[] | undefined; }' but required in type '{ id: string; email: string; role: string; permissions: any; }'.
server/src/routes/tasks.ts(274,3): error TS2769: No overload matches this call.
  The last overload gave the following error.
    Argument of type '(req: AuthRequest, res: Response, next: NextFunction) => Promise<Response<any, Record<string, any>> | undefined>' is not assignable to parameter of type 'RequestHandlerParams<ParamsDictionary, any, any, ParsedQs, Record<string, any>>'.
      Type '(req: AuthRequest, res: Response, next: NextFunction) => Promise<Response<any, Record<string, any>> | undefined>' is not assignable to type 'RequestHandler<ParamsDictionary, any, any, ParsedQs, Record<string, any>>'.
        Types of parameters 'req' and 'req' are incompatible.
          Type 'Request<ParamsDictionary, any, any, ParsedQs, Record<string, any>>' is not assignable to type 'AuthRequest'.
            Types of property 'user' are incompatible.
              Type '{ id: string; email: string; role: string; name?: string | undefined; permissions?: string[] | undefined; } | undefined' is not assignable to type '{ id: string; email: string; role: string; permissions: any; } | undefined'.
                Type '{ id: string; email: string; role: string; name?: string | undefined; permissions?: string[] | undefined; }' is not assignable to type '{ id: string; email: string; role: string; permissions: any; }'.
                  Property 'permissions' is optional in type '{ id: string; email: string; role: string; name?: string | undefined; permissions?: string[] | undefined; }' but required in type '{ id: string; email: string; role: string; permissions: any; }'.
server/src/routes/tasks.ts(329,3): error TS2769: No overload matches this call.
  The last overload gave the following error.
    Argument of type '(req: AuthRequest, res: Response, next: NextFunction) => Promise<Response<any, Record<string, any>> | undefined>' is not assignable to parameter of type 'RequestHandlerParams<ParamsDictionary, any, any, ParsedQs, Record<string, any>>'.
      Type '(req: AuthRequest, res: Response, next: NextFunction) => Promise<Response<any, Record<string, any>> | undefined>' is not assignable to type 'RequestHandler<ParamsDictionary, any, any, ParsedQs, Record<string, any>>'.
        Types of parameters 'req' and 'req' are incompatible.
          Type 'Request<ParamsDictionary, any, any, ParsedQs, Record<string, any>>' is not assignable to type 'AuthRequest'.
            Types of property 'user' are incompatible.
              Type '{ id: string; email: string; role: string; name?: string | undefined; permissions?: string[] | undefined; } | undefined' is not assignable to type '{ id: string; email: string; role: string; permissions: any; } | undefined'.
                Type '{ id: string; email: string; role: string; name?: string | undefined; permissions?: string[] | undefined; }' is not assignable to type '{ id: string; email: string; role: string; permissions: any; }'.
                  Property 'permissions' is optional in type '{ id: string; email: string; role: string; name?: string | undefined; permissions?: string[] | undefined; }' but required in type '{ id: string; email: string; role: string; permissions: any; }'.
server/src/routes/tasks.ts(398,3): error TS2769: No overload matches this call.
  The last overload gave the following error.
    Argument of type '(req: AuthRequest, res: Response, next: NextFunction) => Promise<Response<any, Record<string, any>> | undefined>' is not assignable to parameter of type 'RequestHandlerParams<ParamsDictionary, any, any, ParsedQs, Record<string, any>>'.
      Type '(req: AuthRequest, res: Response, next: NextFunction) => Promise<Response<any, Record<string, any>> | undefined>' is not assignable to type 'RequestHandler<ParamsDictionary, any, any, ParsedQs, Record<string, any>>'.
        Types of parameters 'req' and 'req' are incompatible.
          Type 'Request<ParamsDictionary, any, any, ParsedQs, Record<string, any>>' is not assignable to type 'AuthRequest'.
            Types of property 'user' are incompatible.
              Type '{ id: string; email: string; role: string; name?: string | undefined; permissions?: string[] | undefined; } | undefined' is not assignable to type '{ id: string; email: string; role: string; permissions: any; } | undefined'.
                Type '{ id: string; email: string; role: string; name?: string | undefined; permissions?: string[] | undefined; }' is not assignable to type '{ id: string; email: string; role: string; permissions: any; }'.
                  Property 'permissions' is optional in type '{ id: string; email: string; role: string; name?: string | undefined; permissions?: string[] | undefined; }' but required in type '{ id: string; email: string; role: string; permissions: any; }'.
server/src/routes/tasks.ts(417,3): error TS2769: No overload matches this call.
  The last overload gave the following error.
    Argument of type '(req: AuthRequest, res: Response, next: NextFunction) => Promise<Response<any, Record<string, any>> | undefined>' is not assignable to parameter of type 'RequestHandlerParams<ParamsDictionary, any, any, ParsedQs, Record<string, any>>'.
      Type '(req: AuthRequest, res: Response, next: NextFunction) => Promise<Response<any, Record<string, any>> | undefined>' is not assignable to type 'RequestHandler<ParamsDictionary, any, any, ParsedQs, Record<string, any>>'.
        Types of parameters 'req' and 'req' are incompatible.
          Type 'Request<ParamsDictionary, any, any, ParsedQs, Record<string, any>>' is not assignable to type 'AuthRequest'.
            Types of property 'user' are incompatible.
              Type '{ id: string; email: string; role: string; name?: string | undefined; permissions?: string[] | undefined; } | undefined' is not assignable to type '{ id: string; email: string; role: string; permissions: any; } | undefined'.
                Type '{ id: string; email: string; role: string; name?: string | undefined; permissions?: string[] | undefined; }' is not assignable to type '{ id: string; email: string; role: string; permissions: any; }'.
                  Property 'permissions' is optional in type '{ id: string; email: string; role: string; name?: string | undefined; permissions?: string[] | undefined; }' but required in type '{ id: string; email: string; role: string; permissions: any; }'.
server/src/routes/tasks.ts(440,3): error TS2769: No overload matches this call.
  The last overload gave the following error.
    Argument of type '(req: AuthRequest, res: Response, next: NextFunction) => Promise<Response<any, Record<string, any>> | undefined>' is not assignable to parameter of type 'RequestHandlerParams<ParamsDictionary, any, any, ParsedQs, Record<string, any>>'.
      Type '(req: AuthRequest, res: Response, next: NextFunction) => Promise<Response<any, Record<string, any>> | undefined>' is not assignable to type 'RequestHandler<ParamsDictionary, any, any, ParsedQs, Record<string, any>>'.
        Types of parameters 'req' and 'req' are incompatible.
          Type 'Request<ParamsDictionary, any, any, ParsedQs, Record<string, any>>' is not assignable to type 'AuthRequest'.
            Types of property 'user' are incompatible.
              Type '{ id: string; email: string; role: string; name?: string | undefined; permissions?: string[] | undefined; } | undefined' is not assignable to type '{ id: string; email: string; role: string; permissions: any; } | undefined'.
                Type '{ id: string; email: string; role: string; name?: string | undefined; permissions?: string[] | undefined; }' is not assignable to type '{ id: string; email: string; role: string; permissions: any; }'.
                  Property 'permissions' is optional in type '{ id: string; email: string; role: string; name?: string | undefined; permissions?: string[] | undefined; }' but required in type '{ id: string; email: string; role: string; permissions: any; }'.
server/src/routes/tasks.ts(465,3): error TS2769: No overload matches this call.
  The last overload gave the following error.
    Argument of type '(req: AuthRequest, res: Response, next: NextFunction) => Promise<Response<any, Record<string, any>> | undefined>' is not assignable to parameter of type 'RequestHandlerParams<ParamsDictionary, any, any, ParsedQs, Record<string, any>>'.
      Type '(req: AuthRequest, res: Response, next: NextFunction) => Promise<Response<any, Record<string, any>> | undefined>' is not assignable to type 'RequestHandler<ParamsDictionary, any, any, ParsedQs, Record<string, any>>'.
        Types of parameters 'req' and 'req' are incompatible.
          Type 'Request<ParamsDictionary, any, any, ParsedQs, Record<string, any>>' is not assignable to type 'AuthRequest'.
            Types of property 'user' are incompatible.
              Type '{ id: string; email: string; role: string; name?: string | undefined; permissions?: string[] | undefined; } | undefined' is not assignable to type '{ id: string; email: string; role: string; permissions: any; } | undefined'.
                Type '{ id: string; email: string; role: string; name?: string | undefined; permissions?: string[] | undefined; }' is not assignable to type '{ id: string; email: string; role: string; permissions: any; }'.
                  Property 'permissions' is optional in type '{ id: string; email: string; role: string; name?: string | undefined; permissions?: string[] | undefined; }' but required in type '{ id: string; email: string; role: string; permissions: any; }'.
server/src/routes/tasks.ts(496,3): error TS2769: No overload matches this call.
  The last overload gave the following error.
    Argument of type '(req: AuthRequest, res: Response, next: NextFunction) => Promise<Response<any, Record<string, any>> | undefined>' is not assignable to parameter of type 'RequestHandlerParams<ParamsDictionary, any, any, ParsedQs, Record<string, any>>'.
      Type '(req: AuthRequest, res: Response, next: NextFunction) => Promise<Response<any, Record<string, any>> | undefined>' is not assignable to type 'RequestHandler<ParamsDictionary, any, any, ParsedQs, Record<string, any>>'.
        Types of parameters 'req' and 'req' are incompatible.
          Type 'Request<ParamsDictionary, any, any, ParsedQs, Record<string, any>>' is not assignable to type 'AuthRequest'.
            Types of property 'user' are incompatible.
              Type '{ id: string; email: string; role: string; name?: string | undefined; permissions?: string[] | undefined; } | undefined' is not assignable to type '{ id: string; email: string; role: string; permissions: any; } | undefined'.
                Type '{ id: string; email: string; role: string; name?: string | undefined; permissions?: string[] | undefined; }' is not assignable to type '{ id: string; email: string; role: string; permissions: any; }'.
                  Property 'permissions' is optional in type '{ id: string; email: string; role: string; name?: string | undefined; permissions?: string[] | undefined; }' but required in type '{ id: string; email: string; role: string; permissions: any; }'.
server/src/routes/tasks.ts(518,3): error TS2769: No overload matches this call.
  The last overload gave the following error.
    Argument of type '(req: AuthRequest, res: Response, next: NextFunction) => Promise<Response<any, Record<string, any>> | undefined>' is not assignable to parameter of type 'RequestHandlerParams<ParamsDictionary, any, any, ParsedQs, Record<string, any>>'.
      Type '(req: AuthRequest, res: Response, next: NextFunction) => Promise<Response<any, Record<string, any>> | undefined>' is not assignable to type 'RequestHandler<ParamsDictionary, any, any, ParsedQs, Record<string, any>>'.
        Types of parameters 'req' and 'req' are incompatible.
          Type 'Request<ParamsDictionary, any, any, ParsedQs, Record<string, any>>' is not assignable to type 'AuthRequest'.
            Types of property 'user' are incompatible.
              Type '{ id: string; email: string; role: string; name?: string | undefined; permissions?: string[] | undefined; } | undefined' is not assignable to type '{ id: string; email: string; role: string; permissions: any; } | undefined'.
                Type '{ id: string; email: string; role: string; name?: string | undefined; permissions?: string[] | undefined; }' is not assignable to type '{ id: string; email: string; role: string; permissions: any; }'.
                  Property 'permissions' is optional in type '{ id: string; email: string; role: string; name?: string | undefined; permissions?: string[] | undefined; }' but required in type '{ id: string; email: string; role: string; permissions: any; }'.
server/src/routes/tasks.ts(554,3): error TS2769: No overload matches this call.
  The last overload gave the following error.
    Argument of type '(req: AuthRequest, res: Response, next: NextFunction) => Promise<Response<any, Record<string, any>> | undefined>' is not assignable to parameter of type 'RequestHandlerParams<ParamsDictionary, any, any, ParsedQs, Record<string, any>>'.
      Type '(req: AuthRequest, res: Response, next: NextFunction) => Promise<Response<any, Record<string, any>> | undefined>' is not assignable to type 'RequestHandler<ParamsDictionary, any, any, ParsedQs, Record<string, any>>'.
        Types of parameters 'req' and 'req' are incompatible.
          Type 'Request<ParamsDictionary, any, any, ParsedQs, Record<string, any>>' is not assignable to type 'AuthRequest'.
            Types of property 'user' are incompatible.
              Type '{ id: string; email: string; role: string; name?: string | undefined; permissions?: string[] | undefined; } | undefined' is not assignable to type '{ id: string; email: string; role: string; permissions: any; } | undefined'.
                Type '{ id: string; email: string; role: string; name?: string | undefined; permissions?: string[] | undefined; }' is not assignable to type '{ id: string; email: string; role: string; permissions: any; }'.
                  Property 'permissions' is optional in type '{ id: string; email: string; role: string; name?: string | undefined; permissions?: string[] | undefined; }' but required in type '{ id: string; email: string; role: string; permissions: any; }'.
server/src/routes/tasks.ts(573,3): error TS2769: No overload matches this call.
  The last overload gave the following error.
    Argument of type '(req: AuthRequest, res: Response, next: NextFunction) => Promise<Response<any, Record<string, any>> | undefined>' is not assignable to parameter of type 'RequestHandlerParams<ParamsDictionary, any, any, ParsedQs, Record<string, any>>'.
      Type '(req: AuthRequest, res: Response, next: NextFunction) => Promise<Response<any, Record<string, any>> | undefined>' is not assignable to type 'RequestHandler<ParamsDictionary, any, any, ParsedQs, Record<string, any>>'.
        Types of parameters 'req' and 'req' are incompatible.
          Type 'Request<ParamsDictionary, any, any, ParsedQs, Record<string, any>>' is not assignable to type 'AuthRequest'.
            Types of property 'user' are incompatible.
              Type '{ id: string; email: string; role: string; name?: string | undefined; permissions?: string[] | undefined; } | undefined' is not assignable to type '{ id: string; email: string; role: string; permissions: any; } | undefined'.
                Type '{ id: string; email: string; role: string; name?: string | undefined; permissions?: string[] | undefined; }' is not assignable to type '{ id: string; email: string; role: string; permissions: any; }'.
                  Property 'permissions' is optional in type '{ id: string; email: string; role: string; name?: string | undefined; permissions?: string[] | undefined; }' but required in type '{ id: string; email: string; role: string; permissions: any; }'.
server/src/routes/tasks.ts(592,3): error TS2769: No overload matches this call.
  The last overload gave the following error.
    Argument of type '(req: AuthRequest, res: Response, next: NextFunction) => Promise<Response<any, Record<string, any>> | undefined>' is not assignable to parameter of type 'RequestHandlerParams<ParamsDictionary, any, any, ParsedQs, Record<string, any>>'.
      Type '(req: AuthRequest, res: Response, next: NextFunction) => Promise<Response<any, Record<string, any>> | undefined>' is not assignable to type 'RequestHandler<ParamsDictionary, any, any, ParsedQs, Record<string, any>>'.
        Types of parameters 'req' and 'req' are incompatible.
          Type 'Request<ParamsDictionary, any, any, ParsedQs, Record<string, any>>' is not assignable to type 'AuthRequest'.
            Types of property 'user' are incompatible.
              Type '{ id: string; email: string; role: string; name?: string | undefined; permissions?: string[] | undefined; } | undefined' is not assignable to type '{ id: string; email: string; role: string; permissions: any; } | undefined'.
                Type '{ id: string; email: string; role: string; name?: string | undefined; permissions?: string[] | undefined; }' is not assignable to type '{ id: string; email: string; role: string; permissions: any; }'.
                  Property 'permissions' is optional in type '{ id: string; email: string; role: string; name?: string | undefined; permissions?: string[] | undefined; }' but required in type '{ id: string; email: string; role: string; permissions: any; }'.
server/src/routes/tasks.ts(627,3): error TS2769: No overload matches this call.
  The last overload gave the following error.
    Argument of type '(req: AuthRequest, res: Response, next: NextFunction) => Promise<Response<any, Record<string, any>> | undefined>' is not assignable to parameter of type 'RequestHandlerParams<ParamsDictionary, any, any, ParsedQs, Record<string, any>>'.
      Type '(req: AuthRequest, res: Response, next: NextFunction) => Promise<Response<any, Record<string, any>> | undefined>' is not assignable to type 'RequestHandler<ParamsDictionary, any, any, ParsedQs, Record<string, any>>'.
        Types of parameters 'req' and 'req' are incompatible.
          Type 'Request<ParamsDictionary, any, any, ParsedQs, Record<string, any>>' is not assignable to type 'AuthRequest'.
            Types of property 'user' are incompatible.
              Type '{ id: string; email: string; role: string; name?: string | undefined; permissions?: string[] | undefined; } | undefined' is not assignable to type '{ id: string; email: string; role: string; permissions: any; } | undefined'.
                Type '{ id: string; email: string; role: string; name?: string | undefined; permissions?: string[] | undefined; }' is not assignable to type '{ id: string; email: string; role: string; permissions: any; }'.
                  Property 'permissions' is optional in type '{ id: string; email: string; role: string; name?: string | undefined; permissions?: string[] | undefined; }' but required in type '{ id: string; email: string; role: string; permissions: any; }'.
server/src/routes/tasks.ts(658,3): error TS2769: No overload matches this call.
  The last overload gave the following error.
    Argument of type '(req: AuthRequest, res: Response, next: NextFunction) => Promise<Response<any, Record<string, any>> | undefined>' is not assignable to parameter of type 'RequestHandlerParams<ParamsDictionary, any, any, ParsedQs, Record<string, any>>'.
      Type '(req: AuthRequest, res: Response, next: NextFunction) => Promise<Response<any, Record<string, any>> | undefined>' is not assignable to type 'RequestHandler<ParamsDictionary, any, any, ParsedQs, Record<string, any>>'.
        Types of parameters 'req' and 'req' are incompatible.
          Type 'Request<ParamsDictionary, any, any, ParsedQs, Record<string, any>>' is not assignable to type 'AuthRequest'.
            Types of property 'user' are incompatible.
              Type '{ id: string; email: string; role: string; name?: string | undefined; permissions?: string[] | undefined; } | undefined' is not assignable to type '{ id: string; email: string; role: string; permissions: any; } | undefined'.
                Type '{ id: string; email: string; role: string; name?: string | undefined; permissions?: string[] | undefined; }' is not assignable to type '{ id: string; email: string; role: string; permissions: any; }'.
                  Property 'permissions' is optional in type '{ id: string; email: string; role: string; name?: string | undefined; permissions?: string[] | undefined; }' but required in type '{ id: string; email: string; role: string; permissions: any; }'.
server/src/routes/tasks.ts(706,3): error TS2769: No overload matches this call.
  The last overload gave the following error.
    Argument of type '(req: AuthRequest, res: Response, next: NextFunction) => Promise<Response<any, Record<string, any>> | undefined>' is not assignable to parameter of type 'RequestHandlerParams<ParamsDictionary, any, any, ParsedQs, Record<string, any>>'.
      Type '(req: AuthRequest, res: Response, next: NextFunction) => Promise<Response<any, Record<string, any>> | undefined>' is not assignable to type 'RequestHandler<ParamsDictionary, any, any, ParsedQs, Record<string, any>>'.
        Types of parameters 'req' and 'req' are incompatible.
          Type 'Request<ParamsDictionary, any, any, ParsedQs, Record<string, any>>' is not assignable to type 'AuthRequest'.
            Types of property 'user' are incompatible.
              Type '{ id: string; email: string; role: string; name?: string | undefined; permissions?: string[] | undefined; } | undefined' is not assignable to type '{ id: string; email: string; role: string; permissions: any; } | undefined'.
                Type '{ id: string; email: string; role: string; name?: string | undefined; permissions?: string[] | undefined; }' is not assignable to type '{ id: string; email: string; role: string; permissions: any; }'.
                  Property 'permissions' is optional in type '{ id: string; email: string; role: string; name?: string | undefined; permissions?: string[] | undefined; }' but required in type '{ id: string; email: string; role: string; permissions: any; }'.
server/src/routes/tasks.ts(730,3): error TS2769: No overload matches this call.
  The last overload gave the following error.
    Argument of type '(req: AuthRequest, res: Response, next: NextFunction) => Promise<Response<any, Record<string, any>> | undefined>' is not assignable to parameter of type 'RequestHandlerParams<ParamsDictionary, any, any, ParsedQs, Record<string, any>>'.
      Type '(req: AuthRequest, res: Response, next: NextFunction) => Promise<Response<any, Record<string, any>> | undefined>' is not assignable to type 'RequestHandler<ParamsDictionary, any, any, ParsedQs, Record<string, any>>'.
        Types of parameters 'req' and 'req' are incompatible.
          Type 'Request<ParamsDictionary, any, any, ParsedQs, Record<string, any>>' is not assignable to type 'AuthRequest'.
            Types of property 'user' are incompatible.
              Type '{ id: string; email: string; role: string; name?: string | undefined; permissions?: string[] | undefined; } | undefined' is not assignable to type '{ id: string; email: string; role: string; permissions: any; } | undefined'.
                Type '{ id: string; email: string; role: string; name?: string | undefined; permissions?: string[] | undefined; }' is not assignable to type '{ id: string; email: string; role: string; permissions: any; }'.
                  Property 'permissions' is optional in type '{ id: string; email: string; role: string; name?: string | undefined; permissions?: string[] | undefined; }' but required in type '{ id: string; email: string; role: string; permissions: any; }'.
server/src/routes/tasks.ts(766,3): error TS2769: No overload matches this call.
  The last overload gave the following error.
    Argument of type '(req: AuthRequest, res: Response, next: NextFunction) => Promise<Response<any, Record<string, any>> | undefined>' is not assignable to parameter of type 'RequestHandlerParams<ParamsDictionary, any, any, ParsedQs, Record<string, any>>'.
      Type '(req: AuthRequest, res: Response, next: NextFunction) => Promise<Response<any, Record<string, any>> | undefined>' is not assignable to type 'RequestHandler<ParamsDictionary, any, any, ParsedQs, Record<string, any>>'.
        Types of parameters 'req' and 'req' are incompatible.
          Type 'Request<ParamsDictionary, any, any, ParsedQs, Record<string, any>>' is not assignable to type 'AuthRequest'.
            Types of property 'user' are incompatible.
              Type '{ id: string; email: string; role: string; name?: string | undefined; permissions?: string[] | undefined; } | undefined' is not assignable to type '{ id: string; email: string; role: string; permissions: any; } | undefined'.
                Type '{ id: string; email: string; role: string; name?: string | undefined; permissions?: string[] | undefined; }' is not assignable to type '{ id: string; email: string; role: string; permissions: any; }'.
                  Property 'permissions' is optional in type '{ id: string; email: string; role: string; name?: string | undefined; permissions?: string[] | undefined; }' but required in type '{ id: string; email: string; role: string; permissions: any; }'.
server/src/routes/tasks.ts(790,3): error TS2769: No overload matches this call.
  The last overload gave the following error.
    Argument of type '(req: AuthRequest, res: Response, next: NextFunction) => Promise<Response<any, Record<string, any>> | undefined>' is not assignable to parameter of type 'RequestHandlerParams<ParamsDictionary, any, any, ParsedQs, Record<string, any>>'.
      Type '(req: AuthRequest, res: Response, next: NextFunction) => Promise<Response<any, Record<string, any>> | undefined>' is not assignable to type 'RequestHandler<ParamsDictionary, any, any, ParsedQs, Record<string, any>>'.
        Types of parameters 'req' and 'req' are incompatible.
          Type 'Request<ParamsDictionary, any, any, ParsedQs, Record<string, any>>' is not assignable to type 'AuthRequest'.
            Types of property 'user' are incompatible.
              Type '{ id: string; email: string; role: string; name?: string | undefined; permissions?: string[] | undefined; } | undefined' is not assignable to type '{ id: string; email: string; role: string; permissions: any; } | undefined'.
                Type '{ id: string; email: string; role: string; name?: string | undefined; permissions?: string[] | undefined; }' is not assignable to type '{ id: string; email: string; role: string; permissions: any; }'.
                  Property 'permissions' is optional in type '{ id: string; email: string; role: string; name?: string | undefined; permissions?: string[] | undefined; }' but required in type '{ id: string; email: string; role: string; permissions: any; }'.
server/src/routes/tasks.ts(814,3): error TS2769: No overload matches this call.
  The last overload gave the following error.
    Argument of type '(req: AuthRequest, res: Response, next: NextFunction) => Promise<Response<any, Record<string, any>> | undefined>' is not assignable to parameter of type 'RequestHandlerParams<ParamsDictionary, any, any, ParsedQs, Record<string, any>>'.
      Type '(req: AuthRequest, res: Response, next: NextFunction) => Promise<Response<any, Record<string, any>> | undefined>' is not assignable to type 'RequestHandler<ParamsDictionary, any, any, ParsedQs, Record<string, any>>'.
        Types of parameters 'req' and 'req' are incompatible.
          Type 'Request<ParamsDictionary, any, any, ParsedQs, Record<string, any>>' is not assignable to type 'AuthRequest'.
            Types of property 'user' are incompatible.
              Type '{ id: string; email: string; role: string; name?: string | undefined; permissions?: string[] | undefined; } | undefined' is not assignable to type '{ id: string; email: string; role: string; permissions: any; } | undefined'.
                Type '{ id: string; email: string; role: string; name?: string | undefined; permissions?: string[] | undefined; }' is not assignable to type '{ id: string; email: string; role: string; permissions: any; }'.
                  Property 'permissions' is optional in type '{ id: string; email: string; role: string; name?: string | undefined; permissions?: string[] | undefined; }' but required in type '{ id: string; email: string; role: string; permissions: any; }'.
server/src/routes/teamAgreementsRoutes.ts(129,3): error TS2769: No overload matches this call.
  The last overload gave the following error.
    Argument of type '(req: AuthRequest, res: Response, next: NextFunction) => Promise<Response<any, Record<string, any>> | undefined>' is not assignable to parameter of type 'RequestHandlerParams<ParamsDictionary, any, any, ParsedQs, Record<string, any>>'.
      Type '(req: AuthRequest, res: Response, next: NextFunction) => Promise<Response<any, Record<string, any>> | undefined>' is not assignable to type 'RequestHandler<ParamsDictionary, any, any, ParsedQs, Record<string, any>>'.
        Types of parameters 'req' and 'req' are incompatible.
          Type 'Request<ParamsDictionary, any, any, ParsedQs, Record<string, any>>' is not assignable to type 'AuthRequest'.
            Types of property 'user' are incompatible.
              Type '{ id: string; email: string; role: string; name?: string | undefined; permissions?: string[] | undefined; } | undefined' is not assignable to type '{ id: string; email: string; role: string; permissions: any; } | undefined'.
                Type '{ id: string; email: string; role: string; name?: string | undefined; permissions?: string[] | undefined; }' is not assignable to type '{ id: string; email: string; role: string; permissions: any; }'.
                  Property 'permissions' is optional in type '{ id: string; email: string; role: string; name?: string | undefined; permissions?: string[] | undefined; }' but required in type '{ id: string; email: string; role: string; permissions: any; }'.
server/src/routes/teamAgreementsRoutes.ts(181,3): error TS2769: No overload matches this call.
  The last overload gave the following error.
    Argument of type '(req: AuthRequest, res: Response, next: NextFunction) => Promise<Response<any, Record<string, any>> | undefined>' is not assignable to parameter of type 'RequestHandlerParams<ParamsDictionary, any, any, ParsedQs, Record<string, any>>'.
      Type '(req: AuthRequest, res: Response, next: NextFunction) => Promise<Response<any, Record<string, any>> | undefined>' is not assignable to type 'RequestHandler<ParamsDictionary, any, any, ParsedQs, Record<string, any>>'.
        Types of parameters 'req' and 'req' are incompatible.
          Type 'Request<ParamsDictionary, any, any, ParsedQs, Record<string, any>>' is not assignable to type 'AuthRequest'.
            Types of property 'user' are incompatible.
              Type '{ id: string; email: string; role: string; name?: string | undefined; permissions?: string[] | undefined; } | undefined' is not assignable to type '{ id: string; email: string; role: string; permissions: any; } | undefined'.
                Type '{ id: string; email: string; role: string; name?: string | undefined; permissions?: string[] | undefined; }' is not assignable to type '{ id: string; email: string; role: string; permissions: any; }'.
                  Property 'permissions' is optional in type '{ id: string; email: string; role: string; name?: string | undefined; permissions?: string[] | undefined; }' but required in type '{ id: string; email: string; role: string; permissions: any; }'.
server/src/routes/teamAgreementsRoutes.ts(204,17): error TS2769: No overload matches this call.
  Overload 1 of 3, '(msg: string, ...args: any[]): void', gave the following error.
    Argument of type 'unknown' is not assignable to parameter of type 'string'.
  Overload 2 of 3, '(obj: object, msg?: string | undefined, ...args: any[]): void', gave the following error.
    Argument of type 'unknown' is not assignable to parameter of type 'object'.
  Overload 3 of 3, '(msg: string, obj: object, ...args: any[]): void', gave the following error.
    Argument of type 'unknown' is not assignable to parameter of type 'string'.
server/src/routes/teamAgreementsRoutes.ts(219,3): error TS2769: No overload matches this call.
  The last overload gave the following error.
    Argument of type '(req: AuthRequest, res: Response, next: NextFunction) => Promise<Response<any, Record<string, any>> | undefined>' is not assignable to parameter of type 'RequestHandlerParams<ParamsDictionary, any, any, ParsedQs, Record<string, any>>'.
      Type '(req: AuthRequest, res: Response, next: NextFunction) => Promise<Response<any, Record<string, any>> | undefined>' is not assignable to type 'RequestHandler<ParamsDictionary, any, any, ParsedQs, Record<string, any>>'.
        Types of parameters 'req' and 'req' are incompatible.
          Type 'Request<ParamsDictionary, any, any, ParsedQs, Record<string, any>>' is not assignable to type 'AuthRequest'.
            Types of property 'user' are incompatible.
              Type '{ id: string; email: string; role: string; name?: string | undefined; permissions?: string[] | undefined; } | undefined' is not assignable to type '{ id: string; email: string; role: string; permissions: any; } | undefined'.
                Type '{ id: string; email: string; role: string; name?: string | undefined; permissions?: string[] | undefined; }' is not assignable to type '{ id: string; email: string; role: string; permissions: any; }'.
                  Property 'permissions' is optional in type '{ id: string; email: string; role: string; name?: string | undefined; permissions?: string[] | undefined; }' but required in type '{ id: string; email: string; role: string; permissions: any; }'.
server/src/routes/teamAgreementsRoutes.ts(260,17): error TS2769: No overload matches this call.
  Overload 1 of 3, '(msg: string, ...args: any[]): void', gave the following error.
    Argument of type 'unknown' is not assignable to parameter of type 'string'.
  Overload 2 of 3, '(obj: object, msg?: string | undefined, ...args: any[]): void', gave the following error.
    Argument of type 'unknown' is not assignable to parameter of type 'object'.
  Overload 3 of 3, '(msg: string, obj: object, ...args: any[]): void', gave the following error.
    Argument of type 'unknown' is not assignable to parameter of type 'string'.
server/src/routes/teamAgreementsRoutes.ts(276,3): error TS2769: No overload matches this call.
  The last overload gave the following error.
    Argument of type '(req: AuthRequest, res: Response, next: NextFunction) => Promise<Response<any, Record<string, any>> | undefined>' is not assignable to parameter of type 'RequestHandlerParams<ParamsDictionary, any, any, ParsedQs, Record<string, any>>'.
      Type '(req: AuthRequest, res: Response, next: NextFunction) => Promise<Response<any, Record<string, any>> | undefined>' is not assignable to type 'RequestHandler<ParamsDictionary, any, any, ParsedQs, Record<string, any>>'.
        Types of parameters 'req' and 'req' are incompatible.
          Type 'Request<ParamsDictionary, any, any, ParsedQs, Record<string, any>>' is not assignable to type 'AuthRequest'.
            Types of property 'user' are incompatible.
              Type '{ id: string; email: string; role: string; name?: string | undefined; permissions?: string[] | undefined; } | undefined' is not assignable to type '{ id: string; email: string; role: string; permissions: any; } | undefined'.
                Type '{ id: string; email: string; role: string; name?: string | undefined; permissions?: string[] | undefined; }' is not assignable to type '{ id: string; email: string; role: string; permissions: any; }'.
                  Property 'permissions' is optional in type '{ id: string; email: string; role: string; name?: string | undefined; permissions?: string[] | undefined; }' but required in type '{ id: string; email: string; role: string; permissions: any; }'.
server/src/routes/teamAgreementsRoutes.ts(308,17): error TS2769: No overload matches this call.
  Overload 1 of 3, '(msg: string, ...args: any[]): void', gave the following error.
    Argument of type 'unknown' is not assignable to parameter of type 'string'.
  Overload 2 of 3, '(obj: object, msg?: string | undefined, ...args: any[]): void', gave the following error.
    Argument of type 'unknown' is not assignable to parameter of type 'object'.
  Overload 3 of 3, '(msg: string, obj: object, ...args: any[]): void', gave the following error.
    Argument of type 'unknown' is not assignable to parameter of type 'string'.
server/src/routes/teamAgreementsRoutes.ts(324,3): error TS2769: No overload matches this call.
  The last overload gave the following error.
    Argument of type '(req: AuthRequest, res: Response, next: NextFunction) => Promise<Response<any, Record<string, any>> | undefined>' is not assignable to parameter of type 'RequestHandlerParams<ParamsDictionary, any, any, ParsedQs, Record<string, any>>'.
      Type '(req: AuthRequest, res: Response, next: NextFunction) => Promise<Response<any, Record<string, any>> | undefined>' is not assignable to type 'RequestHandler<ParamsDictionary, any, any, ParsedQs, Record<string, any>>'.
        Types of parameters 'req' and 'req' are incompatible.
          Type 'Request<ParamsDictionary, any, any, ParsedQs, Record<string, any>>' is not assignable to type 'AuthRequest'.
            Types of property 'user' are incompatible.
              Type '{ id: string; email: string; role: string; name?: string | undefined; permissions?: string[] | undefined; } | undefined' is not assignable to type '{ id: string; email: string; role: string; permissions: any; } | undefined'.
                Type '{ id: string; email: string; role: string; name?: string | undefined; permissions?: string[] | undefined; }' is not assignable to type '{ id: string; email: string; role: string; permissions: any; }'.
                  Property 'permissions' is optional in type '{ id: string; email: string; role: string; name?: string | undefined; permissions?: string[] | undefined; }' but required in type '{ id: string; email: string; role: string; permissions: any; }'.
server/src/routes/teamAgreementsRoutes.ts(355,17): error TS2769: No overload matches this call.
  Overload 1 of 3, '(msg: string, ...args: any[]): void', gave the following error.
    Argument of type 'unknown' is not assignable to parameter of type 'string'.
  Overload 2 of 3, '(obj: object, msg?: string | undefined, ...args: any[]): void', gave the following error.
    Argument of type 'unknown' is not assignable to parameter of type 'object'.
  Overload 3 of 3, '(msg: string, obj: object, ...args: any[]): void', gave the following error.
    Argument of type 'unknown' is not assignable to parameter of type 'string'.
server/src/routes/teamAgreementsRoutes.ts(371,3): error TS2769: No overload matches this call.
  The last overload gave the following error.
    Argument of type '(req: AuthRequest, res: Response, next: NextFunction) => Promise<Response<any, Record<string, any>> | undefined>' is not assignable to parameter of type 'RequestHandlerParams<ParamsDictionary, any, any, ParsedQs, Record<string, any>>'.
      Type '(req: AuthRequest, res: Response, next: NextFunction) => Promise<Response<any, Record<string, any>> | undefined>' is not assignable to type 'RequestHandler<ParamsDictionary, any, any, ParsedQs, Record<string, any>>'.
        Types of parameters 'req' and 'req' are incompatible.
          Type 'Request<ParamsDictionary, any, any, ParsedQs, Record<string, any>>' is not assignable to type 'AuthRequest'.
            Types of property 'user' are incompatible.
              Type '{ id: string; email: string; role: string; name?: string | undefined; permissions?: string[] | undefined; } | undefined' is not assignable to type '{ id: string; email: string; role: string; permissions: any; } | undefined'.
                Type '{ id: string; email: string; role: string; name?: string | undefined; permissions?: string[] | undefined; }' is not assignable to type '{ id: string; email: string; role: string; permissions: any; }'.
                  Property 'permissions' is optional in type '{ id: string; email: string; role: string; name?: string | undefined; permissions?: string[] | undefined; }' but required in type '{ id: string; email: string; role: string; permissions: any; }'.
server/src/routes/teamAgreementsRoutes.ts(417,17): error TS2769: No overload matches this call.
  Overload 1 of 3, '(msg: string, ...args: any[]): void', gave the following error.
    Argument of type 'unknown' is not assignable to parameter of type 'string'.
  Overload 2 of 3, '(obj: object, msg?: string | undefined, ...args: any[]): void', gave the following error.
    Argument of type 'unknown' is not assignable to parameter of type 'object'.
  Overload 3 of 3, '(msg: string, obj: object, ...args: any[]): void', gave the following error.
    Argument of type 'unknown' is not assignable to parameter of type 'string'.
server/src/routes/teamAgreementsRoutes.ts(433,3): error TS2769: No overload matches this call.
  The last overload gave the following error.
    Argument of type '(req: AuthRequest, res: Response, next: NextFunction) => Promise<Response<any, Record<string, any>> | undefined>' is not assignable to parameter of type 'RequestHandlerParams<ParamsDictionary, any, any, ParsedQs, Record<string, any>>'.
      Type '(req: AuthRequest, res: Response, next: NextFunction) => Promise<Response<any, Record<string, any>> | undefined>' is not assignable to type 'RequestHandler<ParamsDictionary, any, any, ParsedQs, Record<string, any>>'.
        Types of parameters 'req' and 'req' are incompatible.
          Type 'Request<ParamsDictionary, any, any, ParsedQs, Record<string, any>>' is not assignable to type 'AuthRequest'.
            Types of property 'user' are incompatible.
              Type '{ id: string; email: string; role: string; name?: string | undefined; permissions?: string[] | undefined; } | undefined' is not assignable to type '{ id: string; email: string; role: string; permissions: any; } | undefined'.
                Type '{ id: string; email: string; role: string; name?: string | undefined; permissions?: string[] | undefined; }' is not assignable to type '{ id: string; email: string; role: string; permissions: any; }'.
                  Property 'permissions' is optional in type '{ id: string; email: string; role: string; name?: string | undefined; permissions?: string[] | undefined; }' but required in type '{ id: string; email: string; role: string; permissions: any; }'.
server/src/routes/teamAgreementsRoutes.ts(459,17): error TS2769: No overload matches this call.
  Overload 1 of 3, '(msg: string, ...args: any[]): void', gave the following error.
    Argument of type 'unknown' is not assignable to parameter of type 'string'.
  Overload 2 of 3, '(obj: object, msg?: string | undefined, ...args: any[]): void', gave the following error.
    Argument of type 'unknown' is not assignable to parameter of type 'object'.
  Overload 3 of 3, '(msg: string, obj: object, ...args: any[]): void', gave the following error.
    Argument of type 'unknown' is not assignable to parameter of type 'string'.
server/src/routes/teamAgreementsRoutes.ts(474,3): error TS2769: No overload matches this call.
  The last overload gave the following error.
    Argument of type '(req: AuthRequest, res: Response, next: NextFunction) => Promise<Response<any, Record<string, any>> | undefined>' is not assignable to parameter of type 'RequestHandlerParams<ParamsDictionary, any, any, ParsedQs, Record<string, any>>'.
      Type '(req: AuthRequest, res: Response, next: NextFunction) => Promise<Response<any, Record<string, any>> | undefined>' is not assignable to type 'RequestHandler<ParamsDictionary, any, any, ParsedQs, Record<string, any>>'.
        Types of parameters 'req' and 'req' are incompatible.
          Type 'Request<ParamsDictionary, any, any, ParsedQs, Record<string, any>>' is not assignable to type 'AuthRequest'.
            Types of property 'user' are incompatible.
              Type '{ id: string; email: string; role: string; name?: string | undefined; permissions?: string[] | undefined; } | undefined' is not assignable to type '{ id: string; email: string; role: string; permissions: any; } | undefined'.
                Type '{ id: string; email: string; role: string; name?: string | undefined; permissions?: string[] | undefined; }' is not assignable to type '{ id: string; email: string; role: string; permissions: any; }'.
                  Property 'permissions' is optional in type '{ id: string; email: string; role: string; name?: string | undefined; permissions?: string[] | undefined; }' but required in type '{ id: string; email: string; role: string; permissions: any; }'.
server/src/routes/teamAgreementsRoutes.ts(506,17): error TS2769: No overload matches this call.
  Overload 1 of 3, '(msg: string, ...args: any[]): void', gave the following error.
    Argument of type 'unknown' is not assignable to parameter of type 'string'.
  Overload 2 of 3, '(obj: object, msg?: string | undefined, ...args: any[]): void', gave the following error.
    Argument of type 'unknown' is not assignable to parameter of type 'object'.
  Overload 3 of 3, '(msg: string, obj: object, ...args: any[]): void', gave the following error.
    Argument of type 'unknown' is not assignable to parameter of type 'string'.
server/src/routes/templates-minimal.ts(9,17): error TS2769: No overload matches this call.
  The last overload gave the following error.
    Argument of type '(req: AuthRequest, res: Response, next: NextFunction) => Promise<Response<any, Record<string, any>> | undefined>' is not assignable to parameter of type 'RequestHandlerParams<ParamsDictionary, any, any, ParsedQs, Record<string, any>>'.
      Type '(req: AuthRequest, res: Response, next: NextFunction) => Promise<Response<any, Record<string, any>> | undefined>' is not assignable to type 'RequestHandler<ParamsDictionary, any, any, ParsedQs, Record<string, any>>'.
        Types of parameters 'req' and 'req' are incompatible.
          Type 'Request<ParamsDictionary, any, any, ParsedQs, Record<string, any>>' is not assignable to type 'AuthRequest'.
            Types of property 'user' are incompatible.
              Type '{ id: string; email: string; role: string; name?: string | undefined; permissions?: string[] | undefined; } | undefined' is not assignable to type '{ id: string; email: string; role: string; permissions: any; } | undefined'.
                Type '{ id: string; email: string; role: string; name?: string | undefined; permissions?: string[] | undefined; }' is not assignable to type '{ id: string; email: string; role: string; permissions: any; }'.
                  Property 'permissions' is optional in type '{ id: string; email: string; role: string; name?: string | undefined; permissions?: string[] | undefined; }' but required in type '{ id: string; email: string; role: string; permissions: any; }'.
server/src/routes/templates-minimal.ts(34,15): error TS2769: No overload matches this call.
  Overload 1 of 3, '(msg: string, ...args: any[]): void', gave the following error.
    Argument of type 'unknown' is not assignable to parameter of type 'string'.
  Overload 2 of 3, '(obj: object, msg?: string | undefined, ...args: any[]): void', gave the following error.
    Argument of type 'unknown' is not assignable to parameter of type 'object'.
  Overload 3 of 3, '(msg: string, obj: object, ...args: any[]): void', gave the following error.
    Argument of type 'unknown' is not assignable to parameter of type 'string'.
server/src/routes/templates-minimal.ts(35,69): error TS18046: 'error' is of type 'unknown'.
server/src/routes/templates-minimal.ts(40,20): error TS2769: No overload matches this call.
  The last overload gave the following error.
    Argument of type '(req: AuthRequest, res: Response, next: NextFunction) => Promise<Response<any, Record<string, any>> | undefined>' is not assignable to parameter of type 'RequestHandlerParams<ParamsDictionary, any, any, ParsedQs, Record<string, any>>'.
      Type '(req: AuthRequest, res: Response, next: NextFunction) => Promise<Response<any, Record<string, any>> | undefined>' is not assignable to type 'RequestHandler<ParamsDictionary, any, any, ParsedQs, Record<string, any>>'.
        Types of parameters 'req' and 'req' are incompatible.
          Type 'Request<ParamsDictionary, any, any, ParsedQs, Record<string, any>>' is not assignable to type 'AuthRequest'.
            Types of property 'user' are incompatible.
              Type '{ id: string; email: string; role: string; name?: string | undefined; permissions?: string[] | undefined; } | undefined' is not assignable to type '{ id: string; email: string; role: string; permissions: any; } | undefined'.
                Type '{ id: string; email: string; role: string; name?: string | undefined; permissions?: string[] | undefined; }' is not assignable to type '{ id: string; email: string; role: string; permissions: any; }'.
                  Property 'permissions' is optional in type '{ id: string; email: string; role: string; name?: string | undefined; permissions?: string[] | undefined; }' but required in type '{ id: string; email: string; role: string; permissions: any; }'.
server/src/routes/templates-minimal.ts(58,15): error TS2769: No overload matches this call.
  Overload 1 of 3, '(msg: string, ...args: any[]): void', gave the following error.
    Argument of type 'unknown' is not assignable to parameter of type 'string'.
  Overload 2 of 3, '(obj: object, msg?: string | undefined, ...args: any[]): void', gave the following error.
    Argument of type 'unknown' is not assignable to parameter of type 'object'.
  Overload 3 of 3, '(msg: string, obj: object, ...args: any[]): void', gave the following error.
    Argument of type 'unknown' is not assignable to parameter of type 'string'.
server/src/routes/templates-minimal.ts(59,69): error TS18046: 'error' is of type 'unknown'.
server/src/routes/templates-simple.ts(9,17): error TS2769: No overload matches this call.
  The last overload gave the following error.
    Argument of type '(req: AuthRequest, res: Response, next: NextFunction) => Promise<Response<any, Record<string, any>> | undefined>' is not assignable to parameter of type 'RequestHandlerParams<ParamsDictionary, any, any, ParsedQs, Record<string, any>>'.
      Type '(req: AuthRequest, res: Response, next: NextFunction) => Promise<Response<any, Record<string, any>> | undefined>' is not assignable to type 'RequestHandler<ParamsDictionary, any, any, ParsedQs, Record<string, any>>'.
        Types of parameters 'req' and 'req' are incompatible.
          Type 'Request<ParamsDictionary, any, any, ParsedQs, Record<string, any>>' is not assignable to type 'AuthRequest'.
            Types of property 'user' are incompatible.
              Type '{ id: string; email: string; role: string; name?: string | undefined; permissions?: string[] | undefined; } | undefined' is not assignable to type '{ id: string; email: string; role: string; permissions: any; } | undefined'.
                Type '{ id: string; email: string; role: string; name?: string | undefined; permissions?: string[] | undefined; }' is not assignable to type '{ id: string; email: string; role: string; permissions: any; }'.
                  Property 'permissions' is optional in type '{ id: string; email: string; role: string; name?: string | undefined; permissions?: string[] | undefined; }' but required in type '{ id: string; email: string; role: string; permissions: any; }'.
server/src/routes/templates-simple.ts(31,15): error TS2769: No overload matches this call.
  Overload 1 of 3, '(msg: string, ...args: any[]): void', gave the following error.
    Argument of type 'unknown' is not assignable to parameter of type 'string'.
  Overload 2 of 3, '(obj: object, msg?: string | undefined, ...args: any[]): void', gave the following error.
    Argument of type 'unknown' is not assignable to parameter of type 'object'.
  Overload 3 of 3, '(msg: string, obj: object, ...args: any[]): void', gave the following error.
    Argument of type 'unknown' is not assignable to parameter of type 'string'.
server/src/routes/templates-simple.ts(37,20): error TS2769: No overload matches this call.
  The last overload gave the following error.
    Argument of type '(req: AuthRequest, res: Response, next: NextFunction) => Promise<Response<any, Record<string, any>> | undefined>' is not assignable to parameter of type 'RequestHandlerParams<ParamsDictionary, any, any, ParsedQs, Record<string, any>>'.
      Type '(req: AuthRequest, res: Response, next: NextFunction) => Promise<Response<any, Record<string, any>> | undefined>' is not assignable to type 'RequestHandler<ParamsDictionary, any, any, ParsedQs, Record<string, any>>'.
        Types of parameters 'req' and 'req' are incompatible.
          Type 'Request<ParamsDictionary, any, any, ParsedQs, Record<string, any>>' is not assignable to type 'AuthRequest'.
            Types of property 'user' are incompatible.
              Type '{ id: string; email: string; role: string; name?: string | undefined; permissions?: string[] | undefined; } | undefined' is not assignable to type '{ id: string; email: string; role: string; permissions: any; } | undefined'.
                Type '{ id: string; email: string; role: string; name?: string | undefined; permissions?: string[] | undefined; }' is not assignable to type '{ id: string; email: string; role: string; permissions: any; }'.
                  Property 'permissions' is optional in type '{ id: string; email: string; role: string; name?: string | undefined; permissions?: string[] | undefined; }' but required in type '{ id: string; email: string; role: string; permissions: any; }'.
server/src/routes/templates-simple.ts(53,15): error TS2769: No overload matches this call.
  Overload 1 of 3, '(msg: string, ...args: any[]): void', gave the following error.
    Argument of type 'unknown' is not assignable to parameter of type 'string'.
  Overload 2 of 3, '(obj: object, msg?: string | undefined, ...args: any[]): void', gave the following error.
    Argument of type 'unknown' is not assignable to parameter of type 'object'.
  Overload 3 of 3, '(msg: string, obj: object, ...args: any[]): void', gave the following error.
    Argument of type 'unknown' is not assignable to parameter of type 'string'.
server/src/routes/uxDocumentationRoutes.ts(20,3): error TS2769: No overload matches this call.
  The last overload gave the following error.
    Argument of type '(req: AuthRequest, res: Response, next: NextFunction) => Promise<Response<any, Record<string, any>> | undefined>' is not assignable to parameter of type 'RequestHandlerParams<ParamsDictionary, any, any, ParsedQs, Record<string, any>>'.
      Type '(req: AuthRequest, res: Response, next: NextFunction) => Promise<Response<any, Record<string, any>> | undefined>' is not assignable to type 'RequestHandler<ParamsDictionary, any, any, ParsedQs, Record<string, any>>'.
        Types of parameters 'req' and 'req' are incompatible.
          Type 'Request<ParamsDictionary, any, any, ParsedQs, Record<string, any>>' is not assignable to type 'AuthRequest'.
            Types of property 'user' are incompatible.
              Type '{ id: string; email: string; role: string; name?: string | undefined; permissions?: string[] | undefined; } | undefined' is not assignable to type '{ id: string; email: string; role: string; permissions: any; } | undefined'.
                Type '{ id: string; email: string; role: string; name?: string | undefined; permissions?: string[] | undefined; }' is not assignable to type '{ id: string; email: string; role: string; permissions: any; }'.
                  Property 'permissions' is optional in type '{ id: string; email: string; role: string; name?: string | undefined; permissions?: string[] | undefined; }' but required in type '{ id: string; email: string; role: string; permissions: any; }'.
server/src/routes/uxDocumentationRoutes.ts(76,23): error TS2769: No overload matches this call.
  Overload 1 of 3, '(msg: string, ...args: any[]): void', gave the following error.
    Argument of type 'unknown' is not assignable to parameter of type 'string'.
  Overload 2 of 3, '(obj: object, msg?: string | undefined, ...args: any[]): void', gave the following error.
    Argument of type 'unknown' is not assignable to parameter of type 'object'.
  Overload 3 of 3, '(msg: string, obj: object, ...args: any[]): void', gave the following error.
    Argument of type 'unknown' is not assignable to parameter of type 'string'.
server/src/routes/uxDocumentationRoutes.ts(102,3): error TS2769: No overload matches this call.
  The last overload gave the following error.
    Argument of type '(req: AuthRequest, res: Response, next: NextFunction) => Promise<Response<any, Record<string, any>> | undefined>' is not assignable to parameter of type 'RequestHandlerParams<ParamsDictionary, any, any, ParsedQs, Record<string, any>>'.
      Type '(req: AuthRequest, res: Response, next: NextFunction) => Promise<Response<any, Record<string, any>> | undefined>' is not assignable to type 'RequestHandler<ParamsDictionary, any, any, ParsedQs, Record<string, any>>'.
        Types of parameters 'req' and 'req' are incompatible.
          Type 'Request<ParamsDictionary, any, any, ParsedQs, Record<string, any>>' is not assignable to type 'AuthRequest'.
            Types of property 'user' are incompatible.
              Type '{ id: string; email: string; role: string; name?: string | undefined; permissions?: string[] | undefined; } | undefined' is not assignable to type '{ id: string; email: string; role: string; permissions: any; } | undefined'.
                Type '{ id: string; email: string; role: string; name?: string | undefined; permissions?: string[] | undefined; }' is not assignable to type '{ id: string; email: string; role: string; permissions: any; }'.
                  Property 'permissions' is optional in type '{ id: string; email: string; role: string; name?: string | undefined; permissions?: string[] | undefined; }' but required in type '{ id: string; email: string; role: string; permissions: any; }'.
server/src/routes/uxDocumentationRoutes.ts(140,3): error TS2769: No overload matches this call.
  The last overload gave the following error.
    Argument of type '(req: AuthRequest, res: Response, next: NextFunction) => Promise<Response<any, Record<string, any>> | undefined>' is not assignable to parameter of type 'RequestHandlerParams<ParamsDictionary, any, any, ParsedQs, Record<string, any>>'.
      Type '(req: AuthRequest, res: Response, next: NextFunction) => Promise<Response<any, Record<string, any>> | undefined>' is not assignable to type 'RequestHandler<ParamsDictionary, any, any, ParsedQs, Record<string, any>>'.
        Types of parameters 'req' and 'req' are incompatible.
          Type 'Request<ParamsDictionary, any, any, ParsedQs, Record<string, any>>' is not assignable to type 'AuthRequest'.
            Types of property 'user' are incompatible.
              Type '{ id: string; email: string; role: string; name?: string | undefined; permissions?: string[] | undefined; } | undefined' is not assignable to type '{ id: string; email: string; role: string; permissions: any; } | undefined'.
                Type '{ id: string; email: string; role: string; name?: string | undefined; permissions?: string[] | undefined; }' is not assignable to type '{ id: string; email: string; role: string; permissions: any; }'.
                  Property 'permissions' is optional in type '{ id: string; email: string; role: string; name?: string | undefined; permissions?: string[] | undefined; }' but required in type '{ id: string; email: string; role: string; permissions: any; }'.
server/src/scripts/generate-golden-files.ts(80,34): error TS2345: Argument of type 'ExtractionResult<WorkItem> | ExtractionResult<CapacityPlan>' is not assignable to parameter of type 'ExtractionResult<WorkItem>'.
  Type 'ExtractionResult<CapacityPlan>' is not assignable to type 'ExtractionResult<WorkItem>'.
    Property 'name' is missing in type 'CapacityPlan' but required in type 'WorkItem'.
server/src/scripts/test-context-orchestrator.ts(79,91): error TS18046: 'error' is of type 'unknown'.
server/src/server.ts(475,29): error TS2769: No overload matches this call.
  Overload 1 of 3, '(msg: string, ...args: any[]): void', gave the following error.
    Argument of type 'unknown' is not assignable to parameter of type 'string'.
  Overload 2 of 3, '(obj: object, msg?: string | undefined, ...args: any[]): void', gave the following error.
    Argument of type 'unknown' is not assignable to parameter of type 'object'.
  Overload 3 of 3, '(msg: string, obj: object, ...args: any[]): void', gave the following error.
    Argument of type 'unknown' is not assignable to parameter of type 'string'.
server/src/server.ts(512,24): error TS2769: No overload matches this call.
  Overload 1 of 3, '(msg: string, ...args: any[]): void', gave the following error.
    Argument of type 'unknown' is not assignable to parameter of type 'string'.
  Overload 2 of 3, '(obj: object, msg?: string | undefined, ...args: any[]): void', gave the following error.
    Argument of type 'unknown' is not assignable to parameter of type 'object'.
  Overload 3 of 3, '(msg: string, obj: object, ...args: any[]): void', gave the following error.
    Argument of type 'unknown' is not assignable to parameter of type 'string'.
server/src/server.ts(522,20): error TS2769: No overload matches this call.
  Overload 1 of 3, '(msg: string, ...args: any[]): void', gave the following error.
    Argument of type 'unknown' is not assignable to parameter of type 'string'.
  Overload 2 of 3, '(obj: object, msg?: string | undefined, ...args: any[]): void', gave the following error.
    Argument of type 'unknown' is not assignable to parameter of type 'object'.
  Overload 3 of 3, '(msg: string, obj: object, ...args: any[]): void', gave the following error.
    Argument of type 'unknown' is not assignable to parameter of type 'string'.
server/src/services/aiService.ts(369,14): error TS18048: 'result' is possibly 'undefined'.
server/src/services/aiService.ts(902,29): error TS2345: Argument of type 'string | undefined' is not assignable to parameter of type 'DeepSeekChatModelId'.
  Type 'undefined' is not assignable to type 'DeepSeekChatModelId'.
server/src/services/aiService.ts(911,17): error TS2322: Type 'string | undefined' is not assignable to type 'string'.
  Type 'undefined' is not assignable to type 'string'.
server/src/services/aiService.ts(930,54): error TS2345: Argument of type 'string | undefined' is not assignable to parameter of type 'string'.
  Type 'undefined' is not assignable to type 'string'.
server/src/services/aiService.ts(961,13): error TS2322: Type 'string | undefined' is not assignable to type 'string'.
  Type 'undefined' is not assignable to type 'string'.
server/src/services/aiService.ts(990,13): error TS2769: No overload matches this call.
  Overload 1 of 3, '(body: ChatCompletionCreateParamsNonStreaming, options?: RequestOptions | undefined): APIPromise<ChatCompletion>', gave the following error.
    Type 'string | undefined' is not assignable to type '(string & {}) | ChatModel'.
      Type 'undefined' is not assignable to type '(string & {}) | ChatModel'.
  Overload 2 of 3, '(body: ChatCompletionCreateParamsStreaming, options?: RequestOptions | undefined): APIPromise<Stream<ChatCompletionChunk>>', gave the following error.
    Type 'string | undefined' is not assignable to type '(string & {}) | ChatModel'.
      Type 'undefined' is not assignable to type '(string & {}) | ChatModel'.
  Overload 3 of 3, '(body: ChatCompletionCreateParamsBase, options?: RequestOptions | undefined): APIPromise<ChatCompletion | Stream<...>>', gave the following error.
    Type 'string | undefined' is not assignable to type '(string & {}) | ChatModel'.
      Type 'undefined' is not assignable to type '(string & {}) | ChatModel'.
server/src/services/aiService.ts(1012,54): error TS2345: Argument of type 'string | undefined' is not assignable to parameter of type 'string'.
  Type 'undefined' is not assignable to type 'string'.
server/src/services/aiService.ts(1043,13): error TS2322: Type 'string | undefined' is not assignable to type 'string'.
  Type 'undefined' is not assignable to type 'string'.
server/src/services/aiService.ts(1065,24): error TS2345: Argument of type 'string | undefined' is not assignable to parameter of type 'XaiChatModelId'.
  Type 'undefined' is not assignable to type 'XaiChatModelId'.
server/src/services/aiService.ts(1074,17): error TS2322: Type 'string | undefined' is not assignable to type 'string'.
  Type 'undefined' is not assignable to type 'string'.
server/src/services/aiService.ts(1092,54): error TS2345: Argument of type 'string | undefined' is not assignable to parameter of type 'string'.
  Type 'undefined' is not assignable to type 'string'.
server/src/services/aiService.ts(1123,13): error TS2322: Type 'string | undefined' is not assignable to type 'string'.
  Type 'undefined' is not assignable to type 'string'.
server/src/services/aiService.ts(1306,7): error TS2322: Type 'string | null' is not assignable to type 'string | undefined'.
  Type 'null' is not assignable to type 'string | undefined'.
server/src/services/aiService.ts(1522,28): error TS2345: Argument of type 'string | undefined' is not assignable to parameter of type 'MistralChatModelId'.
  Type 'undefined' is not assignable to type 'MistralChatModelId'.
server/src/services/aiService.ts(1531,17): error TS2322: Type 'string | undefined' is not assignable to type 'string'.
  Type 'undefined' is not assignable to type 'string'.
server/src/services/aiService.ts(1550,54): error TS2345: Argument of type 'string | undefined' is not assignable to parameter of type 'string'.
  Type 'undefined' is not assignable to type 'string'.
server/src/services/aiService.ts(1574,13): error TS2322: Type 'string | undefined' is not assignable to type 'string'.
  Type 'undefined' is not assignable to type 'string'.
server/src/services/aiService.ts(1607,29): error TS2345: Argument of type 'string | undefined' is not assignable to parameter of type 'OpenAIResponsesModelId'.
  Type 'undefined' is not assignable to type 'OpenAIResponsesModelId'.
server/src/services/aiService.ts(1616,17): error TS2322: Type 'string | undefined' is not assignable to type 'string'.
  Type 'undefined' is not assignable to type 'string'.
server/src/services/aiService.ts(1635,54): error TS2345: Argument of type 'string | undefined' is not assignable to parameter of type 'string'.
  Type 'undefined' is not assignable to type 'string'.
server/src/services/aiService.ts(1659,13): error TS2322: Type 'string | undefined' is not assignable to type 'string'.
  Type 'undefined' is not assignable to type 'string'.
server/src/services/aiService.ts(1692,29): error TS2345: Argument of type 'string | undefined' is not assignable to parameter of type 'OpenAIResponsesModelId'.
  Type 'undefined' is not assignable to type 'OpenAIResponsesModelId'.
server/src/services/aiService.ts(1701,17): error TS2322: Type 'string | undefined' is not assignable to type 'string'.
  Type 'undefined' is not assignable to type 'string'.
server/src/services/aiService.ts(1720,54): error TS2345: Argument of type 'string | undefined' is not assignable to parameter of type 'string'.
  Type 'undefined' is not assignable to type 'string'.
server/src/services/aiService.ts(1742,13): error TS2322: Type 'string | undefined' is not assignable to type 'string'.
  Type 'undefined' is not assignable to type 'string'.
server/src/services/aiService.ts(2018,25): error TS2345: Argument of type 'string | undefined' is not assignable to parameter of type 'OpenAIResponsesModelId'.
  Type 'undefined' is not assignable to type 'OpenAIResponsesModelId'.
server/src/services/aiService.ts(2027,17): error TS2322: Type 'string | undefined' is not assignable to type 'string'.
  Type 'undefined' is not assignable to type 'string'.
server/src/services/aiService.ts(2048,15): error TS2345: Argument of type 'string | undefined' is not assignable to parameter of type 'string'.
  Type 'undefined' is not assignable to type 'string'.
server/src/services/aiService.ts(2079,13): error TS2322: Type 'string | undefined' is not assignable to type 'string'.
  Type 'undefined' is not assignable to type 'string'.
server/src/services/aiService.ts(2301,34): error TS18048: 'result' is possibly 'undefined'.
server/src/services/aiService.ts(2304,30): error TS18048: 'result' is possibly 'undefined'.
server/src/services/aiService.ts(2429,11): error TS18048: 'providerResult' is possibly 'undefined'.
server/src/services/aiService.ts(2434,24): error TS18048: 'providerResult' is possibly 'undefined'.
server/src/services/aiService.ts(2442,9): error TS2322: Type 'null' is not assignable to type 'string | undefined'.
server/src/services/aiService.ts(2451,9): error TS2322: Type 'null' is not assignable to type 'string | undefined'.
server/src/services/aiService.ts(2452,9): error TS2322: Type 'null' is not assignable to type 'number | undefined'.
server/src/services/aiService.ts(2453,9): error TS2322: Type 'string | null' is not assignable to type 'string | undefined'.
  Type 'null' is not assignable to type 'string | undefined'.
server/src/services/aiService.ts(2454,9): error TS2322: Type 'string | null' is not assignable to type 'string | undefined'.
  Type 'null' is not assignable to type 'string | undefined'.
server/src/services/aiService.ts(2455,9): error TS2322: Type 'string | null' is not assignable to type 'string | undefined'.
  Type 'null' is not assignable to type 'string | undefined'.
server/src/services/aiService.ts(2504,11): error TS18048: 'result' is possibly 'undefined'.
server/src/services/aiService.ts(2509,24): error TS18048: 'result' is possibly 'undefined'.
server/src/services/assessmentReportService.ts(358,40): error TS2683: 'this' implicitly has type 'any' because it does not have a type annotation.
server/src/services/assessmentReportService.ts(358,64): error TS2683: 'this' implicitly has type 'any' because it does not have a type annotation.
server/src/services/competenciesManagementService.ts(231,12): error TS18047: 'result.rowCount' is possibly 'null'.
server/src/services/competenciesManagementService.ts(431,12): error TS18047: 'result.rowCount' is possibly 'null'.
server/src/services/competenciesManagementService.ts(451,12): error TS18047: 'result.rowCount' is possibly 'null'.
server/src/services/confluenceService.ts(158,48): error TS18046: 'error' is of type 'unknown'.
server/src/services/confluenceService.ts(158,81): error TS18046: 'error' is of type 'unknown'.
server/src/services/confluenceService.ts(176,47): error TS18046: 'error' is of type 'unknown'.
server/src/services/confluenceService.ts(176,80): error TS18046: 'error' is of type 'unknown'.
server/src/services/confluenceService.ts(208,47): error TS18046: 'error' is of type 'unknown'.
server/src/services/confluenceService.ts(208,80): error TS18046: 'error' is of type 'unknown'.
server/src/services/confluenceService.ts(226,46): error TS18046: 'error' is of type 'unknown'.
server/src/services/confluenceService.ts(226,79): error TS18046: 'error' is of type 'unknown'.
server/src/services/confluenceService.ts(262,49): error TS18046: 'error' is of type 'unknown'.
server/src/services/confluenceService.ts(262,82): error TS18046: 'error' is of type 'unknown'.
server/src/services/confluenceService.ts(295,49): error TS18046: 'error' is of type 'unknown'.
server/src/services/confluenceService.ts(295,82): error TS18046: 'error' is of type 'unknown'.
server/src/services/confluenceService.ts(307,49): error TS18046: 'error' is of type 'unknown'.
server/src/services/confluenceService.ts(307,82): error TS18046: 'error' is of type 'unknown'.
server/src/services/confluenceService.ts(343,52): error TS18046: 'error' is of type 'unknown'.
server/src/services/confluenceService.ts(343,85): error TS18046: 'error' is of type 'unknown'.
server/src/services/confluenceService.ts(356,46): error TS18046: 'error' is of type 'unknown'.
server/src/services/confluenceService.ts(356,79): error TS18046: 'error' is of type 'unknown'.
server/src/services/confluenceService.ts(505,48): error TS1501: This regular expression flag is only available when targeting 'es2018' or later.
server/src/services/connectors/azureDigitalTwinsConnector.ts(333,9): error TS2322: Type 'Date | undefined' is not assignable to type 'Date'.
  Type 'undefined' is not assignable to type 'Date'.
server/src/services/connectors/genericRestConnector.ts(325,9): error TS2322: Type 'Date | undefined' is not assignable to type 'Date'.
  Type 'undefined' is not assignable to type 'Date'.
server/src/services/connectors/iTwinConnector.ts(344,9): error TS2322: Type 'Date | undefined' is not assignable to type 'Date'.
  Type 'undefined' is not assignable to type 'Date'.
server/src/services/contentStructuringService.ts(167,52): error TS2488: Type 'string[] | undefined' must have a '[Symbol.iterator]()' method that returns an iterator.
server/src/services/contextInjectionEngine.ts(112,32): error TS2307: Cannot find module '@root-types/adpa' or its corresponding type declarations.
server/src/services/contextInjectionEngine.ts(429,16): error TS18046: 'error' is of type 'unknown'.
server/src/services/contextInjectionEngine.ts(430,16): error TS18046: 'error' is of type 'unknown'.
server/src/services/documentConversionService.ts(15,29): error TS7016: Could not find a declaration file for module 'turndown'. 'D:/Source/adpa/node_modules/.pnpm/turndown@7.2.2/node_modules/turndown/lib/turndown.cjs.js' implicitly has an 'any' type.
  Try `npm i --save-dev @types/turndown` if it exists or add a new declaration (.d.ts) file containing `declare module 'turndown';`
server/src/services/documentFormatService.ts(77,16): error TS18046: 'error' is of type 'unknown'.
server/src/services/documentFormatService.ts(103,16): error TS18046: 'error' is of type 'unknown'.
server/src/services/documentFormatService.ts(123,18): error TS18046: 'error' is of type 'unknown'.
server/src/services/documentFormatService.ts(169,16): error TS18046: 'error' is of type 'unknown'.
server/src/services/documentFormatService.ts(196,16): error TS18046: 'error' is of type 'unknown'.
server/src/services/documentFormatService.ts(326,16): error TS18046: 'error' is of type 'unknown'.
server/src/services/documentGenerationService.ts(19,32): error TS2307: Cannot find module '@root-types/adpa' or its corresponding type declarations.
server/src/services/documentGenerationService.ts(109,60): error TS7006: Parameter 'sectionTask' implicitly has an 'any' type.
server/src/services/documentGenerationService.ts(109,73): error TS7006: Parameter 'index' implicitly has an 'any' type.
server/src/services/documentGenerationService.ts(273,43): error TS7006: Parameter 'sh' implicitly has an 'any' type.
server/src/services/documentRefinementEngine.ts(313,16): error TS18046: 'error' is of type 'unknown'.
server/src/services/documentRefinementEngine.ts(314,16): error TS18046: 'error' is of type 'unknown'.
server/src/services/documentRefinementEngine.ts(425,18): error TS18046: 'error' is of type 'unknown'.
server/src/services/documentRefinementEngine.ts(1053,16): error TS18046: 'error' is of type 'unknown'.
server/src/services/documentUploadService.ts(634,7): error TS2322: Type 'number | null' is not assignable to type 'number | undefined'.
  Type 'null' is not assignable to type 'number | undefined'.
server/src/services/domainSpecificExtractionService.ts(174,48): error TS7006: Parameter 'l' implicitly has an 'any' type.
server/src/services/domainSpecificExtractionService.ts(174,51): error TS7006: Parameter 'i' implicitly has an 'any' type.
server/src/services/driftResolutionService.ts(388,52): error TS18048: 'drift.driftType' is possibly 'undefined'.
server/src/services/driftResolutionService.ts(442,42): error TS18048: 'd.driftType' is possibly 'undefined'.
server/src/services/driftResolutionService.ts(950,21): error TS18048: 'change.entityType' is possibly 'undefined'.
server/src/services/driftResolutionService.ts(950,57): error TS18048: 'change.driftType' is possibly 'undefined'.
server/src/services/enhancedEntityExtractionCoordinator.ts(279,48): error TS7006: Parameter 'entity' implicitly has an 'any' type.
server/src/services/escalationService.ts(822,11): error TS2345: Argument of type 'null' is not assignable to parameter of type 'string | undefined'.
server/src/services/extraction/appwrite/AppwritePersistence.ts(103,72): error TS18046: 'error' is of type 'unknown'.
server/src/services/extraction/appwrite/AppwritePersistence.ts(121,20): error TS18046: 'error' is of type 'unknown'.
server/src/services/extraction/appwrite/AppwritePersistence.ts(187,72): error TS18046: 'error' is of type 'unknown'.
server/src/services/extraction/appwrite/AppwritePersistence.ts(205,20): error TS18046: 'error' is of type 'unknown'.
server/src/services/extraction/appwrite/AppwritePersistence.ts(272,65): error TS18046: 'error' is of type 'unknown'.
server/src/services/extraction/appwrite/AppwritePersistence.ts(290,20): error TS18046: 'error' is of type 'unknown'.
server/src/services/extraction/batchPlanner.ts(189,5): error TS18047: 'currentBatch' is possibly 'null'.
server/src/services/extraction/batchPlanner.ts(190,5): error TS18047: 'currentBatch' is possibly 'null'.
server/src/services/extraction/batchPlanner.ts(192,7): error TS18047: 'currentBatch' is possibly 'null'.
server/src/services/extraction/entities/capacity_forecasts/index.ts(254,9): error TS2322: Type 'string | null' is not assignable to type 'string | undefined'.
  Type 'null' is not assignable to type 'string | undefined'.
server/src/services/extraction/entities/performance_measurements/savePerformanceMeasurements.ts(275,36): error TS2345: Argument of type '"improving" | "declining" | "stable" | null | undefined' is not assignable to parameter of type 'string | undefined'.
  Type 'null' is not assignable to type 'string | undefined'.
server/src/services/githubService.ts(187,52): error TS18046: 'error' is of type 'unknown'.
server/src/services/githubService.ts(187,85): error TS18046: 'error' is of type 'unknown'.
server/src/services/githubService.ts(200,51): error TS18046: 'error' is of type 'unknown'.
server/src/services/githubService.ts(200,84): error TS18046: 'error' is of type 'unknown'.
server/src/services/githubService.ts(219,50): error TS18046: 'error' is of type 'unknown'.
server/src/services/githubService.ts(219,83): error TS18046: 'error' is of type 'unknown'.
server/src/services/githubService.ts(242,9): error TS7053: Element implicitly has an 'any' type because expression of type '"sha"' can't be used to index type '{ message: string; content: string; branch: string; }'.
  Property 'sha' does not exist on type '{ message: string; content: string; branch: string; }'.
server/src/services/githubService.ts(252,56): error TS18046: 'error' is of type 'unknown'.
server/src/services/githubService.ts(252,89): error TS18046: 'error' is of type 'unknown'.
server/src/services/githubService.ts(268,56): error TS18046: 'error' is of type 'unknown'.
server/src/services/githubService.ts(268,89): error TS18046: 'error' is of type 'unknown'.
server/src/services/githubService.ts(289,57): error TS18046: 'error' is of type 'unknown'.
server/src/services/githubService.ts(289,90): error TS18046: 'error' is of type 'unknown'.
server/src/services/githubService.ts(305,49): error TS18046: 'error' is of type 'unknown'.
server/src/services/githubService.ts(305,82): error TS18046: 'error' is of type 'unknown'.
server/src/services/githubService.ts(320,47): error TS18046: 'error' is of type 'unknown'.
server/src/services/githubService.ts(320,80): error TS18046: 'error' is of type 'unknown'.
server/src/services/githubService.ts(345,50): error TS18046: 'error' is of type 'unknown'.
server/src/services/githubService.ts(345,83): error TS18046: 'error' is of type 'unknown'.
server/src/services/githubService.ts(361,56): error TS18046: 'error' is of type 'unknown'.
server/src/services/githubService.ts(361,89): error TS18046: 'error' is of type 'unknown'.
server/src/services/ibabsService.ts(170,7): error TS2322: Type 'IBabsTokens | null' is not assignable to type 'IBabsTokens'.
  Type 'null' is not assignable to type 'IBabsTokens'.
server/src/services/integrationPageService.ts(13,29): error TS7016: Could not find a declaration file for module 'turndown'. 'D:/Source/adpa/node_modules/.pnpm/turndown@7.2.2/node_modules/turndown/lib/turndown.cjs.js' implicitly has an 'any' type.
  Try `npm i --save-dev @types/turndown` if it exists or add a new declaration (.d.ts) file containing `declare module 'turndown';`
server/src/services/jiraService.ts(2,19): error TS7016: Could not find a declaration file for module 'node-fetch'. 'D:/Source/adpa/node_modules/.pnpm/node-fetch@2.7.0/node_modules/node-fetch/lib/index.js' implicitly has an 'any' type.
  Try `npm i --save-dev @types/node-fetch` if it exists or add a new declaration (.d.ts) file containing `declare module 'node-fetch';`
server/src/services/jobs/BaselineExtractionJobService.ts(124,9): error TS2345: Argument of type 'string | null | undefined' is not assignable to parameter of type 'string'.
  Type 'undefined' is not assignable to type 'string'.
server/src/services/jobs/BaselineExtractionJobService.ts(233,37): error TS2345: Argument of type '([type, entities]: [string, any[]]) => void' is not assignable to parameter of type '(value: [string, unknown], index: number, array: [string, unknown][]) => void'.
  Types of parameters '__0' and 'value' are incompatible.
    Type '[string, unknown]' is not assignable to type '[string, any[]]'.
      Type at position 1 in source is not compatible with type at position 1 in target.
        Type 'unknown' is not assignable to type 'any[]'.
server/src/services/jobs/dbGuards.ts(30,51): error TS18047: 'res.rowCount' is possibly 'null'.
server/src/services/jobs/ExtractionOrchestrationService.ts(632,9): error TS2322: Type 'string | null | undefined' is not assignable to type 'string | undefined'.
  Type 'null' is not assignable to type 'string | undefined'.
server/src/services/jobs/ExtractionOrchestrationService.ts(977,54): error TS2345: Argument of type 'undefined' is not assignable to parameter of type 'number'.
server/src/services/jobs/ExtractionOrchestrationService.ts(1074,26): error TS2769: No overload matches this call.
  Overload 1 of 2, '(timeout: string | number | Timeout | undefined): void', gave the following error.
    Argument of type 'Timeout | null' is not assignable to parameter of type 'string | number | Timeout | undefined'.
      Type 'null' is not assignable to type 'string | number | Timeout | undefined'.
  Overload 2 of 2, '(id: number | undefined): void', gave the following error.
    Argument of type 'Timeout | null' is not assignable to parameter of type 'number | undefined'.
      Type 'null' is not assignable to type 'number | undefined'.
server/src/services/jobs/ExtractionOrchestrationService.ts(1100,46): error TS2345: Argument of type 'undefined' is not assignable to parameter of type 'number'.
server/src/services/jobs/ExtractionOrchestrationService.ts(1296,32): error TS2345: Argument of type 'number' is not assignable to parameter of type 'string'.
server/src/services/jobs/ExtractionOrchestrationService.ts(1297,32): error TS2345: Argument of type 'number' is not assignable to parameter of type 'string'.
server/src/services/jobs/ExtractionOrchestrationService.ts(1298,25): error TS2345: Argument of type 'number' is not assignable to parameter of type 'string'.
server/src/services/jobs/ExtractionOrchestrationService.ts(1299,30): error TS2345: Argument of type 'number' is not assignable to parameter of type 'string'.
server/src/services/jobs/ExtractionOrchestrationService.ts(1300,31): error TS2345: Argument of type 'number' is not assignable to parameter of type 'string'.
server/src/services/jobs/ExtractionOrchestrationService.ts(1301,35): error TS2345: Argument of type 'number' is not assignable to parameter of type 'string'.
server/src/services/jobs/ExtractionOrchestrationService.ts(1302,33): error TS2345: Argument of type 'number' is not assignable to parameter of type 'string'.
server/src/services/jobs/ExtractionOrchestrationService.ts(1303,26): error TS2345: Argument of type 'number' is not assignable to parameter of type 'string'.
server/src/services/jobs/ExtractionOrchestrationService.ts(1304,29): error TS2345: Argument of type 'number' is not assignable to parameter of type 'string'.
server/src/services/jobs/ExtractionOrchestrationService.ts(1305,32): error TS2345: Argument of type 'number' is not assignable to parameter of type 'string'.
server/src/services/jobs/ExtractionOrchestrationService.ts(1306,36): error TS2345: Argument of type 'number' is not assignable to parameter of type 'string'.
server/src/services/jobs/ExtractionOrchestrationService.ts(1307,38): error TS2345: Argument of type 'number' is not assignable to parameter of type 'string'.
server/src/services/jobs/ExtractionOrchestrationService.ts(1308,32): error TS2345: Argument of type 'number' is not assignable to parameter of type 'string'.
server/src/services/jobs/ExtractionOrchestrationService.ts(1309,30): error TS2345: Argument of type 'number' is not assignable to parameter of type 'string'.
server/src/services/jobs/ExtractionOrchestrationService.ts(1310,30): error TS2345: Argument of type 'number' is not assignable to parameter of type 'string'.
server/src/services/jobs/ExtractionOrchestrationService.ts(1312,34): error TS2345: Argument of type 'number' is not assignable to parameter of type 'string'.
server/src/services/jobs/ExtractionOrchestrationService.ts(1313,41): error TS2345: Argument of type 'number' is not assignable to parameter of type 'string'.
server/src/services/jobs/ExtractionOrchestrationService.ts(1314,37): error TS2345: Argument of type 'number' is not assignable to parameter of type 'string'.
server/src/services/jobs/ExtractionOrchestrationService.ts(1315,29): error TS2345: Argument of type 'number' is not assignable to parameter of type 'string'.
server/src/services/jobs/ExtractionOrchestrationService.ts(1316,33): error TS2345: Argument of type 'number' is not assignable to parameter of type 'string'.
server/src/services/jobs/ExtractionOrchestrationService.ts(1317,43): error TS2345: Argument of type 'number' is not assignable to parameter of type 'string'.
server/src/services/jobs/ExtractionOrchestrationService.ts(1318,38): error TS2345: Argument of type 'number' is not assignable to parameter of type 'string'.
server/src/services/jobs/ExtractionOrchestrationService.ts(1319,33): error TS2345: Argument of type 'number' is not assignable to parameter of type 'string'.
server/src/services/jobs/ExtractionOrchestrationService.ts(1320,33): error TS2345: Argument of type 'number' is not assignable to parameter of type 'string'.
server/src/services/jobs/ExtractionOrchestrationService.ts(1321,38): error TS2345: Argument of type 'number' is not assignable to parameter of type 'string'.
server/src/services/jobs/ExtractionOrchestrationService.ts(1324,39): error TS2345: Argument of type 'number' is not assignable to parameter of type 'string'.
server/src/services/jobs/ExtractionOrchestrationService.ts(1325,37): error TS2345: Argument of type 'number' is not assignable to parameter of type 'string'.
server/src/services/jobs/ExtractionOrchestrationService.ts(1326,38): error TS2345: Argument of type 'number' is not assignable to parameter of type 'string'.
server/src/services/jobs/ExtractionOrchestrationService.ts(1327,39): error TS2345: Argument of type 'number' is not assignable to parameter of type 'string'.
server/src/services/jobs/ExtractionOrchestrationService.ts(1328,36): error TS2345: Argument of type 'number' is not assignable to parameter of type 'string'.
server/src/services/jobs/ExtractionOrchestrationService.ts(1330,34): error TS2345: Argument of type 'number' is not assignable to parameter of type 'string'.
server/src/services/jobs/ExtractionOrchestrationService.ts(1331,28): error TS2345: Argument of type 'number' is not assignable to parameter of type 'string'.
server/src/services/jobs/ExtractionOrchestrationService.ts(1332,39): error TS2345: Argument of type 'number' is not assignable to parameter of type 'string'.
server/src/services/jobs/ExtractionOrchestrationService.ts(1333,44): error TS2345: Argument of type 'number' is not assignable to parameter of type 'string'.
server/src/services/jobs/ExtractionOrchestrationService.ts(1334,37): error TS2345: Argument of type 'number' is not assignable to parameter of type 'string'.
server/src/services/jobs/ExtractionOrchestrationService.ts(1336,37): error TS2345: Argument of type 'number' is not assignable to parameter of type 'string'.
server/src/services/jobs/ExtractionOrchestrationService.ts(1337,38): error TS2345: Argument of type 'number' is not assignable to parameter of type 'string'.
server/src/services/jobs/ExtractionOrchestrationService.ts(1338,42): error TS2345: Argument of type 'number' is not assignable to parameter of type 'string'.
server/src/services/jobs/ExtractionOrchestrationService.ts(1339,37): error TS2345: Argument of type 'number' is not assignable to parameter of type 'string'.
server/src/services/jobs/ExtractionOrchestrationService.ts(1340,37): error TS2345: Argument of type 'number' is not assignable to parameter of type 'string'.
server/src/services/jobs/ExtractionOrchestrationService.ts(1342,35): error TS2345: Argument of type 'number' is not assignable to parameter of type 'string'.
server/src/services/jobs/ExtractionOrchestrationService.ts(1343,31): error TS2345: Argument of type 'number' is not assignable to parameter of type 'string'.
server/src/services/jobs/ExtractionOrchestrationService.ts(1344,33): error TS2345: Argument of type 'number' is not assignable to parameter of type 'string'.
server/src/services/jobs/ExtractionOrchestrationService.ts(1345,35): error TS2345: Argument of type 'number' is not assignable to parameter of type 'string'.
server/src/services/jobs/ExtractionOrchestrationService.ts(1346,38): error TS2345: Argument of type 'number' is not assignable to parameter of type 'string'.
server/src/services/jobs/ExtractionOrchestrationService.ts(1347,36): error TS2345: Argument of type 'number' is not assignable to parameter of type 'string'.
server/src/services/jobs/ExtractionOrchestrationService.ts(1349,39): error TS2345: Argument of type 'number' is not assignable to parameter of type 'string'.
server/src/services/jobs/ExtractionOrchestrationService.ts(1350,32): error TS2345: Argument of type 'number' is not assignable to parameter of type 'string'.
server/src/services/jobs/ExtractionOrchestrationService.ts(1351,37): error TS2345: Argument of type 'number' is not assignable to parameter of type 'string'.
server/src/services/jobs/ExtractionOrchestrationService.ts(1352,38): error TS2345: Argument of type 'number' is not assignable to parameter of type 'string'.
server/src/services/jobs/ExtractionOrchestrationService.ts(1353,37): error TS2345: Argument of type 'number' is not assignable to parameter of type 'string'.
server/src/services/jobs/ExtractionOrchestrationService.ts(1354,41): error TS2345: Argument of type 'number' is not assignable to parameter of type 'string'.
server/src/services/jobs/ExtractionOrchestrationService.ts(1356,35): error TS2345: Argument of type 'number' is not assignable to parameter of type 'string'.
server/src/services/jobs/ExtractionOrchestrationService.ts(1357,37): error TS2345: Argument of type 'number' is not assignable to parameter of type 'string'.
server/src/services/jobs/ExtractionOrchestrationService.ts(1358,32): error TS2345: Argument of type 'number' is not assignable to parameter of type 'string'.
server/src/services/jobs/ExtractionOrchestrationService.ts(1359,31): error TS2345: Argument of type 'number' is not assignable to parameter of type 'string'.
server/src/services/jobs/ExtractionOrchestrationService.ts(1360,39): error TS2345: Argument of type 'number' is not assignable to parameter of type 'string'.
server/src/services/jobs/ExtractionOrchestrationService.ts(1361,31): error TS2345: Argument of type 'number' is not assignable to parameter of type 'string'.
server/src/services/jobs/ExtractionOrchestrationService.ts(1363,37): error TS2345: Argument of type 'number' is not assignable to parameter of type 'string'.
server/src/services/jobs/ExtractionOrchestrationService.ts(1364,37): error TS2345: Argument of type 'number' is not assignable to parameter of type 'string'.
server/src/services/jobs/ExtractionOrchestrationService.ts(1365,39): error TS2345: Argument of type 'number' is not assignable to parameter of type 'string'.
server/src/services/jobs/ExtractionOrchestrationService.ts(1366,37): error TS2345: Argument of type 'number' is not assignable to parameter of type 'string'.
server/src/services/jobs/ExtractionOrchestrationService.ts(1367,38): error TS2345: Argument of type 'number' is not assignable to parameter of type 'string'.
server/src/services/jobs/ExtractionOrchestrationService.ts(1368,28): error TS2345: Argument of type 'number' is not assignable to parameter of type 'string'.
server/src/services/jobs/ExtractionOrchestrationService.ts(1471,52): error TS7006: Parameter 'row' implicitly has an 'any' type.
server/src/services/jobs/PublishToConfluenceJobService.ts(89,16): error TS18046: 'error' is of type 'unknown'.
server/src/services/jobs/queue/QueueService.ts(239,9): error TS2322: Type 'string | null | undefined' is not assignable to type 'string | null'.
  Type 'undefined' is not assignable to type 'string | null'.
server/src/services/jobs/queue/QueueService.ts(263,9): error TS2322: Type 'string | undefined' is not assignable to type 'string | null'.
  Type 'undefined' is not assignable to type 'string | null'.
server/src/services/jobs/queue/QueueService.ts(359,93): error TS2345: Argument of type 'string | null' is not assignable to parameter of type 'string'.
  Type 'null' is not assignable to type 'string'.
server/src/services/jobs/queue/QueueService.ts(364,95): error TS2345: Argument of type 'string | null' is not assignable to parameter of type 'string'.
  Type 'null' is not assignable to type 'string'.
server/src/services/jobs/queue/QueueService.ts(369,95): error TS2345: Argument of type 'string | null' is not assignable to parameter of type 'string'.
  Type 'null' is not assignable to type 'string'.
server/src/services/jobs/queue/QueueServiceFactory.ts(53,77): error TS18046: 'error' is of type 'unknown'.
server/src/services/multiFormatOutputEngine.ts(385,16): error TS18046: 'error' is of type 'unknown'.
server/src/services/multiFormatOutputEngine.ts(386,16): error TS18046: 'error' is of type 'unknown'.
server/src/services/multiModelAIGenerationService.ts(236,16): error TS18046: 'error' is of type 'unknown'.
server/src/services/multiModelAIGenerationService.ts(237,16): error TS18046: 'error' is of type 'unknown'.
server/src/services/multiModelAIGenerationService.ts(311,18): error TS18046: 'error' is of type 'unknown'.
server/src/services/multiModelAIGenerationService.ts(362,18): error TS18046: 'error' is of type 'unknown'.
server/src/services/multiModelAIGenerationService.ts(374,22): error TS18046: 'fallbackError' is of type 'unknown'.
server/src/services/multiModelAIGenerationService.ts(432,16): error TS18046: 'error' is of type 'unknown'.
server/src/services/multiModelAIGenerationService.ts(459,18): error TS18046: 'error' is of type 'unknown'.
server/src/services/multiModelAIGenerationService.ts(722,16): error TS18046: 'error' is of type 'unknown'.
server/src/services/personalizationEngine.ts(562,16): error TS18046: 'error' is of type 'unknown'.
server/src/services/personalizationEngine.ts(563,16): error TS18046: 'error' is of type 'unknown'.
server/src/services/personalizationEngine.ts(659,28): error TS2345: Argument of type 'ContentAdaptationRule | null' is not assignable to parameter of type 'ContentAdaptationRule'.
  Type 'null' is not assignable to type 'ContentAdaptationRule'.
server/src/services/personalizationEngine.ts(663,28): error TS2345: Argument of type 'ContentAdaptationRule | null' is not assignable to parameter of type 'ContentAdaptationRule'.
  Type 'null' is not assignable to type 'ContentAdaptationRule'.
server/src/services/personalizationEngine.ts(668,28): error TS2345: Argument of type 'ContentAdaptationRule | null' is not assignable to parameter of type 'ContentAdaptationRule'.
  Type 'null' is not assignable to type 'ContentAdaptationRule'.
server/src/services/personalizationEngine.ts(673,28): error TS2345: Argument of type 'ContentAdaptationRule | null' is not assignable to parameter of type 'ContentAdaptationRule'.
  Type 'null' is not assignable to type 'ContentAdaptationRule'.
server/src/services/personalizationEngine.ts(702,18): error TS18046: 'error' is of type 'unknown'.
server/src/services/pineconeService.ts(387,21): error TS7053: Element implicitly has an 'any' type because expression of type '0' can't be used to index type 'EmbeddingsList'.
  Property '0' does not exist on type 'EmbeddingsList'.
server/src/services/pineconeService.ts(387,34): error TS7053: Element implicitly has an 'any' type because expression of type '0' can't be used to index type 'EmbeddingsList'.
  Property '0' does not exist on type 'EmbeddingsList'.
server/src/services/pineconeService.ts(388,16): error TS7053: Element implicitly has an 'any' type because expression of type '0' can't be used to index type 'EmbeddingsList'.
  Property '0' does not exist on type 'EmbeddingsList'.
server/src/services/pineconeService.ts(680,41): error TS7006: Parameter 'chunk' implicitly has an 'any' type.
server/src/services/pineconeService.ts(691,26): error TS7006: Parameter 'v' implicitly has an 'any' type.
server/src/services/positiveDriftChangeRequestService.ts(90,47): error TS18048: 'drift.description' is possibly 'undefined'.
server/src/services/positiveDriftChangeRequestService.ts(94,11): error TS2322: Type 'string | undefined' is not assignable to type 'string'.
  Type 'undefined' is not assignable to type 'string'.
server/src/services/positiveDriftChangeRequestService.ts(100,11): error TS18048: 'drift.description' is possibly 'undefined'.
server/src/services/positiveDriftChangeRequestService.ts(101,11): error TS18048: 'drift.description' is possibly 'undefined'.
server/src/services/positiveDriftChangeRequestService.ts(102,11): error TS18048: 'drift.description' is possibly 'undefined'.
server/src/services/positiveDriftChangeRequestService.ts(106,9): error TS2322: Type 'string | undefined' is not assignable to type 'string'.
  Type 'undefined' is not assignable to type 'string'.
server/src/services/positiveDriftChangeRequestService.ts(569,17): error TS18048: 'drift.entityType' is possibly 'undefined'.
server/src/services/positiveDriftChangeRequestService.ts(569,53): error TS18048: 'drift.driftType' is possibly 'undefined'.
server/src/services/processFlowService.ts(1489,46): error TS18046: 'error' is of type 'unknown'.
server/src/services/processFlowService.ts(1574,57): error TS18046: 'error' is of type 'unknown'.
server/src/services/processFlowService.ts(1936,61): error TS18046: 'error' is of type 'unknown'.
server/src/services/promptAssistantService.ts(478,53): error TS2345: Argument of type '"Clear and well-structured"' is not assignable to parameter of type 'never'.
server/src/services/promptAssistantService.ts(479,54): error TS2345: Argument of type '"Could be clearer or better structured"' is not assignable to parameter of type 'never'.
server/src/services/promptAssistantService.ts(481,57): error TS2345: Argument of type '"Very specific instructions"' is not assignable to parameter of type 'never'.
server/src/services/promptAssistantService.ts(482,58): error TS2345: Argument of type '"Instructions could be more specific"' is not assignable to parameter of type 'never'.
server/src/services/promptAssistantService.ts(484,62): error TS2345: Argument of type '"Strong focus on extraction"' is not assignable to parameter of type 'never'.
server/src/services/promptAssistantService.ts(486,31): error TS2345: Argument of type '"May generate instead of extract"' is not assignable to parameter of type 'never'.
server/src/services/promptAssistantService.ts(487,32): error TS2345: Argument of type '"Add extraction-focused language"' is not assignable to parameter of type 'never'.
server/src/services/promptAssistantService.ts(491,32): error TS2345: Argument of type '"Add DO NOT rules to prevent unwanted behavior"' is not assignable to parameter of type 'never'.
server/src/services/qualityAssessmentEngine.ts(456,16): error TS18046: 'error' is of type 'unknown'.
server/src/services/qualityAssessmentEngine.ts(457,16): error TS18046: 'error' is of type 'unknown'.
server/src/services/qualityAssessmentEngine.ts(1508,32): error TS2307: Cannot find module '@root-types/adpa' or its corresponding type declarations.
server/src/services/queueService.ts(277,20): error TS2769: No overload matches this call.
  Overload 1 of 3, '(msg: string, ...args: any[]): void', gave the following error.
    Argument of type 'unknown' is not assignable to parameter of type 'string'.
  Overload 2 of 3, '(obj: object, msg?: string | undefined, ...args: any[]): void', gave the following error.
    Argument of type 'unknown' is not assignable to parameter of type 'object'.
  Overload 3 of 3, '(msg: string, obj: object, ...args: any[]): void', gave the following error.
    Argument of type 'unknown' is not assignable to parameter of type 'string'.
server/src/services/queueService.ts(320,11): error TS18048: 'projectResult.rows.length' is possibly 'undefined'.
server/src/services/queueService.ts(321,23): error TS18047: 'projectResult' is possibly 'null'.
server/src/services/queueService.ts(453,18): error TS2769: No overload matches this call.
  Overload 1 of 3, '(msg: string, ...args: any[]): void', gave the following error.
    Argument of type 'unknown' is not assignable to parameter of type 'string'.
  Overload 2 of 3, '(obj: object, msg?: string | undefined, ...args: any[]): void', gave the following error.
    Argument of type 'unknown' is not assignable to parameter of type 'object'.
  Overload 3 of 3, '(msg: string, obj: object, ...args: any[]): void', gave the following error.
    Argument of type 'unknown' is not assignable to parameter of type 'string'.
server/src/services/queueService.ts(472,18): error TS2769: No overload matches this call.
  Overload 1 of 3, '(msg: string, ...args: any[]): void', gave the following error.
    Argument of type 'unknown' is not assignable to parameter of type 'string'.
  Overload 2 of 3, '(obj: object, msg?: string | undefined, ...args: any[]): void', gave the following error.
    Argument of type 'unknown' is not assignable to parameter of type 'object'.
  Overload 3 of 3, '(msg: string, obj: object, ...args: any[]): void', gave the following error.
    Argument of type 'unknown' is not assignable to parameter of type 'string'.
server/src/services/queueService.ts(496,18): error TS2769: No overload matches this call.
  Overload 1 of 3, '(msg: string, ...args: any[]): void', gave the following error.
    Argument of type 'unknown' is not assignable to parameter of type 'string'.
  Overload 2 of 3, '(obj: object, msg?: string | undefined, ...args: any[]): void', gave the following error.
    Argument of type 'unknown' is not assignable to parameter of type 'object'.
  Overload 3 of 3, '(msg: string, obj: object, ...args: any[]): void', gave the following error.
    Argument of type 'unknown' is not assignable to parameter of type 'string'.
server/src/services/queueService.ts(597,26): error TS2769: No overload matches this call.
  Overload 1 of 3, '(msg: string, ...args: any[]): void', gave the following error.
    Argument of type 'unknown' is not assignable to parameter of type 'string'.
  Overload 2 of 3, '(obj: object, msg?: string | undefined, ...args: any[]): void', gave the following error.
    Argument of type 'unknown' is not assignable to parameter of type 'object'.
  Overload 3 of 3, '(msg: string, obj: object, ...args: any[]): void', gave the following error.
    Argument of type 'unknown' is not assignable to parameter of type 'string'.
server/src/services/ragSyncService.ts(81,17): error TS2322: Type 'string | null' is not assignable to type 'string'.
  Type 'null' is not assignable to type 'string'.
server/src/services/ragSyncService.ts(90,13): error TS2322: Type 'string | null' is not assignable to type 'string'.
  Type 'null' is not assignable to type 'string'.
server/src/services/resourceCapacityService.ts(529,12): error TS18047: 'result.rowCount' is possibly 'null'.
server/src/services/resourceCapacityService.ts(760,12): error TS18047: 'result.rowCount' is possibly 'null'.
server/src/services/resourceCapacityService.ts(1049,12): error TS18047: 'result.rowCount' is possibly 'null'.
server/src/services/reviewSchedulingService.ts(131,9): error TS2322: Type 'ReviewSchedule | null' is not assignable to type 'ReviewSchedule'.
  Type 'null' is not assignable to type 'ReviewSchedule'.
server/src/services/searchService.ts(765,63): error TS2345: Argument of type 'string | undefined' is not assignable to parameter of type 'string'.
  Type 'undefined' is not assignable to type 'string'.
server/src/services/searchService.ts(1101,31): error TS18047: 'queryEmbedding' is possibly 'null'.
server/src/services/sharepointService.ts(71,68): error TS18046: 'error' is of type 'unknown'.
server/src/services/sharepointService.ts(179,52): error TS18046: 'error' is of type 'unknown'.
server/src/services/sharepointService.ts(189,26): error TS18046: 'error' is of type 'unknown'.
server/src/services/sharepointService.ts(225,56): error TS18046: 'error' is of type 'unknown'.
server/src/services/sharepointService.ts(265,54): error TS18046: 'error' is of type 'unknown'.
server/src/services/skillsManagementService.ts(245,12): error TS18047: 'result.rowCount' is possibly 'null'.
server/src/services/skillsManagementService.ts(531,12): error TS18047: 'result.rowCount' is possibly 'null'.
server/src/services/skillsManagementService.ts(551,12): error TS18047: 'result.rowCount' is possibly 'null'.
server/src/services/stakeholderService.ts(90,12): error TS18047: 'result.rowCount' is possibly 'null'.
server/src/services/stakeholderService.ts(384,12): error TS18047: 'result.rowCount' is possibly 'null'.
server/src/services/stakeholderService.ts(411,12): error TS18047: 'result.rowCount' is possibly 'null'.
server/src/services/taskManagementService.ts(978,12): error TS18047: 'result.rowCount' is possibly 'null'.
server/src/services/templateImprovementService.ts(493,24): error TS18048: 'issue.count' is possibly 'undefined'.
server/src/services/templateImprovementService.ts(494,23): error TS18048: 'b.count' is possibly 'undefined'.
server/src/services/templateImprovementService.ts(494,33): error TS18048: 'a.count' is possibly 'undefined'.
server/src/services/templateOptimizationService.ts(668,47): error TS7006: Parameter 'block' implicitly has an 'any' type.
server/src/services/templateOptimizationService.ts(702,36): error TS7006: Parameter 'block' implicitly has an 'any' type.
server/src/services/unifiedAIService.ts(253,13): error TS2322: Type 'string | undefined' is not assignable to type 'AttributeValue'.
  Type 'undefined' is not assignable to type 'AttributeValue'.
server/src/services/unifiedAIService.ts(382,13): error TS2322: Type 'string | undefined' is not assignable to type 'AttributeValue'.
  Type 'undefined' is not assignable to type 'AttributeValue'.
server/src/services/unifiedAIService.ts(617,13): error TS2322: Type 'string | undefined' is not assignable to type 'AttributeValue'.
  Type 'undefined' is not assignable to type 'AttributeValue'.
server/src/services/urlContentFetcherService.ts(11,29): error TS7016: Could not find a declaration file for module 'turndown'. 'D:/Source/adpa/node_modules/.pnpm/turndown@7.2.2/node_modules/turndown/lib/turndown.cjs.js' implicitly has an 'any' type.
  Try `npm i --save-dev @types/turndown` if it exists or add a new declaration (.d.ts) file containing `declare module 'turndown';`
server/src/services/urlContentFetcherService.ts(27,17): error TS7006: Parameter 'content' implicitly has an 'any' type.
server/src/startup/dependencies/__tests__/validateConfig.test.ts(25,17): error TS2540: Cannot assign to 'NODE_ENV' because it is a read-only property.
server/src/startup/dependencies/__tests__/validateConfig.test.ts(33,17): error TS2540: Cannot assign to 'NODE_ENV' because it is a read-only property.
server/src/startup/dependencies/__tests__/validateConfig.test.ts(40,17): error TS2540: Cannot assign to 'NODE_ENV' because it is a read-only property.
server/src/startup/dependencies/__tests__/validateConfig.test.ts(47,17): error TS2540: Cannot assign to 'NODE_ENV' because it is a read-only property.
server/src/tests/e2e/global-setup.ts(21,17): error TS2540: Cannot assign to 'NODE_ENV' because it is a read-only property.
server/src/tests/e2e/performance.test.ts(50,40): error TS2339: Property 'total_processing_time' does not exist on type 'ProcessingMetrics'.
server/src/tests/e2e/performance.test.ts(66,40): error TS2339: Property 'total_processing_time' does not exist on type 'ProcessingMetrics'.
server/src/tests/e2e/performance.test.ts(82,40): error TS2339: Property 'total_processing_time' does not exist on type 'ProcessingMetrics'.
server/src/tests/e2e/performance.test.ts(169,59): error TS2339: Property 'processing_time' does not exist on type 'StageResult'.
server/src/tests/e2e/performance.test.ts(188,7): error TS18048: 'highQualityRequest.quality_config' is possibly 'undefined'.
server/src/tests/e2e/performance.test.ts(188,41): error TS2339: Property 'minimum_quality_score' does not exist on type 'QualityConfig'.
server/src/tests/e2e/performance.test.ts(189,7): error TS18048: 'highQualityRequest.quality_config' is possibly 'undefined'.
server/src/tests/e2e/performance.test.ts(189,41): error TS2339: Property 'quality_thresholds' does not exist on type 'QualityConfig'.
server/src/tests/e2e/performance.test.ts(192,7): error TS18048: 'balancedRequest.quality_config' is possibly 'undefined'.
server/src/tests/e2e/performance.test.ts(192,38): error TS2339: Property 'minimum_quality_score' does not exist on type 'QualityConfig'.
server/src/tests/e2e/performance.test.ts(193,7): error TS18048: 'balancedRequest.quality_config' is possibly 'undefined'.
server/src/tests/e2e/performance.test.ts(193,38): error TS2339: Property 'quality_thresholds' does not exist on type 'QualityConfig'.
server/src/tests/e2e/performance.test.ts(237,22): error TS2339: Property 'total_processing_time' does not exist on type 'ProcessingMetrics'.
server/src/tests/e2e/performance.test.ts(238,22): error TS2339: Property 'total_processing_time' does not exist on type 'ProcessingMetrics'.
server/src/tests/e2e/performance.test.ts(241,19): error TS2339: Property 'resource_utilization' does not exist on type 'ProcessingMetrics'.
server/src/tests/e2e/performance.test.ts(242,24): error TS2339: Property 'resource_utilization' does not exist on type 'ProcessingMetrics'.
server/src/tests/e2e/performance.test.ts(243,24): error TS2339: Property 'resource_utilization' does not exist on type 'ProcessingMetrics'.
server/src/tests/e2e/performance.test.ts(340,9): error TS2353: Object literal may only specify known properties, and 'enable_monitoring' does not exist in type 'ProcessingConfig'.
server/src/tests/e2e/performance.test.ts(349,9): error TS2353: Object literal may only specify known properties, and 'minimum_quality_score' does not exist in type 'QualityConfig'.
server/src/tests/e2e/performance.test.ts(360,9): error TS2353: Object literal may only specify known properties, and 'include_metadata' does not exist in type 'OutputConfig'.
server/src/tests/e2e/performance.test.ts(369,9): error TS18048: 'baseRequest.output_config' is possibly 'undefined'.
server/src/tests/e2e/performance.test.ts(370,9): error TS18048: 'baseRequest.quality_config' is possibly 'undefined'.
server/src/tests/e2e/performance.test.ts(370,36): error TS2339: Property 'minimum_quality_score' does not exist on type 'QualityConfig'.
server/src/tests/e2e/performance.test.ts(373,9): error TS18048: 'baseRequest.output_config' is possibly 'undefined'.
server/src/tests/e2e/performance.test.ts(374,9): error TS18048: 'baseRequest.quality_config' is possibly 'undefined'.
server/src/tests/e2e/performance.test.ts(374,36): error TS2339: Property 'minimum_quality_score' does not exist on type 'QualityConfig'.
server/src/tests/e2e/performance.test.ts(377,9): error TS18048: 'baseRequest.output_config' is possibly 'undefined'.
server/src/tests/e2e/performance.test.ts(378,9): error TS18048: 'baseRequest.quality_config' is possibly 'undefined'.
server/src/tests/e2e/performance.test.ts(378,36): error TS2339: Property 'minimum_quality_score' does not exist on type 'QualityConfig'.
server/src/tests/e2e/pipeline.test.ts(70,13): error TS2353: Object literal may only specify known properties, and 'project_type' does not exist in type 'ProjectContext'.
server/src/tests/e2e/pipeline.test.ts(74,13): error TS2353: Object literal may only specify known properties, and 'user_id' does not exist in type 'UserContext'.
server/src/tests/e2e/pipeline.test.ts(80,9): error TS2740: Type '{ config: { enable_comprehensive_gathering: true; enable_project_context: true; enable_user_profile: true; enable_document_history: true; enable_external_sources: true; }; }' is missing the following properties from type 'StageConfig': stage_id, stage_type, enabled, timeout, and 2 more.
server/src/tests/e2e/pipeline.test.ts(91,38): error TS2554: Expected 2 arguments, but got 1.
server/src/tests/e2e/pipeline.test.ts(110,9): error TS2739: Type '{}' is missing the following properties from type 'ContextData': project_context, user_context, historical_context, external_context
server/src/tests/e2e/pipeline.test.ts(111,9): error TS2740: Type '{ config: {}; }' is missing the following properties from type 'StageConfig': stage_id, stage_type, enabled, timeout, and 2 more.
server/src/tests/e2e/pipeline.test.ts(114,30): error TS2554: Expected 2 arguments, but got 1.
server/src/tests/e2e/pipeline.test.ts(130,9): error TS2740: Type '{ config: { enable_variable_resolution: true; enable_ai_enhancement: true; enable_template_optimization: true; }; }' is missing the following properties from type 'StageConfig': stage_id, stage_type, enabled, timeout, and 2 more.
server/src/tests/e2e/pipeline.test.ts(139,38): error TS2554: Expected 2 arguments, but got 1.
server/src/tests/e2e/pipeline.test.ts(160,9): error TS2740: Type '{ config: { enable_multi_model_generation: true; enable_iterative_refinement: true; enable_quality_gates: true; enable_ensemble_analysis: true; }; }' is missing the following properties from type 'StageConfig': stage_id, stage_type, enabled, timeout, and 2 more.
server/src/tests/e2e/pipeline.test.ts(170,38): error TS2554: Expected 2 arguments, but got 1.
server/src/tests/e2e/pipeline.test.ts(191,9): error TS2740: Type '{ config: { enable_strategic_injection: true; enable_personalization: true; enable_stakeholder_targeting: true; injection_strategies: string[]; }; }' is missing the following properties from type 'StageConfig': stage_id, stage_type, enabled, timeout, and 2 more.
server/src/tests/e2e/pipeline.test.ts(201,38): error TS2554: Expected 2 arguments, but got 1.
server/src/tests/e2e/pipeline.test.ts(222,9): error TS2740: Type '{ config: { enable_comprehensive_validation: true; enable_compliance_checking: true; enable_security_validation: true; enable_accessibility_validation: true; quality_thresholds: { overall_quality: number; content_quality: number; readability_score: number; methodology_compliance: number; }; }; }' is missing the following properties from type 'StageConfig': stage_id, stage_type, enabled, timeout, and 2 more.
server/src/tests/e2e/pipeline.test.ts(238,38): error TS2554: Expected 2 arguments, but got 1.
server/src/tests/e2e/pipeline.test.ts(259,9): error TS2740: Type '{ config: { enable_multi_format_generation: true; enable_adaptive_formatting: true; enable_delivery_automation: true; output_formats: string[]; delivery_methods: string[]; }; }' is missing the following properties from type 'StageConfig': stage_id, stage_type, enabled, timeout, and 2 more.
server/src/tests/e2e/pipeline.test.ts(270,38): error TS2554: Expected 2 arguments, but got 1.
server/src/tests/e2e/pipeline.test.ts(292,11): error TS2353: Object literal may only specify known properties, and 'enable_monitoring' does not exist in type 'ProcessingConfig'.
server/src/tests/e2e/pipeline.test.ts(301,11): error TS2353: Object literal may only specify known properties, and 'minimum_quality_score' does not exist in type 'QualityConfig'.
server/src/tests/e2e/pipeline.test.ts(312,11): error TS2353: Object literal may only specify known properties, and 'include_metadata' does not exist in type 'OutputConfig'.
server/src/tests/e2e/pipeline.test.ts(350,40): error TS2339: Property 'total_processing_time' does not exist on type 'ProcessingMetrics'.
server/src/tests/e2e/pipeline.test.ts(351,40): error TS2339: Property 'total_processing_time' does not exist on type 'ProcessingMetrics'.
server/src/tests/e2e/pipeline.test.ts(369,11): error TS2353: Object literal may only specify known properties, and 'enable_monitoring' does not exist in type 'ProcessingConfig'.
server/src/tests/e2e/pipeline.test.ts(378,11): error TS2353: Object literal may only specify known properties, and 'minimum_quality_score' does not exist in type 'QualityConfig'.
server/src/tests/e2e/pipeline.test.ts(389,11): error TS2353: Object literal may only specify known properties, and 'include_metadata' does not exist in type 'OutputConfig'.
server/src/tests/e2e/pipeline.test.ts(409,11): error TS2353: Object literal may only specify known properties, and 'enable_monitoring' does not exist in type 'ProcessingConfig'.
server/src/tests/e2e/pipeline.test.ts(418,11): error TS2353: Object literal may only specify known properties, and 'minimum_quality_score' does not exist in type 'QualityConfig'.
server/src/tests/e2e/pipeline.test.ts(429,11): error TS2353: Object literal may only specify known properties, and 'include_metadata' does not exist in type 'OutputConfig'.
server/src/tests/e2e/pipeline.test.ts(443,40): error TS2339: Property 'total_processing_time' does not exist on type 'ProcessingMetrics'.
server/src/tests/e2e/pipeline.test.ts(459,13): error TS2353: Object literal may only specify known properties, and 'enable_monitoring' does not exist in type 'ProcessingConfig'.
server/src/tests/e2e/pipeline.test.ts(468,13): error TS2353: Object literal may only specify known properties, and 'minimum_quality_score' does not exist in type 'QualityConfig'.
server/src/tests/e2e/pipeline.test.ts(479,13): error TS2353: Object literal may only specify known properties, and 'include_metadata' does not exist in type 'OutputConfig'.
server/src/tests/e2e/setup.ts(38,15): error TS2540: Cannot assign to 'NODE_ENV' because it is a read-only property.
server/src/tests/e2e/simple-pipeline.test.ts(287,16): error TS18046: 'error' is of type 'unknown'.
server/src/tests/e2e/stress.test.ts(277,33): error TS2339: Property 'job_timeout' does not exist on type 'ProcessingConfig'.
server/src/tests/e2e/stress.test.ts(278,7): error TS18048: 'request.output_config' is possibly 'undefined'.
server/src/tests/e2e/stress.test.ts(288,40): error TS2339: Property 'total_processing_time' does not exist on type 'ProcessingMetrics'.
server/src/tests/e2e/stress.test.ts(348,9): error TS2353: Object literal may only specify known properties, and 'enable_monitoring' does not exist in type 'ProcessingConfig'.
server/src/tests/e2e/stress.test.ts(357,9): error TS2353: Object literal may only specify known properties, and 'minimum_quality_score' does not exist in type 'QualityConfig'.
server/src/tests/e2e/stress.test.ts(368,9): error TS2353: Object literal may only specify known properties, and 'include_metadata' does not exist in type 'OutputConfig'.
server/src/tests/e2e/stress.test.ts(376,7): error TS18048: 'baseRequest.output_config' is possibly 'undefined'.
server/src/tests/e2e/stress.test.ts(377,7): error TS18048: 'baseRequest.quality_config' is possibly 'undefined'.
server/src/tests/e2e/stress.test.ts(377,34): error TS2339: Property 'minimum_quality_score' does not exist on type 'QualityConfig'.
server/src/tests/e2e/test-results-processor.ts(175,43): error TS7006: Parameter 'test' implicitly has an 'any' type.
server/src/tests/e2e/test-results-processor.ts(181,50): error TS7006: Parameter 'test' implicitly has an 'any' type.
server/src/utils/analytics.ts(143,9): error TS2322: Type 'string | null' is not assignable to type 'string | number | boolean'.
  Type 'null' is not assignable to type 'string | number | boolean'.
server/src/utils/analytics.ts(300,9): error TS2322: Type 'string | null' is not assignable to type 'string | number | boolean'.
  Type 'null' is not assignable to type 'string | number | boolean'.
server/src/utils/analytics.ts(322,9): error TS2322: Type 'number | null' is not assignable to type 'string | number | boolean'.
  Type 'null' is not assignable to type 'string | number | boolean'.
server/src/utils/analytics.ts(323,9): error TS2322: Type 'string | null' is not assignable to type 'string | number | boolean'.
  Type 'null' is not assignable to type 'string | number | boolean'.
server/src/utils/redis.ts(106,20): error TS2769: No overload matches this call.
  Overload 1 of 3, '(msg: string, ...args: any[]): void', gave the following error.
    Argument of type 'unknown' is not assignable to parameter of type 'string'.
  Overload 2 of 3, '(obj: object, msg?: string | undefined, ...args: any[]): void', gave the following error.
    Argument of type 'unknown' is not assignable to parameter of type 'object'.
  Overload 3 of 3, '(msg: string, obj: object, ...args: any[]): void', gave the following error.
    Argument of type 'unknown' is not assignable to parameter of type 'string'.
server/src/workers/pipelineWorker.ts(109,17): error TS7034: Variable 'templateTags' implicitly has type 'any[]' in some locations where its type cannot be determined.
server/src/workers/pipelineWorker.ts(123,62): error TS7006: Parameter 'w' implicitly has an 'any' type.
server/src/workers/pipelineWorker.ts(163,21): error TS7005: Variable 'templateTags' implicitly has an 'any[]' type.
server/src/workers/pipelineWorker.ts(313,27): error TS7005: Variable 'templateTags' implicitly has an 'any[]' type.
server/src/workers/pipelineWorker.ts(393,14): error TS18046: 'error' is of type 'unknown'.
server/src/workers/pipelineWorker.ts(394,14): error TS18046: 'error' is of type 'unknown'.
server/src/workers/pipelineWorker.ts(410,9): error TS18046: 'error' is of type 'unknown'.
server/src/workers/pipelineWorker.ts(412,20): error TS18046: 'error' is of type 'unknown'.
server/src/workers/pipelineWorker.ts(413,18): error TS18046: 'error' is of type 'unknown'.
server/supabase/functions/entity-extractor/index.ts(5,30): error TS2307: Cannot find module 'npm:@supabase/supabase-js@2.46.2' or its corresponding type declarations.
server/supabase/functions/entity-extractor/index.ts(19,1): error TS2304: Cannot find name 'Deno'.
server/supabase/functions/entity-extractor/index.ts(44,29): error TS2304: Cannot find name 'Deno'.
server/supabase/functions/entity-extractor/index.ts(45,29): error TS2304: Cannot find name 'Deno'.
server/supabase/functions/entity-extractor/index.ts(47,30): error TS2304: Cannot find name 'Deno'.
server/supabase/functions/entity-extractor/index.ts(47,64): error TS2304: Cannot find name 'Deno'.
server/supabase/functions/ingest-embeddings/index.ts(5,21): error TS2304: Cannot find name 'Deno'.
server/supabase/functions/ingest-embeddings/index.ts(6,21): error TS2304: Cannot find name 'Deno'.
server/supabase/functions/ingest-embeddings/index.ts(7,22): error TS2304: Cannot find name 'Deno'.
server/supabase/functions/ingest-embeddings/index.ts(12,1): error TS2304: Cannot find name 'Deno'.
server/supabase/functions/ingest-embeddings/index.ts(12,19): error TS7006: Parameter 'req' implicitly has an 'any' type.
server/supabase/functions/ingest-embeddings/index.ts(101,57): error TS7006: Parameter 'item' implicitly has an 'any' type.
server/supabase/functions/ingest-embeddings/index.ts(101,63): error TS7006: Parameter 'index' implicitly has an 'any' type.
server/supabase/functions/ingest-embeddings/index.ts(166,37): error TS18046: 'e' is of type 'unknown'.
server/supabase/functions/ingest-for-rag/index.ts(5,30): error TS2307: Cannot find module 'npm:@supabase/supabase-js@2.46.2' or its corresponding type declarations.
server/supabase/functions/ingest-for-rag/index.ts(20,1): error TS2304: Cannot find name 'Deno'.
server/supabase/functions/ingest-for-rag/index.ts(45,29): error TS2304: Cannot find name 'Deno'.
server/supabase/functions/ingest-for-rag/index.ts(46,29): error TS2304: Cannot find name 'Deno'.
server/supabase/functions/ingest-for-rag/index.ts(50,28): error TS2304: Cannot find name 'Deno'.
server/supabase/functions/query-rag-vectors/index.ts(1,30): error TS2307: Cannot find module 'npm:@supabase/supabase-js@2.48.1' or its corresponding type declarations.
server/supabase/functions/query-rag-vectors/index.ts(6,21): error TS2304: Cannot find name 'Deno'.
server/supabase/functions/query-rag-vectors/index.ts(7,32): error TS2304: Cannot find name 'Deno'.
server/supabase/functions/query-rag-vectors/index.ts(8,22): error TS2304: Cannot find name 'Deno'.
server/supabase/functions/query-rag-vectors/index.ts(14,1): error TS2304: Cannot find name 'Deno'.
server/supabase/functions/query-rag-vectors/index.ts(14,19): error TS7006: Parameter 'req' implicitly has an 'any' type.
server/supabase/functions/query-rag-vectors/index.ts(91,37): error TS18046: 'error' is of type 'unknown'.
server/temp/worker.ts(7,33): error TS2307: Cannot find module './src/database/connection' or its corresponding type declarations.
server/temp/worker.ts(8,30): error TS2307: Cannot find module './src/utils/redis' or its corresponding type declarations.
server/temp/worker.ts(9,24): error TS2307: Cannot find module './src/utils/logger' or its corresponding type declarations.
server/temp/worker.ts(13,40): error TS2307: Cannot find module './src/workers/pipelineWorker' or its corresponding type declarations.
server/temp/worker.ts(14,34): error TS2307: Cannot find module './src/utils/workerMonitoring' or its corresponding type declarations.
server/tests/doubles/MockQueue.ts(25,14): error TS2420: Class 'MockQueue' incorrectly implements interface 'IQueue'.
  Property 'getInfo' is missing in type 'MockQueue' but required in type 'IQueue'.
tests/integration/playbook-generation.test.ts(366,26): error TS1308: 'await' expressions are only allowed within async functions and at the top levels of modules.
tmp/check-models.ts(1,20): error TS2307: Cannot find module './lib/morphic/db' or its corresponding type declarations.
tmp/check-models.ts(2,29): error TS2307: Cannot find module './lib/morphic/db/schema' or its corresponding type declarations.
tmp/check-models.ts(12,27): error TS7006: Parameter 'p' implicitly has an 'any' type.
