
> server@1.0.0 build D:\Source\adpa\server
> tsc -p tsconfig.json

../lib/analytics/clarity.ts(6,93): error TS2307: Cannot find module '@/components/analytics/ClarityProvider' or its corresponding type declarations.
../lib/api.ts(1146,5): error TS2322: Type 'any[] | { integrations: any[]; }' is not assignable to type 'any[]'.
  Type '{ integrations: any[]; }' is missing the following properties from type 'any[]': length, pop, push, concat, and 28 more.
../lib/auth-utils.ts(3,22): error TS2307: Cannot find module '@/server/src/database/connection' or its corresponding type declarations.
../lib/auth-utils.ts(4,24): error TS2307: Cannot find module '@/server/src/utils/logger' or its corresponding type declarations.
../lib/data/__tests__/projects.test.ts(122,27): error TS2339: Property 'delByPattern' does not exist on type 'typeof CacheService'.
../lib/data/__tests__/projects.test.ts(155,27): error TS2339: Property 'delByPattern' does not exist on type 'typeof CacheService'.
../lib/data/__tests__/projects.test.ts(183,27): error TS2339: Property 'delByPattern' does not exist on type 'typeof CacheService'.
../lib/data/__tests__/projects.test.ts(184,27): error TS2339: Property 'delByPattern' does not exist on type 'typeof CacheService'.
../lib/data/__tests__/projects.test.ts(211,27): error TS2339: Property 'delByPattern' does not exist on type 'typeof CacheService'.
../lib/data/__tests__/projects.test.ts(212,27): error TS2339: Property 'delByPattern' does not exist on type 'typeof CacheService'.
../lib/data/projects.ts(166,11): error TS2345: Argument of type 'Date' is not assignable to parameter of type 'Primitive'.
../lib/data/projects.ts(173,24): error TS2339: Property 'delByPattern' does not exist on type 'typeof CacheService'.
../lib/data/projects.ts(281,24): error TS2339: Property 'delByPattern' does not exist on type 'typeof CacheService'.
../lib/data/projects.ts(333,24): error TS2339: Property 'delByPattern' does not exist on type 'typeof CacheService'.
../lib/data/projects.ts(334,24): error TS2339: Property 'delByPattern' does not exist on type 'typeof CacheService'.
../lib/data/projects.ts(380,24): error TS2339: Property 'delByPattern' does not exist on type 'typeof CacheService'.
../lib/data/projects.ts(381,24): error TS2339: Property 'delByPattern' does not exist on type 'typeof CacheService'.
../lib/morphic/agents/researcher.ts(45,17): error TS2698: Spread types may only be created from object types.
../lib/morphic/agents/title-generator.ts(7,27): error TS2307: Cannot find module '@/server/src/services/aiService' or its corresponding type declarations.
../lib/morphic/config/model-types.ts(57,25): error TS2561: Object literal may only specify known properties, but 'provider' does not exist in type 'Model'. Did you mean to write 'providerId'?
../lib/morphic/config/model-types.ts(72,25): error TS2561: Object literal may only specify known properties, but 'provider' does not exist in type 'Model'. Did you mean to write 'providerId'?
../lib/morphic/config/model-types.ts(89,29): error TS2561: Object literal may only specify known properties, but 'provider' does not exist in type 'Model'. Did you mean to write 'providerId'?
../lib/morphic/config/model-types.ts(119,13): error TS2561: Object literal may only specify known properties, but 'provider' does not exist in type 'Model'. Did you mean to write 'providerId'?
../lib/morphic/config/search-modes.ts(3,33): error TS2307: Cannot find module '@/components/morphic/ui/icons' or its corresponding type declarations.
../lib/morphic/streaming/helpers/persist-stream-results.ts(28,9): error TS2698: Spread types may only be created from object types.
../lib/morphic/streaming/helpers/prepare-messages.ts(44,61): error TS2550: Property 'findLastIndex' does not exist on type 'UIMessage[]'. Do you need to change your target library? Try changing the 'lib' compiler option to 'es2023' or later.
../lib/morphic/streaming/helpers/prepare-messages.ts(47,56): error TS2550: Property 'findLastIndex' does not exist on type 'UIMessage[]'. Do you need to change your target library? Try changing the 'lib' compiler option to 'es2023' or later.
../lib/morphic/streaming/helpers/stream-related-questions.ts(61,69): error TS2339: Property 'output' does not exist on type 'StreamObjectResult<any, any, any>'.
../lib/morphic/streaming/helpers/stream-related-questions.ts(65,17): error TS2322: Type '{ question?: string; }[]' is not assignable to type '{ question: string; }[]'.
  Type '{ question?: string; }' is not assignable to type '{ question: string; }'.
    Property 'question' is optional in type '{ question?: string; }' but required in type '{ question: string; }'.
../lib/morphic/tools/run-project-agent.ts(11,9): error TS2769: No overload matches this call.
  The last overload gave the following error.
    Type '({ projectId, goal }: { projectId: any; goal: any; }) => Promise<{ error: string; status?: undefined; runId?: undefined; projectId?: undefined; goal?: undefined; message?: undefined; } | { status: string; runId: any; projectId: any; goal: any; message: string; error?: undefined; }>' is not assignable to type 'undefined'.
../lib/morphic/types/agent.ts(2,5): error TS2305: Module '"ai"' has no exported member 'CoreMessage'.
../lib/morphic/types/agent.ts(3,5): error TS2724: '"ai"' has no exported member named 'ToolInvocation'. Did you mean 'UIToolInvocation'?
../lib/morphic/types/ai.ts(5,10): error TS2305: Module '"@/lib/morphic/tools/knowledge"' has no exported member 'dbQueryTool'.
../lib/morphic/types/ai.ts(5,23): error TS2305: Module '"@/lib/morphic/tools/knowledge"' has no exported member 'ragSearchTool'.
src/check-pinecone.ts(2,7): error TS2451: Cannot redeclare block-scoped variable 'path'.
src/check-pinecone.ts(3,7): error TS2451: Cannot redeclare block-scoped variable 'dotenv'.
src/check-pinecone.ts(6,7): error TS2451: Cannot redeclare block-scoped variable 'envPath'.
src/check-pinecone.ts(15,9): error TS2451: Cannot redeclare block-scoped variable 'pool'.
src/check-pinecone.ts(15,15): error TS2451: Cannot redeclare block-scoped variable 'connectDatabase'.
src/components/SemanticRAGOptimization.tsx(12,8): error TS2307: Cannot find module '@heroicons/react/24/outline' or its corresponding type declarations.
src/components/SemanticRAGOptimization.tsx(13,83): error TS2307: Cannot find module '@/hooks/useSemanticRAGMetrics' or its corresponding type declarations.
src/components/SemanticRAGOptimization.tsx(44,8): error TS2686: 'React' refers to a UMD global, but the current file is a module. Consider adding an import instead.
src/components/SemanticRAGOptimization.tsx(45,10): error TS2686: 'React' refers to a UMD global, but the current file is a module. Consider adding an import instead.
src/components/SemanticRAGOptimization.tsx(52,8): error TS2686: 'React' refers to a UMD global, but the current file is a module. Consider adding an import instead.
src/components/SemanticRAGOptimization.tsx(53,10): error TS2686: 'React' refers to a UMD global, but the current file is a module. Consider adding an import instead.
src/components/SemanticRAGOptimization.tsx(54,12): error TS2686: 'React' refers to a UMD global, but the current file is a module. Consider adding an import instead.
src/components/SemanticRAGOptimization.tsx(55,12): error TS2686: 'React' refers to a UMD global, but the current file is a module. Consider adding an import instead.
src/components/SemanticRAGOptimization.tsx(56,14): error TS2686: 'React' refers to a UMD global, but the current file is a module. Consider adding an import instead.
src/components/SemanticRAGOptimization.tsx(57,14): error TS2686: 'React' refers to a UMD global, but the current file is a module. Consider adding an import instead.
src/components/SemanticRAGOptimization.tsx(66,8): error TS2686: 'React' refers to a UMD global, but the current file is a module. Consider adding an import instead.
src/components/SemanticRAGOptimization.tsx(73,6): error TS2686: 'React' refers to a UMD global, but the current file is a module. Consider adding an import instead.
src/components/SemanticRAGOptimization.tsx(75,8): error TS2686: 'React' refers to a UMD global, but the current file is a module. Consider adding an import instead.
src/components/SemanticRAGOptimization.tsx(76,10): error TS2686: 'React' refers to a UMD global, but the current file is a module. Consider adding an import instead.
src/components/SemanticRAGOptimization.tsx(81,12): error TS2686: 'React' refers to a UMD global, but the current file is a module. Consider adding an import instead.
src/components/SemanticRAGOptimization.tsx(82,14): error TS2686: 'React' refers to a UMD global, but the current file is a module. Consider adding an import instead.
src/components/SemanticRAGOptimization.tsx(83,16): error TS2686: 'React' refers to a UMD global, but the current file is a module. Consider adding an import instead.
src/components/SemanticRAGOptimization.tsx(84,16): error TS2686: 'React' refers to a UMD global, but the current file is a module. Consider adding an import instead.
src/components/SemanticRAGOptimization.tsx(86,14): error TS2686: 'React' refers to a UMD global, but the current file is a module. Consider adding an import instead.
src/components/SemanticRAGOptimization.tsx(88,12): error TS2686: 'React' refers to a UMD global, but the current file is a module. Consider adding an import instead.
src/components/SemanticRAGOptimization.tsx(89,14): error TS2686: 'React' refers to a UMD global, but the current file is a module. Consider adding an import instead.
src/components/SemanticRAGOptimization.tsx(93,10): error TS2686: 'React' refers to a UMD global, but the current file is a module. Consider adding an import instead.
src/components/SemanticRAGOptimization.tsx(99,12): error TS2686: 'React' refers to a UMD global, but the current file is a module. Consider adding an import instead.
src/components/SemanticRAGOptimization.tsx(100,14): error TS2686: 'React' refers to a UMD global, but the current file is a module. Consider adding an import instead.
src/components/SemanticRAGOptimization.tsx(101,16): error TS2686: 'React' refers to a UMD global, but the current file is a module. Consider adding an import instead.
src/components/SemanticRAGOptimization.tsx(102,16): error TS2686: 'React' refers to a UMD global, but the current file is a module. Consider adding an import instead.
src/components/SemanticRAGOptimization.tsx(104,14): error TS2686: 'React' refers to a UMD global, but the current file is a module. Consider adding an import instead.
src/components/SemanticRAGOptimization.tsx(106,12): error TS2686: 'React' refers to a UMD global, but the current file is a module. Consider adding an import instead.
src/components/SemanticRAGOptimization.tsx(107,14): error TS2686: 'React' refers to a UMD global, but the current file is a module. Consider adding an import instead.
src/components/SemanticRAGOptimization.tsx(111,10): error TS2686: 'React' refers to a UMD global, but the current file is a module. Consider adding an import instead.
src/components/SemanticRAGOptimization.tsx(117,12): error TS2686: 'React' refers to a UMD global, but the current file is a module. Consider adding an import instead.
src/components/SemanticRAGOptimization.tsx(118,14): error TS2686: 'React' refers to a UMD global, but the current file is a module. Consider adding an import instead.
src/components/SemanticRAGOptimization.tsx(119,16): error TS2686: 'React' refers to a UMD global, but the current file is a module. Consider adding an import instead.
src/components/SemanticRAGOptimization.tsx(120,16): error TS2686: 'React' refers to a UMD global, but the current file is a module. Consider adding an import instead.
src/components/SemanticRAGOptimization.tsx(122,14): error TS2686: 'React' refers to a UMD global, but the current file is a module. Consider adding an import instead.
src/components/SemanticRAGOptimization.tsx(124,12): error TS2686: 'React' refers to a UMD global, but the current file is a module. Consider adding an import instead.
src/components/SemanticRAGOptimization.tsx(125,14): error TS2686: 'React' refers to a UMD global, but the current file is a module. Consider adding an import instead.
src/components/SemanticRAGOptimization.tsx(129,10): error TS2686: 'React' refers to a UMD global, but the current file is a module. Consider adding an import instead.
src/components/SemanticRAGOptimization.tsx(135,12): error TS2686: 'React' refers to a UMD global, but the current file is a module. Consider adding an import instead.
src/components/SemanticRAGOptimization.tsx(136,14): error TS2686: 'React' refers to a UMD global, but the current file is a module. Consider adding an import instead.
src/components/SemanticRAGOptimization.tsx(137,16): error TS2686: 'React' refers to a UMD global, but the current file is a module. Consider adding an import instead.
src/components/SemanticRAGOptimization.tsx(138,16): error TS2686: 'React' refers to a UMD global, but the current file is a module. Consider adding an import instead.
src/components/SemanticRAGOptimization.tsx(140,14): error TS2686: 'React' refers to a UMD global, but the current file is a module. Consider adding an import instead.
src/components/SemanticRAGOptimization.tsx(142,12): error TS2686: 'React' refers to a UMD global, but the current file is a module. Consider adding an import instead.
src/components/SemanticRAGOptimization.tsx(143,14): error TS2686: 'React' refers to a UMD global, but the current file is a module. Consider adding an import instead.
src/components/SemanticRAGOptimization.tsx(148,8): error TS2686: 'React' refers to a UMD global, but the current file is a module. Consider adding an import instead.
src/components/SemanticRAGOptimization.tsx(150,10): error TS2686: 'React' refers to a UMD global, but the current file is a module. Consider adding an import instead.
src/components/SemanticRAGOptimization.tsx(155,12): error TS2686: 'React' refers to a UMD global, but the current file is a module. Consider adding an import instead.
src/components/SemanticRAGOptimization.tsx(156,12): error TS2686: 'React' refers to a UMD global, but the current file is a module. Consider adding an import instead.
src/components/SemanticRAGOptimization.tsx(157,14): error TS2686: 'React' refers to a UMD global, but the current file is a module. Consider adding an import instead.
src/components/SemanticRAGOptimization.tsx(158,16): error TS2686: 'React' refers to a UMD global, but the current file is a module. Consider adding an import instead.
src/components/SemanticRAGOptimization.tsx(159,18): error TS2686: 'React' refers to a UMD global, but the current file is a module. Consider adding an import instead.
src/components/SemanticRAGOptimization.tsx(160,18): error TS2686: 'React' refers to a UMD global, but the current file is a module. Consider adding an import instead.
src/components/SemanticRAGOptimization.tsx(162,16): error TS2686: 'React' refers to a UMD global, but the current file is a module. Consider adding an import instead.
src/components/SemanticRAGOptimization.tsx(163,18): error TS2686: 'React' refers to a UMD global, but the current file is a module. Consider adding an import instead.
src/components/SemanticRAGOptimization.tsx(169,14): error TS2686: 'React' refers to a UMD global, but the current file is a module. Consider adding an import instead.
src/components/SemanticRAGOptimization.tsx(170,16): error TS2686: 'React' refers to a UMD global, but the current file is a module. Consider adding an import instead.
src/components/SemanticRAGOptimization.tsx(171,18): error TS2686: 'React' refers to a UMD global, but the current file is a module. Consider adding an import instead.
src/components/SemanticRAGOptimization.tsx(172,18): error TS2686: 'React' refers to a UMD global, but the current file is a module. Consider adding an import instead.
src/components/SemanticRAGOptimization.tsx(174,16): error TS2686: 'React' refers to a UMD global, but the current file is a module. Consider adding an import instead.
src/components/SemanticRAGOptimization.tsx(175,18): error TS2686: 'React' refers to a UMD global, but the current file is a module. Consider adding an import instead.
src/components/SemanticRAGOptimization.tsx(181,14): error TS2686: 'React' refers to a UMD global, but the current file is a module. Consider adding an import instead.
src/components/SemanticRAGOptimization.tsx(182,16): error TS2686: 'React' refers to a UMD global, but the current file is a module. Consider adding an import instead.
src/components/SemanticRAGOptimization.tsx(183,18): error TS2686: 'React' refers to a UMD global, but the current file is a module. Consider adding an import instead.
src/components/SemanticRAGOptimization.tsx(184,18): error TS2686: 'React' refers to a UMD global, but the current file is a module. Consider adding an import instead.
src/components/SemanticRAGOptimization.tsx(186,16): error TS2686: 'React' refers to a UMD global, but the current file is a module. Consider adding an import instead.
src/components/SemanticRAGOptimization.tsx(187,18): error TS2686: 'React' refers to a UMD global, but the current file is a module. Consider adding an import instead.
src/components/SemanticRAGOptimization.tsx(197,10): error TS2686: 'React' refers to a UMD global, but the current file is a module. Consider adding an import instead.
src/components/SemanticRAGOptimization.tsx(202,12): error TS2686: 'React' refers to a UMD global, but the current file is a module. Consider adding an import instead.
src/components/SemanticRAGOptimization.tsx(203,12): error TS2686: 'React' refers to a UMD global, but the current file is a module. Consider adding an import instead.
src/components/SemanticRAGOptimization.tsx(204,14): error TS2686: 'React' refers to a UMD global, but the current file is a module. Consider adding an import instead.
src/components/SemanticRAGOptimization.tsx(205,16): error TS2686: 'React' refers to a UMD global, but the current file is a module. Consider adding an import instead.
src/components/SemanticRAGOptimization.tsx(208,16): error TS2686: 'React' refers to a UMD global, but the current file is a module. Consider adding an import instead.
src/components/SemanticRAGOptimization.tsx(219,14): error TS2686: 'React' refers to a UMD global, but the current file is a module. Consider adding an import instead.
src/components/SemanticRAGOptimization.tsx(220,16): error TS2686: 'React' refers to a UMD global, but the current file is a module. Consider adding an import instead.
src/components/SemanticRAGOptimization.tsx(223,16): error TS2686: 'React' refers to a UMD global, but the current file is a module. Consider adding an import instead.
src/components/SemanticRAGOptimization.tsx(234,14): error TS2686: 'React' refers to a UMD global, but the current file is a module. Consider adding an import instead.
src/components/SemanticRAGOptimization.tsx(235,16): error TS2686: 'React' refers to a UMD global, but the current file is a module. Consider adding an import instead.
src/components/SemanticRAGOptimization.tsx(238,16): error TS2686: 'React' refers to a UMD global, but the current file is a module. Consider adding an import instead.
src/components/SemanticRAGOptimization.tsx(249,14): error TS2686: 'React' refers to a UMD global, but the current file is a module. Consider adding an import instead.
src/components/SemanticRAGOptimization.tsx(250,16): error TS2686: 'React' refers to a UMD global, but the current file is a module. Consider adding an import instead.
src/components/SemanticRAGOptimization.tsx(251,18): error TS2686: 'React' refers to a UMD global, but the current file is a module. Consider adding an import instead.
src/components/SemanticRAGOptimization.tsx(257,18): error TS2686: 'React' refers to a UMD global, but the current file is a module. Consider adding an import instead.
src/components/SemanticRAGOptimization.tsx(260,16): error TS2686: 'React' refers to a UMD global, but the current file is a module. Consider adding an import instead.
src/components/SemanticRAGOptimization.tsx(261,18): error TS2686: 'React' refers to a UMD global, but the current file is a module. Consider adding an import instead.
src/components/SemanticRAGOptimization.tsx(267,18): error TS2686: 'React' refers to a UMD global, but the current file is a module. Consider adding an import instead.
src/components/SemanticRAGOptimization.tsx(275,8): error TS2686: 'React' refers to a UMD global, but the current file is a module. Consider adding an import instead.
src/components/SemanticRAGOptimization.tsx(280,10): error TS2686: 'React' refers to a UMD global, but the current file is a module. Consider adding an import instead.
src/components/SemanticRAGOptimization.tsx(281,10): error TS2686: 'React' refers to a UMD global, but the current file is a module. Consider adding an import instead.
src/components/SemanticRAGOptimization.tsx(282,12): error TS2686: 'React' refers to a UMD global, but the current file is a module. Consider adding an import instead.
src/components/SemanticRAGOptimization.tsx(283,14): error TS2686: 'React' refers to a UMD global, but the current file is a module. Consider adding an import instead.
src/components/SemanticRAGOptimization.tsx(291,14): error TS2686: 'React' refers to a UMD global, but the current file is a module. Consider adding an import instead.
src/components/SemanticRAGOptimization.tsx(296,16): error TS2686: 'React' refers to a UMD global, but the current file is a module. Consider adding an import instead.
src/components/SemanticRAGOptimization.tsx(297,16): error TS2686: 'React' refers to a UMD global, but the current file is a module. Consider adding an import instead.
src/components/SemanticRAGOptimization.tsx(302,14): error TS2686: 'React' refers to a UMD global, but the current file is a module. Consider adding an import instead.
src/components/SemanticRAGOptimization.tsx(303,16): error TS2686: 'React' refers to a UMD global, but the current file is a module. Consider adding an import instead.
src/components/SemanticRAGOptimization.tsx(304,18): error TS2686: 'React' refers to a UMD global, but the current file is a module. Consider adding an import instead.
src/components/SemanticRAGOptimization.tsx(305,20): error TS2686: 'React' refers to a UMD global, but the current file is a module. Consider adding an import instead.
src/components/SemanticRAGOptimization.tsx(306,20): error TS2686: 'React' refers to a UMD global, but the current file is a module. Consider adding an import instead.
src/components/SemanticRAGOptimization.tsx(308,24): error TS2686: 'React' refers to a UMD global, but the current file is a module. Consider adding an import instead.
src/components/SemanticRAGOptimization.tsx(309,26): error TS2686: 'React' refers to a UMD global, but the current file is a module. Consider adding an import instead.
src/components/SemanticRAGOptimization.tsx(310,28): error TS2686: 'React' refers to a UMD global, but the current file is a module. Consider adding an import instead.
src/components/SemanticRAGOptimization.tsx(311,28): error TS2686: 'React' refers to a UMD global, but the current file is a module. Consider adding an import instead.
src/components/SemanticRAGOptimization.tsx(315,26): error TS2686: 'React' refers to a UMD global, but the current file is a module. Consider adding an import instead.
src/components/SemanticRAGOptimization.tsx(316,26): error TS2686: 'React' refers to a UMD global, but the current file is a module. Consider adding an import instead.
src/components/SemanticRAGOptimization.tsx(317,28): error TS2686: 'React' refers to a UMD global, but the current file is a module. Consider adding an import instead.
src/components/SemanticRAGOptimization.tsx(318,28): error TS2686: 'React' refers to a UMD global, but the current file is a module. Consider adding an import instead.
src/components/SemanticRAGOptimization.tsx(325,18): error TS2686: 'React' refers to a UMD global, but the current file is a module. Consider adding an import instead.
src/components/SemanticRAGOptimization.tsx(326,20): error TS2686: 'React' refers to a UMD global, but the current file is a module. Consider adding an import instead.
src/components/SemanticRAGOptimization.tsx(327,20): error TS2686: 'React' refers to a UMD global, but the current file is a module. Consider adding an import instead.
src/components/SemanticRAGOptimization.tsx(328,22): error TS2686: 'React' refers to a UMD global, but the current file is a module. Consider adding an import instead.
src/components/SemanticRAGOptimization.tsx(329,24): error TS2686: 'React' refers to a UMD global, but the current file is a module. Consider adding an import instead.
src/components/SemanticRAGOptimization.tsx(330,24): error TS2686: 'React' refers to a UMD global, but the current file is a module. Consider adding an import instead.
src/components/SemanticRAGOptimization.tsx(332,22): error TS2686: 'React' refers to a UMD global, but the current file is a module. Consider adding an import instead.
src/components/SemanticRAGOptimization.tsx(333,24): error TS2686: 'React' refers to a UMD global, but the current file is a module. Consider adding an import instead.
src/components/SemanticRAGOptimization.tsx(334,24): error TS2686: 'React' refers to a UMD global, but the current file is a module. Consider adding an import instead.
src/components/SemanticRAGOptimization.tsx(338,22): error TS2686: 'React' refers to a UMD global, but the current file is a module. Consider adding an import instead.
src/components/SemanticRAGOptimization.tsx(339,24): error TS2686: 'React' refers to a UMD global, but the current file is a module. Consider adding an import instead.
src/components/SemanticRAGOptimization.tsx(340,24): error TS2686: 'React' refers to a UMD global, but the current file is a module. Consider adding an import instead.
src/components/SemanticRAGOptimization.tsx(342,22): error TS2686: 'React' refers to a UMD global, but the current file is a module. Consider adding an import instead.
src/components/SemanticRAGOptimization.tsx(343,24): error TS2686: 'React' refers to a UMD global, but the current file is a module. Consider adding an import instead.
src/components/SemanticRAGOptimization.tsx(344,24): error TS2686: 'React' refers to a UMD global, but the current file is a module. Consider adding an import instead.
src/debug/dead-letter-cli.ts(115,35): error TS2551: Property 'resolved_at' does not exist on type 'ExtractionFailure'. Did you mean 'resolvedAt'?
src/diagnostic.ts(1,10): error TS2459: Module '"./modules/morphic/MorphicController"' declares 'createChatStreamResponse' locally, but it is not exported.
src/fix-pinecone-db.ts(1,9): error TS2451: Cannot redeclare block-scoped variable 'pool'.
src/fix-pinecone-db.ts(1,15): error TS2451: Cannot redeclare block-scoped variable 'connectDatabase'.
src/fix-pinecone-db.ts(2,7): error TS2451: Cannot redeclare block-scoped variable 'path'.
src/fix-pinecone-db.ts(3,7): error TS2451: Cannot redeclare block-scoped variable 'dotenv'.
src/fix-pinecone-db.ts(6,7): error TS2451: Cannot redeclare block-scoped variable 'envPath'.
src/integrations/adobe-pdf.ts(146,15): error TS2741: Property 'createTaggedPDF' is missing in type '{ documentLanguage: string; }' but required in type 'CreatePDFParams'.
src/integrations/adobe-pdf.ts(246,9): error TS2741: Property 'createTaggedPDF' is missing in type '{ documentLanguage: string; }' but required in type 'CreatePDFParams'.
src/integrations/adobe-pdf.ts(409,7): error TS2741: Property '_encryptionAlgorithm' is missing in type '{ userPassword: string; ownerPassword: string; permissions: any; encryptionAlgorithm: PDFServicesSDK.EncryptionAlgorithm.AES_256; contentEncryption: PDFServicesSDK.ContentEncryption.ALL_CONTENT_EXCEPT_METADATA; }' but required in type 'ProtectPDFParams'.
src/integrations/driftNotifications.ts(10,10): error TS2724: '"../services/notificationService"' has no exported member named 'getNotificationService'. Did you mean 'notificationService'?
src/integrations/driftNotifications.ts(10,34): error TS2305: Module '"../services/notificationService"' has no exported member 'NotificationPayload'.
src/integrations/driftNotifications.ts(53,11): error TS2304: Cannot find name 'Pool'.
src/integrations/driftNotifications.ts(84,11): error TS2304: Cannot find name 'Pool'.
src/integrations/driftNotifications.ts(112,37): error TS2304: Cannot find name 'Pool'.
src/integrations/driftNotifications.ts(128,11): error TS2304: Cannot find name 'Pool'.
src/integrations/driftNotifications.ts(207,11): error TS2304: Cannot find name 'Pool'.
src/integrations/driftNotifications.ts(328,11): error TS2304: Cannot find name 'Pool'.
src/integrations/jira.ts(14,14): error TS2420: Class 'JiraIntegration' incorrectly implements interface 'IntegrationProvider'.
  Property 'name' is missing in type 'JiraIntegration' but required in type 'IntegrationProvider'.
src/jobs/documentConversionJob.ts(77,20): error TS2339: Property 'attemptsMade' does not exist on type 'IQueueJob<FileProcessingJob>'.
src/modules/agents/ProjectPhaseOrchestrator.ts(27,58): error TS2554: Expected 0 arguments, but got 1.
src/modules/agents/ProjectPhaseOrchestrator.ts(28,49): error TS2339: Property 'getFullContext' does not exist on type 'ProjectContextResolver'.
src/modules/agents/ProjectPhaseOrchestrator.ts(31,64): error TS2345: Argument of type '{ number: number; name: string; domain: string; goal: string; }' is not assignable to parameter of type 'Omit<AgentRunPhase, "id" | "status" | "run_id">'.
  Type '{ number: number; name: string; domain: string; goal: string; }' is missing the following properties from type 'Omit<AgentRunPhase, "id" | "status" | "run_id">': phase_name, phase_number
src/modules/agents/ProjectPhaseOrchestrator.ts(53,43): error TS2339: Property 'runPhase' does not exist on type 'GeneralPurposeAgent'.
src/modules/ai/azure.ts(148,21): error TS2304: Cannot find name 'createAzure'.
src/modules/ai/azure.ts(183,28): error TS2304: Cannot find name 'generateText'.
src/modules/ai/azure.ts(285,21): error TS2304: Cannot find name 'createAzure'.
src/modules/ai/azure.ts(290,13): error TS2304: Cannot find name 'generateText'.
src/modules/ai/index.ts(27,3): error TS2459: Module '"./openai"' declares 'OpenAIError' locally, but it is not exported.
src/modules/context/integration.ts(237,11): error TS2353: Object literal may only specify known properties, and 'metadata' does not exist in type 'EnhancedAIResponse'.
src/modules/contextAccessControl/index.ts(16,3): error TS2724: '"./types"' has no exported member named 'AccessControlEngine'. Did you mean 'AccessControlService'?
src/modules/contextAccessControl/index.ts(17,3): error TS2305: Module '"./types"' has no exported member 'RoleManager'.
src/modules/contextAccessControl/index.ts(18,3): error TS2305: Module '"./types"' has no exported member 'PermissionManager'.
src/modules/contextAccessControl/index.ts(19,3): error TS2305: Module '"./types"' has no exported member 'SecurityManager'.
src/modules/contextAccessControl/index.ts(20,3): error TS2305: Module '"./types"' has no exported member 'AuditManager'.
src/modules/contextAccessControl/types.ts(644,28): error TS2304: Cannot find name 'ComplianceRequirement'.
src/modules/contextAccessControl/types.ts(774,28): error TS2304: Cannot find name 'ComplianceRequirement'.
src/modules/contextBundle/index.ts(15,3): error TS2305: Module '"./types"' has no exported member 'ContextAggregator'.
src/modules/contextBundle/index.ts(16,3): error TS2305: Module '"./types"' has no exported member 'ContextOrganizer'.
src/modules/contextBundle/index.ts(17,3): error TS2305: Module '"./types"' has no exported member 'ContextValidator'.
src/modules/contextBundle/index.ts(18,3): error TS2305: Module '"./types"' has no exported member 'ContextOptimizer'.
src/modules/contextBundle/services/contextAggregator.ts(562,11): error TS2393: Duplicate function implementation.
src/modules/contextBundle/services/contextAggregator.ts(646,17): error TS2393: Duplicate function implementation.
src/modules/contextBundle/types.ts(861,19): error TS2304: Cannot find name 'UsagePattern'.
src/modules/contextFreshness/contextFreshnessManager.ts(523,82): error TS2345: Argument of type 'string' is not assignable to parameter of type '{ start: Date; end: Date; }'.
src/modules/contextFreshness/contextFreshnessManager.ts(547,52): error TS2554: Expected 2 arguments, but got 0.
src/modules/contextFreshness/contextFreshnessManager.ts(568,58): error TS2554: Expected 1 arguments, but got 0.
src/modules/contextFreshness/index.ts(15,3): error TS2724: '"./types"' has no exported member named 'FreshnessAssessor'. Did you mean 'FreshnessAssessment'?
src/modules/contextFreshness/index.ts(16,3): error TS2305: Module '"./types"' has no exported member 'TimeBasedPrioritizer'.
src/modules/contextFreshness/index.ts(17,3): error TS2724: '"./types"' has no exported member named 'RefreshScheduler'. Did you mean 'RefreshSchedule'?
src/modules/contextFreshness/index.ts(18,3): error TS2305: Module '"./types"' has no exported member 'StalenessManager'.
src/modules/contextFreshness/services/freshnessAssessor.ts(253,7): error TS2740: Type '{ direction: "stable"; rate: number; confidence: number; timeframe: string; data_points: number; }' is missing the following properties from type 'FreshnessTrend': context_id, trend_data, trend_direction, trend_strength, and 2 more.
src/modules/contextFreshness/services/freshnessAssessor.ts(268,5): error TS2740: Type '{ direction: "improving" | "declining" | "stable"; rate: number; confidence: number; timeframe: string; data_points: number; }' is missing the following properties from type 'FreshnessTrend': context_id, trend_data, trend_direction, trend_strength, and 2 more.
src/modules/contextFreshness/services/freshnessPolicyEngine.ts(8,3): error TS2724: '"../types"' has no exported member named 'IFreshnessPolicyEngine'. Did you mean 'FreshnessPolicy'?
src/modules/contextFreshness/services/freshnessPolicyEngine.ts(9,3): error TS2724: '"../types"' has no exported member named 'ContextFreshnessPolicy'. Did you mean 'FreshnessPolicy'?
src/modules/contextFreshness/services/freshnessPolicyEngine.ts(127,9): error TS2393: Duplicate function implementation.
src/modules/contextFreshness/services/freshnessPolicyEngine.ts(140,43): error TS2339: Property 'evaluation_score' does not exist on type 'PolicyEvaluationResult'.
src/modules/contextFreshness/services/freshnessPolicyEngine.ts(318,9): error TS2322: Type '{ context_id: string; score: number; factors: string[]; }[]' is not assignable to type 'ContextScore[]'.
  Type '{ context_id: string; score: number; factors: string[]; }' is missing the following properties from type 'ContextScore': freshness_score, compliance_score, recommendation
src/modules/contextFreshness/services/freshnessPolicyEngine.ts(645,9): error TS2393: Duplicate function implementation.
src/modules/contextInjection/retrievers/databaseQuery.ts(42,43): error TS2339: Property 'duration' does not exist on type 'QueryResult<any>'.
src/modules/contextInjection/service.ts(242,23): error TS2339: Property 'processing_time_ms' does not exist on type '{ retrieved_at: Date; relevance_score: number; freshness_score: number; confidence_score: number; size_bytes: number; }'.
src/modules/contextInjection/transformers/contextTransformer.ts(43,11): error TS2353: Object literal may only specify known properties, and 'transformed_format' does not exist in type '{ retrieved_at: Date; relevance_score: number; freshness_score: number; confidence_score: number; size_bytes: number; }'.
src/modules/contextRepository/contextRepository.ts(199,50): error TS2448: Block-scoped variable 'documentHistory' used before its declaration.
src/modules/contextRetrieval/engines/qdrantSearchEngine.ts(74,13): error TS2322: Type '"Cosine" | "Euclidean" | "Dot"' is not assignable to type '"Cosine" | "Dot" | { size: number; distance: "Cosine" | "Dot" | "Euclid" | "Manhattan"; hnsw_config?: Record<string, unknown> | { m?: number; ef_construct?: number; full_scan_threshold?: number; max_indexing_threads?: number; on_disk?: boolean; payload_m?: number; inline_storage?: boolean; }; quantization_config?: R...'.
  Type '"Euclidean"' is not assignable to type '"Cosine" | "Dot" | { size: number; distance: "Cosine" | "Dot" | "Euclid" | "Manhattan"; hnsw_config?: Record<string, unknown> | { m?: number; ef_construct?: number; full_scan_threshold?: number; max_indexing_threads?: number; on_disk?: boolean; payload_m?: number; inline_storage?: boolean; }; quantization_config?: R...'. Did you mean '"Euclid"'?
src/modules/contextRetrieval/engines/qdrantSearchEngine.ts(103,79): error TS2345: Argument of type 'string' is not assignable to parameter of type 'EmbeddingRequest'.
src/modules/contextRetrieval/engines/qdrantSearchEngine.ts(110,9): error TS2322: Type 'EmbeddingResponse' is not assignable to type 'number[] | { name: string; vector: number[]; } | { name: string; vector: { indices: number[]; values: number[]; }; }'.
src/modules/contextRetrieval/engines/qdrantSearchEngine.ts(124,64): error TS2339: Property 'substring' does not exist on type 'unknown'.
src/modules/contextRetrieval/engines/semanticSearchEngine.ts(50,84): error TS2554: Expected 1-2 arguments, but got 3.
src/modules/contextRetrieval/engines/semanticSearchEngine.ts(73,7): error TS2740: Type 'EmbeddingResponse' is missing the following properties from type 'number[]': length, pop, push, concat, and 28 more.
src/modules/contextRetrieval/engines/semanticSearchEngine.ts(73,62): error TS2345: Argument of type 'string' is not assignable to parameter of type 'EmbeddingRequest'.
src/modules/contextRetrieval/engines/semanticSearchEngine.ts(96,9): error TS2393: Duplicate function implementation.
src/modules/contextRetrieval/engines/semanticSearchEngine.ts(129,17): error TS2393: Duplicate function implementation.
src/modules/contextRetrieval/engines/semanticSearchEngine.ts(171,67): error TS2554: Expected 1-2 arguments, but got 3.
src/modules/developmentApproach/extractionService.ts(89,38): error TS2551: Property 'generateText' does not exist on type 'AIService'. Did you mean 'generate'?
src/modules/documentGenerator/controller.ts(18,20): error TS2352: Conversion of type '{ id: string; email: string; role: string; name?: string; permissions?: string[]; }' to type 'AuthenticatedUser' may be a mistake because neither type sufficiently overlaps with the other. If this was intentional, convert the expression to 'unknown' first.
  Types of property 'permissions' are incompatible.
    Type 'string[]' is not comparable to type 'Record<string, boolean>'.
      Index signature for type 'string' is missing in type 'string[]'.
src/modules/documentGenerator/controller.ts(142,20): error TS2352: Conversion of type '{ id: string; email: string; role: string; name?: string; permissions?: string[]; }' to type 'AuthenticatedUser' may be a mistake because neither type sufficiently overlaps with the other. If this was intentional, convert the expression to 'unknown' first.
  Types of property 'permissions' are incompatible.
    Type 'string[]' is not comparable to type 'Record<string, boolean>'.
      Index signature for type 'string' is missing in type 'string[]'.
src/modules/documentGenerator/controller.ts(281,20): error TS2352: Conversion of type '{ id: string; email: string; role: string; name?: string; permissions?: string[]; }' to type 'AuthenticatedUser' may be a mistake because neither type sufficiently overlaps with the other. If this was intentional, convert the expression to 'unknown' first.
  Types of property 'permissions' are incompatible.
    Type 'string[]' is not comparable to type 'Record<string, boolean>'.
      Index signature for type 'string' is missing in type 'string[]'.
src/modules/documentTemplates/controller.ts(11,11): error TS2430: Interface 'AuthenticatedRequest' incorrectly extends interface 'Request<ParamsDictionary, any, any, ParsedQs, Record<string, any>>'.
  The types of 'user.permissions' are incompatible between these types.
    Type 'Record<string, boolean>' is missing the following properties from type 'string[]': length, pop, push, concat, and 28 more.
src/modules/historicalAnalysis/index.ts(14,3): error TS2724: '"./types"' has no exported member named 'PatternRecognitionService'. Did you mean 'PatternRecognitionResult'?
src/modules/historicalAnalysis/services/patternRecognitionService.ts(266,9): error TS2393: Duplicate function implementation.
src/modules/historicalAnalysis/services/patternRecognitionService.ts(828,17): error TS2393: Duplicate function implementation.
src/modules/ingestion/jobs/governanceDecisions.ts(83,20): error TS2339: Property 'source_document_id' does not exist on type '{ id: string; project_id: string; name: string; description: string; source: string; extraction_metadata: { sourcePath: string; lineNumber: number; extractedAt: string; }; }'.
src/modules/ingestion/jobs/governanceDecisions.ts(83,81): error TS2339: Property 'source_document_id' does not exist on type '{ id: string; project_id: string; name: string; description: string; source: string; extraction_metadata: { sourcePath: string; lineNumber: number; extractedAt: string; }; }'.
src/modules/ingestion/jobs/governanceDecisions.ts(102,42): error TS2339: Property 'source_document_id' does not exist on type '{ id: string; project_id: string; name: string; description: string; source: string; extraction_metadata: { sourcePath: string; lineNumber: number; extractedAt: string; }; }'.
src/modules/ingestion/jobs/requirements.ts(10,10): error TS2352: Conversion of type 'Promise<string>' to type 'Promise<void>' may be a mistake because neither type sufficiently overlaps with the other. If this was intentional, convert the expression to 'unknown' first.
  Type 'string' is not comparable to type 'void'.
src/modules/multiStageDocumentProcessor/services/jobManager.ts(450,13): error TS2739: Type '{ status: any; progress: any; started_at: any; completed_at: any; error: any; }' is missing the following properties from type 'ProcessingStatus': stages_completed, stages_remaining
src/modules/multiStageDocumentProcessor/stages/aiGenerationStage.ts(848,66): error TS2881: This expression is never nullish.
src/modules/portfolioDomains/portfolioDomain.service.ts(18,11): error TS2739: Type '{ id: string; name: string; description: { markdown: string; }; }' is missing the following properties from type 'PortfolioDomain': created_at, updated_at
src/modules/portfolioDomains/portfolioDomain.service.ts(23,11): error TS2739: Type '{ id: string; name: string; description: { markdown: string; }; }' is missing the following properties from type 'PortfolioDomain': created_at, updated_at
src/modules/portfolioDomains/portfolioDomain.service.ts(28,11): error TS2739: Type '{ id: string; name: string; description: { markdown: string; }; }' is missing the following properties from type 'PortfolioDomain': created_at, updated_at
src/modules/portfolioDomains/portfolioDomain.service.ts(33,11): error TS2739: Type '{ id: string; name: string; description: { markdown: string; }; }' is missing the following properties from type 'PortfolioDomain': created_at, updated_at
src/modules/portfolioDomains/portfolioDomain.service.ts(38,11): error TS2739: Type '{ id: string; name: string; description: { markdown: string; }; }' is missing the following properties from type 'PortfolioDomain': created_at, updated_at
src/modules/templates/TemplatesController.ts(22,47): error TS2339: Property 'findAll' does not exist on type 'TemplateRepository'.
src/modules/templates/TemplatesController.ts(45,46): error TS2554: Expected 4-5 arguments, but got 1.
src/routes/agents.ts(36,57): error TS2345: Argument of type '"guidance"' is not assignable to parameter of type 'AgentEventType'.
src/routes/agents.ts(126,43): error TS2345: Argument of type '"guidance"' is not assignable to parameter of type 'AgentEventType'.
src/routes/assessmentExportRoutes.ts(341,7): error TS18004: No value exists in scope for the shorthand property 'userId'. Either declare one or provide an initializer.
src/routes/assessmentExportRoutes.ts(826,22): error TS2339: Property 'all_gaps' does not exist on type '{}'.
src/routes/assessmentExportRoutes.ts(827,19): error TS2339: Property 'all_gaps' does not exist on type '{}'.
src/routes/assessmentExportRoutes.ts(828,25): error TS2339: Property 'critical_gaps' does not exist on type '{}'.
src/routes/assessmentExportRoutes.ts(829,25): error TS2339: Property 'high_priority_gaps' does not exist on type '{}'.
src/routes/assessmentExportRoutes.ts(830,25): error TS2339: Property 'medium_priority_gaps' does not exist on type '{}'.
src/routes/assessmentExportRoutes.ts(1117,7): error TS2554: Expected 2 arguments, but got 3.
src/routes/baselines.ts(231,9): error TS2554: Expected 3 arguments, but got 4.
src/routes/context-ai.ts(137,26): error TS2339: Property 'metadata' does not exist on type 'EnhancedAIResponse'.
src/routes/context-ai.ts(296,53): error TS2339: Property 'metadata' does not exist on type 'EnhancedAIResponse'.
src/routes/context-injection.ts(44,7): error TS2345: Argument of type '{ id: any; name: any; description: any; framework: any; metadata: any; stakeholders: { id?: string; name?: string; role?: string; email?: string; department?: string; stakeholder_type?: string; stakeholder_category?: string; }[]; documents: { ...; }[]; }' is not assignable to parameter of type 'ProjectContext'.
  Types of property 'stakeholders' are incompatible.
    Type '{ id?: string; name?: string; role?: string; email?: string; department?: string; stakeholder_type?: string; stakeholder_category?: string; }[]' is not assignable to type '{ id: string; name: string; role: string; email: string; department?: string; stakeholder_type: "external" | "internal"; stakeholder_category: "primary" | "secondary"; }[]'.
      Type '{ id?: string; name?: string; role?: string; email?: string; department?: string; stakeholder_type?: string; stakeholder_category?: string; }' is not assignable to type '{ id: string; name: string; role: string; email: string; department?: string; stakeholder_type: "external" | "internal"; stakeholder_category: "primary" | "secondary"; }'.
        Property 'id' is optional in type '{ id?: string; name?: string; role?: string; email?: string; department?: string; stakeholder_type?: string; stakeholder_category?: string; }' but required in type '{ id: string; name: string; role: string; email: string; department?: string; stakeholder_type: "external" | "internal"; stakeholder_category: "primary" | "secondary"; }'.
src/routes/context-injection.ts(116,7): error TS2345: Argument of type '{ id: any; name: any; description: any; framework: any; metadata: any; stakeholders: { id?: string; name?: string; role?: string; email?: string; department?: string; stakeholder_type?: string; stakeholder_category?: string; }[]; documents: { ...; }[]; }' is not assignable to parameter of type 'ProjectContext'.
  Types of property 'stakeholders' are incompatible.
    Type '{ id?: string; name?: string; role?: string; email?: string; department?: string; stakeholder_type?: string; stakeholder_category?: string; }[]' is not assignable to type '{ id: string; name: string; role: string; email: string; department?: string; stakeholder_type: "external" | "internal"; stakeholder_category: "primary" | "secondary"; }[]'.
      Type '{ id?: string; name?: string; role?: string; email?: string; department?: string; stakeholder_type?: string; stakeholder_category?: string; }' is not assignable to type '{ id: string; name: string; role: string; email: string; department?: string; stakeholder_type: "external" | "internal"; stakeholder_category: "primary" | "secondary"; }'.
        Property 'id' is optional in type '{ id?: string; name?: string; role?: string; email?: string; department?: string; stakeholder_type?: string; stakeholder_category?: string; }' but required in type '{ id: string; name: string; role: string; email: string; department?: string; stakeholder_type: "external" | "internal"; stakeholder_category: "primary" | "secondary"; }'.
src/routes/context-injection.ts(182,7): error TS2345: Argument of type '{ id: any; name: any; description: any; framework: any; metadata: any; stakeholders: { id?: string; name?: string; role?: string; email?: string; department?: string; stakeholder_type?: string; stakeholder_category?: string; }[]; documents: { ...; }[]; }' is not assignable to parameter of type 'ProjectContext'.
  Types of property 'stakeholders' are incompatible.
    Type '{ id?: string; name?: string; role?: string; email?: string; department?: string; stakeholder_type?: string; stakeholder_category?: string; }[]' is not assignable to type '{ id: string; name: string; role: string; email: string; department?: string; stakeholder_type: "external" | "internal"; stakeholder_category: "primary" | "secondary"; }[]'.
      Type '{ id?: string; name?: string; role?: string; email?: string; department?: string; stakeholder_type?: string; stakeholder_category?: string; }' is not assignable to type '{ id: string; name: string; role: string; email: string; department?: string; stakeholder_type: "external" | "internal"; stakeholder_category: "primary" | "secondary"; }'.
        Property 'id' is optional in type '{ id?: string; name?: string; role?: string; email?: string; department?: string; stakeholder_type?: string; stakeholder_category?: string; }' but required in type '{ id: string; name: string; role: string; email: string; department?: string; stakeholder_type: "external" | "internal"; stakeholder_category: "primary" | "secondary"; }'.
src/routes/context-injection.ts(224,7): error TS2345: Argument of type '{ id: string; name?: string; type?: string; content?: unknown; metadata?: unknown; }[]' is not assignable to parameter of type '{ id: string; name: string; type: string; content: string; metadata: Record<string, any>; }[]'.
  Type '{ id: string; name?: string; type?: string; content?: unknown; metadata?: unknown; }' is not assignable to type '{ id: string; name: string; type: string; content: string; metadata: Record<string, any>; }'.
    Property 'name' is optional in type '{ id: string; name?: string; type?: string; content?: unknown; metadata?: unknown; }' but required in type '{ id: string; name: string; type: string; content: string; metadata: Record<string, any>; }'.
src/routes/context-injection.ts(266,7): error TS2345: Argument of type '{ id: any; name: any; description: any; framework: any; metadata: any; stakeholders: { id?: string; name?: string; role?: string; email?: string; department?: string; stakeholder_type?: string; stakeholder_category?: string; }[]; documents: { ...; }[]; }' is not assignable to parameter of type 'ProjectContext'.
  Types of property 'stakeholders' are incompatible.
    Type '{ id?: string; name?: string; role?: string; email?: string; department?: string; stakeholder_type?: string; stakeholder_category?: string; }[]' is not assignable to type '{ id: string; name: string; role: string; email: string; department?: string; stakeholder_type: "external" | "internal"; stakeholder_category: "primary" | "secondary"; }[]'.
      Type '{ id?: string; name?: string; role?: string; email?: string; department?: string; stakeholder_type?: string; stakeholder_category?: string; }' is not assignable to type '{ id: string; name: string; role: string; email: string; department?: string; stakeholder_type: "external" | "internal"; stakeholder_category: "primary" | "secondary"; }'.
        Property 'id' is optional in type '{ id?: string; name?: string; role?: string; email?: string; department?: string; stakeholder_type?: string; stakeholder_category?: string; }' but required in type '{ id: string; name: string; role: string; email: string; department?: string; stakeholder_type: "external" | "internal"; stakeholder_category: "primary" | "secondary"; }'.
src/routes/drift.ts(48,25): error TS2339: Property 'summary' does not exist on type '{ hasDrift: boolean; driftPoints: DriftPoint[]; severity: DriftSeverity; }'.
src/routes/escalation.ts(31,5): error TS2554: Expected 1 arguments, but got 2.
src/routes/gkg.ts(547,42): error TS2339: Property 'deletedNodes' does not exist on type 'unknown'.
src/routes/gkg.ts(548,42): error TS2339: Property 'deletedEdges' does not exist on type 'unknown'.
src/routes/gkg.ts(562,33): error TS2339: Property 'semanticUnits' does not exist on type 'unknown'.
src/routes/gkg.ts(563,60): error TS2339: Property 'semanticUnits' does not exist on type 'unknown'.
src/routes/knowledge-base.ts(10,10): error TS2305: Module '"../middleware/auth"' has no exported member 'authenticate'.
src/routes/pmbok6Routes.ts(244,33): error TS2554: Expected 1 arguments, but got 2.
src/routes/promptAssistantRoutes.ts(129,3): error TS2353: Object literal may only specify known properties, and 'body' does not exist in type 'ObjectSchema<any>'.
src/routes/promptAssistantRoutes.ts(161,3): error TS2353: Object literal may only specify known properties, and 'body' does not exist in type 'ObjectSchema<any>'.
src/routes/queue-stats.ts(217,11): error TS2339: Property 'lastHeartbeat' does not exist on type '{ id: any; name: any; processId: any; status: string; queue: any; currentJob: string; uptime: string; uptimeSeconds: number; jobsCompleted: number; jobsFailed: number; successRate: number; avgDuration: string; cpu: number; memory: number; health: string; currentTasks: any; }'.
src/routes/queue-stats.ts(222,11): error TS2339: Property 'lastHeartbeat' does not exist on type '{ id: any; name: any; processId: any; status: string; queue: any; currentJob: string; uptime: string; uptimeSeconds: number; jobsCompleted: number; jobsFailed: number; successRate: number; avgDuration: string; cpu: number; memory: number; health: string; currentTasks: any; }'.
src/scripts/migrate-ai-models.ts(24,19): error TS2448: Block-scoped variable '__dirname' used before its declaration.
src/scripts/test-context-orchestrator.ts(36,13): error TS2322: Type '"database"' is not assignable to type 'ContextSourceType'.
src/scripts/validate-extraction.ts(12,10): error TS2724: '"../services/projectDataExtractionService"' has no exported member named 'projectDataExtractionService'. Did you mean 'ProjectDataExtractionService'?
src/services/aiService.ts(2629,9): error TS2353: Object literal may only specify known properties, and 'maxTokens' does not exist in type 'CallSettings & (Prompt & { model: LanguageModel; tools?: ToolSet; toolChoice?: ToolChoice<ToolSet>; stopWhen?: StopCondition<...> | StopCondition<...>[]; ... 16 more ...; _internal?: { ...; }; })'.
src/services/aiService.ts(2641,7): error TS2353: Object literal may only specify known properties, and 'maxTokens' does not exist in type 'CallSettings & (Prompt & { model: LanguageModel; tools?: ToolSet; toolChoice?: ToolChoice<ToolSet>; stopWhen?: StopCondition<...> | StopCondition<...>[]; ... 16 more ...; _internal?: { ...; }; })'.
src/services/confluenceService.ts(408,9): error TS2353: Object literal may only specify known properties, and 'mangle' does not exist in type 'MarkedOptions'.
src/services/connectors/azureDigitalTwinsConnector.ts(9,51): error TS2305: Module '"../digitalTwinEventService"' has no exported member 'PlatformType'.
src/services/connectors/azureDigitalTwinsConnector.ts(34,24): error TS2352: Conversion of type 'Record<string, unknown>' to type 'AzureDTConfig' may be a mistake because neither type sufficiently overlaps with the other. If this was intentional, convert the expression to 'unknown' first.
  Type 'Record<string, unknown>' is missing the following properties from type 'AzureDTConfig': instanceUrl, tenantId, clientId, clientSecret
src/services/connectors/connectorManager.ts(43,9): error TS2322: Type 'GenericRestConnector' is not assignable to type 'DigitalTwinConnector'.
  The types returned by 'stopPolling()' are incompatible between these types.
    Type 'void' is not assignable to type 'Promise<void>'.
src/services/connectors/connectorManager.ts(46,9): error TS2322: Type 'iTwinConnector' is not assignable to type 'DigitalTwinConnector'.
  The types returned by 'stopPolling()' are incompatible between these types.
    Type 'void' is not assignable to type 'Promise<void>'.
src/services/connectors/connectorManager.ts(49,9): error TS2322: Type 'AzureDigitalTwinsConnector' is not assignable to type 'DigitalTwinConnector'.
  The types returned by 'stopPolling()' are incompatible between these types.
    Type 'void' is not assignable to type 'Promise<void>'.
src/services/connectors/genericRestConnector.ts(8,51): error TS2305: Module '"../digitalTwinEventService"' has no exported member 'PlatformType'.
src/services/connectors/genericRestConnector.ts(56,24): error TS2352: Conversion of type 'Record<string, unknown>' to type 'ConnectorConfig' may be a mistake because neither type sufficiently overlaps with the other. If this was intentional, convert the expression to 'unknown' first.
  Type 'Record<string, unknown>' is missing the following properties from type 'ConnectorConfig': baseUrl, authentication, endpoints
src/services/connectors/iTwinConnector.ts(9,51): error TS2305: Module '"../digitalTwinEventService"' has no exported member 'PlatformType'.
src/services/connectors/iTwinConnector.ts(35,24): error TS2352: Conversion of type 'Record<string, unknown>' to type 'iTwinConfig' may be a mistake because neither type sufficiently overlaps with the other. If this was intentional, convert the expression to 'unknown' first.
  Type 'Record<string, unknown>' is missing the following properties from type 'iTwinConfig': clientId, clientSecret
src/services/documentCompressionService.ts(250,11): error TS2353: Object literal may only specify known properties, and 'qualityScore' does not exist in type 'CompressionQualityMetrics'.
src/services/documentCompressionService.ts(254,34): error TS2304: Cannot find name 'compressionRatio'.
src/services/documentConversionService.ts(192,20): error TS2339: Property 'text' does not exist on type 'never'.
src/services/documentConversionService.ts(192,38): error TS2339: Property 'content' does not exist on type 'never'.
src/services/documentConversionService.ts(192,59): error TS2339: Property 'markdown' does not exist on type 'never'.
src/services/documentConversionService.ts(266,20): error TS2339: Property 'text' does not exist on type 'never'.
src/services/documentConversionService.ts(266,38): error TS2339: Property 'content' does not exist on type 'never'.
src/services/documentConversionService.ts(266,59): error TS2339: Property 'markdown' does not exist on type 'never'.
src/services/documentRefinementEngine.ts(511,30): error TS2339: Property 'confidence' does not exist on type 'AIGenerateResponse'.
src/services/documentRefinementEngine.ts(544,30): error TS2339: Property 'confidence' does not exist on type 'AIGenerateResponse'.
src/services/documentRefinementEngine.ts(577,30): error TS2339: Property 'confidence' does not exist on type 'AIGenerateResponse'.
src/services/documentRefinementEngine.ts(610,30): error TS2339: Property 'confidence' does not exist on type 'AIGenerateResponse'.
src/services/documentRefinementEngine.ts(643,30): error TS2339: Property 'confidence' does not exist on type 'AIGenerateResponse'.
src/services/documentRefinementEngine.ts(676,30): error TS2339: Property 'confidence' does not exist on type 'AIGenerateResponse'.
src/services/documentRegenerationService.ts(246,45): error TS2339: Property 'version_number' does not exist on type 'DocumentVersion'.
src/services/documentUploadService.ts(470,43): error TS2339: Property 'text' does not exist on type 'never'.
src/services/documentUploadService.ts(470,67): error TS2339: Property 'content' does not exist on type 'never'.
src/services/documentUploadService.ts(470,94): error TS2339: Property 'markdown' does not exist on type 'never'.
src/services/documentUploadService.ts(861,41): error TS2339: Property 'text' does not exist on type 'never'.
src/services/documentUploadService.ts(861,65): error TS2339: Property 'content' does not exist on type 'never'.
src/services/documentUploadService.ts(861,92): error TS2339: Property 'markdown' does not exist on type 'never'.
src/services/entityExtractionService.ts(276,9): error TS2561: Object literal may only specify known properties, but 'maxTokens' does not exist in type 'AIGenerateRequest'. Did you mean to write 'max_tokens'?
src/services/entityExtractionService.ts(294,9): error TS2345: Argument of type 'number' is not assignable to parameter of type 'string'.
src/services/extraction/entities/project_org_chart/extractProjectOrgChart.ts(13,15): error TS2724: '"./types"' has no exported member named 'ProjectOrgChart'. Did you mean 'ProjectOrgChartNode'?
src/services/extraction/entities/quality_standards/extractQualityStandards.ts(153,36): error TS2339: Property 'standard_name' does not exist on type 'QualityStandard'.
src/services/extraction/entities/scope_items/extractScopeItems.ts(152,28): error TS2339: Property 'item_name' does not exist on type 'ScopeItem'.
src/services/extraction/entities/wbs_nodes/saveWBSNodes.ts(8,13): error TS2304: Cannot find name 'PoolClient'.
src/services/extraction/entities/wbs_nodes/saveWBSNodes.ts(11,15): error TS2304: Cannot find name 'WBSNode'.
src/services/extraction/entities/wbs_nodes/saveWBSNodes.ts(12,12): error TS2304: Cannot find name 'PersistenceResult'.
src/services/extraction/entities/wbs_nodes/saveWBSNodes.ts(78,9): error TS2304: Cannot find name 'logger'.
src/services/extraction/utils/ExtractionFailureLogger.ts(2,24): error TS2307: Cannot find module '../../../../utils/logger' or its corresponding type declarations.
src/services/ibabsService.ts(318,30): error TS2322: Type 'Buffer<ArrayBufferLike>' is not assignable to type 'BlobPart'.
  Type 'Buffer<ArrayBufferLike>' is not assignable to type 'ArrayBufferView<ArrayBuffer>'.
    Types of property 'buffer' are incompatible.
      Type 'ArrayBufferLike' is not assignable to type 'ArrayBuffer'.
        Type 'SharedArrayBuffer' is not assignable to type 'ArrayBuffer'.
          Types of property '[Symbol.toStringTag]' are incompatible.
            Type '"SharedArrayBuffer"' is not assignable to type '"ArrayBuffer"'.
src/services/jobs/AIGenerationJobService.ts(305,66): error TS2339: Property 'substring' does not exist on type 'unknown'.
src/services/jobs/AIGenerationJobService.ts(306,65): error TS2339: Property 'substring' does not exist on type 'unknown'.
src/services/jobs/AIGenerationJobService.ts(327,64): error TS2339: Property 'substring' does not exist on type 'unknown'.
src/services/jobs/AIGenerationJobService.ts(328,63): error TS2339: Property 'substring' does not exist on type 'unknown'.
src/services/jobs/AIGenerationJobService.ts(424,62): error TS2339: Property 'substring' does not exist on type 'unknown'.
src/services/jobs/AIGenerationJobService.ts(425,61): error TS2339: Property 'substring' does not exist on type 'unknown'.
src/services/jobs/DocumentConversionJobService.ts(73,40): error TS2339: Property 'format' does not exist on type 'DocumentConversionJobData'.
src/services/jobs/ExtractionOrchestrationService.ts(577,7): error TS2339: Property 'correlationId' does not exist on type 'ExtendedExtractionJobData'.
src/services/multiFormatOutputEngine.ts(58,31): error TS2304: Cannot find name 'AccessibilityRequirements'.
src/services/multiFormatOutputEngine.ts(59,26): error TS2304: Cannot find name 'BrandingRequirements'.
src/services/multiFormatOutputEngine.ts(751,9): error TS2322: Type 'string' is not assignable to type 'Severity'.
src/services/multiFormatOutputEngine.ts(765,9): error TS2322: Type 'string' is not assignable to type 'Severity'.
src/services/multiFormatOutputEngine.ts(809,9): error TS2322: Type 'string' is not assignable to type 'EffortLevel'.
src/services/multiFormatOutputEngine.ts(1076,27): error TS2339: Property 'format_name' does not exist on type 'FormatConversionResult'.
src/services/multiFormatOutputEngine.ts(1086,27): error TS2339: Property 'format_name' does not exist on type 'FormatConversionResult'.
src/services/multiFormatOutputEngine.ts(1096,27): error TS2339: Property 'format_name' does not exist on type 'FormatConversionResult'.
src/services/multiFormatOutputEngine.ts(1106,27): error TS2339: Property 'format_name' does not exist on type 'FormatConversionResult'.
src/services/multiFormatOutputEngine.ts(1116,27): error TS2339: Property 'format_name' does not exist on type 'FormatConversionResult'.
src/services/multiFormatOutputEngine.ts(1126,27): error TS2339: Property 'format_name' does not exist on type 'FormatConversionResult'.
src/services/multiFormatOutputEngine.ts(1136,27): error TS2339: Property 'format_name' does not exist on type 'FormatConversionResult'.
src/services/multiModelAIGenerationService.ts(415,30): error TS2339: Property 'confidence' does not exist on type 'AIGenerateResponse'.
src/services/personalizationEngine.ts(47,18): error TS2395: Individual declarations in merged declaration 'CommunicationPreference' must be all exported or all local.
src/services/personalizationEngine.ts(533,89): error TS2339: Property 'minimum_quality_score' does not exist on type 'QualityConstraint[]'.
src/services/personalizationEngine.ts(740,30): error TS2339: Property 'confidence' does not exist on type 'AIGenerateResponse'.
src/services/personalizationEngine.ts(1341,11): error TS2395: Individual declarations in merged declaration 'CommunicationPreference' must be all exported or all local.
src/services/processFlowService.ts(1053,9): error TS2322: Type '{ id: number; name: string; description: string; status: string; tokens: number; }' is not assignable to type 'ProcessFlowStep'.
  Types of property 'status' are incompatible.
    Type 'string' is not assignable to type '"error" | "pending" | "completed" | "processing"'.
src/services/processFlowService.ts(1064,11): error TS2322: Type 'string' is not assignable to type '"error" | "pending" | "completed" | "processing"'.
src/services/processFlowService.ts(1071,11): error TS2322: Type 'string' is not assignable to type '"error" | "pending" | "completed" | "processing"'.
src/services/processFlowService.ts(1078,11): error TS2322: Type 'string' is not assignable to type '"error" | "pending" | "completed" | "processing"'.
src/services/processFlowService.ts(1085,11): error TS2322: Type 'string' is not assignable to type '"error" | "pending" | "completed" | "processing"'.
src/services/processFlowService.ts(1092,11): error TS2322: Type 'string' is not assignable to type '"error" | "pending" | "completed" | "processing"'.
src/services/processFlowService.ts(1099,11): error TS2322: Type 'string' is not assignable to type '"error" | "pending" | "completed" | "processing"'.
src/services/processFlowService.ts(1440,116): error TS2339: Property 'content' does not exist on type 'never'.
src/services/processFlowService.ts(1442,9): error TS2698: Spread types may only be created from object types.
src/services/processFlowService.ts(1488,9): error TS2322: Type '"failed"' is not assignable to type '"error" | "pending" | "completed" | "processing"'.
src/services/processFlowService.ts(1562,7): error TS2322: Type '{ content: string; provider: any; model: string; usage: { prompt_tokens: number; completion_tokens: number; total_tokens: number; }; metadata: any; }' is not assignable to type 'string'.
src/services/processFlowService.ts(1567,28): error TS2339: Property 'metadata' does not exist on type 'AIGenerateResponse & { providerUsed: string; }'.
src/services/processFlowService.ts(1791,32): error TS2349: This expression is not callable.
  Type 'QualityMetrics' has no call signatures.
src/services/processFlowService.ts(1795,27): error TS2448: Block-scoped variable 'qualityMetrics' used before its declaration.
src/services/processFlowService.ts(1796,25): error TS2448: Block-scoped variable 'qualityMetrics' used before its declaration.
src/services/processFlowService.ts(1797,27): error TS2448: Block-scoped variable 'qualityMetrics' used before its declaration.
src/services/processFlowService.ts(1798,28): error TS2448: Block-scoped variable 'qualityMetrics' used before its declaration.
src/services/processFlowService.ts(1799,25): error TS2448: Block-scoped variable 'qualityMetrics' used before its declaration.
src/services/processFlowService.ts(1800,21): error TS2448: Block-scoped variable 'qualityMetrics' used before its declaration.
src/services/processFlowService.ts(1801,24): error TS2448: Block-scoped variable 'qualityMetrics' used before its declaration.
src/services/processFlowService.ts(1802,29): error TS2448: Block-scoped variable 'qualityMetrics' used before its declaration.
src/services/processFlowService.ts(1803,32): error TS2448: Block-scoped variable 'qualityMetrics' used before its declaration.
src/services/processFlowService.ts(1804,32): error TS2448: Block-scoped variable 'qualityMetrics' used before its declaration.
src/services/processFlowService.ts(1805,28): error TS2448: Block-scoped variable 'qualityMetrics' used before its declaration.
src/services/processFlowService.ts(1806,28): error TS2448: Block-scoped variable 'qualityMetrics' used before its declaration.
src/services/projectDataExtractionService.ts(636,32): error TS2339: Property 'buildDocumentMap' does not exist on type 'ProjectDataExtractionService'.
src/services/projectDataExtractionService.ts(637,33): error TS2339: Property 'buildDocumentList' does not exist on type 'ProjectDataExtractionService'.
src/services/projectDataExtractionService.ts(677,14): error TS2339: Property 'extractQualityStandards' does not exist on type 'ProjectDataExtractionService'.
src/services/projectDataExtractionService.ts(678,14): error TS2339: Property 'extractDeliverables' does not exist on type 'ProjectDataExtractionService'.
src/services/projectDataExtractionService.ts(679,14): error TS2339: Property 'extractScopeItems' does not exist on type 'ProjectDataExtractionService'.
src/services/projectDataExtractionService.ts(680,14): error TS2339: Property 'extractActivities' does not exist on type 'ProjectDataExtractionService'.
src/services/projectDataExtractionService.ts(681,14): error TS2339: Property 'extractTeamAgreements' does not exist on type 'ProjectDataExtractionService'.
src/services/projectDataExtractionService.ts(682,14): error TS2339: Property 'extractDevelopmentApproaches' does not exist on type 'ProjectDataExtractionService'.
src/services/projectDataExtractionService.ts(683,14): error TS2339: Property 'extractProjectIterations' does not exist on type 'ProjectDataExtractionService'.
src/services/projectDataExtractionService.ts(684,14): error TS2339: Property 'extractWorkItems' does not exist on type 'ProjectDataExtractionService'.
src/services/projectDataExtractionService.ts(685,14): error TS2339: Property 'extractCapacityPlans' does not exist on type 'ProjectDataExtractionService'.
src/services/projectDataExtractionService.ts(686,14): error TS2339: Property 'extractPerformanceMeasurements' does not exist on type 'ProjectDataExtractionService'.
src/services/projectDataExtractionService.ts(687,14): error TS2339: Property 'extractEarnedValueMetrics' does not exist on type 'ProjectDataExtractionService'.
src/services/projectDataExtractionService.ts(688,14): error TS2339: Property 'extractOpportunities' does not exist on type 'ProjectDataExtractionService'.
src/services/projectDataExtractionService.ts(689,14): error TS2339: Property 'extractRiskResponses' does not exist on type 'ProjectDataExtractionService'.
src/services/projectDataExtractionService.ts(690,14): error TS2339: Property 'extractPerformanceActuals' does not exist on type 'ProjectDataExtractionService'.
src/services/projectDataExtractionService.ts(691,14): error TS2339: Property 'extractDomainData' does not exist on type 'ProjectDataExtractionService'.
src/services/projectDataExtractionService.ts(816,20): error TS2339: Property 'saveStakeholders' does not exist on type 'ProjectDataExtractionService'.
src/services/projectDataExtractionService.ts(821,20): error TS2339: Property 'saveRequirements' does not exist on type 'ProjectDataExtractionService'.
src/services/projectDataExtractionService.ts(826,20): error TS2339: Property 'saveRisks' does not exist on type 'ProjectDataExtractionService'.
src/services/projectDataExtractionService.ts(831,20): error TS2339: Property 'saveMilestones' does not exist on type 'ProjectDataExtractionService'.
src/services/projectDataExtractionService.ts(836,20): error TS2339: Property 'saveConstraints' does not exist on type 'ProjectDataExtractionService'.
src/services/projectDataExtractionService.ts(841,20): error TS2339: Property 'saveSuccessCriteria' does not exist on type 'ProjectDataExtractionService'.
src/services/projectDataExtractionService.ts(846,20): error TS2339: Property 'saveBestPractices' does not exist on type 'ProjectDataExtractionService'.
src/services/projectDataExtractionService.ts(851,20): error TS2339: Property 'savePhases' does not exist on type 'ProjectDataExtractionService'.
src/services/projectDataExtractionService.ts(856,20): error TS2339: Property 'saveResources' does not exist on type 'ProjectDataExtractionService'.
src/services/projectDataExtractionService.ts(861,20): error TS2339: Property 'saveTechnologies' does not exist on type 'ProjectDataExtractionService'.
src/services/projectDataExtractionService.ts(866,20): error TS2339: Property 'saveQualityStandards' does not exist on type 'ProjectDataExtractionService'.
src/services/projectDataExtractionService.ts(871,20): error TS2339: Property 'saveDeliverables' does not exist on type 'ProjectDataExtractionService'.
src/services/projectDataExtractionService.ts(876,20): error TS2339: Property 'saveScopeItems' does not exist on type 'ProjectDataExtractionService'.
src/services/projectDataExtractionService.ts(881,20): error TS2339: Property 'saveActivities' does not exist on type 'ProjectDataExtractionService'.
src/services/projectDataExtractionService.ts(886,20): error TS2339: Property 'saveTeamAgreements' does not exist on type 'ProjectDataExtractionService'.
src/services/projectDataExtractionService.ts(891,20): error TS2339: Property 'saveDevelopmentApproaches' does not exist on type 'ProjectDataExtractionService'.
src/services/projectDataExtractionService.ts(896,20): error TS2339: Property 'saveProjectIterations' does not exist on type 'ProjectDataExtractionService'.
src/services/projectDataExtractionService.ts(901,20): error TS2339: Property 'saveWorkItems' does not exist on type 'ProjectDataExtractionService'.
src/services/projectDataExtractionService.ts(906,20): error TS2339: Property 'saveCapacityPlans' does not exist on type 'ProjectDataExtractionService'.
src/services/projectDataExtractionService.ts(911,20): error TS2339: Property 'savePerformanceMeasurements' does not exist on type 'ProjectDataExtractionService'.
src/services/projectDataExtractionService.ts(916,20): error TS2339: Property 'saveEarnedValueMetrics' does not exist on type 'ProjectDataExtractionService'.
src/services/projectDataExtractionService.ts(921,20): error TS2339: Property 'saveOpportunities' does not exist on type 'ProjectDataExtractionService'.
src/services/projectDataExtractionService.ts(926,20): error TS2339: Property 'saveRiskResponses' does not exist on type 'ProjectDataExtractionService'.
src/services/projectDataExtractionService.ts(931,20): error TS2339: Property 'savePerformanceActuals' does not exist on type 'ProjectDataExtractionService'.
src/services/projectDataExtractionService.ts(936,20): error TS2339: Property 'saveDomainEntities' does not exist on type 'ProjectDataExtractionService'.
src/services/projectDataExtractionService.ts(939,20): error TS2339: Property 'saveDomainEntities' does not exist on type 'ProjectDataExtractionService'.
src/services/projectDataExtractionService.ts(1024,36): error TS2339: Property 'buildDocumentContext' does not exist on type 'ProjectDataExtractionService'.
src/services/projectDataExtractionService.ts(1076,27): error TS2339: Property 'parseAIResponse' does not exist on type 'ProjectDataExtractionService'.
src/services/projectDataExtractionService.ts(1090,33): error TS2339: Property 'deduplicateStakeholdersBatch' does not exist on type 'ProjectDataExtractionService'.
src/services/projectDataExtractionService.ts(1101,30): error TS2339: Property 'resolveSourceDocumentIdStrict' does not exist on type 'ProjectDataExtractionService'.
src/services/projectDataExtractionService.ts(1176,36): error TS2339: Property 'buildDocumentContext' does not exist on type 'ProjectDataExtractionService'.
src/services/projectDataExtractionService.ts(1220,27): error TS2339: Property 'parseAIResponse' does not exist on type 'ProjectDataExtractionService'.
src/services/projectDataExtractionService.ts(1228,30): error TS2339: Property 'resolveSourceDocumentIdStrict' does not exist on type 'ProjectDataExtractionService'.
src/services/projectDataExtractionService.ts(1271,36): error TS2339: Property 'buildDocumentContext' does not exist on type 'ProjectDataExtractionService'.
src/services/projectDataExtractionService.ts(1314,27): error TS2339: Property 'parseAIResponse' does not exist on type 'ProjectDataExtractionService'.
src/services/projectDataExtractionService.ts(1322,30): error TS2339: Property 'resolveSourceDocumentIdStrict' does not exist on type 'ProjectDataExtractionService'.
src/services/projectDataExtractionService.ts(1365,36): error TS2339: Property 'buildDocumentContext' does not exist on type 'ProjectDataExtractionService'.
src/services/projectDataExtractionService.ts(1412,27): error TS2339: Property 'parseAIResponse' does not exist on type 'ProjectDataExtractionService'.
src/services/projectDataExtractionService.ts(1420,30): error TS2339: Property 'resolveSourceDocumentIdStrict' does not exist on type 'ProjectDataExtractionService'.
src/services/projectDataExtractionService.ts(1463,36): error TS2339: Property 'buildDocumentContext' does not exist on type 'ProjectDataExtractionService'.
src/services/projectDataExtractionService.ts(1504,27): error TS2339: Property 'parseAIResponse' does not exist on type 'ProjectDataExtractionService'.
src/services/projectDataExtractionService.ts(1512,30): error TS2339: Property 'resolveSourceDocumentIdStrict' does not exist on type 'ProjectDataExtractionService'.
src/services/projectDataExtractionService.ts(1555,36): error TS2339: Property 'buildDocumentContext' does not exist on type 'ProjectDataExtractionService'.
src/services/projectDataExtractionService.ts(1598,27): error TS2339: Property 'parseAIResponse' does not exist on type 'ProjectDataExtractionService'.
src/services/projectDataExtractionService.ts(1606,30): error TS2339: Property 'resolveSourceDocumentIdStrict' does not exist on type 'ProjectDataExtractionService'.
src/services/projectDataExtractionService.ts(1649,36): error TS2339: Property 'buildDocumentContext' does not exist on type 'ProjectDataExtractionService'.
src/services/projectDataExtractionService.ts(1687,27): error TS2339: Property 'parseAIResponse' does not exist on type 'ProjectDataExtractionService'.
src/services/projectDataExtractionService.ts(1695,30): error TS2339: Property 'resolveSourceDocumentIdStrict' does not exist on type 'ProjectDataExtractionService'.
src/services/projectDataExtractionService.ts(1738,36): error TS2339: Property 'buildDocumentContext' does not exist on type 'ProjectDataExtractionService'.
src/services/projectDataExtractionService.ts(1781,27): error TS2339: Property 'parseAIResponse' does not exist on type 'ProjectDataExtractionService'.
src/services/projectDataExtractionService.ts(1789,30): error TS2339: Property 'resolveSourceDocumentIdStrict' does not exist on type 'ProjectDataExtractionService'.
src/services/projectDataExtractionService.ts(1832,36): error TS2339: Property 'buildDocumentContext' does not exist on type 'ProjectDataExtractionService'.
src/services/projectDataExtractionService.ts(1880,27): error TS2339: Property 'parseAIResponse' does not exist on type 'ProjectDataExtractionService'.
src/services/projectDataExtractionService.ts(1905,30): error TS2339: Property 'resolveSourceDocumentIdStrict' does not exist on type 'ProjectDataExtractionService'.
src/services/projectDataExtractionService.ts(1948,36): error TS2339: Property 'buildDocumentContext' does not exist on type 'ProjectDataExtractionService'.
src/services/projectDataExtractionService.ts(2032,27): error TS2339: Property 'parseAIResponse' does not exist on type 'ProjectDataExtractionService'.
src/services/qualityAuditService.ts(440,9): error TS2322: Type 'string | number' is not assignable to type 'number'.
  Type 'string' is not assignable to type 'number'.
src/services/qualityAuditService.ts(442,9): error TS2322: Type 'string | number' is not assignable to type 'number'.
  Type 'string' is not assignable to type 'number'.
src/services/queueService.ts(515,13): error TS2339: Property 'projectDataExtractionService' does not exist on type 'typeof import("D:/Source/adpa/server/src/services/projectDataExtractionService")'.
src/services/searchService.ts(740,33): error TS2677: A type predicate's type must be assignable to its parameter's type.
  Type 'SearchResult' is not assignable to type '{ id: string; type: "document"; title: any; description: any; content_preview: string; author: any; author_id: any; created_at: any; updated_at: any; tags: any[]; framework: any; status: any; relevance_score: number; project_id: any; project_name: any; }'.
    Types of property 'type' are incompatible.
      Type '"user" | "program" | "project" | "document" | "template" | "portfolio" | "task" | "checklist_item" | "todo" | "knowledge_base"' is not assignable to type '"document"'.
        Type '"user"' is not assignable to type '"document"'.
src/services/templateImprovementService.ts(298,41): error TS2551: Property 'totalTokens' does not exist on type '{ prompt_tokens: number; completion_tokens: number; total_tokens: number; }'. Did you mean 'total_tokens'?
src/services/templateOptimizationService.ts(161,34): error TS2339: Property 'name' does not exist on type 'TemplateVersion'.
src/services/templateOptimizationService.ts(161,110): error TS2339: Property 'name' does not exist on type 'TemplateVersion'.
src/services/templateOptimizationService.ts(187,14): error TS2339: Property 'totalTokens' does not exist on type '{}'.
src/services/templateOptimizationService.ts(187,36): error TS2339: Property 'total_tokens' does not exist on type '{}'.
src/services/templateOptimizationService.ts(189,14): error TS2339: Property 'promptTokens' does not exist on type '{}'.
src/services/templateOptimizationService.ts(189,37): error TS2339: Property 'prompt_tokens' does not exist on type '{}'.
src/services/templateOptimizationService.ts(191,14): error TS2339: Property 'completionTokens' does not exist on type '{}'.
src/services/templateOptimizationService.ts(191,41): error TS2339: Property 'completion_tokens' does not exist on type '{}'.
src/services/templateOptimizationService.ts(260,31): error TS2339: Property 'name' does not exist on type 'TemplateVersion'.
src/services/urlContentFetcherService.ts(22,3): error TS1117: An object literal cannot have multiple properties with the same name.
src/test-queue.ts(91,30): error TS2339: Property 'getInfo' does not exist on type 'RabbitQueueAdapter'.
src/utils/jsonToMarkdownConverter.ts(153,28): error TS2339: Property 'trim' does not exist on type 'never'.
src/utils/jsonToMarkdownConverter.ts(162,25): error TS2339: Property 'split' does not exist on type 'never'.
src/utils/jsonToMarkdownConverter.ts(165,18): error TS2339: Property 'includes' does not exist on type 'never'.
src/utils/pdfGenerator.ts(40,7): error TS2353: Object literal may only specify known properties, and 'mangle' does not exist in type 'MarkedOptions'.
src/workers/pipelineWorker.ts(50,7): error TS2353: Object literal may only specify known properties, and 'createdAt' does not exist in type 'DocumentProcessingRequest'.
ΓÇëELIFECYCLEΓÇë Command failed with exit code 2.
