lib/morphic/agents/title-generator.ts(3,26): error TS2307: Cannot find module '@/lib/morphic/utils/registry' or its corresponding type declarations.
lib/morphic/agents/title-generator.ts(4,34): error TS2307: Cannot find module '@/lib/morphic/utils/telemetry' or its corresponding type declarations.
lib/morphic/db/actions.ts(7,32): error TS2307: Cannot find module '@/lib/morphic/types/ai' or its corresponding type declarations.
lib/morphic/db/actions.ts(8,43): error TS2307: Cannot find module '@/lib/morphic/types/message-persistence' or its corresponding type declarations.
lib/morphic/db/actions.ts(13,8): error TS2307: Cannot find module '@/lib/morphic/utils/message-mapping' or its corresponding type declarations.
lib/morphic/db/actions.ts(14,35): error TS2307: Cannot find module '@/lib/morphic/utils/perf-logging' or its corresponding type declarations.
lib/morphic/db/actions.ts(15,43): error TS2307: Cannot find module '@/lib/morphic/utils/perf-tracking' or its corresponding type declarations.
lib/morphic/streaming/create-chat-stream-response.ts(4,5): error TS2305: Module '"ai"' has no exported member 'DataStreamWriter'.
lib/morphic/streaming/create-chat-stream-response.ts(8,28): error TS2307: Cannot find module '@/lib/morphic/agents/researcher' or its corresponding type declarations.
lib/morphic/streaming/create-chat-stream-response.ts(9,34): error TS2307: Cannot find module '@/lib/morphic/utils/telemetry' or its corresponding type declarations.
lib/morphic/streaming/create-chat-stream-response.ts(96,43): error TS1323: Dynamic imports are only supported when the '--module' flag is set to 'es2020', 'es2022', 'esnext', 'commonjs', 'amd', 'system', 'umd', 'node16', 'node18', 'node20', or 'nodenext'.
lib/morphic/streaming/create-chat-stream-response.ts(96,50): error TS2307: Cannot find module '@/lib/morphic/utils/registry' or its corresponding type declarations.
lib/morphic/streaming/create-chat-stream-response.ts(97,44): error TS1323: Dynamic imports are only supported when the '--module' flag is set to 'es2020', 'es2022', 'esnext', 'commonjs', 'amd', 'system', 'umd', 'node16', 'node18', 'node20', or 'nodenext'.
lib/morphic/streaming/create-chat-stream-response.ts(97,51): error TS2307: Cannot find module '@/lib/morphic/config/model-types' or its corresponding type declarations.
lib/morphic/streaming/helpers/persist-stream-results.ts(3,76): error TS2307: Cannot find module '@/lib/morphic/db/actions' or its corresponding type declarations.
lib/morphic/streaming/helpers/persist-stream-results.ts(4,28): error TS2307: Cannot find module '@/lib/morphic/types/search' or its corresponding type declarations.
lib/morphic/streaming/helpers/persist-stream-results.ts(5,26): error TS2307: Cannot find module '@/lib/morphic/utils/perf-logging' or its corresponding type declarations.
lib/morphic/streaming/helpers/persist-stream-results.ts(6,40): error TS2307: Cannot find module '@/lib/morphic/utils/retry' or its corresponding type declarations.
lib/morphic/streaming/helpers/persist-stream-results.ts(25,9): error TS2698: Spread types may only be created from object types.
lib/morphic/streaming/helpers/prepare-messages.ts(9,8): error TS2307: Cannot find module '@/lib/morphic/db/actions' or its corresponding type declarations.
lib/morphic/streaming/helpers/prepare-messages.ts(10,28): error TS2307: Cannot find module '@/lib/morphic/db/schema' or its corresponding type declarations.
lib/morphic/streaming/helpers/prepare-messages.ts(11,35): error TS2307: Cannot find module '@/lib/morphic/utils/perf-logging' or its corresponding type declarations.
lib/morphic/streaming/helpers/stream-related-questions.ts(2,46): error TS2307: Cannot find module '@/lib/morphic/agents/generate-related-questions' or its corresponding type declarations.
lib/morphic/streaming/helpers/stream-related-questions.ts(3,28): error TS2307: Cannot find module '@/lib/morphic/db/schema' or its corresponding type declarations.
lib/morphic/streaming/helpers/stream-related-questions.ts(4,31): error TS2307: Cannot find module '@/lib/morphic/schema/related' or its corresponding type declarations.
lib/morphic/streaming/helpers/types.ts(1,36): error TS2307: Cannot find module '@/lib/morphic/db/schema' or its corresponding type declarations.
lib/morphic/streaming/helpers/types.ts(2,32): error TS2307: Cannot find module '@/lib/morphic/types/ai' or its corresponding type declarations.
lib/morphic/utils/message-utils.ts(2,38): error TS2307: Cannot find module '@/lib/morphic/db/schema' or its corresponding type declarations.
